******************************************************************************
               TMS320C6x Linker PC v8.3.3                      
******************************************************************************
>> Linked Thu Nov 16 09:24:32 2023

OUTPUT FILE NAME:   <out_of_box_1843_dss_isk.xe674>
ENTRY POINT SYMBOL: "_c_int00"  address: 007ffc00


MEMORY CONFIGURATION

         name            origin    length      used     unused   attr    fill
----------------------  --------  ---------  --------  --------  ----  --------
PAGE 0:
  L2SRAM_UMAP1          007e0000   00020000  00020000  00000000  RWIX
  L2SRAM_UMAP0          00800000   00020000  0001fc60  000003a0  RWIX
  L1PSRAM               00e00000   00004000  00000000  00004000  RWIX
  L1DSRAM               00f00000   00004000  00000000  00004000  RWIX
  L3SRAM                20000000   000c0000  000c0000  00000000  RWIX
  HWA_RAM               21030000   00010000  00000000  00010000  RWIX
  HSRAM                 21080000   00008000  00008000  00000000  RWIX

PAGE 1:
  L3SRAM                20000000   000c0000  00000000  000c0000  RWIX


SEGMENT ALLOCATION MAP

run origin  load origin   length   init length attrs members
----------  ----------- ---------- ----------- ----- -------
007e0000    007e0000    00026000   00026000    r-x
  007e0000    007e0000    00000200   00000200    r-x .vecs
  007e0200    007e0200    0001fe00   0001fe00    r-x .text.1
  00800000    00800000    00005360   00005360    r-x .text.2
  00805360    00805360    00000ca0   00000ca0    r-- .const.1
00806000    00806000    00013c00   00000000    rw-
  00806000    00806000    0000c400   00000000    rw- .dpc_l2Heap
  00812400    00812400    00007800   00000000    rw- systemHeap
00819c00    00819c00    000020c0   000020c0    r--
  00819c00    00819c00    000020c0   000020c0    r-- .const.2
0081bcc0    0081bcc0    00002568   00000000    rw-
  0081bcc0    0081bcc0    00002564   00000000    rw- .far
  0081e224    0081e224    00000004   00000000    rw- .bss
0081e228    0081e228    00001970   0000104c    rw-
  0081e228    0081e228    0000104c   0000104c    rw- .fardata
  0081f278    0081f278    00000800   00000000    rw- .stack
  0081fa78    0081fa78    00000120   00000000    rw- .cio
0081fb98    0081fb98    000000bc   000000bc    r--
  0081fb98    0081fb98    000000bc   000000bc    r-- .switch
0081fc54    0081fc54    00000010   00000010    rw-
  0081fc54    0081fc54    00000010   00000010    rw- .neardata
20000000    20000000    000c0000   00000000    rw-
  20000000    20000000    000c0000   00000000    rw- .l3ram
21080000    21080000    00008000   00000000    rw-
  21080000    21080000    00008000   00000000    rw- .demoSharedMem


SECTION ALLOCATION MAP

 output                                  attributes/
section   page    origin      length       input sections
--------  ----  ----------  ----------   ----------------
.vecs      0    007e0000    00000200     
                  007e0000    00000200     mmw_dss_pe674.oe674 (.vecs)

.text.1    0    007e0200    0001fe00     
                  007e0200    00000ba0     sysbios.ae674 : BIOS.obj (.text:xdc_runtime_System_doPrint__I)
                  007e0da0    00000b40     libdopplerproc_hwa_xwr18xx.ae674 : dopplerprochwa.oe674 (.text:DPU_DopplerProcHWA_config)
                  007e18e0    00000aa0     libhwa_xwr18xx.ae674 : hwa.oe674 (.text:HWA_configParamSet)
                  007e2380    000009e0     librangeproc_hwa_xwr18xx.ae674 : rangeprochwa.oe674 (.text:DPU_RangeProcHWA_process)
                  007e2d60    00000860     objectdetection.oe674 (.text:DPC_ObjectDetection_ioctl)
                  007e35c0    00000840     rts6740_elf.lib : pow.c.obj (.text:pow)
                  007e3e00    00000800     librangeproc_hwa_xwr18xx.ae674 : rangeprochwa.oe674 (.text:DPU_RangeProcHWA_config)
                  007e4600    00000780     sysbios.ae674 : BIOS.obj (.text:ti_sysbios_family_c64p_Exception_handler__I)
                  007e4d80    00000740     objectdetection.oe674 (.text:DPC_ObjDet_rangeBiasRxChPhaseMeasure)
                  007e54c0    00000720     libaoaproc_hwa_xwr18xx.ae674 : aoaprochwa.oe674 (.text:AoAProcHWA_config_EDMA)
                  007e5be0    00000700                                  : aoaprochwa.oe674 (.text:HWAutil_configHWA_extendedVelocityScheme)
                  007e62e0    000006a0     sysbios.ae674 : BIOS.obj (.text:ti_sysbios_knl_Semaphore_pend__E)
                  007e6980    00000680                   : BIOS.obj (.text:ti_sysbios_heaps_HeapMem_allocUnprotected__E)
                  007e7000    00000660                   : BIOS.obj (.text:ti_sysbios_heaps_HeapMem_freeUnprotected__E)
                  007e7660    00000600     libaoaproc_hwa_xwr18xx.ae674 : aoaprochwa.oe674 (.text:DPU_AoAProcHWA_process)
                  007e7c60    000005e0     rts6740_elf.lib : divd.c.obj (.text:__c6xabi_divd)
                  007e8240    000005a0     sysbios.ae674 : BIOS.obj (.text:ti_sysbios_knl_Task_Instance_finalize__E)
                  007e87e0    00000520     objectdetection.oe674 (.text:DPC_ObjDet_AoAconfig)
                  007e8d00    00000500     objectdetection.oe674 (.text:DPC_ObjectDetection_execute)
                  007e9200    000004c0     librangeproc_hwa_xwr18xx.ae674 : rangeprochwa.oe674 (.text:rangeProcHWA_ConfigEDMA_DataOut_nonInterleave)
                  007e96c0    00000480     dss_main.oe674 (.text:MmwDemo_DPC_ObjectDetection_dpmTask)
                  007e9b40    00000460     libhwa_xwr18xx.ae674 : hwa.oe674 (.text:HWA_configCommon)
                  007e9fa0    00000440     sysbios.ae674 : BIOS.obj (.text:ti_sysbios_knl_Task_Instance_init__E)
                  007ea3e0    00000420     libmailbox_xwr18xx.ae674 : mailbox.oe674 (.text:Mailbox_open)
                  007ea800    00000400     objectdetection.oe674 (.text:DPC_ObjDet_preStartConfig)
                  007eac00    000003e0     libaoaproc_hwa_xwr18xx.ae674 : aoaprochwa.oe674 (.text:DPU_AoAProcHWA_config)
                  007eafe0    000003e0     sysbios.ae674 : BIOS.obj (.text:ti_sysbios_knl_Task_sleep__E)
                  007eb3c0    000003e0                   : BIOS.obj (.text:ti_sysbios_utils_Load_updateThreadContexts__E)
                  007eb7a0    000003c0     libaoaproc_hwa_xwr18xx.ae674 : aoaprochwa.oe674 (.text:AoAProcHWA_angleEstimationAzimElev)
                  007ebb60    000003a0     libedma_xwr18xx.ae674 : edma.oe674 (.text:EDMA_paramConfig_assist)
                  007ebf00    000003a0     librangeproc_hwa_xwr18xx.ae674 : rangeprochwa.oe674 (.text:rangeProcHWA_ConfigHWA)
                  007ec2a0    00000360     objectdetection.oe674 (.text:DPC_ObjDet_rangeConfig)
                  007ec600    00000360     libdpm_xwr18xx.ae674 : dpm_core.oe674 (.text:DPM_init)
                  007ec960    00000360                          : dpm_msg.oe674 (.text:DPM_msgRecv)
                  007eccc0    00000340     libstaticclutterproc_xwr18xx.ae674 : staticclutterproc.oe674 (.text:DPU_StaticClutterProc_process)
                  007ed000    00000320     libedma_xwr18xx.ae674 : edma.oe674 (.text:EDMA_configChannel)
                  007ed320    00000320     rts6740_elf.lib : cos.c.obj (.text:cos)
                  007ed640    00000320                     : fputs.c.obj (.text:fputs)
                  007ed960    00000300     libaoaproc_hwa_xwr18xx.ae674 : aoaprochwa.oe674 (.text:HWAutil_configHWA_azimuthHeatMap)
                  007edc60    00000300     sysbios.ae674 : BIOS.obj (.text:xdc_runtime_LoggerBuf_write8__E)
                  007edf60    000002e0     libaoaproc_hwa_xwr18xx.ae674 : aoaprochwa.oe674 (.text:AoAProcHWA_XYZestimation)
                  007ee240    000002e0     rts6740_elf.lib : sin.c.obj (.text:sin)
                  007ee520    000002e0     sysbios.ae674 : BIOS.obj (.text:ti_sysbios_heaps_HeapMem_Instance_init__E)
                  007ee800    000002e0                   : BIOS.obj (.text:xdc_runtime_Core_createObject__I)
                  007eeae0    000002c0     objectdetection.oe674 (.text:DPC_ObjDet_dopplerConfig)
                  007eeda0    000002c0     libedma_xwr18xx.ae674 : edma.oe674 (.text:EDMA_configErrorMonitoring)
                  007ef060    000002c0                           : edma.oe674 (.text:EDMA_open)
                  007ef320    000002c0     sysbios.ae674 : BIOS.obj (.text:ti_sysbios_knl_Task_postInit__I)
                  007ef5e0    000002c0                   : BIOS.obj (.text:ti_sysbios_timers_rti_Timer_Module_startup__E)
                  007ef8a0    000002a0     objectdetection.oe674 (.text:DPC_ObjectDetection_init)
                  007efb40    000002a0     libcfarcaproc_hwa_xwr18xx.ae674 : cfarcaprochwa.oe674 (.text:DPU_CFARCAProcHWA_process)
                  007efde0    000002a0     libhwa_xwr18xx.ae674 : hwa.oe674 (.text:HWA_open)
                  007f0080    000002a0     sysbios.ae674 : BIOS.obj (.text:ti_sysbios_family_c64p_EventCombiner_dispatch__E)
                  007f0320    000002a0                   : BIOS.obj (.text:ti_sysbios_timers_rti_Timer_getFreq__E)
                  007f05c0    00000280     libaoaproc_hwa_xwr18xx.ae674 : aoaprochwa.oe674 (.text:AoAProcHWA_PrepareRangeAzimuthHeatmap)
                  007f0840    00000280     rts6740_elf.lib : divf.c.obj (.text:__c6xabi_divf)
                  007f0ac0    00000280     sysbios.ae674 : BIOS.obj (.text:ti_sysbios_family_c64p_Cache_Module_startup__E)
                  007f0d40    00000280                   : BIOS.obj (.text:xdc_runtime_Startup_startMods__I)
                  007f0fc0    00000260     libaoaproc_hwa_xwr18xx.ae674 : aoaprochwa.oe674 (.text:AoAProcHWA_config_azimuthHeatMap_EDMA)
                  007f1220    00000260     rts6740_elf.lib : imath64.c.obj (.text:__c6xabi_divull)
                  007f1480    00000260     sysbios.ae674 : BIOS.obj (.text:ti_sysbios_gates_GateMutex_enter__E)
                  007f16e0    00000240     objectdetection.oe674 (.text:DPC_ObjDet_CFARCAconfig)
                  007f1920    00000240     libedma_xwr18xx.ae674 : edma.oe674 (.text:EDMA_transferComplete_isr)
                  007f1b60    00000240     dss_main.oe674 (.text:MmwDemo_dssInitTask)
                  007f1da0    00000240     sysbios.ae674 : BIOS.obj (.text:ti_sysbios_family_c64p_Exception_internalHandler__I)
                  007f1fe0    00000240                   : BIOS.obj (.text:xdc_runtime_Error_policyDefault__E)
                  007f2220    00000240     mmw_dss_pe674.oe674 (.text:xdc_runtime_System_printfExtend__I)
                  007f2460    00000220     libcfarcaproc_hwa_xwr18xx.ae674 : cfarcaprochwa.oe674 (.text:DPU_CFARCAProcHWA_config)
                  007f2680    00000220     libmailbox_xwr18xx.ae674 : mailbox.oe674 (.text:Mailbox_write)
                  007f28a0    00000220     libaoaproc_hwa_xwr18xx.ae674 : aoaprochwa.oe674 (.text:aoaHwa_dopplerCompensation)
                  007f2ac0    00000220     sysbios.ae674 : BIOS.obj (.text:ti_sysbios_family_c64p_EventCombiner_dispatchPlug__E)
                  007f2ce0    00000220                   : BIOS.obj (.text:ti_sysbios_family_c64p_EventCombiner_enableEvent__E)
                  007f2f00    00000220                   : BIOS.obj (.text:xdc_runtime_LoggerBuf_write4__E)
                  007f3120    00000200     libdpm_xwr18xx.ae674 : dpm_msg.oe674 (.text:DPM_msgResultHandler)
                  007f3320    00000200     libaoaproc_hwa_xwr18xx.ae674 : aoaprochwa.oe674 (.text:DPU_AoAProcHWA_init)
                  007f3520    00000200     sysbios.ae674 : c64p_Hwi_disp_always.obj (.text:_ti_sysbios_family_c64p_Hwi_dispatchAlways)
                  007f3720    00000200     rts6740_elf.lib : atan.c.obj (.text:atan)
                  007f3920    00000200     libmathutils.ae674 : mathutils.oe674 (.text:mathUtils_genWindow)
                  007f3b20    00000200     sysbios.ae674 : BIOS.obj (.text:ti_sysbios_family_c64p_EventCombiner_disableEvent__E)
                  007f3d20    00000200                   : BIOS.obj (.text:ti_sysbios_utils_Load_idleFxn__E)
                  007f3f20    00000200                   : BIOS.obj (.text:xdc_runtime_Core_constructObject__I)
                  007f4120    000001e0     libedma_xwr18xx.ae674 : edma.oe674 (.text:EDMA_init)
                  007f4300    000001e0     sysbios.ae674 : BIOS.obj (.text:ti_sysbios_knl_Semaphore_post__E)
                  007f44e0    000001c0     libdpedma_hwa_xwr18xx.ae674 : dpedma.oe674 (.text:DPEDMA_configSyncAB)
                  007f46a0    000001c0                                 : dpedma.oe674 (.text:DPEDMA_configSyncA_singleFrame)
                  007f4860    000001c0     librangeproc_hwa_xwr18xx.ae674 : rangeprochwa.oe674 (.text:DPU_RangeProcHWA_control)
                  007f4a20    000001c0     libstaticclutterproc_xwr18xx.ae674 : staticclutterproc.oe674 (.text:DPU_StaticClutterProc_configEdma)
                  007f4be0    000001c0     libcfarcaproc_hwa_xwr18xx.ae674 : cfarcaprochwa.oe674 (.text:HWAutil_configCFAR)
                  007f4da0    000001c0     libmailbox_xwr18xx.ae674 : mailbox.oe674 (.text:Mailbox_read)
                  007f4f60    000001c0     libsoc_xwr18xx.ae674 : soc.oe674 (.text:SOC_deregisterSysIntListener)
                  007f5120    000001c0     rts6740_elf.lib : atan2.c.obj (.text:atan2)
                  007f52e0    000001c0                     : fputc.c.obj (.text:fputc)
                  007f54a0    000001c0                     : frexp.c.obj (.text:frexp)
                  007f5660    000001c0     librangeproc_hwa_xwr18xx.ae674 : rangeprochwa.oe674 (.text:rangeProcHWA_ConfigEDMADummyThreeLinks)
                  007f5820    000001c0     rts6740_elf.lib : setvbuf.c.obj (.text:setvbuf)
                  007f59e0    000001c0     sysbios.ae674 : BIOS.obj (.text:ti_sysbios_knl_Swi_restoreHwi__E)
                  007f5ba0    000001c0                   : BIOS.obj (.text:ti_sysbios_knl_Task_checkStacks__E)
                  007f5d60    000001c0                   : BIOS.obj (.text:xdc_runtime_Text_putSite__E)
                  007f5f20    000001a0     libcfarcaproc_hwa_xwr18xx.ae674 : cfarcaprochwa.oe674 (.text:CFARHWA_cfarRange_AND_cfarDoppler)
                  007f60c0    000001a0                                     : cfarcaprochwa.oe674 (.text:DPU_CFARCAProcHWA_control)
                  007f6260    000001a0     libdopplerproc_hwa_xwr18xx.ae674 : dopplerprochwa.oe674 (.text:DPU_DopplerProcHWA_init)
                  007f6400    000001a0                                      : dopplerprochwa.oe674 (.text:DPU_DopplerProcHWA_process)
                  007f65a0    000001a0     librangeproc_hwa_xwr18xx.ae674 : rangeprochwa.oe674 (.text:DPU_RangeProcHWA_init)
                  007f6740    000001a0     rts6740_elf.lib : hostrename.c.obj (.text:HOSTrename)
                  007f68e0    000001a0     dbscan.oe674 (.text:expand)
                  007f6a80    000001a0     sysbios.ae674 : BIOS.obj (.text:ti_sysbios_family_c64p_Cache_getL2InitSize__I)
                  007f6c20    000001a0                   : BIOS.obj (.text:ti_sysbios_heaps_HeapBuf_Module_startup__E)
                  007f6dc0    000001a0                   : BIOS.obj (.text:ti_sysbios_knl_Swi_runLoop__I)
                  007f6f60    000001a0                   : BIOS.obj (.text:ti_sysbios_knl_Task_exit__E)
                  007f7100    000001a0                   : BIOS.obj (.text:ti_sysbios_timers_rti_Timer_startup__E)
                  007f72a0    00000180     libdpm_xwr18xx.ae674 : dpm_core.oe674 (.text:DPM_deinit)
                  007f7420    00000180                          : dpm_core.oe674 (.text:DPM_ioctl)
                  007f75a0    00000180     libaoaproc_hwa_xwr18xx.ae674 : aoaprochwa.oe674 (.text:DPU_AoAProcHWA_control)
                  007f7720    00000180     libhwa_xwr18xx.ae674 : hwa.oe674 (.text:HWA_enableParamSetInterrupt)
                  007f78a0    00000180     dss_main.oe674 (.text:MmwDemo_sensorStopEpilog)
                  007f7a20    00000180     rts6740_elf.lib : ldexp.c.obj (.text:ldexp)
                  007f7ba0    00000180     sysbios.ae674 : c64p_Exception_asm.obj (.text)
                  007f7d20    00000180                   : BIOS.obj (.text:ti_sysbios_knl_Task_schedule__I)
                  007f7ea0    00000180                   : BIOS.obj (.text:ti_sysbios_utils_Load_startup__E)
                  007f8020    00000160     objectdetection.oe674 (.text:DPC_ObjDet_staticClutterConfig)
                  007f8180    00000160     libdpm_xwr18xx.ae674 : dpm_msg.oe674 (.text:DPM_msgResponseHandler)
                  007f82e0    00000160     libedma_xwr18xx.ae674 : edma.oe674 (.text:EDMA_getErrorStatusInfo)
                  007f8440    00000160     libhwa_xwr18xx.ae674 : hwa.oe674 (.text:HWA_paramDoneISR)
                  007f85a0    00000160     libmailbox_xwr18xx.ae674 : mailbox.oe674 (.text:Mailbox_close)
                  007f8700    00000160     libsoc_xwr18xx.ae674 : soc.oe674 (.text:SOC_registerSysIntListener)
                  007f8860    00000160     rts6740_elf.lib : sqrt.c.obj (.text:sqrt)
                  007f89c0    00000160     sysbios.ae674 : BIOS.obj (.text:ti_sysbios_family_c64p_Cache_getL1DInitSize__I)
                  007f8b20    00000160                   : BIOS.obj (.text:ti_sysbios_family_c64p_Cache_getL1PInitSize__I)
                  007f8c80    00000160                   : BIOS.obj (.text:ti_sysbios_family_c64p_Hwi_Module_startup__E)
                  007f8de0    00000160                   : BIOS.obj (.text:xdc_runtime_Core_deleteObject__I)
                  007f8f40    00000160                   : BIOS.obj (.text:xdc_runtime_LoggerBuf_getFilterLevel__E)
                  007f90a0    00000160                   : BIOS.obj (.text:xdc_runtime_LoggerBuf_setFilterLevel__E)
                  007f9200    00000140     libaoaproc_hwa_xwr18xx.ae674 : aoaprochwa.oe674 (.text:AoAProcHWA_ConvertFov)
                  007f9340    00000140     libdpedma_hwa_xwr18xx.ae674 : dpedmahwa.oe674 (.text:DPEDMAHWA_configTwoHotSignature)
                  007f9480    00000140     libedma_xwr18xx.ae674 : edma_low_level.oe674 (.text:EDMA3Init)
                  007f95c0    00000140                           : edma.oe674 (.text:EDMA_clearErrors)
                  007f9700    00000140                           : edma.oe674 (.text:EDMA_startTransfer)
                  007f9840    00000140     libhwa_xwr18xx.ae674 : hwa.oe674 (.text:HWA_configRam)
                  007f9980    00000140     libsoc_xwr18xx.ae674 : soc.oe674 (.text:SOC_init)
                  007f9ac0    00000140     dbscan.oe674 (.text:get_epsilon_neighbours)
                  007f9c00    00000140     rts6740_elf.lib : perror.c.obj (.text:perror)
                  007f9d40    00000140     librangeproc_hwa_xwr18xx.ae674 : rangeprochwa.oe674 (.text:rangeProcHWA_ConfigEDMA_DataIn)
                  007f9e80    00000140     sysbios.ae674 : BIOS.obj (.text:ti_sysbios_knl_Semaphore_Instance_init__E)
                  007f9fc0    00000140                   : BIOS.obj (.text:ti_sysbios_knl_Task_Module_startup__E)
                  007fa100    00000140                   : BIOS.obj (.text:ti_sysbios_knl_Task_startCore__E)
                  007fa240    00000140                   : BIOS.obj (.text:ti_sysbios_timers_rti_Timer_initDevice__I)
                  007fa380    00000140                   : BIOS.obj (.text:ti_sysbios_utils_Load_addTask__E)
                  007fa4c0    00000140                   : BIOS.obj (.text:ti_sysbios_utils_Load_updateLoads__E)
                  007fa600    00000140                   : BIOS.obj (.text:xdc_runtime_Memory_alloc__E)
                  007fa740    00000140                   : BIOS.obj (.text:xdc_runtime_Text_putLab__E)
                  007fa880    00000140                   : BIOS.obj (.text:xdc_runtime_Text_putMod__E)
                  007fa9c0    00000140                   : BIOS.obj (.text:xdc_runtime_Text_visitRope2__I)
                  007fab00    00000120     objectdetection.oe674 (.text:DPC_ObjDet_GetRxChPhaseComp)
                  007fac20    00000120     objectdetection.oe674 (.text:DPC_ObjDet_reconfigSubFrame)
                  007fad40    00000120     libdpedma_hwa_xwr18xx.ae674 : dpedmahwa.oe674 (.text:DPEDMAHWA_configOneHotSignature)
                  007fae60    00000120     libdpm_xwr18xx.ae674 : dpm_msg.oe674 (.text:DPM_msgDPCCfgHandler)
                  007faf80    00000120     libedma_xwr18xx.ae674 : edma.oe674 (.text:EDMA_configParamSet)
                  007fb0a0    00000120     boot.ae674 : autoinit.oe674 (.text:_auto_init_elf)
                  007fb1c0    00000120     rts6740_elf.lib : getdevice.c.obj (.text:getdevice)
                  007fb2e0    00000120     dbscan.oe674 (.text:spread)
                  007fb400    00000120     sysbios.ae674 : BIOS.obj (.text:ti_sysbios_knl_Clock_workFunc__E)
                  007fb520    00000120                   : BIOS.obj (.text:ti_sysbios_timers_rti_Timer_setPeriodMicroSecs__E)
                  007fb640    00000120                   : BIOS.obj (.text:ti_sysbios_utils_Load_taskCreateHook__E)
                  007fb760    00000120                   : BIOS.obj (.text:ti_sysbios_utils_Load_taskDeleteHook__E)
                  007fb880    00000100     libaoaproc_hwa_xwr18xx.ae674 : aoaprochwa.oe674 (.text:AoAProcHWA_cfgAndTrigger_EDMA_2DFFT)
                  007fb980    00000100     libcfarcaproc_hwa_xwr18xx.ae674 : cfarcaprochwa.oe674 (.text:DPU_CFARCAProcHWA_init)
                  007fba80    00000100     libstaticclutterproc_xwr18xx.ae674 : staticclutterproc.oe674 (.text:DPU_StaticClutterProc_config)
                  007fbb80    00000100     libhwa_xwr18xx.ae674 : hwa.oe674 (.text:HWA_disableParamSetInterrupt)
                  007fbc80    00000100     libmailbox_xwr18xx.ae674 : mailbox.oe674 (.text:Mailbox_readFlush)
                  007fbd80    00000100     libsoc_xwr18xx.ae674 : soc_xwr18xx_dss.oe674 (.text:SOC_deviceInit)
                  007fbe80    00000100                          : soc_xwr18xx.oe674 (.text:SOC_translateAddress)
                  007fbf80    00000100     rts6740_elf.lib : fclose.c.obj (.text:__TI_closefile)
                  007fc080    00000100                     : fflush.c.obj (.text:fflush)
                  007fc180    00000100                     : fseek.c.obj (.text:fseek)
                  007fc280    00000100     dss_main.oe674 (.text:main)
                  007fc380    00000100     sysbios.ae674 : BIOS.obj (.text:xdc_runtime_Error_print__E)
                  007fc480    00000100                   : BIOS.obj (.text:xdc_runtime_Startup_exec__E)
                  007fc580    000000e0     objectdetection.oe674 (.text:DPC_ObjectDetection_deinit)
                  007fc660    000000e0     libdpm_xwr18xx.ae674 : dpm_core.oe674 (.text:DPM_execute)
                  007fc740    000000e0                          : dpm_pipe.oe674 (.text:DPM_pipeSend)
                  007fc820    000000e0     libedma_xwr18xx.ae674 : edma.oe674 (.text:EDMA_error_isr)
                  007fc900    000000e0                           : edma.oe674 (.text:EDMA_isTransferComplete)
                  007fc9e0    000000e0     rts6740_elf.lib : hostlseek.c.obj (.text:HOSTlseek)
                  007fcac0    000000e0                     : hostopen.c.obj (.text:HOSTopen)
                  007fcba0    000000e0                     : hostwrite.c.obj (.text:HOSTwrite)
                  007fcc80    000000e0     libmailbox_xwr18xx.ae674 : mailbox.oe674 (.text:Mailbox_boxFullISRMssDss)
                  007fcd60    000000e0                              : mailbox.oe674 (.text:Mailbox_init)
                  007fce40    000000e0     dss_main.oe674 (.text:MmwDemo_DPC_ObjectDetection_reportFxn)
                  007fcf20    000000e0     rts6740_elf.lib : _io_perm.c.obj (.text:__TI_wrt_ok)
                  007fd000    000000e0                     : divi.asm.obj (.text:__divi)
                  007fd0e0    000000e0                     : close.c.obj (.text:close)
                  007fd1c0    000000e0                     : exit.c.obj (.text:exit)
                  007fd2a0    000000e0                     : memset.c.obj (.text:memset)
                  007fd380    000000e0     sysbios.ae674 : BIOS.obj (.text:ti_sysbios_utils_Load_updateCurrentThreadTime__E)
                  007fd460    000000c0     libcfarcaproc_hwa_xwr18xx.ae674 : cfarcaprochwa.oe674 (.text:CFARCAHWA_config_EDMA)
                  007fd520    000000c0                                     : cfarcaprochwa.oe674 (.text:CFARHWA_prepareHwaRunTime)
                  007fd5e0    000000c0     objectdetection.oe674 (.text:DPC_ObjectDetection_frameStart)
                  007fd6a0    000000c0     libdpm_xwr18xx.ae674 : dpm_mailbox.oe674 (.text:DPM_mboxRemoteMailboxCallbackFxn)
                  007fd760    000000c0                          : dpm_core.oe674 (.text:DPM_sendResult)
                  007fd820    000000c0     libedma_xwr18xx.ae674 : edma.oe674 (.text:EDMA_startDmaTransfer)
                  007fd8e0    000000c0     rts6740_elf.lib : hostread.c.obj (.text:HOSTread)
                  007fd9a0    000000c0                     : hostunlink.c.obj (.text:HOSTunlink)
                  007fda60    000000c0     libhwa_xwr18xx.ae674 : hwa.oe674 (.text:HWA_getDMAChanIndex)
                  007fdb20    000000c0                          : hwa.oe674 (.text:HWA_getDMAconfig)
                  007fdbe0    000000c0                          : hwa.oe674 (.text:HWA_getDriverAccess)
                  007fdca0    000000c0                          : hwa.oe674 (.text:HWA_getHWAMemInfo)
                  007fdd60    000000c0     libmailbox_xwr18xx.ae674 : mailbox.oe674 (.text:Mailbox_boxFullISRProcessing)
                  007fde20    000000c0     data_path.oe674 (.text:MmwDemo_edmaOpen)
                  007fdee0    000000c0     objectdetection.oe674 (.text:_DPC_Objdet_Assert)
                  007fdfa0    000000c0     rts6740_elf.lib : fflush.c.obj (.text:__TI_doflush)
                  007fe060    000000c0                     : divu.asm.obj (.text:__divu)
                  007fe120    000000c0     dbscan.oe674 (.text:euclidean_dist)
                  007fe1e0    000000c0     rts6740_elf.lib : modf.c.obj (.text:modf)
                  007fe2a0    000000c0     librangeproc_hwa_xwr18xx.ae674 : rangeprochwa.oe674 (.text:rangeProcHWA_ConfigHWACommon)
                  007fe360    000000c0     sysbios.ae674 : BIOS.obj (.text:ti_sysbios_family_c64p_Hwi_dispatchCore__I)
                  007fe420    000000c0                   : BIOS.obj (.text:ti_sysbios_heaps_HeapMem_alloc__E)
                  007fe4e0    000000c0                   : BIOS.obj (.text:ti_sysbios_heaps_HeapMem_getStats__E)
                  007fe5a0    000000c0                   : BIOS.obj (.text:ti_sysbios_knl_Swi_schedule__I)
                  007fe660    000000c0                   : BIOS.obj (.text:ti_sysbios_knl_Task_allBlockedFunction__I)
                  007fe720    000000c0     mmw_dss_pe674.oe674 (.text:ti_sysbios_knl_Task_create)
                  007fe7e0    000000c0     sysbios.ae674 : BIOS.obj (.text:ti_sysbios_knl_Task_stat__E)
                  007fe8a0    000000c0                   : BIOS.obj (.text:ti_sysbios_utils_Load_taskSwitchHook__E)
                  007fe960    000000c0     rts6740_elf.lib : tls.c.obj (.text:tls:init:__TI_tls_init)
                  007fea20    000000c0     sysbios.ae674 : BIOS.obj (.text:xdc_runtime_Assert_raise__I)
                  007feae0    000000c0                   : BIOS.obj (.text:xdc_runtime_LoggerBuf_Instance_init__E)
                  007feba0    000000c0     mmw_dss_pe674.oe674 (.text:xdc_runtime_LoggerBuf_Object__create__S)
                  007fec60    000000a0     libcfarcaproc_hwa_xwr18xx.ae674 : cfarcaprochwa.oe674 (.text:CFARHWA_fovConvertDoppler)
                  007fed00    000000a0                                     : cfarcaprochwa.oe674 (.text:CFARHWA_saveConfiguration)
                  007feda0    000000a0     objectdetection.oe674 (.text:DPC_ObjectDetection_start)
                  007fee40    000000a0     libdpedma_hwa_xwr18xx.ae674 : dpedma.oe674 (.text:DPEDMA_setup_shadow_link)
                  007feee0    000000a0     libdpm_xwr18xx.ae674 : dpm_mailbox.oe674 (.text:DPM_mboxInit)
                  007fef80    000000a0                          : dpm_msg.oe674 (.text:DPM_msgStartHandler)
                  007ff020    000000a0                          : dpm_msg.oe674 (.text:DPM_msgStopHandler)
                  007ff0c0    000000a0                          : dpm_core.oe674 (.text:DPM_notifyExecute)
                  007ff160    000000a0                          : dpm_pipe.oe674 (.text:DPM_pipeRecv)
                  007ff200    000000a0     libedma_xwr18xx.ae674 : edma_low_level.oe674 (.text:EDMA3EnableChInShadowReg)
                  007ff2a0    000000a0                           : edma.oe674 (.text:EDMA_disableChannel)
                  007ff340    000000a0                           : edma.oe674 (.text:EDMA_enableChannel)
                  007ff3e0    000000a0                           : edma.oe674 (.text:EDMA_transferController_error_isr)
                  007ff480    000000a0     rts6740_elf.lib : hostclose.c.obj (.text:HOSTclose)
                  007ff520    000000a0     libhwa_xwr18xx.ae674 : hwa.oe674 (.text:HWA_deleteInstance)
                  007ff5c0    000000a0                          : hwa.oe674 (.text:HWA_disableDoneInterrupt)
                  007ff660    000000a0                          : hwa.oe674 (.text:HWA_enable)
                  007ff700    000000a0                          : hwa.oe674 (.text:HWA_enableDoneInterrupt)
                  007ff7a0    000000a0                          : hwa.oe674 (.text:HWA_readCFARPeakCountReg)
                  007ff840    000000a0     libmailbox_xwr18xx.ae674 : mailbox.oe674 (.text:Mailbox_boxEmptyISRProcessing)
                  007ff8e0    000000a0     libsoc_xwr18xx.ae674 : soc.oe674 (.text:SOC_SystemISR)
                  007ff980    000000a0     rts6740_elf.lib : fopen.c.obj (.text:__TI_cleanup)
                  007ffa20    000000a0                     : fixfu.c.obj (.text:__c6xabi_fixfu)
                  007ffac0    000000a0                     : round.c.obj (.text:__c6xabi_nround)
                  007ffb60    000000a0                     : remu.asm.obj (.text:__remu)
                  007ffc00    000000a0     boot.ae674 : boot.oe674 (.text:_c_int00)
                  007ffca0    000000a0     mmw_dss_pe674.oe674 (.text:calloc)
                  007ffd40    000000a0     dbscan.oe674 (.text:dbscan)
                  007ffde0    000000a0     rts6740_elf.lib : getdevice.c.obj (.text:finddevice)
                  007ffe80    000000a0                     : memcpy64.asm.obj (.text:memcpy)
                  007fff20    000000a0     libmmwavealg_xwr18xx.ae674 : mmwavelib_vecsum.oe674 (.text:mmwavelib_vecsum)
                  007fffc0    00000040     libhwa_xwr18xx.ae674 : hwa.oe674 (.text:CSL_FEXTR)

.text.2    0    00800000    00005360     
                  00800000    000000a0     mathlib.ae674 : sqrtsp.oe674 (.text:optasm)
                  008000a0    000000a0     sysbios.ae674 : BIOS.obj (.text:ti_sysbios_family_c64p_Exception_Module_startup__E)
                  00800140    000000a0                   : BIOS.obj (.text:ti_sysbios_family_c64p_Hwi_dispatchC__I)
                  008001e0    000000a0                   : BIOS.obj (.text:ti_sysbios_family_c64p_Hwi_getStackInfo__E)
                  00800280    000000a0                   : BIOS.obj (.text:ti_sysbios_hal_Hwi_checkStack)
                  00800320    000000a0                   : BIOS.obj (.text:ti_sysbios_knl_Semaphore_pendTimeout__I)
                  008003c0    000000a0                   : BIOS.obj (.text:xdc_runtime_Core_assignLabel__I)
                  00800460    000000a0                   : BIOS.obj (.text:xdc_runtime_Core_assignParams__I)
                  00800500    000000a0                   : BIOS.obj (.text:xdc_runtime_LoggerBuf_Module_startup__E)
                  008005a0    000000a0                   : BIOS.obj (.text:xdc_runtime_System_atexit__E)
                  00800640    000000a0                   : BIOS.obj (.text:xdc_runtime_System_exit__E)
                  008006e0    000000a0                   : BIOS.obj (.text:xdc_runtime_Text_printVisFxn__I)
                  00800780    000000a0                   : BIOS.obj (.text:xdc_runtime_Text_xprintf__I)
                  00800820    00000080     libaoaproc_hwa_xwr18xx.ae674 : aoaprochwa.oe674 (.text:AoAProc_HWAutil_configCommon)
                  008008a0    00000080     libcfarcaproc_hwa_xwr18xx.ae674 : cfarcaprochwa.oe674 (.text:CFARHWA_convHwaCfarDetListToDetMask)
                  00800920    00000080                                     : cfarcaprochwa.oe674 (.text:CFARHWA_fovConvertRange)
                  008009a0    00000080     objectdetection.oe674 (.text:DPC_ObjDet_GetAntGeometryDef)
                  00800a20    00000080     objectdetection.oe674 (.text:DPC_ObjectDetection_stop)
                  00800aa0    00000080     libdpm_xwr18xx.ae674 : dpm_mailbox.oe674 (.text:DPM_mboxSendResult)
                  00800b20    00000080                          : dpm_pipe.oe674 (.text:DPM_pipeDeinit)
                  00800ba0    00000080                          : dpm_pipe.oe674 (.text:DPM_pipeInit)
                  00800c20    00000080                          : dpm_core.oe674 (.text:DPM_synch)
                  00800ca0    00000080     librangeproc_hwa_xwr18xx.ae674 : rangeprochwa.oe674 (.text:DPU_RangeProcHWA_deinit)
                  00800d20    00000080     libstaticclutterproc_xwr18xx.ae674 : staticclutterproc.oe674 (.text:DPU_StaticClutterProc_init)
                  00800da0    00000080                                        : staticclutterproc.oe674 (.text:DPU_StaticClutterProc_waitInData)
                  00800e20    00000080                                        : staticclutterproc.oe674 (.text:DPU_StaticClutterProc_waitOutData)
                  00800ea0    00000080     libedma_xwr18xx.ae674 : edma_low_level.oe674 (.text:EDMA3MapChToEvtQ)
                  00800f20    00000080                           : edma.oe674 (.text:EDMA_getTransferControllerErrorStatusInfo)
                  00800fa0    00000080                           : edma.oe674 (.text:EDMA_linkParamSets)
                  00801020    00000080     libhwa_xwr18xx.ae674 : hwa.oe674 (.text:HWA_reset)
                  008010a0    00000080                          : hwa.oe674 (.text:HWA_setDMA2ACCManualTrig)
                  00801120    00000080     data_path.oe674 (.text:MmwDemo_dataPathInit)
                  008011a0    00000080     libosal_xwr18xx.ae674 : SemaphoreP_tirtos.oe674 (.text:SemaphoreP_create)
                  00801220    00000080     rts6740_elf.lib : trgmsg.c.obj (.text:__TI_readmsg)
                  008012a0    00000080                     : fixdu.c.obj (.text:__c6xabi_fixdu)
                  00801320    00000080                     : llshift.c.obj (.text:__c6xabi_llshl)
                  008013a0    00000080     sysbios.ae674 : c62_TaskSupport_asm.obj (.text:_ti_sysbios_family_c62_TaskSupport_swap__E)
                  00801420    00000080     dbscan.oe674 (.text:append_at_end)
                  008014a0    00000080     dbscan.oe674 (.text:destroy_epsilon_neighbours)
                  00801520    00000080     librangeproc_hwa_xwr18xx.ae674 : rangeprochwa.oe674 (.text:rangeProcHWA_ConfigEDMATranspose)
                  008015a0    00000080     mmw_dss_pe674.oe674 (.text:ti_sysbios_BIOS_atExitFunc__I)
                  00801620    00000080     mmw_dss_pe674.oe674 (.text:ti_sysbios_BIOS_registerRTSLock__I)
                  008016a0    00000080     mmw_dss_pe674.oe674 (.text:ti_sysbios_gates_GateHwi_Object__create__S)
                  00801720    00000080     mmw_dss_pe674.oe674 (.text:ti_sysbios_gates_GateMutex_Object__create__S)
                  008017a0    00000080     mmw_dss_pe674.oe674 (.text:ti_sysbios_heaps_HeapMem_Object__create__S)
                  00801820    00000080     sysbios.ae674 : BIOS.obj (.text:ti_sysbios_heaps_HeapMem_init__I)
                  008018a0    00000080     mmw_dss_pe674.oe674 (.text:ti_sysbios_knl_Clock_doTick__I)
                  00801920    00000080     sysbios.ae674 : BIOS.obj (.text:ti_sysbios_knl_Idle_run__E)
                  008019a0    00000080     mmw_dss_pe674.oe674 (.text:ti_sysbios_knl_Semaphore_create)
                  00801a20    00000080     sysbios.ae674 : BIOS.obj (.text:ti_sysbios_knl_Swi_post__E)
                  00801aa0    00000080                   : BIOS.obj (.text:ti_sysbios_knl_Swi_startup__E)
                  00801b20    00000080                   : BIOS.obj (.text:ti_sysbios_knl_Task_processVitalTaskFlag__I)
                  00801ba0    00000080                   : BIOS.obj (.text:ti_sysbios_knl_Task_restore__E)
                  00801c20    00000080                   : BIOS.obj (.text:ti_sysbios_knl_Task_sleepTimeout__I)
                  00801ca0    00000080     mmw_dss_pe674.oe674 (.text:ti_sysbios_rts_MemAlloc_alloc)
                  00801d20    00000080     sysbios.ae674 : BIOS.obj (.text:ti_sysbios_timers_rti_Timer_setPeriod__E)
                  00801da0    00000080                   : BIOS.obj (.text:ti_sysbios_timers_rti_Timer_stop__E)
                  00801e20    00000080     rts6740_elf.lib : unlink.c.obj (.text:unlink)
                  00801ea0    00000080     sysbios.ae674 : BIOS.obj (.text:xdc_runtime_System_avprintf__E)
                  00801f20    00000080                   : BIOS.obj (.text:xdc_runtime_System_vprintf__E)
                  00801fa0    00000060     libaoaproc_hwa_xwr18xx.ae674 : aoaprochwa.oe674 (.text:AOAHWA_waitEdma)
                  00802000    00000060     libcfarcaproc_hwa_xwr18xx.ae674 : cfarcaprochwa.oe674 (.text:CFARHWA_triggerCFAR)
                  00802060    00000060     objectdetection.oe674 (.text:DPC_ObjDet_GenDopplerWindow)
                  008020c0    00000060     objectdetection.oe674 (.text:DPC_ObjDet_MemPoolAlloc)
                  00802120    00000060     libdpm_xwr18xx.ae674 : dpm_listlib.oe674 (.text:DPM_listCat)
                  00802180    00000060                          : dpm_mailbox.oe674 (.text:DPM_mboxDeinit)
                  008021e0    00000060                          : dpm_msg.oe674 (.text:DPM_msgInitHeader)
                  00802240    00000060     libaoaproc_hwa_xwr18xx.ae674 : aoaprochwa.oe674 (.text:DPU_AoAProcHWA_deinit)
                  008022a0    00000060     libcfarcaproc_hwa_xwr18xx.ae674 : cfarcaprochwa.oe674 (.text:DPU_CFARCAProcHWA_deinit)
                  00802300    00000060     libdopplerproc_hwa_xwr18xx.ae674 : dopplerprochwa.oe674 (.text:DPU_DopplerProcHWA_deinit)
                  00802360    00000060     libstaticclutterproc_xwr18xx.ae674 : staticclutterproc.oe674 (.text:DPU_StaticClutterProc_deinit)
                  008023c0    00000060     libedma_xwr18xx.ae674 : edma_low_level.oe674 (.text:EDMA3ClrEvt)
                  00802420    00000060                           : edma_low_level.oe674 (.text:EDMA3ClrIntr)
                  00802480    00000060                           : edma_low_level.oe674 (.text:EDMA3ClrMissEvt)
                  008024e0    00000060                           : edma_low_level.oe674 (.text:EDMA3DisableDmaEvt)
                  00802540    00000060                           : edma_low_level.oe674 (.text:EDMA3DisableEvtIntr)
                  008025a0    00000060                           : edma_low_level.oe674 (.text:EDMA3EnableDmaEvt)
                  00802600    00000060                           : edma_low_level.oe674 (.text:EDMA3EnableEvtIntr)
                  00802660    00000060                           : edma_low_level.oe674 (.text:EDMA3SetEvt)
                  008026c0    00000060                           : edma.oe674 (.text:EDMA_configTransferControllerError)
                  00802720    00000060                           : edma.oe674 (.text:EDMA_setDestinationAddress)
                  00802780    00000060                           : edma.oe674 (.text:EDMA_setSourceAddress)
                  008027e0    00000060                           : edma.oe674 (.text:EDMA_validate_channelIdchannelType)
                  00802840    00000060     libhwa_xwr18xx.ae674 : hwa.oe674 (.text:HWA_allParamDoneISR)
                  008028a0    00000060     libmailbox_xwr18xx.ae674 : mailbox.oe674 (.text:Mailbox_Config_init)
                  00802900    00000060     data_path.oe674 (.text:MmwDemo_dataPathOpen)
                  00802960    00000060     libsoc_xwr18xx.ae674 : soc_xwr18xx.oe674 (.text:SOC_enableHWA)
                  008029c0    00000060                          : soc_xwr18xx.oe674 (.text:SOC_setDSSLinkState)
                  00802a20    00000060                          : soc.oe674 (.text:SOC_unhaltBSS)
                  00802a80    00000060     rts6740_elf.lib : trgmsg.c.obj (.text:__TI_writemsg)
                  00802ae0    00000060                     : llshift.c.obj (.text:__c6xabi_llshru)
                  00802b40    00000060                     : imath64.c.obj (.text:_subcull)
                  00802ba0    00000060     sysbios.ae674 : c64p_Hwi_asm_switch.obj (.text:_ti_sysbios_family_c64p_Hwi_switchAndDispatch__I)
                  00802c00    00000060                   : c64p_Hwi_asm_switch.obj (.text:_ti_sysbios_family_xxx_Hwi_switchAndRunFunc)
                  00802c60    00000060     dbscan.oe674 (.text:create_node)
                  00802cc0    00000060     rts6740_elf.lib : lseek.c.obj (.text:lseek)
                  00802d20    00000060     libmmwavealg_xwr18xx.ae674 : mmwavelib_vecsubc.oe674 (.text:mmwavelib_vecsubc)
                  00802d80    00000060     mmw_dss_pe674.oe674 (.text:ti_sysbios_BIOS_errorRaiseHook__I)
                  00802de0    00000060     mmw_dss_pe674.oe674 (.text:ti_sysbios_BIOS_removeRTSLock__I)
                  00802e40    00000060     mmw_dss_pe674.oe674 (.text:ti_sysbios_BIOS_startFunc__I)
                  00802ea0    00000060     sysbios.ae674 : BIOS.obj (.text:ti_sysbios_family_c62_TaskSupport_stackUsed__E)
                  00802f00    00000060                   : BIOS.obj (.text:ti_sysbios_family_c62_TaskSupport_start__E)
                  00802f60    00000060                   : BIOS.obj (.text:ti_sysbios_family_c64p_Cache_setMar__E)
                  00802fc0    00000060                   : BIOS.obj (.text:ti_sysbios_family_c64p_EventCombiner_Module_startup__E)
                  00803020    00000060                   : BIOS.obj (.text:ti_sysbios_family_c64p_EventCombiner_unused__E)
                  00803080    00000060     mmw_dss_pe674.oe674 (.text:ti_sysbios_gates_GateMutex_Object__delete__S)
                  008030e0    00000060     sysbios.ae674 : BIOS.obj (.text:ti_sysbios_hal_Hwi_initStack)
                  00803140    00000060                   : BIOS.obj (.text:ti_sysbios_heaps_HeapMem_free__E)
                  008031a0    00000060                   : BIOS.obj (.text:ti_sysbios_knl_Clock_Module_startup__E)
                  00803200    00000060     mmw_dss_pe674.oe674 (.text:ti_sysbios_knl_Queue_construct)
                  00803260    00000060     mmw_dss_pe674.oe674 (.text:ti_sysbios_knl_Semaphore_Object__delete__S)
                  008032c0    00000060     mmw_dss_pe674.oe674 (.text:ti_sysbios_knl_Semaphore_construct)
                  00803320    00000060     sysbios.ae674 : BIOS.obj (.text:ti_sysbios_knl_Swi_Module_startup__E)
                  00803380    00000060                   : BIOS.obj (.text:ti_sysbios_knl_Task_enter__I)
                  008033e0    00000060     rts6740_elf.lib : write.c.obj (.text:write)
                  00803440    00000060     mmw_dss_pe674.oe674 (.text:xdc_runtime_LoggerBuf_Object__delete__S)
                  008034a0    00000060     sysbios.ae674 : BIOS.obj (.text:xdc_runtime_SysStd_abort__E)
                  00803500    00000040     libsoc_xwr18xx.ae674 : soc.oe674 (.text:CSL_FEXTR)
                  00803540    00000040                          : soc_xwr18xx.oe674 (.text:CSL_FEXTR)
                  00803580    00000040     libhwa_xwr18xx.ae674 : hwa.oe674 (.text:CSL_FINSR)
                  008035c0    00000040     libmailbox_xwr18xx.ae674 : mailbox.oe674 (.text:CSL_FINSR)
                  00803600    00000040     libsoc_xwr18xx.ae674 : soc.oe674 (.text:CSL_FINSR)
                  00803640    00000040                          : soc_xwr18xx.oe674 (.text:CSL_FINSR)
                  00803680    00000040                          : soc_xwr18xx_dss.oe674 (.text:CSL_FINSR)
                  008036c0    00000040     objectdetection.oe674 (.text:DPC_ObjDet_GenRangeWindow)
                  00803700    00000040     libdpm_xwr18xx.ae674 : dpm_listlib.oe674 (.text:DPM_listAdd)
                  00803740    00000040                          : dpm_listlib.oe674 (.text:DPM_listRemove)
                  00803780    00000040                          : dpm_mailbox.oe674 (.text:DPM_mboxMsgSend)
                  008037c0    00000040                          : dpm_msg.oe674 (.text:DPM_msgAssertHandler)
                  00803800    00000040                          : dpm_msg.oe674 (.text:DPM_msgBSSFaultHandler)
                  00803840    00000040                          : dpm_msg.oe674 (.text:DPM_msgDPCInfoHandler)
                  00803880    00000040                          : dpm_pipe.oe674 (.text:DPM_pipeDequeue)
                  008038c0    00000040     libedma_xwr18xx.ae674 : edma_low_level.oe674 (.text:EDMA3MapQdmaChToPaRAM)
                  00803900    00000040                           : edma_low_level.oe674 (.text:EDMA3SetPaRAM)
                  00803940    00000040                           : edma_low_level.oe674 (.text:EDMA3SetQdmaTrigWord)
                  00803980    00000040                           : edma.oe674 (.text:EDMA_clearTransferControllerErrors)
                  008039c0    00000040     libosal_xwr18xx.ae674 : HwiP_tirtos.oe674 (.text:HwiP_create)
                  00803a00    00000040                           : HwiP_tirtos.oe674 (.text:HwiP_delete)
                  00803a40    00000040     libmailbox_xwr18xx.ae674 : mailbox.oe674 (.text:Mailbox_boxEmptyISRBss)
                  00803a80    00000040                              : mailbox.oe674 (.text:Mailbox_boxEmptyISRMssDss)
                  00803ac0    00000040                              : mailbox.oe674 (.text:Mailbox_boxFullISRBss)
                  00803b00    00000040     dss_main.oe674 (.text:MmwDemo_DPC_ObjectDetection_processFrameBeginCallBackFxn)
                  00803b40    00000040     dss_main.oe674 (.text:MmwDemo_DPC_ObjectDetection_processInterFrameBeginCallBackFxn)
                  00803b80    00000040     data_path.oe674 (.text:MmwDemo_EDMA_errorCallbackFxn)
                  00803bc0    00000040     data_path.oe674 (.text:MmwDemo_EDMA_transferControllerErrorCallbackFxn)
                  00803c00    00000040     libsoc_xwr18xx.ae674 : soc_xwr18xx_dss.oe674 (.text:SOC_getInAddr_LUTType)
                  00803c40    00000040                          : soc_xwr18xx_dss.oe674 (.text:SOC_getOutAddr_LUTType)
                  00803c80    00000040                          : soc_xwr18xx.oe674 (.text:SOC_isMSSOperational)
                  00803cc0    00000040     rts6740_elf.lib : frcmpyd_div.c.obj (.text:__TI_frcmpyd_div)
                  00803d00    00000040                     : strasg.asm.obj (.text:__strasgi_64plus)
                  00803d40    00000040                     : args_main.c.obj (.text:_args_main)
                  00803d80    00000040     sysbios.ae674 : c62_TaskSupport_asm.obj (.text:_ti_sysbios_family_c62_TaskSupport_buildTaskStack)
                  00803dc0    00000040     mmw_dss_pe674.oe674 (.text:free)
                  00803e00    00000040     libmathutils.ae674 : mathutils.oe674 (.text:mathUtils_floorLog2)
                  00803e40    00000040     librangeproc_hwa_xwr18xx.ae674 : rangeprochwa.oe674 (.text:rangeProcHWA_EDMA_transferCompletionCallbackFxn)
                  00803e80    00000040     mmw_dss_pe674.oe674 (.text:ti_sysbios_BIOS_exitFunc__I)
                  00803ec0    00000040     mmw_dss_pe674.oe674 (.text:ti_sysbios_BIOS_rtsLock__I)
                  00803f00    00000040     mmw_dss_pe674.oe674 (.text:ti_sysbios_BIOS_rtsUnlock__I)
                  00803f40    00000040     sysbios.ae674 : BIOS.obj (.text:ti_sysbios_family_c64p_Hwi_disableInterrupt__E)
                  00803f80    00000040                   : BIOS.obj (.text:ti_sysbios_family_c64p_Hwi_enableInterrupt__E)
                  00803fc0    00000040     mmw_dss_pe674.oe674 (.text:ti_sysbios_gates_GateHwi_Handle__label__S)
                  00804000    00000040     mmw_dss_pe674.oe674 (.text:ti_sysbios_gates_GateHwi_Object__delete__S)
                  00804040    00000040     mmw_dss_pe674.oe674 (.text:ti_sysbios_gates_GateMutex_Handle__label__S)
                  00804080    00000040     sysbios.ae674 : BIOS.obj (.text:ti_sysbios_gates_GateMutex_Instance_init__E)
                  008040c0    00000040                   : BIOS.obj (.text:ti_sysbios_gates_GateMutex_leave__E)
                  00804100    00000040     mmw_dss_pe674.oe674 (.text:ti_sysbios_heaps_HeapMem_Handle__label__S)
                  00804140    00000040     mmw_dss_pe674.oe674 (.text:ti_sysbios_heaps_HeapMem_Object__delete__S)
                  00804180    00000040     mmw_dss_pe674.oe674 (.text:ti_sysbios_heaps_HeapMem_Object__get__S)
                  008041c0    00000040     mmw_dss_pe674.oe674 (.text:ti_sysbios_knl_Semaphore_destruct)
                  00804200    00000040     mmw_dss_pe674.oe674 (.text:ti_sysbios_knl_Swi_Object__get__S)
                  00804240    00000040     mmw_dss_pe674.oe674 (.text:ti_sysbios_knl_Task_Object__get__S)
                  00804280    00000040     sysbios.ae674 : BIOS.obj (.text:ti_sysbios_timers_rti_Timer_periodicStub__E)
                  008042c0    00000040                   : BIOS.obj (.text:xdc_runtime_Error_init__E)
                  00804300    00000040     mmw_dss_pe674.oe674 (.text:xdc_runtime_LoggerBuf_Handle__label__S)
                  00804340    00000040     sysbios.ae674 : BIOS.obj (.text:xdc_runtime_LoggerBuf_Instance_finalize__E)
                  00804380    00000040     mmw_dss_pe674.oe674 (.text:xdc_runtime_LoggerBuf_Object__get__S)
                  008043c0    00000040     sysbios.ae674 : BIOS.obj (.text:xdc_runtime_LoggerBuf_write0__E)
                  00804400    00000040                   : BIOS.obj (.text:xdc_runtime_LoggerBuf_write1__E)
                  00804440    00000040                   : BIOS.obj (.text:xdc_runtime_LoggerBuf_write2__E)
                  00804480    00000040     mmw_dss_pe674.oe674 (.text:xdc_runtime_System_aprintf__E)
                  008044c0    00000040     mmw_dss_pe674.oe674 (.text:xdc_runtime_System_printf__E)
                  00804500    00000020     libaoaproc_hwa_xwr18xx.ae674 : aoaprochwa.oe674 (.text:AOAProcHWADoneIsrCallback)
                  00804520    00000020     libcfarcaproc_hwa_xwr18xx.ae674 : cfarcaprochwa.oe674 (.text:CFARCAHWADoneIsrCallback)
                  00804540    00000020     objectdetection.oe674 (.text:DPC_ObjDet_GetRangeWinGenLen)
                  00804560    00000020     objectdetection.oe674 (.text:DPC_ObjDet_MemPoolReset)
                  00804580    00000020     libdpm_xwr18xx.ae674 : dpm_core.oe674 (.text:DPM_chirpISR)
                  008045a0    00000020                          : dpm_core.oe674 (.text:DPM_frameStartISR)
                  008045c0    00000020                          : dpm_mailbox.oe674 (.text:DPM_mboxSynch)
                  008045e0    00000020     libaoaproc_hwa_xwr18xx.ae674 : aoaprochwa.oe674 (.text:DPU_AoAProcHWA_getNumHwaParamSets)
                  00804600    00000020     libdopplerproc_hwa_xwr18xx.ae674 : dopplerprochwa.oe674 (.text:DPU_DopplerProcHWA_edmaDoneIsrCallback)
                  00804620    00000020                                      : dopplerprochwa.oe674 (.text:DPU_DopplerProcHWA_hwaDoneIsrCallback)
                  00804640    00000020     libedma_xwr18xx.ae674 : edma_low_level.oe674 (.text:EDMA3ChannelToParamMap)
                  00804660    00000020                           : edma_low_level.oe674 (.text:EDMA3ClrCCErr)
                  00804680    00000020                           : edma_low_level.oe674 (.text:EDMA3DisableQdmaEvt)
                  008046a0    00000020                           : edma_low_level.oe674 (.text:EDMA3EnableQdmaEvt)
                  008046c0    00000020                           : edma_low_level.oe674 (.text:EDMA3ErrIntrHighStatusGet)
                  008046e0    00000020                           : edma_low_level.oe674 (.text:EDMA3GetCCErrStatus)
                  00804700    00000020                           : edma_low_level.oe674 (.text:EDMA3GetErrIntrStatus)
                  00804720    00000020                           : edma_low_level.oe674 (.text:EDMA3GetIntrStatus)
                  00804740    00000020                           : edma_low_level.oe674 (.text:EDMA3IntrStatusHighGet)
                  00804760    00000020                           : edma_low_level.oe674 (.text:EDMA3QdmaClrMissEvt)
                  00804780    00000020                           : edma_low_level.oe674 (.text:EDMA3QdmaGetErrIntrStatus)
                  008047a0    00000020                           : edma_low_level.oe674 (.text:EDMAsetRegion)
                  008047c0    00000020     libhwa_xwr18xx.ae674 : hwa.oe674 (.text:HWA_init)
                  008047e0    00000020     libosal_xwr18xx.ae674 : HwiP_tirtos.oe674 (.text:HwiP_Params_init)
                  00804800    00000020                           : HwiP_tirtos.oe674 (.text:HwiP_disable)
                  00804820    00000020                           : HwiP_tirtos.oe674 (.text:HwiP_disableInterrupt)
                  00804840    00000020                           : HwiP_tirtos.oe674 (.text:HwiP_enableInterrupt)
                  00804860    00000020                           : HwiP_tirtos.oe674 (.text:HwiP_restore)
                  00804880    00000020                           : MemoryP_tirtos.oe674 (.text:MemoryP_ctrlAlloc)
                  008048a0    00000020                           : MemoryP_tirtos.oe674 (.text:MemoryP_ctrlFree)
                  008048c0    00000020                           : MemoryP_tirtos.oe674 (.text:MemoryP_getStats)
                  008048e0    00000020     dss_main.oe674 (.text:MmwDemo_sleep)
                  00804900    00000020     libsoc_xwr18xx.ae674 : soc_xwr18xx.oe674 (.text:SOC_ungateClock)
                  00804920    00000020     libosal_xwr18xx.ae674 : SemaphoreP_tirtos.oe674 (.text:SemaphoreP_Params_init)
                  00804940    00000020                           : SemaphoreP_tirtos.oe674 (.text:SemaphoreP_delete)
                  00804960    00000020                           : SemaphoreP_tirtos.oe674 (.text:SemaphoreP_pend)
                  00804980    00000020                           : SemaphoreP_tirtos.oe674 (.text:SemaphoreP_post)
                  008049a0    00000020                           : DebugP_tirtos.oe674 (.text:_DebugP_assert)
                  008049c0    00000020     rts6740_elf.lib : errno.c.obj (.text:__c6xabi_errno_addr)
                  008049e0    00000020                     : trunc.c.obj (.text:__c6xabi_trunc)
                  00804a00    00000020                     : push.asm.obj (.text:__pop_rts)
                  00804a20    00000020                     : push.asm.obj (.text:__push_rts)
                  00804a40    00000020                     : _lock.c.obj (.text:_nop)
                  00804a60    00000020                     : _lock.c.obj (.text:_register_lock)
                  00804a80    00000020                     : _lock.c.obj (.text:_register_unlock)
                  00804aa0    00000020     sysbios.ae674 : c62_TaskSupport_asm.obj (.text:_ti_sysbios_family_c62_TaskSupport_glue)
                  00804ac0    00000020     rts6740_elf.lib : exit.c.obj (.text:abort)
                  00804ae0    00000020     libmathutils.ae674 : mathutils.oe674 (.text:mathUtils_ceilLog2)
                  00804b00    00000020     rts6740_elf.lib : fputc.c.obj (.text:putchar)
                  00804b20    00000020     librangeproc_hwa_xwr18xx.ae674 : rangeprochwa.oe674 (.text:rangeProcHWADoneIsrCallback)
                  00804b40    00000020     mmw_dss_pe674.oe674 (.text:ti_sysbios_BIOS_RtsGateProxy_enter__E)
                  00804b60    00000020     mmw_dss_pe674.oe674 (.text:ti_sysbios_BIOS_RtsGateProxy_leave__E)
                  00804b80    00000020     sysbios.ae674 : BIOS.obj (.text:ti_sysbios_BIOS_getCpuFreq__E)
                  00804ba0    00000020                   : BIOS.obj (.text:ti_sysbios_BIOS_linkedWithIncorrectBootLibrary__E)
                  00804bc0    00000020     mmw_dss_pe674.oe674 (.text:ti_sysbios_BIOS_nullFunc__I)
                  00804be0    00000020     sysbios.ae674 : BIOS.obj (.text:ti_sysbios_BIOS_setThreadType__E)
                  00804c00    00000020                   : BIOS.obj (.text:ti_sysbios_BIOS_start__E)
                  00804c20    00000020     mmw_dss_pe674.oe674 (.text:ti_sysbios_family_c62_TaskSupport_Module__startupDone__S)
                  00804c40    00000020     sysbios.ae674 : BIOS.obj (.text:ti_sysbios_family_c62_TaskSupport_checkStack__E)
                  00804c60    00000020                   : BIOS.obj (.text:ti_sysbios_family_c62_TaskSupport_getStackAlignment__E)
                  00804c80    00000020     mmw_dss_pe674.oe674 (.text:ti_sysbios_family_c64p_Hwi_Module__startupDone__F)
                  00804ca0    00000020     sysbios.ae674 : BIOS.obj (.text:ti_sysbios_family_c64p_Hwi_clearInterrupt__E)
                  00804cc0    00000020                   : BIOS.obj (.text:ti_sysbios_family_c64p_Hwi_startup__E)
                  00804ce0    00000020                   : BIOS.obj (.text:ti_sysbios_family_c64p_Hwi_switchFromBootStack__E)
                  00804d00    00000020                   : BIOS.obj (.text:ti_sysbios_family_c64p_TimestampProvider_Module_startup__E)
                  00804d20    00000020                   : BIOS.obj (.text:ti_sysbios_family_c64p_TimestampProvider_get32__E)
                  00804d40    00000020                   : BIOS.obj (.text:ti_sysbios_family_c64p_TimestampProvider_get64__E)
                  00804d60    00000020                   : BIOS.obj (.text:ti_sysbios_gates_GateHwi_Instance_init__E)
                  00804d80    00000020                   : BIOS.obj (.text:ti_sysbios_gates_GateHwi_enter__E)
                  00804da0    00000020                   : BIOS.obj (.text:ti_sysbios_gates_GateHwi_leave__E)
                  00804dc0    00000020                   : BIOS.obj (.text:ti_sysbios_gates_GateHwi_query__E)
                  00804de0    00000020                   : BIOS.obj (.text:ti_sysbios_gates_GateMutex_Instance_finalize__E)
                  00804e00    00000020                   : BIOS.obj (.text:ti_sysbios_gates_GateMutex_query__E)
                  00804e20    00000020                   : BIOS.obj (.text:ti_sysbios_hal_Hwi_Module_startup__E)
                  00804e40    00000020     mmw_dss_pe674.oe674 (.text:ti_sysbios_heaps_HeapBuf_Object__get__S)
                  00804e60    00000020     mmw_dss_pe674.oe674 (.text:ti_sysbios_heaps_HeapMem_Module_GateProxy_enter__E)
                  00804e80    00000020     mmw_dss_pe674.oe674 (.text:ti_sysbios_heaps_HeapMem_Module_GateProxy_leave__E)
                  00804ea0    00000020     sysbios.ae674 : BIOS.obj (.text:ti_sysbios_heaps_HeapMem_isBlocking__E)
                  00804ec0    00000020     mmw_dss_pe674.oe674 (.text:ti_sysbios_knl_Clock_TimerProxy_getMaxTicks__E)
                  00804ee0    00000020     sysbios.ae674 : BIOS.obj (.text:ti_sysbios_knl_Clock_logTick__E)
                  00804f00    00000020                   : BIOS.obj (.text:ti_sysbios_knl_Idle_loop__E)
                  00804f20    00000020                   : BIOS.obj (.text:ti_sysbios_knl_Queue_Instance_init__E)
                  00804f40    00000020     mmw_dss_pe674.oe674 (.text:ti_sysbios_knl_Queue_Object__get__S)
                  00804f60    00000020     mmw_dss_pe674.oe674 (.text:ti_sysbios_knl_Queue_destruct)
                  00804f80    00000020     sysbios.ae674 : BIOS.obj (.text:ti_sysbios_knl_Queue_empty__E)
                  00804fa0    00000020                   : BIOS.obj (.text:ti_sysbios_knl_Semaphore_Instance_finalize__E)
                  00804fc0    00000020     mmw_dss_pe674.oe674 (.text:ti_sysbios_knl_Semaphore_Params__init__S)
                  00804fe0    00000020     mmw_dss_pe674.oe674 (.text:ti_sysbios_knl_Semaphore_delete)
                  00805000    00000020     sysbios.ae674 : BIOS.obj (.text:ti_sysbios_knl_Swi_disable__E)
                  00805020    00000020     mmw_dss_pe674.oe674 (.text:ti_sysbios_knl_Task_Params__init__S)
                  00805040    00000020     sysbios.ae674 : BIOS.obj (.text:ti_sysbios_knl_Task_disable__E)
                  00805060    00000020                   : BIOS.obj (.text:ti_sysbios_knl_Task_startup__E)
                  00805080    00000020     mmw_dss_pe674.oe674 (.text:ti_sysbios_timers_rti_Timer_Module__startupDone__F)
                  008050a0    00000020     sysbios.ae674 : BIOS.obj (.text:ti_sysbios_timers_rti_Timer_getMaxTicks__E)
                  008050c0    00000020                   : BIOS.obj (.text:ti_sysbios_utils_Load_getCPULoad__E)
                  008050e0    00000020                   : BIOS.obj (.text:ti_sysbios_utils_Load_taskRegHook__E)
                  00805100    00000020     mmw_dss_pe674.oe674 (.text:xdc_runtime_IHeap_alloc)
                  00805120    00000020     mmw_dss_pe674.oe674 (.text:xdc_runtime_IHeap_free)
                  00805140    00000020     mmw_dss_pe674.oe674 (.text:xdc_runtime_IHeap_getStats)
                  00805160    00000020     mmw_dss_pe674.oe674 (.text:xdc_runtime_LoggerBuf_Module_GateProxy_enter__E)
                  00805180    00000020     mmw_dss_pe674.oe674 (.text:xdc_runtime_LoggerBuf_Module_GateProxy_leave__E)
                  008051a0    00000020     sysbios.ae674 : BIOS.obj (.text:xdc_runtime_LoggerBuf_disable__E)
                  008051c0    00000020                   : BIOS.obj (.text:xdc_runtime_LoggerBuf_enable__E)
                  008051e0    00000020                   : BIOS.obj (.text:xdc_runtime_Memory_free__E)
                  00805200    00000020                   : BIOS.obj (.text:xdc_runtime_Memory_getStats__E)
                  00805220    00000020     mmw_dss_pe674.oe674 (.text:xdc_runtime_Startup_exec__I)
                  00805240    00000020     mmw_dss_pe674.oe674 (.text:xdc_runtime_Startup_reset__I)
                  00805260    00000020     sysbios.ae674 : BIOS.obj (.text:xdc_runtime_Startup_rtsDone__E)
                  00805280    00000020                   : BIOS.obj (.text:xdc_runtime_SysStd_exit__E)
                  008052a0    00000020                   : BIOS.obj (.text:xdc_runtime_SysStd_putch__E)
                  008052c0    00000020                   : BIOS.obj (.text:xdc_runtime_SysStd_ready__E)
                  008052e0    00000020     mmw_dss_pe674.oe674 (.text:xdc_runtime_System_Module_GateProxy_enter__E)
                  00805300    00000020     mmw_dss_pe674.oe674 (.text:xdc_runtime_System_Module_GateProxy_leave__E)
                  00805320    00000020     sysbios.ae674 : BIOS.obj (.text:xdc_runtime_System_Module_startup__E)
                  00805340    00000020     mmw_dss_pe674.oe674 (.text:xdc_runtime_Text_visitRope__I)

.const.1   0    00805360    00000ca0     
                  00805360    00000630     sysbios.ae674 : BIOS.obj (.const:.string)
                  00805990    000002e4     dss_main.oe674 (.const:.string)
                  00805c74    00000004     mmw_dss_pe674.oe674 (.const:ti_sysbios_family_c62_TaskSupport_stackAlignment__C)
                  00805c78    000000e0     mmw_dss_pe674.oe674 (.const:xdc_runtime_Text_nodeTab__A)
                  00805d58    00000074     mmw_dss_pe674.oe674 (.const:.string)
                  00805dcc    00000064     rts6740_elf.lib : perror.c.obj (.const:.string)
                  00805e30    00000058     libedma_xwr18xx.ae674 : edma.oe674 (.const:.string)
                  00805e88    0000004c     libmailbox_xwr18xx.ae674 : mailbox.oe674 (.const:.string)
                  00805ed4    00000044     mmw_dss_pe674.oe674 (.const:ti_sysbios_knl_Task_Object__PARAMS__C)
                  00805f18    00000040     dbscan.oe674 (.const:.string)
                  00805f58    00000040     libhwa_xwr18xx.ae674 : hwa.oe674 (.const:gHwaTrigSignatures)
                  00805f98    0000003c     libsoc_xwr18xx.ae674 : soc_xwr18xx_dss.oe674 (.const:.string)
                  00805fd4    00000004     mmw_dss_pe674.oe674 (.const:ti_sysbios_family_c64p_Cache_E_invalidL1CacheSize__C)
                  00805fd8    00000028     libdpm_xwr18xx.ae674 : dpm_msg.oe674 (.const:gDPMMessageFxnTable)

.dpc_l2Heap 
*          0    00806000    0000c400     UNINITIALIZED
                  00806000    0000c400     dss_main.oe674 (.dpc_l2Heap)

systemHeap 
*          0    00812400    00007800     UNINITIALIZED
                  00812400    00007800     mmw_dss_pe674.oe674 (systemHeap)

.const.2   0    00819c00    000020c0     
                  00819c00    00001a59     mmw_dss_pe674.oe674 (.const:xdc_runtime_Text_charTab__A)
                  0081b659    00000001     --HOLE-- [fill = 0]
                  0081b65a    00000002     mmw_dss_pe674.oe674 (.const:ti_sysbios_family_c64p_Cache_Module__id__C)
                  0081b65c    0000003c     mmw_dss_pe674.oe674 (.const:xdc_runtime_LoggerBuf_Module__FXNS__C)
                  0081b698    00000038     libedma_xwr18xx.ae674 : edma_xwr1xxx.oe674 (.const:gEdmaHwAttrs)
                  0081b6d0    00000034     mmw_dss_pe674.oe674 (.const:xdc_runtime_Startup_sfxnTab__A)
                  0081b704    00000028     mmw_dss_pe674.oe674 (.const:ti_sysbios_heaps_HeapMem_Module__FXNS__C)
                  0081b72c    00000028     mmw_dss_pe674.oe674 (.const:xdc_runtime_LoggerBuf_Object__PARAMS__C)
                  0081b754    00000024     libmailbox_xwr18xx.ae674 : mailbox.oe674 (.const:Mailbox_defaultCfg)
                  0081b778    00000024     mmw_dss_pe674.oe674 (.const:ti_sysbios_gates_GateHwi_Module__FXNS__C)
                  0081b79c    00000024     mmw_dss_pe674.oe674 (.const:ti_sysbios_gates_GateMutex_Module__FXNS__C)
                  0081b7c0    00000024     mmw_dss_pe674.oe674 (.const:ti_sysbios_heaps_HeapMem_Object__PARAMS__C)
                  0081b7e4    00000024     mmw_dss_pe674.oe674 (.const:ti_sysbios_knl_Semaphore_Object__PARAMS__C)
                  0081b808    00000020     libhwa_xwr18xx.ae674 : hwa.oe674 (.const:$P$T0$1)
                  0081b828    00000020                          : hwa.oe674 (.const:.string)
                  0081b848    00000020     libosal_xwr18xx.ae674 : SemaphoreP_tirtos.oe674 (.const:.string)
                  0081b868    00000020     mmw_dss_pe674.oe674 (.const:ti_sysbios_gates_GateHwi_Object__DESC__C)
                  0081b888    00000020     mmw_dss_pe674.oe674 (.const:ti_sysbios_gates_GateMutex_Object__DESC__C)
                  0081b8a8    00000020     mmw_dss_pe674.oe674 (.const:ti_sysbios_heaps_HeapMem_Object__DESC__C)
                  0081b8c8    00000020     mmw_dss_pe674.oe674 (.const:ti_sysbios_knl_Queue_Object__DESC__C)
                  0081b8e8    00000020     mmw_dss_pe674.oe674 (.const:ti_sysbios_knl_Semaphore_Object__DESC__C)
                  0081b908    00000020     mmw_dss_pe674.oe674 (.const:ti_sysbios_knl_Task_Object__DESC__C)
                  0081b928    00000020     mmw_dss_pe674.oe674 (.const:xdc_runtime_LoggerBuf_Object__DESC__C)
                  0081b948    0000001c     libosal_xwr18xx.ae674 : HwiP_tirtos.oe674 (.const:.string)
                  0081b964    00000004     mmw_dss_pe674.oe674 (.const:ti_sysbios_family_c64p_Cache_E_invalidL2CacheSize__C)
                  0081b968    0000001a     mmw_dss_pe674.oe674 (.const:xdc_runtime_Startup_sfxnRts__A)
                  0081b982    00000002     mmw_dss_pe674.oe674 (.const:ti_sysbios_family_c64p_EventCombiner_Module__id__C)
                  0081b984    00000018     objectdetection.oe674 (.const:.string)
                  0081b99c    00000018     mmw_dss_pe674.oe674 (.const:ti_sysbios_gates_GateHwi_Object__PARAMS__C)
                  0081b9b4    00000018     mmw_dss_pe674.oe674 (.const:ti_sysbios_gates_GateMutex_Object__PARAMS__C)
                  0081b9cc    00000018     mmw_dss_pe674.oe674 (.const:ti_sysbios_knl_Queue_Object__PARAMS__C)
                  0081b9e4    00000004     mmw_dss_pe674.oe674 (.const:ti_sysbios_family_c64p_Cache_MAR0_31__C)
                  0081b9e8    00000018     mmw_dss_pe674.oe674 (.const:ti_sysbios_knl_Task_hooks__A)
                  0081ba00    00000014     dbscan.oe674 (.const:$P$T0$1)
                  0081ba14    00000014     dbscan.oe674 (.const:$P$T1$2)
                  0081ba28    00000014     libdpm_xwr18xx.ae674 : dpm_mailbox.oe674 (.const:.string)
                  0081ba3c    00000010     data_path.oe674 (.const:.string)
                  0081ba4c    00000010     libdpm_xwr18xx.ae674 : dpm_core.oe674 (.const:.string)
                  0081ba5c    00000010                          : dpm_msg.oe674 (.const:.string)
                  0081ba6c    00000010                          : dpm_pipe.oe674 (.const:.string)
                  0081ba7c    00000004     mmw_dss_pe674.oe674 (.const:ti_sysbios_family_c64p_Cache_MAR128_159__C)
                  0081ba80    00000010     libedma_xwr18xx.ae674 : edma.oe674 (.const:EDMA_config$1)
                  0081ba90    00000010     mmw_dss_pe674.oe674 (.const:ti_sysbios_family_c64p_EventCombiner_EVTMASK__C)
                  0081baa0    0000000c     mmw_dss_pe674.oe674 (.const:ti_sysbios_knl_Idle_funcList__A)
                  0081baac    00000008     mmw_dss_pe674.oe674 (.const:ti_sysbios_knl_Idle_funcList__C)
                  0081bab4    00000008     mmw_dss_pe674.oe674 (.const:ti_sysbios_knl_Task_hooks__C)
                  0081babc    00000004     mmw_dss_pe674.oe674 (.const:ti_sysbios_family_c64p_Cache_MAR160_191__C)
                  0081bac0    00000008     mmw_dss_pe674.oe674 (.const:xdc_runtime_Startup_firstFxns__A)
                  0081bac8    00000008     mmw_dss_pe674.oe674 (.const:xdc_runtime_Startup_firstFxns__C)
                  0081bad0    00000008     mmw_dss_pe674.oe674 (.const:xdc_runtime_Startup_lastFxns__C)
                  0081bad8    00000004     mmw_dss_pe674.oe674 (.const:ti_sysbios_family_c64p_Cache_MAR192_223__C)
                  0081badc    00000004     mmw_dss_pe674.oe674 (.const:ti_sysbios_family_c64p_Cache_MAR224_255__C)
                  0081bae0    00000004     mmw_dss_pe674.oe674 (.const:ti_sysbios_family_c64p_Cache_MAR32_63__C)
                  0081bae4    00000004     mmw_dss_pe674.oe674 (.const:ti_sysbios_family_c64p_Cache_MAR64_95__C)
                  0081bae8    00000004     mmw_dss_pe674.oe674 (.const:ti_sysbios_family_c64p_Cache_MAR96_127__C)
                  0081baec    00000004     mmw_dss_pe674.oe674 (.const:ti_sysbios_family_c64p_EventCombiner_A_invalidEventId__C)
                  0081baf0    00000004     mmw_dss_pe674.oe674 (.const:ti_sysbios_family_c64p_EventCombiner_EVTRegs__C)
                  0081baf4    00000004     mmw_dss_pe674.oe674 (.const:ti_sysbios_family_c64p_EventCombiner_E_unpluggedEvent__C)
                  0081baf8    00000004     mmw_dss_pe674.oe674 (.const:ti_sysbios_family_c64p_EventCombiner_Module__diagsEnabled__C)
                  0081bafc    00000004     mmw_dss_pe674.oe674 (.const:ti_sysbios_family_c64p_EventCombiner_Module__diagsIncluded__C)
                  0081bb00    00000004     mmw_dss_pe674.oe674 (.const:ti_sysbios_family_c64p_EventCombiner_Module__diagsMask__C)
                  0081bb04    00000004     mmw_dss_pe674.oe674 (.const:ti_sysbios_family_c64p_Exception_E_exceptionMax__C)
                  0081bb08    00000004     mmw_dss_pe674.oe674 (.const:ti_sysbios_family_c64p_Exception_exceptionHook__C)
                  0081bb0c    00000004     mmw_dss_pe674.oe674 (.const:ti_sysbios_family_c64p_Exception_externalHook__C)
                  0081bb10    00000004     mmw_dss_pe674.oe674 (.const:ti_sysbios_family_c64p_Exception_internalHook__C)
                  0081bb14    00000004     mmw_dss_pe674.oe674 (.const:ti_sysbios_family_c64p_Exception_nmiHook__C)
                  0081bb18    00000004     mmw_dss_pe674.oe674 (.const:ti_sysbios_family_c64p_Hwi_INTRMUX1Address__C)
                  0081bb1c    00000004     mmw_dss_pe674.oe674 (.const:ti_sysbios_gates_GateMutex_A_badContext__C)
                  0081bb20    00000004     mmw_dss_pe674.oe674 (.const:ti_sysbios_gates_GateMutex_Instance_State_sem__O)
                  0081bb24    00000004     mmw_dss_pe674.oe674 (.const:ti_sysbios_gates_GateMutex_Module__diagsEnabled__C)
                  0081bb28    00000004     mmw_dss_pe674.oe674 (.const:ti_sysbios_gates_GateMutex_Module__diagsIncluded__C)
                  0081bb2c    00000004     mmw_dss_pe674.oe674 (.const:ti_sysbios_gates_GateMutex_Module__diagsMask__C)
                  0081bb30    00000004     mmw_dss_pe674.oe674 (.const:ti_sysbios_hal_Hwi_E_stackOverflow__C)
                  0081bb34    00000004     mmw_dss_pe674.oe674 (.const:ti_sysbios_heaps_HeapBuf_Instance_State_freeList__O)
                  0081bb38    00000004     mmw_dss_pe674.oe674 (.const:ti_sysbios_heaps_HeapBuf_Object__count__C)
                  0081bb3c    00000004     mmw_dss_pe674.oe674 (.const:ti_sysbios_heaps_HeapBuf_numConstructedHeaps__C)
                  0081bb40    00000004     mmw_dss_pe674.oe674 (.const:ti_sysbios_heaps_HeapMem_A_align__C)
                  0081bb44    00000004     mmw_dss_pe674.oe674 (.const:ti_sysbios_heaps_HeapMem_A_heapSize__C)
                  0081bb48    00000004     mmw_dss_pe674.oe674 (.const:ti_sysbios_heaps_HeapMem_A_invalidFree__C)
                  0081bb4c    00000004     mmw_dss_pe674.oe674 (.const:ti_sysbios_heaps_HeapMem_A_zeroBlock__C)
                  0081bb50    00000004     mmw_dss_pe674.oe674 (.const:ti_sysbios_heaps_HeapMem_E_memory__C)
                  0081bb54    00000004     mmw_dss_pe674.oe674 (.const:ti_sysbios_heaps_HeapMem_Module__diagsEnabled__C)
                  0081bb58    00000004     mmw_dss_pe674.oe674 (.const:ti_sysbios_heaps_HeapMem_Module__diagsIncluded__C)
                  0081bb5c    00000004     mmw_dss_pe674.oe674 (.const:ti_sysbios_heaps_HeapMem_Module__diagsMask__C)
                  0081bb60    00000004     mmw_dss_pe674.oe674 (.const:ti_sysbios_heaps_HeapMem_Module__gateObj__C)
                  0081bb64    00000004     mmw_dss_pe674.oe674 (.const:ti_sysbios_heaps_HeapMem_Object__count__C)
                  0081bb68    00000004     mmw_dss_pe674.oe674 (.const:ti_sysbios_heaps_HeapMem_reqAlign__C)
                  0081bb6c    00000004     mmw_dss_pe674.oe674 (.const:ti_sysbios_knl_Clock_Module_State_clockQ__O)
                  0081bb70    00000004     mmw_dss_pe674.oe674 (.const:ti_sysbios_knl_Semaphore_A_badContext__C)
                  0081bb74    00000004     mmw_dss_pe674.oe674 (.const:ti_sysbios_knl_Semaphore_A_noEvents__C)
                  0081bb78    00000004     mmw_dss_pe674.oe674 (.const:ti_sysbios_knl_Semaphore_A_overflow__C)
                  0081bb7c    00000004     mmw_dss_pe674.oe674 (.const:ti_sysbios_knl_Semaphore_A_pendTaskDisabled__C)
                  0081bb80    00000004     mmw_dss_pe674.oe674 (.const:ti_sysbios_knl_Semaphore_Instance_State_pendQ__O)
                  0081bb84    00000004     mmw_dss_pe674.oe674 (.const:ti_sysbios_knl_Semaphore_Module__diagsEnabled__C)
                  0081bb88    00000004     mmw_dss_pe674.oe674 (.const:ti_sysbios_knl_Semaphore_Module__diagsIncluded__C)
                  0081bb8c    00000004     mmw_dss_pe674.oe674 (.const:ti_sysbios_knl_Semaphore_Module__diagsMask__C)
                  0081bb90    00000004     mmw_dss_pe674.oe674 (.const:ti_sysbios_knl_Swi_Object__count__C)
                  0081bb94    00000004     mmw_dss_pe674.oe674 (.const:ti_sysbios_knl_Task_A_badPriority__C)
                  0081bb98    00000004     mmw_dss_pe674.oe674 (.const:ti_sysbios_knl_Task_A_badTaskState__C)
                  0081bb9c    00000004     mmw_dss_pe674.oe674 (.const:ti_sysbios_knl_Task_A_badThreadType__C)
                  0081bba0    00000004     mmw_dss_pe674.oe674 (.const:ti_sysbios_knl_Task_A_badTimeout__C)
                  0081bba4    00000004     mmw_dss_pe674.oe674 (.const:ti_sysbios_knl_Task_A_noPendElem__C)
                  0081bba8    00000004     mmw_dss_pe674.oe674 (.const:ti_sysbios_knl_Task_A_sleepTaskDisabled__C)
                  0081bbac    00000004     mmw_dss_pe674.oe674 (.const:ti_sysbios_knl_Task_E_spOutOfBounds__C)
                  0081bbb0    00000004     mmw_dss_pe674.oe674 (.const:ti_sysbios_knl_Task_E_stackOverflow__C)
                  0081bbb4    00000004     mmw_dss_pe674.oe674 (.const:ti_sysbios_knl_Task_Module_State_inactiveQ__O)
                  0081bbb8    00000004     mmw_dss_pe674.oe674 (.const:ti_sysbios_knl_Task_Module__diagsEnabled__C)
                  0081bbbc    00000004     mmw_dss_pe674.oe674 (.const:ti_sysbios_knl_Task_Module__diagsIncluded__C)
                  0081bbc0    00000004     mmw_dss_pe674.oe674 (.const:ti_sysbios_knl_Task_Module__diagsMask__C)
                  0081bbc4    00000004     mmw_dss_pe674.oe674 (.const:ti_sysbios_knl_Task_Object__count__C)
                  0081bbc8    00000004     mmw_dss_pe674.oe674 (.const:ti_sysbios_knl_Task_Object__heap__C)
                  0081bbcc    00000004     mmw_dss_pe674.oe674 (.const:ti_sysbios_knl_Task_allBlockedFunc__C)
                  0081bbd0    00000004     mmw_dss_pe674.oe674 (.const:ti_sysbios_knl_Task_defaultStackHeap__C)
                  0081bbd4    00000004     mmw_dss_pe674.oe674 (.const:ti_sysbios_knl_Task_defaultStackSize__C)
                  0081bbd8    00000004     mmw_dss_pe674.oe674 (.const:ti_sysbios_knl_Task_numConstructedTasks__C)
                  0081bbdc    00000004     mmw_dss_pe674.oe674 (.const:ti_sysbios_timers_rti_Timer_E_cannotSupport__C)
                  0081bbe0    00000004     mmw_dss_pe674.oe674 (.const:ti_sysbios_timers_rti_Timer_Module__diagsEnabled__C)
                  0081bbe4    00000004     mmw_dss_pe674.oe674 (.const:ti_sysbios_timers_rti_Timer_Module__diagsIncluded__C)
                  0081bbe8    00000004     mmw_dss_pe674.oe674 (.const:ti_sysbios_timers_rti_Timer_Module__diagsMask__C)
                  0081bbec    00000004     mmw_dss_pe674.oe674 (.const:ti_sysbios_timers_rti_Timer_numTimerDevices__C)
                  0081bbf0    00000004     mmw_dss_pe674.oe674 (.const:ti_sysbios_timers_rti_Timer_startupNeeded__C)
                  0081bbf4    00000004     mmw_dss_pe674.oe674 (.const:ti_sysbios_utils_Load_Module_State_taskList__O)
                  0081bbf8    00000004     mmw_dss_pe674.oe674 (.const:ti_sysbios_utils_Load_Module__diagsEnabled__C)
                  0081bbfc    00000004     mmw_dss_pe674.oe674 (.const:ti_sysbios_utils_Load_Module__diagsIncluded__C)
                  0081bc00    00000004     mmw_dss_pe674.oe674 (.const:ti_sysbios_utils_Load_Module__diagsMask__C)
                  0081bc04    00000004     mmw_dss_pe674.oe674 (.const:ti_sysbios_utils_Load_postUpdate__C)
                  0081bc08    00000004     mmw_dss_pe674.oe674 (.const:ti_sysbios_utils_Load_windowInMs__C)
                  0081bc0c    00000004     mmw_dss_pe674.oe674 (.const:xdc_runtime_Assert_E_assertFailed__C)
[...]
00805300  xdc_runtime_System_Module_GateProxy_leave__E                 
00805320  xdc_runtime_System_Module_startup__E                         
00805340  xdc_runtime_Text_visitRope__I                                
00805c74  ti_sysbios_family_c62_TaskSupport_stackAlignment__C          
00805c78  xdc_runtime_Text_nodeTab__A                                  
00805ed4  ti_sysbios_knl_Task_Object__PARAMS__C                        
00805fd4  ti_sysbios_family_c64p_Cache_E_invalidL1CacheSize__C         
00805fd8  gDPMMessageFxnTable                                          
00806000  gDPC_ObjDetL2Heap                                            
00812400  ti_sysbios_heaps_HeapMem_Instance_State_0_buf__A             
00819c00  xdc_runtime_Text_charTab__A                                  
0081b65a  ti_sysbios_family_c64p_Cache_Module__id__C                   
0081b65c  xdc_runtime_LoggerBuf_Module__FXNS__C                        
0081b698  gEdmaHwAttrs                                                 
0081b6d0  xdc_runtime_Startup_sfxnTab__A                               
0081b704  ti_sysbios_heaps_HeapMem_Module__FXNS__C                     
0081b72c  xdc_runtime_LoggerBuf_Object__PARAMS__C                      
0081b754  Mailbox_defaultCfg                                           
0081b778  ti_sysbios_gates_GateHwi_Module__FXNS__C                     
0081b79c  ti_sysbios_gates_GateMutex_Module__FXNS__C                   
0081b7c0  ti_sysbios_heaps_HeapMem_Object__PARAMS__C                   
0081b7e4  ti_sysbios_knl_Semaphore_Object__PARAMS__C                   
0081b868  ti_sysbios_gates_GateHwi_Object__DESC__C                     
0081b888  ti_sysbios_gates_GateMutex_Object__DESC__C                   
0081b8a8  ti_sysbios_heaps_HeapMem_Object__DESC__C                     
0081b8c8  ti_sysbios_knl_Queue_Object__DESC__C                         
0081b8e8  ti_sysbios_knl_Semaphore_Object__DESC__C                     
0081b908  ti_sysbios_knl_Task_Object__DESC__C                          
0081b928  xdc_runtime_LoggerBuf_Object__DESC__C                        
0081b964  ti_sysbios_family_c64p_Cache_E_invalidL2CacheSize__C         
0081b968  xdc_runtime_Startup_sfxnRts__A                               
0081b982  ti_sysbios_family_c64p_EventCombiner_Module__id__C           
0081b99c  ti_sysbios_gates_GateHwi_Object__PARAMS__C                   
0081b9b4  ti_sysbios_gates_GateMutex_Object__PARAMS__C                 
0081b9cc  ti_sysbios_knl_Queue_Object__PARAMS__C                       
0081b9e4  ti_sysbios_family_c64p_Cache_MAR0_31__C                      
0081b9e8  ti_sysbios_knl_Task_hooks__A                                 
0081ba7c  ti_sysbios_family_c64p_Cache_MAR128_159__C                   
0081ba90  ti_sysbios_family_c64p_EventCombiner_EVTMASK__C              
0081baa0  ti_sysbios_knl_Idle_funcList__A                              
0081baac  ti_sysbios_knl_Idle_funcList__C                              
0081bab4  ti_sysbios_knl_Task_hooks__C                                 
0081babc  ti_sysbios_family_c64p_Cache_MAR160_191__C                   
0081bac0  xdc_runtime_Startup_firstFxns__A                             
0081bac8  xdc_runtime_Startup_firstFxns__C                             
0081bad0  xdc_runtime_Startup_lastFxns__C                              
0081bad8  ti_sysbios_family_c64p_Cache_MAR192_223__C                   
0081badc  ti_sysbios_family_c64p_Cache_MAR224_255__C                   
0081bae0  ti_sysbios_family_c64p_Cache_MAR32_63__C                     
0081bae4  ti_sysbios_family_c64p_Cache_MAR64_95__C                     
0081bae8  ti_sysbios_family_c64p_Cache_MAR96_127__C                    
0081baec  ti_sysbios_family_c64p_EventCombiner_A_invalidEventId__C     
0081baf0  ti_sysbios_family_c64p_EventCombiner_EVTRegs__C              
0081baf4  ti_sysbios_family_c64p_EventCombiner_E_unpluggedEvent__C     
0081baf8  ti_sysbios_family_c64p_EventCombiner_Module__diagsEnabled__C 
0081bafc  ti_sysbios_family_c64p_EventCombiner_Module__diagsIncluded__C
0081bb00  ti_sysbios_family_c64p_EventCombiner_Module__diagsMask__C    
0081bb04  ti_sysbios_family_c64p_Exception_E_exceptionMax__C           
0081bb08  ti_sysbios_family_c64p_Exception_exceptionHook__C            
0081bb0c  ti_sysbios_family_c64p_Exception_externalHook__C             
0081bb10  ti_sysbios_family_c64p_Exception_internalHook__C             
0081bb14  ti_sysbios_family_c64p_Exception_nmiHook__C                  
0081bb18  ti_sysbios_family_c64p_Hwi_INTRMUX1Address__C                
0081bb1c  ti_sysbios_gates_GateMutex_A_badContext__C                   
0081bb20  ti_sysbios_gates_GateMutex_Instance_State_sem__O             
0081bb24  ti_sysbios_gates_GateMutex_Module__diagsEnabled__C           
0081bb28  ti_sysbios_gates_GateMutex_Module__diagsIncluded__C          
0081bb2c  ti_sysbios_gates_GateMutex_Module__diagsMask__C              
0081bb30  ti_sysbios_hal_Hwi_E_stackOverflow__C                        
0081bb34  ti_sysbios_heaps_HeapBuf_Instance_State_freeList__O          
0081bb38  ti_sysbios_heaps_HeapBuf_Object__count__C                    
0081bb3c  ti_sysbios_heaps_HeapBuf_numConstructedHeaps__C              
0081bb40  ti_sysbios_heaps_HeapMem_A_align__C                          
0081bb44  ti_sysbios_heaps_HeapMem_A_heapSize__C                       
0081bb48  ti_sysbios_heaps_HeapMem_A_invalidFree__C                    
0081bb4c  ti_sysbios_heaps_HeapMem_A_zeroBlock__C                      
0081bb50  ti_sysbios_heaps_HeapMem_E_memory__C                         
0081bb54  ti_sysbios_heaps_HeapMem_Module__diagsEnabled__C             
0081bb58  ti_sysbios_heaps_HeapMem_Module__diagsIncluded__C            
0081bb5c  ti_sysbios_heaps_HeapMem_Module__diagsMask__C                
0081bb60  ti_sysbios_heaps_HeapMem_Module__gateObj__C                  
0081bb64  ti_sysbios_heaps_HeapMem_Object__count__C                    
0081bb68  ti_sysbios_heaps_HeapMem_reqAlign__C                         
0081bb6c  ti_sysbios_knl_Clock_Module_State_clockQ__O                  
0081bb70  ti_sysbios_knl_Semaphore_A_badContext__C                     
0081bb74  ti_sysbios_knl_Semaphore_A_noEvents__C                       
0081bb78  ti_sysbios_knl_Semaphore_A_overflow__C                       
0081bb7c  ti_sysbios_knl_Semaphore_A_pendTaskDisabled__C               
0081bb80  ti_sysbios_knl_Semaphore_Instance_State_pendQ__O             
0081bb84  ti_sysbios_knl_Semaphore_Module__diagsEnabled__C             
0081bb88  ti_sysbios_knl_Semaphore_Module__diagsIncluded__C            
0081bb8c  ti_sysbios_knl_Semaphore_Module__diagsMask__C                
0081bb90  ti_sysbios_knl_Swi_Object__count__C                          
0081bb94  ti_sysbios_knl_Task_A_badPriority__C                         
0081bb98  ti_sysbios_knl_Task_A_badTaskState__C                        
0081bb9c  ti_sysbios_knl_Task_A_badThreadType__C                       
0081bba0  ti_sysbios_knl_Task_A_badTimeout__C                          
0081bba4  ti_sysbios_knl_Task_A_noPendElem__C                          
0081bba8  ti_sysbios_knl_Task_A_sleepTaskDisabled__C                   
0081bbac  ti_sysbios_knl_Task_E_spOutOfBounds__C                       
0081bbb0  ti_sysbios_knl_Task_E_stackOverflow__C                       
0081bbb4  ti_sysbios_knl_Task_Module_State_inactiveQ__O                
0081bbb8  ti_sysbios_knl_Task_Module__diagsEnabled__C                  
0081bbbc  ti_sysbios_knl_Task_Module__diagsIncluded__C                 
0081bbc0  ti_sysbios_knl_Task_Module__diagsMask__C                     
0081bbc4  ti_sysbios_knl_Task_Object__count__C                         
0081bbc8  ti_sysbios_knl_Task_Object__heap__C                          
0081bbcc  ti_sysbios_knl_Task_allBlockedFunc__C                        
0081bbd0  ti_sysbios_knl_Task_defaultStackHeap__C                      
0081bbd4  ti_sysbios_knl_Task_defaultStackSize__C                      
0081bbd8  ti_sysbios_knl_Task_numConstructedTasks__C                   
0081bbdc  ti_sysbios_timers_rti_Timer_E_cannotSupport__C               
0081bbe0  ti_sysbios_timers_rti_Timer_Module__diagsEnabled__C          
0081bbe4  ti_sysbios_timers_rti_Timer_Module__diagsIncluded__C         
0081bbe8  ti_sysbios_timers_rti_Timer_Module__diagsMask__C             
0081bbec  ti_sysbios_timers_rti_Timer_numTimerDevices__C               
0081bbf0  ti_sysbios_timers_rti_Timer_startupNeeded__C                 
0081bbf4  ti_sysbios_utils_Load_Module_State_taskList__O               
0081bbf8  ti_sysbios_utils_Load_Module__diagsEnabled__C                
0081bbfc  ti_sysbios_utils_Load_Module__diagsIncluded__C               
0081bc00  ti_sysbios_utils_Load_Module__diagsMask__C                   
0081bc04  ti_sysbios_utils_Load_postUpdate__C                          
0081bc08  ti_sysbios_utils_Load_windowInMs__C                          
0081bc0c  xdc_runtime_Assert_E_assertFailed__C                         
0081bc10  xdc_runtime_Core_A_initializedParams__C                      
0081bc14  xdc_runtime_Core_Module__diagsEnabled__C                     
0081bc18  xdc_runtime_Core_Module__diagsIncluded__C                    
0081bc1c  xdc_runtime_Core_Module__diagsMask__C                        
0081bc20  xdc_runtime_Error_E_memory__C                                
0081bc24  xdc_runtime_Error_policyFxn__C                               
0081bc28  xdc_runtime_Error_policy__C                                  
0081bc2c  xdc_runtime_Error_raiseHook__C                               
0081bc30  xdc_runtime_IFilterLogger_Interface__BASE__C                 
0081bc34  xdc_runtime_IGateProvider_Interface__BASE__C                 
0081bc38  xdc_runtime_IHeap_Interface__BASE__C                         
0081bc3c  xdc_runtime_ILogger_Interface__BASE__C                       
0081bc40  xdc_runtime_IModule_Interface__BASE__C                       
0081bc44  xdc_runtime_LoggerBuf_E_badLevel__C                          
0081bc48  xdc_runtime_LoggerBuf_Module__gateObj__C                     
0081bc4c  xdc_runtime_LoggerBuf_Object__count__C                       
0081bc50  xdc_runtime_LoggerBuf_statusLogger__C                        
0081bc54  xdc_runtime_Memory_defaultHeapInstance__C                    
0081bc58  xdc_runtime_Startup_execImpl__C                              
0081bc5c  xdc_runtime_Startup_maxPasses__C                             
0081bc60  xdc_runtime_Startup_sfxnRts__C                               
0081bc64  xdc_runtime_Startup_sfxnTab__C                               
0081bc68  xdc_runtime_System_Module__gateObj__C                        
0081bc6c  xdc_runtime_System_abortFxn__C                               
0081bc70  xdc_runtime_System_exitFxn__C                                
0081bc74  xdc_runtime_System_extendFxn__C                              
0081bc78  xdc_runtime_System_maxAtexitHandlers__C                      
0081bc7c  xdc_runtime_Text_charTab__C                                  
0081bc80  xdc_runtime_Text_nameEmpty__C                                
0081bc84  xdc_runtime_Text_nameStatic__C                               
0081bc88  xdc_runtime_Text_nameUnknown__C                              
0081bc8c  xdc_runtime_Text_nodeTab__C                                  
0081bc90  xdc_runtime_Text_visitRopeFxn__C                             
0081bc94  ti_sysbios_family_c64p_Exception_Module__id__C               
0081bc96  ti_sysbios_family_c64p_Exception_useInternalBuffer__C        
0081bc98  ti_sysbios_gates_GateMutex_Module__id__C                     
0081bc9a  ti_sysbios_hal_Hwi_Module__id__C                             
0081bc9c  ti_sysbios_heaps_HeapMem_Module__id__C                       
0081bc9e  ti_sysbios_knl_Semaphore_Module__id__C                       
0081bca0  ti_sysbios_knl_Task_Module__id__C                            
0081bca2  ti_sysbios_timers_rti_Timer_Module__id__C                    
0081bca4  ti_sysbios_timers_rti_Timer_continueOnSuspend__C             
0081bca6  ti_sysbios_utils_Load_Module__id__C                          
0081bca8  ti_sysbios_utils_Load_autoAddTasks__C                        
0081bcaa  ti_sysbios_utils_Load_updateInIdle__C                        
0081bcac  xdc_runtime_Core_Module__id__C                               
0081bcae  xdc_runtime_Error_maxDepth__C                                
0081bcb0  xdc_runtime_LoggerBuf_Module__id__C                          
0081bcb2  xdc_runtime_LoggerBuf_filterByLevel__C                       
0081bcb4  xdc_runtime_Main_Module__id__C                               
0081bcb6  xdc_runtime_Memory_Module__id__C                             
0081bcb8  xdc_runtime_Text_charCnt__C                                  
0081bcba  xdc_runtime_Text_isLoaded__C                                 
0081bcbc  xdc_runtime_Text_registryModsLastId__C                       
0081bcbe  xdc_runtime_Text_unnamedModsLastId__C                        
0081bcc0  xdc_runtime_LoggerBuf_Instance_State_0_entryArr__A           
0081dcb8  ti_sysbios_knl_Task_Instance_State_0_stack__A                
0081dfd8  __TI_tmpnams                                                 
0081e118  gMmwDssMCB                                                   
0081e1f0  resultBuffer                                                 
0081e208  edmaDbg                                                      
0081e218  parmbuf                                                      
0081e220  ti_sysbios_knl_Task_Instance_State_0_hookEnv__A              
0081e224  __TI_STATIC_BASE                                             
0081e224  gObjDetObj                                                   
0081e228  ti_sysbios_family_c64p_EventCombiner_Module__state__V        
0081e628  _ftable                                                      
0081e808  _stream                                                      
0081e8a8  ti_sysbios_utils_Load_Module__state__V                       
0081e9c8  ti_sysbios_knl_Swi_Module_State_0_readyQ__A                  
0081ea48  ti_sysbios_knl_Task_Module_State_0_readyQ__A                 
0081eac8  _device                                                      
0081eb40  ti_sysbios_family_c64p_Hwi_Object__table__V                  
0081ebb8  ti_sysbios_family_c64p_Hwi_Module__state__V                  
0081ec24  _lock                                                        
0081ec28  ti_sysbios_knl_Task_Object__table__V                         
0081ec84  gMailboxMCB                                                  
0081ecd4  ti_sysbios_knl_Task_Module__state__V                         
0081ed1c  _unlock                                                      
0081ede0  SOC_TranslateAddr_LUT                                        
0081ee60  ti_sysbios_gates_GateMutex_Object__table__V                  
0081eea0  ti_sysbios_timers_rti_Timer_Object__table__V                 
0081eedc  __TI_ft_end                                                  
0081ef18  gHWAHwCfg                                                    
0081ef48  ti_sysbios_family_c64p_Exception_Module__state__V            
0081ef78  ti_sysbios_knl_Swi_Object__table__V                          
0081efa8  ti_sysbios_knl_Clock_Module__state__V                        
0081efd4  gDPC_ObjectDetectionCfg                                      
0081eff8  ti_sysbios_BIOS_Module__state__V                             
0081f01c  __errno                                                      
0081f01c  errno                                                        
0081f020  xdc_runtime_LoggerBuf_Object__table__V                       
0081f044  ti_sysbios_family_c64p_Cache_Module__state__V                
0081f088  gSOCHwAttrib                                                 
0081f0a8  xdc_runtime_Error_IgnoreBlock                                
0081f0c8  xdc_runtime_System_Module_State_0_atexitHandlers__A          
0081f0e8  ti_sysbios_knl_Swi_Module__state__V                          
0081f104  ti_sysbios_heaps_HeapBuf_Module__state__V                    
0081f108  ti_sysbios_utils_Load_Module_State_0_taskEnv__A              
0081f124  gMailboxDssBssHwCfg                                          
0081f13c  gMailboxDssMssHwCfg                                          
0081f154  xdc_runtime_Memory_Module__state__V                          
0081f158  ti_sysbios_heaps_HeapMem_Object__table__V                    
0081f170  ti_sysbios_timers_rti_Timer_Module_State_0_device__A         
0081f188  gDPMRemoteTable                                              
0081f19c  xdc_runtime_Error_Module__state__V                           
0081f1a0  gHwaEDMAChanMapping                                          
0081f1b0  ti_sysbios_timers_rti_Timer_Module_State_0_intFreqs__A       
0081f1c0  ti_sysbios_timers_rti_Timer_Module__state__V                 
0081f1d0  __TI_cleanup_ptr                                             
0081f1d4  __TI_dtors_ptr                                               
0081f1d8  __TI_enable_exit_profile_output                              
0081f1dc  ti_sysbios_knl_Task_Module__root__V                          
0081f1e8  gDPMHwAttrib                                                 
0081f1f0  ti_sysbios_gates_GateHwi_Module__root__V                     
0081f1f8  ti_sysbios_gates_GateMutex_Module__root__V                   
0081f200  ti_sysbios_hal_Hwi_Object__table__V                          
0081f208  ti_sysbios_heaps_HeapMem_Module__root__V                     
0081f210  ti_sysbios_knl_Queue_Module__root__V                         
0081f218  ti_sysbios_knl_Semaphore_Module__root__V                     
0081f220  ti_sysbios_timers_rti_Timer_Module_State_0_handles__A        
0081f228  xdc_runtime_LoggerBuf_Module__root__V                        
0081f230  xdc_runtime_Registry_Module__state__V                        
0081f238  xdc_runtime_Startup_Module__state__V                         
0081f240  xdc_runtime_System_Module__state__V                          
0081f248  xdc_runtime_LoggerBuf_Module__state__V                       
0081f250  gHWADriverPtr                                                
0081f258  ti_sysbios_gates_GateHwi_Object__table__V                    
0081f260  ti_sysbios_knl_Task_Module_State_0_idleTask__A               
0081f268  ti_sysbios_utils_Load_Module_State_0_runningTask__A          
0081f270  ti_sysbios_utils_Load_Module_State_0_taskStartTime__A        
0081f278  _stack                                                       
0081fa78  __CIOBUF_                                                    
0081fa78  __TI_STACK_END                                               
0081fc54  gAntennaSpacing                                              
0081fc5c  gDPM                                                         
0081fc60  regionId                                                     
20000000  gMmwL3                                                       
21080000  gHSRAM                                                       
ffffffff  __TI_pprof_out_hndl                                          
ffffffff  __TI_prof_data_size                                          
ffffffff  __TI_prof_data_start                                         
ffffffff  __binit__                                                    
ffffffff  __c_args__                                                   
ffffffff  binit                                                        
UNDEFED   __TI_CINIT_Base                                              
UNDEFED   __TI_CINIT_Limit                                             
UNDEFED   __TI_Handler_Table_Base                                      
UNDEFED   __TI_Handler_Table_Limit                                     
UNDEFED   __TI_INITARRAY_Base                                          
UNDEFED   __TI_INITARRAY_Limit                                         
UNDEFED   __TI_TLS_INIT_Base                                           
UNDEFED   __TI_TLS_INIT_Limit                                          

[841 symbols]
