******************************************************************************
               TMS320C6x Linker PC v8.3.3                      
******************************************************************************
>> Linked Wed Oct 11 15:23:44 2023

OUTPUT FILE NAME:   <out_of_box_1843_dss_isk.xe674>
ENTRY POINT SYMBOL: "_c_int00"  address: 007fea20


MEMORY CONFIGURATION

         name            origin    length      used     unused   attr    fill
----------------------  --------  ---------  --------  --------  ----  --------
PAGE 0:
  L2SRAM_UMAP1          007e0000   00020000  00020000  00000000  RWIX
  L2SRAM_UMAP0          00800000   00020000  0001ee84  0000117c  RWIX
  L1PSRAM               00e00000   00004000  00000000  00004000  RWIX
  L1DSRAM               00f00000   00004000  00000000  00004000  RWIX
  L3SRAM                20000000   000c0000  000c0000  00000000  RWIX
  HWA_RAM               21030000   00010000  00000000  00010000  RWIX
  HSRAM                 21080000   00008000  00008000  00000000  RWIX

PAGE 1:
  L3SRAM                20000000   000c0000  00000000  000c0000  RWIX


SEGMENT ALLOCATION MAP

run origin  load origin   length   init length attrs members
----------  ----------- ---------- ----------- ----- -------
007e0000    007e0000    00024000   00024000    r-x
  007e0000    007e0000    00000200   00000200    r-x .vecs
  007e0200    007e0200    0001fe00   0001fe00    r-x .text.1
  00800000    00800000    00003f40   00003f40    r-x .text.2
  00803f40    00803f40    000000c0   000000c0    r-- .const.1
00804000    00804000    00014400   00000000    rw-
  00804000    00804000    0000c400   00000000    rw- .dpc_l2Heap
  00810400    00810400    00008000   00000000    rw- systemHeap
00818400    00818400    00002c04   00002c04    r--
  00818400    00818400    00002c04   00002c04    r-- .const.2
0081b004    0081b004    00000004   00000000    rw-
  0081b004    0081b004    00000004   00000000    rw- .bss
0081b008    0081b008    00002564   00000000    rw-
  0081b008    0081b008    00002564   00000000    rw- .far
0081d570    0081d570    00001850   00000f2c    rw-
  0081d570    0081d570    00000f2c   00000f2c    rw- .fardata
  0081e4a0    0081e4a0    00000800   00000000    rw- .stack
  0081eca0    0081eca0    00000120   00000000    rw- .cio
0081edc0    0081edc0    000000bc   000000bc    r--
  0081edc0    0081edc0    000000bc   000000bc    r-- .switch
0081ee7c    0081ee7c    00000010   00000010    rw-
  0081ee7c    0081ee7c    00000010   00000010    rw- .neardata
20000000    20000000    000c0000   00000000    rw-
  20000000    20000000    000c0000   00000000    rw- .l3ram
21080000    21080000    00008000   00000000    rw-
  21080000    21080000    00008000   00000000    rw- .demoSharedMem


SECTION ALLOCATION MAP

 output                                  attributes/
section   page    origin      length       input sections
--------  ----  ----------  ----------   ----------------
.vecs      0    007e0000    00000200     
                  007e0000    00000200     mmw_dss_pe674.oe674 (.vecs)

.text.1    0    007e0200    0001fe00     
                  007e0200    00000ba0     sysbios.ae674 : BIOS.obj (.text:xdc_runtime_System_doPrint__I)
                  007e0da0    00000b40     libdopplerproc_hwa_xwr18xx.ae674 : dopplerprochwa.oe674 (.text:DPU_DopplerProcHWA_config)
                  007e18e0    00000aa0     libhwa_xwr18xx.ae674 : hwa.oe674 (.text:HWA_configParamSet)
                  007e2380    000009e0     librangeproc_hwa_xwr18xx.ae674 : rangeprochwa.oe674 (.text:DPU_RangeProcHWA_process)
                  007e2d60    00000860     objectdetection.oe674 (.text:DPC_ObjectDetection_ioctl)
                  007e35c0    00000800     librangeproc_hwa_xwr18xx.ae674 : rangeprochwa.oe674 (.text:DPU_RangeProcHWA_config)
                  007e3dc0    00000780     sysbios.ae674 : BIOS.obj (.text:ti_sysbios_family_c64p_Exception_handler__I)
                  007e4540    00000740     objectdetection.oe674 (.text:DPC_ObjDet_rangeBiasRxChPhaseMeasure)
                  007e4c80    00000720     libaoaproc_hwa_xwr18xx.ae674 : aoaprochwa.oe674 (.text:AoAProcHWA_config_EDMA)
                  007e53a0    00000700                                  : aoaprochwa.oe674 (.text:HWAutil_configHWA_extendedVelocityScheme)
                  007e5aa0    000006a0     sysbios.ae674 : BIOS.obj (.text:ti_sysbios_knl_Semaphore_pend__E)
                  007e6140    00000680                   : BIOS.obj (.text:ti_sysbios_heaps_HeapMem_allocUnprotected__E)
                  007e67c0    00000660                   : BIOS.obj (.text:ti_sysbios_heaps_HeapMem_freeUnprotected__E)
                  007e6e20    00000600     libaoaproc_hwa_xwr18xx.ae674 : aoaprochwa.oe674 (.text:DPU_AoAProcHWA_process)
                  007e7420    000005e0     rts6740_elf.lib : divd.c.obj (.text:__c6xabi_divd)
                  007e7a00    000005a0     sysbios.ae674 : BIOS.obj (.text:ti_sysbios_knl_Task_Instance_finalize__E)
                  007e7fa0    00000520     objectdetection.oe674 (.text:DPC_ObjDet_AoAconfig)
                  007e84c0    000004c0     librangeproc_hwa_xwr18xx.ae674 : rangeprochwa.oe674 (.text:rangeProcHWA_ConfigEDMA_DataOut_nonInterleave)
                  007e8980    00000480     dss_main.oe674 (.text:MmwDemo_DPC_ObjectDetection_dpmTask)
                  007e8e00    00000460     libhwa_xwr18xx.ae674 : hwa.oe674 (.text:HWA_configCommon)
                  007e9260    00000440     sysbios.ae674 : BIOS.obj (.text:ti_sysbios_knl_Task_Instance_init__E)
                  007e96a0    00000420     libmailbox_xwr18xx.ae674 : mailbox.oe674 (.text:Mailbox_open)
                  007e9ac0    00000400     objectdetection.oe674 (.text:DPC_ObjDet_preStartConfig)
                  007e9ec0    000003e0     libaoaproc_hwa_xwr18xx.ae674 : aoaprochwa.oe674 (.text:DPU_AoAProcHWA_config)
                  007ea2a0    000003e0     sysbios.ae674 : BIOS.obj (.text:ti_sysbios_knl_Task_sleep__E)
                  007ea680    000003e0                   : BIOS.obj (.text:ti_sysbios_utils_Load_updateThreadContexts__E)
                  007eaa60    000003c0     libaoaproc_hwa_xwr18xx.ae674 : aoaprochwa.oe674 (.text:AoAProcHWA_angleEstimationAzimElev)
                  007eae20    000003a0     libedma_xwr18xx.ae674 : edma.oe674 (.text:EDMA_paramConfig_assist)
                  007eb1c0    000003a0     librangeproc_hwa_xwr18xx.ae674 : rangeprochwa.oe674 (.text:rangeProcHWA_ConfigHWA)
                  007eb560    00000380     objectdetection.oe674 (.text:DPC_ObjectDetection_execute)
                  007eb8e0    00000360     objectdetection.oe674 (.text:DPC_ObjDet_rangeConfig)
                  007ebc40    00000360     libdpm_xwr18xx.ae674 : dpm_core.oe674 (.text:DPM_init)
                  007ebfa0    00000360                          : dpm_msg.oe674 (.text:DPM_msgRecv)
                  007ec300    00000340     libstaticclutterproc_xwr18xx.ae674 : staticclutterproc.oe674 (.text:DPU_StaticClutterProc_process)
                  007ec640    00000320     libedma_xwr18xx.ae674 : edma.oe674 (.text:EDMA_configChannel)
                  007ec960    00000320     rts6740_elf.lib : cos.c.obj (.text:cos)
                  007ecc80    00000300     libaoaproc_hwa_xwr18xx.ae674 : aoaprochwa.oe674 (.text:HWAutil_configHWA_azimuthHeatMap)
                  007ecf80    00000300     sysbios.ae674 : BIOS.obj (.text:xdc_runtime_LoggerBuf_write8__E)
                  007ed280    000002e0     libaoaproc_hwa_xwr18xx.ae674 : aoaprochwa.oe674 (.text:AoAProcHWA_XYZestimation)
                  007ed560    000002e0     rts6740_elf.lib : sin.c.obj (.text:sin)
                  007ed840    000002e0     sysbios.ae674 : BIOS.obj (.text:ti_sysbios_heaps_HeapMem_Instance_init__E)
                  007edb20    000002e0                   : BIOS.obj (.text:xdc_runtime_Core_createObject__I)
                  007ede00    000002c0     objectdetection.oe674 (.text:DPC_ObjDet_dopplerConfig)
                  007ee0c0    000002c0     libedma_xwr18xx.ae674 : edma.oe674 (.text:EDMA_configErrorMonitoring)
                  007ee380    000002c0                           : edma.oe674 (.text:EDMA_open)
                  007ee640    000002c0     sysbios.ae674 : BIOS.obj (.text:ti_sysbios_knl_Task_postInit__I)
                  007ee900    000002c0                   : BIOS.obj (.text:ti_sysbios_timers_rti_Timer_Module_startup__E)
                  007eebc0    000002a0     objectdetection.oe674 (.text:DPC_ObjectDetection_init)
                  007eee60    000002a0     libcfarcaproc_hwa_xwr18xx.ae674 : cfarcaprochwa.oe674 (.text:DPU_CFARCAProcHWA_process)
                  007ef100    000002a0     libhwa_xwr18xx.ae674 : hwa.oe674 (.text:HWA_open)
                  007ef3a0    000002a0     sysbios.ae674 : BIOS.obj (.text:ti_sysbios_family_c64p_EventCombiner_dispatch__E)
                  007ef640    000002a0                   : BIOS.obj (.text:ti_sysbios_timers_rti_Timer_getFreq__E)
                  007ef8e0    00000280     libaoaproc_hwa_xwr18xx.ae674 : aoaprochwa.oe674 (.text:AoAProcHWA_PrepareRangeAzimuthHeatmap)
                  007efb60    00000280     rts6740_elf.lib : divf.c.obj (.text:__c6xabi_divf)
                  007efde0    00000280     sysbios.ae674 : BIOS.obj (.text:ti_sysbios_family_c64p_Cache_Module_startup__E)
                  007f0060    00000280                   : BIOS.obj (.text:xdc_runtime_Startup_startMods__I)
                  007f02e0    00000260     libaoaproc_hwa_xwr18xx.ae674 : aoaprochwa.oe674 (.text:AoAProcHWA_config_azimuthHeatMap_EDMA)
                  007f0540    00000260     rts6740_elf.lib : imath64.c.obj (.text:__c6xabi_divull)
                  007f07a0    00000260     sysbios.ae674 : BIOS.obj (.text:ti_sysbios_gates_GateMutex_enter__E)
                  007f0a00    00000240     objectdetection.oe674 (.text:DPC_ObjDet_CFARCAconfig)
                  007f0c40    00000240     libedma_xwr18xx.ae674 : edma.oe674 (.text:EDMA_transferComplete_isr)
                  007f0e80    00000240     dss_main.oe674 (.text:MmwDemo_dssInitTask)
                  007f10c0    00000240     sysbios.ae674 : BIOS.obj (.text:ti_sysbios_family_c64p_Exception_internalHandler__I)
                  007f1300    00000240                   : BIOS.obj (.text:xdc_runtime_Error_policyDefault__E)
                  007f1540    00000240     mmw_dss_pe674.oe674 (.text:xdc_runtime_System_printfExtend__I)
                  007f1780    00000220     libcfarcaproc_hwa_xwr18xx.ae674 : cfarcaprochwa.oe674 (.text:DPU_CFARCAProcHWA_config)
                  007f19a0    00000220     libmailbox_xwr18xx.ae674 : mailbox.oe674 (.text:Mailbox_write)
                  007f1bc0    00000220     libaoaproc_hwa_xwr18xx.ae674 : aoaprochwa.oe674 (.text:aoaHwa_dopplerCompensation)
                  007f1de0    00000220     sysbios.ae674 : BIOS.obj (.text:ti_sysbios_family_c64p_EventCombiner_dispatchPlug__E)
                  007f2000    00000220                   : BIOS.obj (.text:ti_sysbios_family_c64p_EventCombiner_enableEvent__E)
                  007f2220    00000220                   : BIOS.obj (.text:xdc_runtime_LoggerBuf_write4__E)
                  007f2440    00000200     libdpm_xwr18xx.ae674 : dpm_msg.oe674 (.text:DPM_msgResultHandler)
                  007f2640    00000200     libaoaproc_hwa_xwr18xx.ae674 : aoaprochwa.oe674 (.text:DPU_AoAProcHWA_init)
                  007f2840    00000200     sysbios.ae674 : c64p_Hwi_disp_always.obj (.text:_ti_sysbios_family_c64p_Hwi_dispatchAlways)
                  007f2a40    00000200     rts6740_elf.lib : atan.c.obj (.text:atan)
                  007f2c40    00000200     libmathutils.ae674 : mathutils.oe674 (.text:mathUtils_genWindow)
                  007f2e40    00000200     sysbios.ae674 : BIOS.obj (.text:ti_sysbios_family_c64p_EventCombiner_disableEvent__E)
                  007f3040    00000200                   : BIOS.obj (.text:ti_sysbios_utils_Load_idleFxn__E)
                  007f3240    00000200                   : BIOS.obj (.text:xdc_runtime_Core_constructObject__I)
                  007f3440    000001e0     libedma_xwr18xx.ae674 : edma.oe674 (.text:EDMA_init)
                  007f3620    000001e0     sysbios.ae674 : BIOS.obj (.text:ti_sysbios_knl_Semaphore_post__E)
                  007f3800    000001c0     libdpedma_hwa_xwr18xx.ae674 : dpedma.oe674 (.text:DPEDMA_configSyncAB)
                  007f39c0    000001c0                                 : dpedma.oe674 (.text:DPEDMA_configSyncA_singleFrame)
                  007f3b80    000001c0     librangeproc_hwa_xwr18xx.ae674 : rangeprochwa.oe674 (.text:DPU_RangeProcHWA_control)
                  007f3d40    000001c0     libstaticclutterproc_xwr18xx.ae674 : staticclutterproc.oe674 (.text:DPU_StaticClutterProc_configEdma)
                  007f3f00    000001c0     libcfarcaproc_hwa_xwr18xx.ae674 : cfarcaprochwa.oe674 (.text:HWAutil_configCFAR)
                  007f40c0    000001c0     libmailbox_xwr18xx.ae674 : mailbox.oe674 (.text:Mailbox_read)
                  007f4280    000001c0     libsoc_xwr18xx.ae674 : soc.oe674 (.text:SOC_deregisterSysIntListener)
                  007f4440    000001c0     rts6740_elf.lib : atan2.c.obj (.text:atan2)
                  007f4600    000001c0                     : fputc.c.obj (.text:fputc)
                  007f47c0    000001c0                     : frexp.c.obj (.text:frexp)
                  007f4980    000001c0     librangeproc_hwa_xwr18xx.ae674 : rangeprochwa.oe674 (.text:rangeProcHWA_ConfigEDMADummyThreeLinks)
                  007f4b40    000001c0     rts6740_elf.lib : setvbuf.c.obj (.text:setvbuf)
                  007f4d00    000001c0     sysbios.ae674 : BIOS.obj (.text:ti_sysbios_knl_Swi_restoreHwi__E)
                  007f4ec0    000001c0                   : BIOS.obj (.text:ti_sysbios_knl_Task_checkStacks__E)
                  007f5080    000001c0                   : BIOS.obj (.text:xdc_runtime_Text_putSite__E)
                  007f5240    000001a0     libcfarcaproc_hwa_xwr18xx.ae674 : cfarcaprochwa.oe674 (.text:CFARHWA_cfarRange_AND_cfarDoppler)
                  007f53e0    000001a0                                     : cfarcaprochwa.oe674 (.text:DPU_CFARCAProcHWA_control)
                  007f5580    000001a0     libdopplerproc_hwa_xwr18xx.ae674 : dopplerprochwa.oe674 (.text:DPU_DopplerProcHWA_init)
                  007f5720    000001a0                                      : dopplerprochwa.oe674 (.text:DPU_DopplerProcHWA_process)
                  007f58c0    000001a0     librangeproc_hwa_xwr18xx.ae674 : rangeprochwa.oe674 (.text:DPU_RangeProcHWA_init)
                  007f5a60    000001a0     rts6740_elf.lib : hostrename.c.obj (.text:HOSTrename)
                  007f5c00    000001a0     sysbios.ae674 : BIOS.obj (.text:ti_sysbios_family_c64p_Cache_getL2InitSize__I)
                  007f5da0    000001a0                   : BIOS.obj (.text:ti_sysbios_heaps_HeapBuf_Module_startup__E)
                  007f5f40    000001a0                   : BIOS.obj (.text:ti_sysbios_knl_Swi_runLoop__I)
                  007f60e0    000001a0                   : BIOS.obj (.text:ti_sysbios_knl_Task_exit__E)
                  007f6280    000001a0                   : BIOS.obj (.text:ti_sysbios_timers_rti_Timer_startup__E)
                  007f6420    00000180     objectdetection.oe674 (.text:DPC_ObjDet_Transform_Coordinates)
                  007f65a0    00000180     libdpm_xwr18xx.ae674 : dpm_core.oe674 (.text:DPM_deinit)
                  007f6720    00000180                          : dpm_core.oe674 (.text:DPM_ioctl)
                  007f68a0    00000180     libaoaproc_hwa_xwr18xx.ae674 : aoaprochwa.oe674 (.text:DPU_AoAProcHWA_control)
                  007f6a20    00000180     libhwa_xwr18xx.ae674 : hwa.oe674 (.text:HWA_enableParamSetInterrupt)
                  007f6ba0    00000180     dss_main.oe674 (.text:MmwDemo_sensorStopEpilog)
                  007f6d20    00000180     sysbios.ae674 : c64p_Exception_asm.obj (.text)
                  007f6ea0    00000180                   : BIOS.obj (.text:ti_sysbios_knl_Task_schedule__I)
                  007f7020    00000180                   : BIOS.obj (.text:ti_sysbios_utils_Load_startup__E)
                  007f71a0    00000160     objectdetection.oe674 (.text:DPC_ObjDet_staticClutterConfig)
                  007f7300    00000160     libdpm_xwr18xx.ae674 : dpm_msg.oe674 (.text:DPM_msgResponseHandler)
                  007f7460    00000160     libedma_xwr18xx.ae674 : edma.oe674 (.text:EDMA_getErrorStatusInfo)
                  007f75c0    00000160     libhwa_xwr18xx.ae674 : hwa.oe674 (.text:HWA_paramDoneISR)
                  007f7720    00000160     libmailbox_xwr18xx.ae674 : mailbox.oe674 (.text:Mailbox_close)
                  007f7880    00000160     libsoc_xwr18xx.ae674 : soc.oe674 (.text:SOC_registerSysIntListener)
                  007f79e0    00000160     rts6740_elf.lib : sqrt.c.obj (.text:sqrt)
                  007f7b40    00000160     sysbios.ae674 : BIOS.obj (.text:ti_sysbios_family_c64p_Cache_getL1DInitSize__I)
                  007f7ca0    00000160                   : BIOS.obj (.text:ti_sysbios_family_c64p_Cache_getL1PInitSize__I)
                  007f7e00    00000160                   : BIOS.obj (.text:ti_sysbios_family_c64p_Hwi_Module_startup__E)
                  007f7f60    00000160                   : BIOS.obj (.text:xdc_runtime_Core_deleteObject__I)
                  007f80c0    00000160                   : BIOS.obj (.text:xdc_runtime_LoggerBuf_getFilterLevel__E)
                  007f8220    00000160                   : BIOS.obj (.text:xdc_runtime_LoggerBuf_setFilterLevel__E)
                  007f8380    00000140     libaoaproc_hwa_xwr18xx.ae674 : aoaprochwa.oe674 (.text:AoAProcHWA_ConvertFov)
                  007f84c0    00000140     libdpedma_hwa_xwr18xx.ae674 : dpedmahwa.oe674 (.text:DPEDMAHWA_configTwoHotSignature)
                  007f8600    00000140     libedma_xwr18xx.ae674 : edma_low_level.oe674 (.text:EDMA3Init)
                  007f8740    00000140                           : edma.oe674 (.text:EDMA_clearErrors)
                  007f8880    00000140                           : edma.oe674 (.text:EDMA_startTransfer)
                  007f89c0    00000140     libhwa_xwr18xx.ae674 : hwa.oe674 (.text:HWA_configRam)
                  007f8b00    00000140     libsoc_xwr18xx.ae674 : soc.oe674 (.text:SOC_init)
                  007f8c40    00000140     librangeproc_hwa_xwr18xx.ae674 : rangeprochwa.oe674 (.text:rangeProcHWA_ConfigEDMA_DataIn)
                  007f8d80    00000140     sysbios.ae674 : BIOS.obj (.text:ti_sysbios_knl_Semaphore_Instance_init__E)
                  007f8ec0    00000140                   : BIOS.obj (.text:ti_sysbios_knl_Task_Module_startup__E)
                  007f9000    00000140                   : BIOS.obj (.text:ti_sysbios_knl_Task_startCore__E)
                  007f9140    00000140                   : BIOS.obj (.text:ti_sysbios_timers_rti_Timer_initDevice__I)
                  007f9280    00000140                   : BIOS.obj (.text:ti_sysbios_utils_Load_addTask__E)
                  007f93c0    00000140                   : BIOS.obj (.text:ti_sysbios_utils_Load_updateLoads__E)
                  007f9500    00000140                   : BIOS.obj (.text:xdc_runtime_Memory_alloc__E)
                  007f9640    00000140                   : BIOS.obj (.text:xdc_runtime_Text_putLab__E)
                  007f9780    00000140                   : BIOS.obj (.text:xdc_runtime_Text_putMod__E)
                  007f98c0    00000140                   : BIOS.obj (.text:xdc_runtime_Text_visitRope2__I)
                  007f9a00    00000120     objectdetection.oe674 (.text:DPC_ObjDet_GetRxChPhaseComp)
                  007f9b20    00000120     objectdetection.oe674 (.text:DPC_ObjDet_reconfigSubFrame)
                  007f9c40    00000120     libdpedma_hwa_xwr18xx.ae674 : dpedmahwa.oe674 (.text:DPEDMAHWA_configOneHotSignature)
                  007f9d60    00000120     libdpm_xwr18xx.ae674 : dpm_msg.oe674 (.text:DPM_msgDPCCfgHandler)
                  007f9e80    00000120     libedma_xwr18xx.ae674 : edma.oe674 (.text:EDMA_configParamSet)
                  007f9fa0    00000120     boot.ae674 : autoinit.oe674 (.text:_auto_init_elf)
                  007fa0c0    00000120     rts6740_elf.lib : getdevice.c.obj (.text:getdevice)
                  007fa1e0    00000120     sysbios.ae674 : BIOS.obj (.text:ti_sysbios_knl_Clock_workFunc__E)
                  007fa300    00000120                   : BIOS.obj (.text:ti_sysbios_timers_rti_Timer_setPeriodMicroSecs__E)
                  007fa420    00000120                   : BIOS.obj (.text:ti_sysbios_utils_Load_taskCreateHook__E)
                  007fa540    00000120                   : BIOS.obj (.text:ti_sysbios_utils_Load_taskDeleteHook__E)
                  007fa660    00000100     libaoaproc_hwa_xwr18xx.ae674 : aoaprochwa.oe674 (.text:AoAProcHWA_cfgAndTrigger_EDMA_2DFFT)
                  007fa760    00000100     libcfarcaproc_hwa_xwr18xx.ae674 : cfarcaprochwa.oe674 (.text:DPU_CFARCAProcHWA_init)
                  007fa860    00000100     libstaticclutterproc_xwr18xx.ae674 : staticclutterproc.oe674 (.text:DPU_StaticClutterProc_config)
                  007fa960    00000100     libhwa_xwr18xx.ae674 : hwa.oe674 (.text:HWA_disableParamSetInterrupt)
                  007faa60    00000100     libmailbox_xwr18xx.ae674 : mailbox.oe674 (.text:Mailbox_readFlush)
                  007fab60    00000100     libsoc_xwr18xx.ae674 : soc_xwr18xx_dss.oe674 (.text:SOC_deviceInit)
                  007fac60    00000100                          : soc_xwr18xx.oe674 (.text:SOC_translateAddress)
                  007fad60    00000100     rts6740_elf.lib : fclose.c.obj (.text:__TI_closefile)
                  007fae60    00000100                     : fflush.c.obj (.text:fflush)
                  007faf60    00000100                     : fseek.c.obj (.text:fseek)
                  007fb060    00000100     dss_main.oe674 (.text:main)
                  007fb160    00000100     objectdetection.oe674 (.text:vectorMulti)
                  007fb260    00000100     sysbios.ae674 : BIOS.obj (.text:xdc_runtime_Error_print__E)
                  007fb360    00000100                   : BIOS.obj (.text:xdc_runtime_Startup_exec__E)
                  007fb460    000000e0     objectdetection.oe674 (.text:DPC_ObjectDetection_deinit)
                  007fb540    000000e0     libdpm_xwr18xx.ae674 : dpm_core.oe674 (.text:DPM_execute)
                  007fb620    000000e0                          : dpm_pipe.oe674 (.text:DPM_pipeSend)
                  007fb700    000000e0     libedma_xwr18xx.ae674 : edma.oe674 (.text:EDMA_error_isr)
                  007fb7e0    000000e0                           : edma.oe674 (.text:EDMA_isTransferComplete)
                  007fb8c0    000000e0     rts6740_elf.lib : hostlseek.c.obj (.text:HOSTlseek)
                  007fb9a0    000000e0                     : hostopen.c.obj (.text:HOSTopen)
                  007fba80    000000e0                     : hostwrite.c.obj (.text:HOSTwrite)
                  007fbb60    000000e0     libmailbox_xwr18xx.ae674 : mailbox.oe674 (.text:Mailbox_boxFullISRMssDss)
                  007fbc40    000000e0                              : mailbox.oe674 (.text:Mailbox_init)
                  007fbd20    000000e0     dss_main.oe674 (.text:MmwDemo_DPC_ObjectDetection_reportFxn)
                  007fbe00    000000e0     rts6740_elf.lib : _io_perm.c.obj (.text:__TI_wrt_ok)
                  007fbee0    000000e0                     : divi.asm.obj (.text:__divi)
                  007fbfc0    000000e0                     : close.c.obj (.text:close)
                  007fc0a0    000000e0                     : exit.c.obj (.text:exit)
                  007fc180    000000e0                     : memset.c.obj (.text:memset)
                  007fc260    000000e0     sysbios.ae674 : BIOS.obj (.text:ti_sysbios_utils_Load_updateCurrentThreadTime__E)
                  007fc340    000000c0     libcfarcaproc_hwa_xwr18xx.ae674 : cfarcaprochwa.oe674 (.text:CFARCAHWA_config_EDMA)
                  007fc400    000000c0                                     : cfarcaprochwa.oe674 (.text:CFARHWA_prepareHwaRunTime)
                  007fc4c0    000000c0     objectdetection.oe674 (.text:DPC_ObjectDetection_frameStart)
                  007fc580    000000c0     libdpm_xwr18xx.ae674 : dpm_mailbox.oe674 (.text:DPM_mboxRemoteMailboxCallbackFxn)
                  007fc640    000000c0                          : dpm_core.oe674 (.text:DPM_sendResult)
                  007fc700    000000c0     libedma_xwr18xx.ae674 : edma.oe674 (.text:EDMA_startDmaTransfer)
                  007fc7c0    000000c0     rts6740_elf.lib : hostread.c.obj (.text:HOSTread)
                  007fc880    000000c0                     : hostunlink.c.obj (.text:HOSTunlink)
                  007fc940    000000c0     libhwa_xwr18xx.ae674 : hwa.oe674 (.text:HWA_getDMAChanIndex)
                  007fca00    000000c0                          : hwa.oe674 (.text:HWA_getDMAconfig)
                  007fcac0    000000c0                          : hwa.oe674 (.text:HWA_getDriverAccess)
                  007fcb80    000000c0                          : hwa.oe674 (.text:HWA_getHWAMemInfo)
                  007fcc40    000000c0     libmailbox_xwr18xx.ae674 : mailbox.oe674 (.text:Mailbox_boxFullISRProcessing)
                  007fcd00    000000c0     data_path.oe674 (.text:MmwDemo_edmaOpen)
                  007fcdc0    000000c0     objectdetection.oe674 (.text:_DPC_Objdet_Assert)
                  007fce80    000000c0     rts6740_elf.lib : fflush.c.obj (.text:__TI_doflush)
                  007fcf40    000000c0                     : divu.asm.obj (.text:__divu)
                  007fd000    000000c0                     : modf.c.obj (.text:modf)
                  007fd0c0    000000c0     librangeproc_hwa_xwr18xx.ae674 : rangeprochwa.oe674 (.text:rangeProcHWA_ConfigHWACommon)
                  007fd180    000000c0     sysbios.ae674 : BIOS.obj (.text:ti_sysbios_family_c64p_Hwi_dispatchCore__I)
                  007fd240    000000c0                   : BIOS.obj (.text:ti_sysbios_heaps_HeapMem_alloc__E)
                  007fd300    000000c0                   : BIOS.obj (.text:ti_sysbios_heaps_HeapMem_getStats__E)
                  007fd3c0    000000c0                   : BIOS.obj (.text:ti_sysbios_knl_Swi_schedule__I)
                  007fd480    000000c0                   : BIOS.obj (.text:ti_sysbios_knl_Task_allBlockedFunction__I)
                  007fd540    000000c0     mmw_dss_pe674.oe674 (.text:ti_sysbios_knl_Task_create)
                  007fd600    000000c0     sysbios.ae674 : BIOS.obj (.text:ti_sysbios_knl_Task_stat__E)
                  007fd6c0    000000c0                   : BIOS.obj (.text:ti_sysbios_utils_Load_taskSwitchHook__E)
                  007fd780    000000c0     rts6740_elf.lib : tls.c.obj (.text:tls:init:__TI_tls_init)
                  007fd840    000000c0     sysbios.ae674 : BIOS.obj (.text:xdc_runtime_Assert_raise__I)
                  007fd900    000000c0                   : BIOS.obj (.text:xdc_runtime_LoggerBuf_Instance_init__E)
                  007fd9c0    000000c0     mmw_dss_pe674.oe674 (.text:xdc_runtime_LoggerBuf_Object__create__S)
                  007fda80    000000a0     libcfarcaproc_hwa_xwr18xx.ae674 : cfarcaprochwa.oe674 (.text:CFARHWA_fovConvertDoppler)
                  007fdb20    000000a0                                     : cfarcaprochwa.oe674 (.text:CFARHWA_saveConfiguration)
                  007fdbc0    000000a0     objectdetection.oe674 (.text:DPC_ObjectDetection_start)
                  007fdc60    000000a0     libdpedma_hwa_xwr18xx.ae674 : dpedma.oe674 (.text:DPEDMA_setup_shadow_link)
                  007fdd00    000000a0     libdpm_xwr18xx.ae674 : dpm_mailbox.oe674 (.text:DPM_mboxInit)
                  007fdda0    000000a0                          : dpm_msg.oe674 (.text:DPM_msgStartHandler)
                  007fde40    000000a0                          : dpm_msg.oe674 (.text:DPM_msgStopHandler)
                  007fdee0    000000a0                          : dpm_core.oe674 (.text:DPM_notifyExecute)
                  007fdf80    000000a0                          : dpm_pipe.oe674 (.text:DPM_pipeRecv)
                  007fe020    000000a0     libedma_xwr18xx.ae674 : edma_low_level.oe674 (.text:EDMA3EnableChInShadowReg)
                  007fe0c0    000000a0                           : edma.oe674 (.text:EDMA_disableChannel)
                  007fe160    000000a0                           : edma.oe674 (.text:EDMA_enableChannel)
                  007fe200    000000a0                           : edma.oe674 (.text:EDMA_transferController_error_isr)
                  007fe2a0    000000a0     rts6740_elf.lib : hostclose.c.obj (.text:HOSTclose)
                  007fe340    000000a0     libhwa_xwr18xx.ae674 : hwa.oe674 (.text:HWA_deleteInstance)
                  007fe3e0    000000a0                          : hwa.oe674 (.text:HWA_disableDoneInterrupt)
                  007fe480    000000a0                          : hwa.oe674 (.text:HWA_enable)
                  007fe520    000000a0                          : hwa.oe674 (.text:HWA_enableDoneInterrupt)
                  007fe5c0    000000a0                          : hwa.oe674 (.text:HWA_readCFARPeakCountReg)
                  007fe660    000000a0     libmailbox_xwr18xx.ae674 : mailbox.oe674 (.text:Mailbox_boxEmptyISRProcessing)
                  007fe700    000000a0     libsoc_xwr18xx.ae674 : soc.oe674 (.text:SOC_SystemISR)
                  007fe7a0    000000a0     rts6740_elf.lib : fopen.c.obj (.text:__TI_cleanup)
                  007fe840    000000a0                     : fixfu.c.obj (.text:__c6xabi_fixfu)
                  007fe8e0    000000a0                     : round.c.obj (.text:__c6xabi_nround)
                  007fe980    000000a0                     : remu.asm.obj (.text:__remu)
                  007fea20    000000a0     boot.ae674 : boot.oe674 (.text:_c_int00)
                  007feac0    000000a0     rts6740_elf.lib : getdevice.c.obj (.text:finddevice)
                  007feb60    000000a0                     : memcpy64.asm.obj (.text:memcpy)
                  007fec00    000000a0     libmmwavealg_xwr18xx.ae674 : mmwavelib_vecsum.oe674 (.text:mmwavelib_vecsum)
                  007feca0    000000a0     mathlib.ae674 : sqrtsp.oe674 (.text:optasm)
                  007fed40    000000a0     sysbios.ae674 : BIOS.obj (.text:ti_sysbios_family_c64p_Exception_Module_startup__E)
                  007fede0    000000a0                   : BIOS.obj (.text:ti_sysbios_family_c64p_Hwi_dispatchC__I)
                  007fee80    000000a0                   : BIOS.obj (.text:ti_sysbios_family_c64p_Hwi_getStackInfo__E)
                  007fef20    000000a0                   : BIOS.obj (.text:ti_sysbios_hal_Hwi_checkStack)
                  007fefc0    000000a0                   : BIOS.obj (.text:ti_sysbios_knl_Semaphore_pendTimeout__I)
                  007ff060    000000a0                   : BIOS.obj (.text:xdc_runtime_Core_assignLabel__I)
                  007ff100    000000a0                   : BIOS.obj (.text:xdc_runtime_Core_assignParams__I)
                  007ff1a0    000000a0                   : BIOS.obj (.text:xdc_runtime_LoggerBuf_Module_startup__E)
                  007ff240    000000a0                   : BIOS.obj (.text:xdc_runtime_System_atexit__E)
                  007ff2e0    000000a0                   : BIOS.obj (.text:xdc_runtime_System_exit__E)
                  007ff380    000000a0                   : BIOS.obj (.text:xdc_runtime_Text_printVisFxn__I)
                  007ff420    000000a0                   : BIOS.obj (.text:xdc_runtime_Text_xprintf__I)
                  007ff4c0    00000080     libaoaproc_hwa_xwr18xx.ae674 : aoaprochwa.oe674 (.text:AoAProc_HWAutil_configCommon)
                  007ff540    00000080     libcfarcaproc_hwa_xwr18xx.ae674 : cfarcaprochwa.oe674 (.text:CFARHWA_convHwaCfarDetListToDetMask)
                  007ff5c0    00000080                                     : cfarcaprochwa.oe674 (.text:CFARHWA_fovConvertRange)
                  007ff640    00000080     objectdetection.oe674 (.text:DPC_ObjDet_GetAntGeometryDef)
                  007ff6c0    00000080     objectdetection.oe674 (.text:DPC_ObjectDetection_stop)
                  007ff740    00000080     libdpm_xwr18xx.ae674 : dpm_mailbox.oe674 (.text:DPM_mboxSendResult)
                  007ff7c0    00000080                          : dpm_pipe.oe674 (.text:DPM_pipeDeinit)
                  007ff840    00000080                          : dpm_pipe.oe674 (.text:DPM_pipeInit)
                  007ff8c0    00000080                          : dpm_core.oe674 (.text:DPM_synch)
                  007ff940    00000080     librangeproc_hwa_xwr18xx.ae674 : rangeprochwa.oe674 (.text:DPU_RangeProcHWA_deinit)
                  007ff9c0    00000080     libstaticclutterproc_xwr18xx.ae674 : staticclutterproc.oe674 (.text:DPU_StaticClutterProc_init)
                  007ffa40    00000080                                        : staticclutterproc.oe674 (.text:DPU_StaticClutterProc_waitInData)
                  007ffac0    00000080                                        : staticclutterproc.oe674 (.text:DPU_StaticClutterProc_waitOutData)
                  007ffb40    00000080     libedma_xwr18xx.ae674 : edma_low_level.oe674 (.text:EDMA3MapChToEvtQ)
                  007ffbc0    00000080                           : edma.oe674 (.text:EDMA_getTransferControllerErrorStatusInfo)
                  007ffc40    00000080                           : edma.oe674 (.text:EDMA_linkParamSets)
                  007ffcc0    00000080     libhwa_xwr18xx.ae674 : hwa.oe674 (.text:HWA_reset)
                  007ffd40    00000080                          : hwa.oe674 (.text:HWA_setDMA2ACCManualTrig)
                  007ffdc0    00000080     data_path.oe674 (.text:MmwDemo_dataPathInit)
                  007ffe40    00000080     libosal_xwr18xx.ae674 : SemaphoreP_tirtos.oe674 (.text:SemaphoreP_create)
                  007ffec0    00000080     rts6740_elf.lib : trgmsg.c.obj (.text:__TI_readmsg)
                  007fff40    00000080                     : fixdu.c.obj (.text:__c6xabi_fixdu)
                  007fffc0    00000040     libhwa_xwr18xx.ae674 : hwa.oe674 (.text:CSL_FEXTR)

.text.2    0    00800000    00003f40     
                  00800000    00000080     rts6740_elf.lib : llshift.c.obj (.text:__c6xabi_llshl)
                  00800080    00000080     sysbios.ae674 : c62_TaskSupport_asm.obj (.text:_ti_sysbios_family_c62_TaskSupport_swap__E)
                  00800100    00000080     librangeproc_hwa_xwr18xx.ae674 : rangeprochwa.oe674 (.text:rangeProcHWA_ConfigEDMATranspose)
                  00800180    00000080     mmw_dss_pe674.oe674 (.text:ti_sysbios_BIOS_atExitFunc__I)
                  00800200    00000080     mmw_dss_pe674.oe674 (.text:ti_sysbios_BIOS_registerRTSLock__I)
                  00800280    00000080     mmw_dss_pe674.oe674 (.text:ti_sysbios_gates_GateHwi_Object__create__S)
                  00800300    00000080     mmw_dss_pe674.oe674 (.text:ti_sysbios_gates_GateMutex_Object__create__S)
                  00800380    00000080     mmw_dss_pe674.oe674 (.text:ti_sysbios_heaps_HeapMem_Object__create__S)
                  00800400    00000080     sysbios.ae674 : BIOS.obj (.text:ti_sysbios_heaps_HeapMem_init__I)
                  00800480    00000080     mmw_dss_pe674.oe674 (.text:ti_sysbios_knl_Clock_doTick__I)
                  00800500    00000080     sysbios.ae674 : BIOS.obj (.text:ti_sysbios_knl_Idle_run__E)
                  00800580    00000080     mmw_dss_pe674.oe674 (.text:ti_sysbios_knl_Semaphore_create)
                  00800600    00000080     sysbios.ae674 : BIOS.obj (.text:ti_sysbios_knl_Swi_post__E)
                  00800680    00000080                   : BIOS.obj (.text:ti_sysbios_knl_Swi_startup__E)
                  00800700    00000080                   : BIOS.obj (.text:ti_sysbios_knl_Task_processVitalTaskFlag__I)
                  00800780    00000080                   : BIOS.obj (.text:ti_sysbios_knl_Task_restore__E)
                  00800800    00000080                   : BIOS.obj (.text:ti_sysbios_knl_Task_sleepTimeout__I)
                  00800880    00000080     mmw_dss_pe674.oe674 (.text:ti_sysbios_rts_MemAlloc_alloc)
                  00800900    00000080     sysbios.ae674 : BIOS.obj (.text:ti_sysbios_timers_rti_Timer_setPeriod__E)
                  00800980    00000080                   : BIOS.obj (.text:ti_sysbios_timers_rti_Timer_stop__E)
                  00800a00    00000080     rts6740_elf.lib : unlink.c.obj (.text:unlink)
                  00800a80    00000080     sysbios.ae674 : BIOS.obj (.text:xdc_runtime_System_avprintf__E)
                  00800b00    00000080                   : BIOS.obj (.text:xdc_runtime_System_vprintf__E)
                  00800b80    00000060     libaoaproc_hwa_xwr18xx.ae674 : aoaprochwa.oe674 (.text:AOAHWA_waitEdma)
                  00800be0    00000060     libcfarcaproc_hwa_xwr18xx.ae674 : cfarcaprochwa.oe674 (.text:CFARHWA_triggerCFAR)
                  00800c40    00000060     objectdetection.oe674 (.text:DPC_ObjDet_GenDopplerWindow)
                  00800ca0    00000060     objectdetection.oe674 (.text:DPC_ObjDet_MemPoolAlloc)
                  00800d00    00000060     libdpm_xwr18xx.ae674 : dpm_listlib.oe674 (.text:DPM_listCat)
                  00800d60    00000060                          : dpm_mailbox.oe674 (.text:DPM_mboxDeinit)
                  00800dc0    00000060                          : dpm_msg.oe674 (.text:DPM_msgInitHeader)
                  00800e20    00000060     libaoaproc_hwa_xwr18xx.ae674 : aoaprochwa.oe674 (.text:DPU_AoAProcHWA_deinit)
                  00800e80    00000060     libcfarcaproc_hwa_xwr18xx.ae674 : cfarcaprochwa.oe674 (.text:DPU_CFARCAProcHWA_deinit)
                  00800ee0    00000060     libdopplerproc_hwa_xwr18xx.ae674 : dopplerprochwa.oe674 (.text:DPU_DopplerProcHWA_deinit)
                  00800f40    00000060     libstaticclutterproc_xwr18xx.ae674 : staticclutterproc.oe674 (.text:DPU_StaticClutterProc_deinit)
                  00800fa0    00000060     libedma_xwr18xx.ae674 : edma_low_level.oe674 (.text:EDMA3ClrEvt)
                  00801000    00000060                           : edma_low_level.oe674 (.text:EDMA3ClrIntr)
                  00801060    00000060                           : edma_low_level.oe674 (.text:EDMA3ClrMissEvt)
                  008010c0    00000060                           : edma_low_level.oe674 (.text:EDMA3DisableDmaEvt)
                  00801120    00000060                           : edma_low_level.oe674 (.text:EDMA3DisableEvtIntr)
                  00801180    00000060                           : edma_low_level.oe674 (.text:EDMA3EnableDmaEvt)
                  008011e0    00000060                           : edma_low_level.oe674 (.text:EDMA3EnableEvtIntr)
                  00801240    00000060                           : edma_low_level.oe674 (.text:EDMA3SetEvt)
                  008012a0    00000060                           : edma.oe674 (.text:EDMA_configTransferControllerError)
                  00801300    00000060                           : edma.oe674 (.text:EDMA_setDestinationAddress)
                  00801360    00000060                           : edma.oe674 (.text:EDMA_setSourceAddress)
                  008013c0    00000060                           : edma.oe674 (.text:EDMA_validate_channelIdchannelType)
                  00801420    00000060     libhwa_xwr18xx.ae674 : hwa.oe674 (.text:HWA_allParamDoneISR)
                  00801480    00000060     libmailbox_xwr18xx.ae674 : mailbox.oe674 (.text:Mailbox_Config_init)
                  008014e0    00000060     data_path.oe674 (.text:MmwDemo_dataPathOpen)
                  00801540    00000060     libsoc_xwr18xx.ae674 : soc_xwr18xx.oe674 (.text:SOC_enableHWA)
                  008015a0    00000060                          : soc_xwr18xx.oe674 (.text:SOC_setDSSLinkState)
                  00801600    00000060                          : soc.oe674 (.text:SOC_unhaltBSS)
                  00801660    00000060     rts6740_elf.lib : trgmsg.c.obj (.text:__TI_writemsg)
                  008016c0    00000060                     : llshift.c.obj (.text:__c6xabi_llshru)
                  00801720    00000060                     : imath64.c.obj (.text:_subcull)
                  00801780    00000060     sysbios.ae674 : c64p_Hwi_asm_switch.obj (.text:_ti_sysbios_family_c64p_Hwi_switchAndDispatch__I)
                  008017e0    00000060                   : c64p_Hwi_asm_switch.obj (.text:_ti_sysbios_family_xxx_Hwi_switchAndRunFunc)
                  00801840    00000060     rts6740_elf.lib : lseek.c.obj (.text:lseek)
                  008018a0    00000060     libmmwavealg_xwr18xx.ae674 : mmwavelib_vecsubc.oe674 (.text:mmwavelib_vecsubc)
                  00801900    00000060     mmw_dss_pe674.oe674 (.text:ti_sysbios_BIOS_errorRaiseHook__I)
                  00801960    00000060     mmw_dss_pe674.oe674 (.text:ti_sysbios_BIOS_removeRTSLock__I)
                  008019c0    00000060     mmw_dss_pe674.oe674 (.text:ti_sysbios_BIOS_startFunc__I)
                  00801a20    00000060     sysbios.ae674 : BIOS.obj (.text:ti_sysbios_family_c62_TaskSupport_stackUsed__E)
                  00801a80    00000060                   : BIOS.obj (.text:ti_sysbios_family_c62_TaskSupport_start__E)
                  00801ae0    00000060                   : BIOS.obj (.text:ti_sysbios_family_c64p_Cache_setMar__E)
                  00801b40    00000060                   : BIOS.obj (.text:ti_sysbios_family_c64p_EventCombiner_Module_startup__E)
                  00801ba0    00000060                   : BIOS.obj (.text:ti_sysbios_family_c64p_EventCombiner_unused__E)
                  00801c00    00000060     mmw_dss_pe674.oe674 (.text:ti_sysbios_gates_GateMutex_Object__delete__S)
                  00801c60    00000060     sysbios.ae674 : BIOS.obj (.text:ti_sysbios_hal_Hwi_initStack)
                  00801cc0    00000060                   : BIOS.obj (.text:ti_sysbios_heaps_HeapMem_free__E)
                  00801d20    00000060                   : BIOS.obj (.text:ti_sysbios_knl_Clock_Module_startup__E)
                  00801d80    00000060     mmw_dss_pe674.oe674 (.text:ti_sysbios_knl_Queue_construct)
                  00801de0    00000060     mmw_dss_pe674.oe674 (.text:ti_sysbios_knl_Semaphore_Object__delete__S)
                  00801e40    00000060     mmw_dss_pe674.oe674 (.text:ti_sysbios_knl_Semaphore_construct)
                  00801ea0    00000060     sysbios.ae674 : BIOS.obj (.text:ti_sysbios_knl_Swi_Module_startup__E)
                  00801f00    00000060                   : BIOS.obj (.text:ti_sysbios_knl_Task_enter__I)
                  00801f60    00000060     objectdetection.oe674 (.text:vectorAdd)
                  00801fc0    00000060     rts6740_elf.lib : write.c.obj (.text:write)
                  00802020    00000060     mmw_dss_pe674.oe674 (.text:xdc_runtime_LoggerBuf_Object__delete__S)
                  00802080    00000060     sysbios.ae674 : BIOS.obj (.text:xdc_runtime_SysStd_abort__E)
                  008020e0    00000040     libsoc_xwr18xx.ae674 : soc.oe674 (.text:CSL_FEXTR)
                  00802120    00000040                          : soc_xwr18xx.oe674 (.text:CSL_FEXTR)
                  00802160    00000040     libhwa_xwr18xx.ae674 : hwa.oe674 (.text:CSL_FINSR)
                  008021a0    00000040     libmailbox_xwr18xx.ae674 : mailbox.oe674 (.text:CSL_FINSR)
                  008021e0    00000040     libsoc_xwr18xx.ae674 : soc.oe674 (.text:CSL_FINSR)
                  00802220    00000040                          : soc_xwr18xx.oe674 (.text:CSL_FINSR)
                  00802260    00000040                          : soc_xwr18xx_dss.oe674 (.text:CSL_FINSR)
                  008022a0    00000040     objectdetection.oe674 (.text:DPC_ObjDet_GenRangeWindow)
                  008022e0    00000040     libdpm_xwr18xx.ae674 : dpm_listlib.oe674 (.text:DPM_listAdd)
                  00802320    00000040                          : dpm_listlib.oe674 (.text:DPM_listRemove)
                  00802360    00000040                          : dpm_mailbox.oe674 (.text:DPM_mboxMsgSend)
                  008023a0    00000040                          : dpm_msg.oe674 (.text:DPM_msgAssertHandler)
                  008023e0    00000040                          : dpm_msg.oe674 (.text:DPM_msgBSSFaultHandler)
                  00802420    00000040                          : dpm_msg.oe674 (.text:DPM_msgDPCInfoHandler)
                  00802460    00000040                          : dpm_pipe.oe674 (.text:DPM_pipeDequeue)
                  008024a0    00000040     libedma_xwr18xx.ae674 : edma_low_level.oe674 (.text:EDMA3MapQdmaChToPaRAM)
                  008024e0    00000040                           : edma_low_level.oe674 (.text:EDMA3SetPaRAM)
                  00802520    00000040                           : edma_low_level.oe674 (.text:EDMA3SetQdmaTrigWord)
                  00802560    00000040                           : edma.oe674 (.text:EDMA_clearTransferControllerErrors)
                  008025a0    00000040     libosal_xwr18xx.ae674 : HwiP_tirtos.oe674 (.text:HwiP_create)
                  008025e0    00000040                           : HwiP_tirtos.oe674 (.text:HwiP_delete)
                  00802620    00000040     libmailbox_xwr18xx.ae674 : mailbox.oe674 (.text:Mailbox_boxEmptyISRBss)
                  00802660    00000040                              : mailbox.oe674 (.text:Mailbox_boxEmptyISRMssDss)
                  008026a0    00000040                              : mailbox.oe674 (.text:Mailbox_boxFullISRBss)
                  008026e0    00000040     dss_main.oe674 (.text:MmwDemo_DPC_ObjectDetection_processFrameBeginCallBackFxn)
                  00802720    00000040     dss_main.oe674 (.text:MmwDemo_DPC_ObjectDetection_processInterFrameBeginCallBackFxn)
                  00802760    00000040     data_path.oe674 (.text:MmwDemo_EDMA_errorCallbackFxn)
                  008027a0    00000040     data_path.oe674 (.text:MmwDemo_EDMA_transferControllerErrorCallbackFxn)
                  008027e0    00000040     libsoc_xwr18xx.ae674 : soc_xwr18xx_dss.oe674 (.text:SOC_getInAddr_LUTType)
                  00802820    00000040                          : soc_xwr18xx_dss.oe674 (.text:SOC_getOutAddr_LUTType)
                  00802860    00000040                          : soc_xwr18xx.oe674 (.text:SOC_isMSSOperational)
                  008028a0    00000040     rts6740_elf.lib : frcmpyd_div.c.obj (.text:__TI_frcmpyd_div)
                  008028e0    00000040                     : strasg.asm.obj (.text:__strasgi_64plus)
                  00802920    00000040                     : args_main.c.obj (.text:_args_main)
                  00802960    00000040     sysbios.ae674 : c62_TaskSupport_asm.obj (.text:_ti_sysbios_family_c62_TaskSupport_buildTaskStack)
                  008029a0    00000040     mmw_dss_pe674.oe674 (.text:free)
                  008029e0    00000040     libmathutils.ae674 : mathutils.oe674 (.text:mathUtils_floorLog2)
                  00802a20    00000040     librangeproc_hwa_xwr18xx.ae674 : rangeprochwa.oe674 (.text:rangeProcHWA_EDMA_transferCompletionCallbackFxn)
                  00802a60    00000040     mmw_dss_pe674.oe674 (.text:ti_sysbios_BIOS_exitFunc__I)
                  00802aa0    00000040     mmw_dss_pe674.oe674 (.text:ti_sysbios_BIOS_rtsLock__I)
                  00802ae0    00000040     mmw_dss_pe674.oe674 (.text:ti_sysbios_BIOS_rtsUnlock__I)
                  00802b20    00000040     sysbios.ae674 : BIOS.obj (.text:ti_sysbios_family_c64p_Hwi_disableInterrupt__E)
                  00802b60    00000040                   : BIOS.obj (.text:ti_sysbios_family_c64p_Hwi_enableInterrupt__E)
                  00802ba0    00000040     mmw_dss_pe674.oe674 (.text:ti_sysbios_gates_GateHwi_Handle__label__S)
                  00802be0    00000040     mmw_dss_pe674.oe674 (.text:ti_sysbios_gates_GateHwi_Object__delete__S)
                  00802c20    00000040     mmw_dss_pe674.oe674 (.text:ti_sysbios_gates_GateMutex_Handle__label__S)
                  00802c60    00000040     sysbios.ae674 : BIOS.obj (.text:ti_sysbios_gates_GateMutex_Instance_init__E)
                  00802ca0    00000040                   : BIOS.obj (.text:ti_sysbios_gates_GateMutex_leave__E)
                  00802ce0    00000040     mmw_dss_pe674.oe674 (.text:ti_sysbios_heaps_HeapMem_Handle__label__S)
                  00802d20    00000040     mmw_dss_pe674.oe674 (.text:ti_sysbios_heaps_HeapMem_Object__delete__S)
                  00802d60    00000040     mmw_dss_pe674.oe674 (.text:ti_sysbios_heaps_HeapMem_Object__get__S)
                  00802da0    00000040     mmw_dss_pe674.oe674 (.text:ti_sysbios_knl_Semaphore_destruct)
                  00802de0    00000040     mmw_dss_pe674.oe674 (.text:ti_sysbios_knl_Swi_Object__get__S)
                  00802e20    00000040     mmw_dss_pe674.oe674 (.text:ti_sysbios_knl_Task_Object__get__S)
                  00802e60    00000040     sysbios.ae674 : BIOS.obj (.text:ti_sysbios_timers_rti_Timer_periodicStub__E)
                  00802ea0    00000040                   : BIOS.obj (.text:xdc_runtime_Error_init__E)
                  00802ee0    00000040     mmw_dss_pe674.oe674 (.text:xdc_runtime_LoggerBuf_Handle__label__S)
                  00802f20    00000040     sysbios.ae674 : BIOS.obj (.text:xdc_runtime_LoggerBuf_Instance_finalize__E)
                  00802f60    00000040     mmw_dss_pe674.oe674 (.text:xdc_runtime_LoggerBuf_Object__get__S)
                  00802fa0    00000040     sysbios.ae674 : BIOS.obj (.text:xdc_runtime_LoggerBuf_write0__E)
                  00802fe0    00000040                   : BIOS.obj (.text:xdc_runtime_LoggerBuf_write1__E)
                  00803020    00000040                   : BIOS.obj (.text:xdc_runtime_LoggerBuf_write2__E)
                  00803060    00000040     mmw_dss_pe674.oe674 (.text:xdc_runtime_System_aprintf__E)
                  008030a0    00000040     mmw_dss_pe674.oe674 (.text:xdc_runtime_System_printf__E)
                  008030e0    00000020     libaoaproc_hwa_xwr18xx.ae674 : aoaprochwa.oe674 (.text:AOAProcHWADoneIsrCallback)
                  00803100    00000020     libcfarcaproc_hwa_xwr18xx.ae674 : cfarcaprochwa.oe674 (.text:CFARCAHWADoneIsrCallback)
                  00803120    00000020     objectdetection.oe674 (.text:DPC_ObjDet_GetRangeWinGenLen)
                  00803140    00000020     objectdetection.oe674 (.text:DPC_ObjDet_MemPoolReset)
                  00803160    00000020     libdpm_xwr18xx.ae674 : dpm_core.oe674 (.text:DPM_chirpISR)
                  00803180    00000020                          : dpm_core.oe674 (.text:DPM_frameStartISR)
                  008031a0    00000020                          : dpm_mailbox.oe674 (.text:DPM_mboxSynch)
                  008031c0    00000020     libaoaproc_hwa_xwr18xx.ae674 : aoaprochwa.oe674 (.text:DPU_AoAProcHWA_getNumHwaParamSets)
                  008031e0    00000020     libdopplerproc_hwa_xwr18xx.ae674 : dopplerprochwa.oe674 (.text:DPU_DopplerProcHWA_edmaDoneIsrCallback)
                  00803200    00000020                                      : dopplerprochwa.oe674 (.text:DPU_DopplerProcHWA_hwaDoneIsrCallback)
                  00803220    00000020     libedma_xwr18xx.ae674 : edma_low_level.oe674 (.text:EDMA3ChannelToParamMap)
                  00803240    00000020                           : edma_low_level.oe674 (.text:EDMA3ClrCCErr)
                  00803260    00000020                           : edma_low_level.oe674 (.text:EDMA3DisableQdmaEvt)
                  00803280    00000020                           : edma_low_level.oe674 (.text:EDMA3EnableQdmaEvt)
                  008032a0    00000020                           : edma_low_level.oe674 (.text:EDMA3ErrIntrHighStatusGet)
                  008032c0    00000020                           : edma_low_level.oe674 (.text:EDMA3GetCCErrStatus)
                  008032e0    00000020                           : edma_low_level.oe674 (.text:EDMA3GetErrIntrStatus)
                  00803300    00000020                           : edma_low_level.oe674 (.text:EDMA3GetIntrStatus)
                  00803320    00000020                           : edma_low_level.oe674 (.text:EDMA3IntrStatusHighGet)
                  00803340    00000020                           : edma_low_level.oe674 (.text:EDMA3QdmaClrMissEvt)
                  00803360    00000020                           : edma_low_level.oe674 (.text:EDMA3QdmaGetErrIntrStatus)
                  00803380    00000020                           : edma_low_level.oe674 (.text:EDMAsetRegion)
                  008033a0    00000020     libhwa_xwr18xx.ae674 : hwa.oe674 (.text:HWA_init)
                  008033c0    00000020     libosal_xwr18xx.ae674 : HwiP_tirtos.oe674 (.text:HwiP_Params_init)
                  008033e0    00000020                           : HwiP_tirtos.oe674 (.text:HwiP_disable)
                  00803400    00000020                           : HwiP_tirtos.oe674 (.text:HwiP_disableInterrupt)
                  00803420    00000020                           : HwiP_tirtos.oe674 (.text:HwiP_enableInterrupt)
                  00803440    00000020                           : HwiP_tirtos.oe674 (.text:HwiP_restore)
                  00803460    00000020                           : MemoryP_tirtos.oe674 (.text:MemoryP_ctrlAlloc)
                  00803480    00000020                           : MemoryP_tirtos.oe674 (.text:MemoryP_ctrlFree)
                  008034a0    00000020                           : MemoryP_tirtos.oe674 (.text:MemoryP_getStats)
                  008034c0    00000020     dss_main.oe674 (.text:MmwDemo_sleep)
                  008034e0    00000020     libsoc_xwr18xx.ae674 : soc_xwr18xx.oe674 (.text:SOC_ungateClock)
                  00803500    00000020     libosal_xwr18xx.ae674 : SemaphoreP_tirtos.oe674 (.text:SemaphoreP_Params_init)
                  00803520    00000020                           : SemaphoreP_tirtos.oe674 (.text:SemaphoreP_delete)
                  00803540    00000020                           : SemaphoreP_tirtos.oe674 (.text:SemaphoreP_pend)
                  00803560    00000020                           : SemaphoreP_tirtos.oe674 (.text:SemaphoreP_post)
                  00803580    00000020                           : DebugP_tirtos.oe674 (.text:_DebugP_assert)
                  008035a0    00000020     rts6740_elf.lib : errno.c.obj (.text:__c6xabi_errno_addr)
                  008035c0    00000020                     : trunc.c.obj (.text:__c6xabi_trunc)
                  008035e0    00000020                     : push.asm.obj (.text:__pop_rts)
                  00803600    00000020                     : push.asm.obj (.text:__push_rts)
                  00803620    00000020                     : _lock.c.obj (.text:_nop)
                  00803640    00000020                     : _lock.c.obj (.text:_register_lock)
                  00803660    00000020                     : _lock.c.obj (.text:_register_unlock)
                  00803680    00000020     sysbios.ae674 : c62_TaskSupport_asm.obj (.text:_ti_sysbios_family_c62_TaskSupport_glue)
                  008036a0    00000020     rts6740_elf.lib : exit.c.obj (.text:abort)
                  008036c0    00000020     libmathutils.ae674 : mathutils.oe674 (.text:mathUtils_ceilLog2)
                  008036e0    00000020     rts6740_elf.lib : fputc.c.obj (.text:putchar)
                  00803700    00000020     librangeproc_hwa_xwr18xx.ae674 : rangeprochwa.oe674 (.text:rangeProcHWADoneIsrCallback)
                  00803720    00000020     mmw_dss_pe674.oe674 (.text:ti_sysbios_BIOS_RtsGateProxy_enter__E)
                  00803740    00000020     mmw_dss_pe674.oe674 (.text:ti_sysbios_BIOS_RtsGateProxy_leave__E)
                  00803760    00000020     sysbios.ae674 : BIOS.obj (.text:ti_sysbios_BIOS_getCpuFreq__E)
                  00803780    00000020                   : BIOS.obj (.text:ti_sysbios_BIOS_linkedWithIncorrectBootLibrary__E)
                  008037a0    00000020     mmw_dss_pe674.oe674 (.text:ti_sysbios_BIOS_nullFunc__I)
                  008037c0    00000020     sysbios.ae674 : BIOS.obj (.text:ti_sysbios_BIOS_setThreadType__E)
                  008037e0    00000020                   : BIOS.obj (.text:ti_sysbios_BIOS_start__E)
                  00803800    00000020     mmw_dss_pe674.oe674 (.text:ti_sysbios_family_c62_TaskSupport_Module__startupDone__S)
                  00803820    00000020     sysbios.ae674 : BIOS.obj (.text:ti_sysbios_family_c62_TaskSupport_checkStack__E)
                  00803840    00000020                   : BIOS.obj (.text:ti_sysbios_family_c62_TaskSupport_getStackAlignment__E)
                  00803860    00000020     mmw_dss_pe674.oe674 (.text:ti_sysbios_family_c64p_Hwi_Module__startupDone__F)
                  00803880    00000020     sysbios.ae674 : BIOS.obj (.text:ti_sysbios_family_c64p_Hwi_clearInterrupt__E)
                  008038a0    00000020                   : BIOS.obj (.text:ti_sysbios_family_c64p_Hwi_startup__E)
                  008038c0    00000020                   : BIOS.obj (.text:ti_sysbios_family_c64p_Hwi_switchFromBootStack__E)
                  008038e0    00000020                   : BIOS.obj (.text:ti_sysbios_family_c64p_TimestampProvider_Module_startup__E)
                  00803900    00000020                   : BIOS.obj (.text:ti_sysbios_family_c64p_TimestampProvider_get32__E)
                  00803920    00000020                   : BIOS.obj (.text:ti_sysbios_family_c64p_TimestampProvider_get64__E)
                  00803940    00000020                   : BIOS.obj (.text:ti_sysbios_gates_GateHwi_Instance_init__E)
                  00803960    00000020                   : BIOS.obj (.text:ti_sysbios_gates_GateHwi_enter__E)
                  00803980    00000020                   : BIOS.obj (.text:ti_sysbios_gates_GateHwi_leave__E)
                  008039a0    00000020                   : BIOS.obj (.text:ti_sysbios_gates_GateHwi_query__E)
                  008039c0    00000020                   : BIOS.obj (.text:ti_sysbios_gates_GateMutex_Instance_finalize__E)
                  008039e0    00000020                   : BIOS.obj (.text:ti_sysbios_gates_GateMutex_query__E)
                  00803a00    00000020                   : BIOS.obj (.text:ti_sysbios_hal_Hwi_Module_startup__E)
                  00803a20    00000020     mmw_dss_pe674.oe674 (.text:ti_sysbios_heaps_HeapBuf_Object__get__S)
                  00803a40    00000020     mmw_dss_pe674.oe674 (.text:ti_sysbios_heaps_HeapMem_Module_GateProxy_enter__E)
                  00803a60    00000020     mmw_dss_pe674.oe674 (.text:ti_sysbios_heaps_HeapMem_Module_GateProxy_leave__E)
                  00803a80    00000020     sysbios.ae674 : BIOS.obj (.text:ti_sysbios_heaps_HeapMem_isBlocking__E)
                  00803aa0    00000020     mmw_dss_pe674.oe674 (.text:ti_sysbios_knl_Clock_TimerProxy_getMaxTicks__E)
                  00803ac0    00000020     sysbios.ae674 : BIOS.obj (.text:ti_sysbios_knl_Clock_logTick__E)
                  00803ae0    00000020                   : BIOS.obj (.text:ti_sysbios_knl_Idle_loop__E)
                  00803b00    00000020                   : BIOS.obj (.text:ti_sysbios_knl_Queue_Instance_init__E)
                  00803b20    00000020     mmw_dss_pe674.oe674 (.text:ti_sysbios_knl_Queue_Object__get__S)
                  00803b40    00000020     mmw_dss_pe674.oe674 (.text:ti_sysbios_knl_Queue_destruct)
                  00803b60    00000020     sysbios.ae674 : BIOS.obj (.text:ti_sysbios_knl_Queue_empty__E)
                  00803b80    00000020                   : BIOS.obj (.text:ti_sysbios_knl_Semaphore_Instance_finalize__E)
                  00803ba0    00000020     mmw_dss_pe674.oe674 (.text:ti_sysbios_knl_Semaphore_Params__init__S)
                  00803bc0    00000020     mmw_dss_pe674.oe674 (.text:ti_sysbios_knl_Semaphore_delete)
                  00803be0    00000020     sysbios.ae674 : BIOS.obj (.text:ti_sysbios_knl_Swi_disable__E)
                  00803c00    00000020     mmw_dss_pe674.oe674 (.text:ti_sysbios_knl_Task_Params__init__S)
                  00803c20    00000020     sysbios.ae674 : BIOS.obj (.text:ti_sysbios_knl_Task_disable__E)
                  00803c40    00000020                   : BIOS.obj (.text:ti_sysbios_knl_Task_startup__E)
                  00803c60    00000020     mmw_dss_pe674.oe674 (.text:ti_sysbios_timers_rti_Timer_Module__startupDone__F)
                  00803c80    00000020     sysbios.ae674 : BIOS.obj (.text:ti_sysbios_timers_rti_Timer_getMaxTicks__E)
                  00803ca0    00000020                   : BIOS.obj (.text:ti_sysbios_utils_Load_getCPULoad__E)
                  00803cc0    00000020                   : BIOS.obj (.text:ti_sysbios_utils_Load_taskRegHook__E)
                  00803ce0    00000020     mmw_dss_pe674.oe674 (.text:xdc_runtime_IHeap_alloc)
                  00803d00    00000020     mmw_dss_pe674.oe674 (.text:xdc_runtime_IHeap_free)
                  00803d20    00000020     mmw_dss_pe674.oe674 (.text:xdc_runtime_IHeap_getStats)
                  00803d40    00000020     mmw_dss_pe674.oe674 (.text:xdc_runtime_LoggerBuf_Module_GateProxy_enter__E)
                  00803d60    00000020     mmw_dss_pe674.oe674 (.text:xdc_runtime_LoggerBuf_Module_GateProxy_leave__E)
                  00803d80    00000020     sysbios.ae674 : BIOS.obj (.text:xdc_runtime_LoggerBuf_disable__E)
                  00803da0    00000020                   : BIOS.obj (.text:xdc_runtime_LoggerBuf_enable__E)
                  00803dc0    00000020                   : BIOS.obj (.text:xdc_runtime_Memory_free__E)
                  00803de0    00000020                   : BIOS.obj (.text:xdc_runtime_Memory_getStats__E)
                  00803e00    00000020     mmw_dss_pe674.oe674 (.text:xdc_runtime_Startup_exec__I)
                  00803e20    00000020     mmw_dss_pe674.oe674 (.text:xdc_runtime_Startup_reset__I)
                  00803e40    00000020     sysbios.ae674 : BIOS.obj (.text:xdc_runtime_Startup_rtsDone__E)
                  00803e60    00000020                   : BIOS.obj (.text:xdc_runtime_SysStd_exit__E)
                  00803e80    00000020                   : BIOS.obj (.text:xdc_runtime_SysStd_putch__E)
                  00803ea0    00000020                   : BIOS.obj (.text:xdc_runtime_SysStd_ready__E)
                  00803ec0    00000020     mmw_dss_pe674.oe674 (.text:xdc_runtime_System_Module_GateProxy_enter__E)
                  00803ee0    00000020     mmw_dss_pe674.oe674 (.text:xdc_runtime_System_Module_GateProxy_leave__E)
                  00803f00    00000020     sysbios.ae674 : BIOS.obj (.text:xdc_runtime_System_Module_startup__E)
                  00803f20    00000020     mmw_dss_pe674.oe674 (.text:xdc_runtime_Text_visitRope__I)

.const.1   0    00803f40    000000c0     
                  00803f40    00000074     mmw_dss_pe674.oe674 (.const:.string)
                  00803fb4    0000004c     libmailbox_xwr18xx.ae674 : mailbox.oe674 (.const:.string)

.dpc_l2Heap 
*          0    00804000    0000c400     UNINITIALIZED
                  00804000    0000c400     dss_main.oe674 (.dpc_l2Heap)

systemHeap 
*          0    00810400    00008000     UNINITIALIZED
                  00810400    00008000     mmw_dss_pe674.oe674 (systemHeap)

.const.2   0    00818400    00002c04     
                  00818400    00001a59     mmw_dss_pe674.oe674 (.const:xdc_runtime_Text_charTab__A)
                  00819e59    00000001     --HOLE-- [fill = 0]
                  00819e5a    00000002     mmw_dss_pe674.oe674 (.const:ti_sysbios_family_c64p_Cache_Module__id__C)
                  00819e5c    00000630     sysbios.ae674 : BIOS.obj (.const:.string)
                  0081a48c    000002e4     dss_main.oe674 (.const:.string)
                  0081a770    000000e0     mmw_dss_pe674.oe674 (.const:xdc_runtime_Text_nodeTab__A)
                  0081a850    00000058     libedma_xwr18xx.ae674 : edma.oe674 (.const:.string)
                  0081a8a8    00000044     mmw_dss_pe674.oe674 (.const:ti_sysbios_knl_Task_Object__PARAMS__C)
                  0081a8ec    00000004     mmw_dss_pe674.oe674 (.const:ti_sysbios_family_c62_TaskSupport_stackAlignment__C)
                  0081a8f0    00000040     libhwa_xwr18xx.ae674 : hwa.oe674 (.const:gHwaTrigSignatures)
                  0081a930    0000003c     libsoc_xwr18xx.ae674 : soc_xwr18xx_dss.oe674 (.const:.string)
                  0081a96c    0000003c     mmw_dss_pe674.oe674 (.const:xdc_runtime_LoggerBuf_Module__FXNS__C)
                  0081a9a8    00000038     libedma_xwr18xx.ae674 : edma_xwr1xxx.oe674 (.const:gEdmaHwAttrs)
                  0081a9e0    00000034     mmw_dss_pe674.oe674 (.const:xdc_runtime_Startup_sfxnTab__A)
                  0081aa14    00000004     mmw_dss_pe674.oe674 (.const:ti_sysbios_family_c64p_Cache_E_invalidL1CacheSize__C)
                  0081aa18    00000028     libdpm_xwr18xx.ae674 : dpm_msg.oe674 (.const:gDPMMessageFxnTable)
                  0081aa40    00000028     mmw_dss_pe674.oe674 (.const:ti_sysbios_heaps_HeapMem_Module__FXNS__C)
                  0081aa68    00000028     mmw_dss_pe674.oe674 (.const:xdc_runtime_LoggerBuf_Object__PARAMS__C)
                  0081aa90    00000024     objectdetection.oe674 (.const:$P$T1$2)
                  0081aab4    00000024     libmailbox_xwr18xx.ae674 : mailbox.oe674 (.const:Mailbox_defaultCfg)
                  0081aad8    00000024     mmw_dss_pe674.oe674 (.const:ti_sysbios_gates_GateHwi_Module__FXNS__C)
                  0081aafc    00000024     mmw_dss_pe674.oe674 (.const:ti_sysbios_gates_GateMutex_Module__FXNS__C)
                  0081ab20    00000024     mmw_dss_pe674.oe674 (.const:ti_sysbios_heaps_HeapMem_Object__PARAMS__C)
                  0081ab44    00000024     mmw_dss_pe674.oe674 (.const:ti_sysbios_knl_Semaphore_Object__PARAMS__C)
                  0081ab68    00000020     libhwa_xwr18xx.ae674 : hwa.oe674 (.const:$P$T0$1)
                  0081ab88    00000020                          : hwa.oe674 (.const:.string)
                  0081aba8    00000020     libosal_xwr18xx.ae674 : SemaphoreP_tirtos.oe674 (.const:.string)
                  0081abc8    00000020     mmw_dss_pe674.oe674 (.const:ti_sysbios_gates_GateHwi_Object__DESC__C)
                  0081abe8    00000020     mmw_dss_pe674.oe674 (.const:ti_sysbios_gates_GateMutex_Object__DESC__C)
                  0081ac08    00000020     mmw_dss_pe674.oe674 (.const:ti_sysbios_heaps_HeapMem_Object__DESC__C)
                  0081ac28    00000020     mmw_dss_pe674.oe674 (.const:ti_sysbios_knl_Queue_Object__DESC__C)
                  0081ac48    00000020     mmw_dss_pe674.oe674 (.const:ti_sysbios_knl_Semaphore_Object__DESC__C)
                  0081ac68    00000020     mmw_dss_pe674.oe674 (.const:ti_sysbios_knl_Task_Object__DESC__C)
                  0081ac88    00000020     mmw_dss_pe674.oe674 (.const:xdc_runtime_LoggerBuf_Object__DESC__C)
                  0081aca8    0000001c     libosal_xwr18xx.ae674 : HwiP_tirtos.oe674 (.const:.string)
                  0081acc4    00000004     mmw_dss_pe674.oe674 (.const:ti_sysbios_family_c64p_Cache_E_invalidL2CacheSize__C)
                  0081acc8    0000001a     mmw_dss_pe674.oe674 (.const:xdc_runtime_Startup_sfxnRts__A)
                  0081ace2    00000002     mmw_dss_pe674.oe674 (.const:ti_sysbios_family_c64p_EventCombiner_Module__id__C)
                  0081ace4    00000018     objectdetection.oe674 (.const:.string)
                  0081acfc    00000018     mmw_dss_pe674.oe674 (.const:ti_sysbios_gates_GateHwi_Object__PARAMS__C)
                  0081ad14    00000018     mmw_dss_pe674.oe674 (.const:ti_sysbios_gates_GateMutex_Object__PARAMS__C)
                  0081ad2c    00000018     mmw_dss_pe674.oe674 (.const:ti_sysbios_knl_Queue_Object__PARAMS__C)
                  0081ad44    00000004     mmw_dss_pe674.oe674 (.const:ti_sysbios_family_c64p_Cache_MAR0_31__C)
                  0081ad48    00000018     mmw_dss_pe674.oe674 (.const:ti_sysbios_knl_Task_hooks__A)
                  0081ad60    00000014     libdpm_xwr18xx.ae674 : dpm_mailbox.oe674 (.const:.string)
                  0081ad74    00000010     data_path.oe674 (.const:.string)
                  0081ad84    00000010     libdpm_xwr18xx.ae674 : dpm_core.oe674 (.const:.string)
                  0081ad94    00000010                          : dpm_msg.oe674 (.const:.string)
                  0081ada4    00000010                          : dpm_pipe.oe674 (.const:.string)
                  0081adb4    00000004     mmw_dss_pe674.oe674 (.const:ti_sysbios_family_c64p_Cache_MAR128_159__C)
                  0081adb8    00000010     libedma_xwr18xx.ae674 : edma.oe674 (.const:EDMA_config$1)
                  0081adc8    00000010     mmw_dss_pe674.oe674 (.const:ti_sysbios_family_c64p_EventCombiner_EVTMASK__C)
                  0081add8    0000000c     objectdetection.oe674 (.const:$P$T0$1)
                  0081ade4    00000004     mmw_dss_pe674.oe674 (.const:ti_sysbios_family_c64p_Cache_MAR160_191__C)
                  0081ade8    0000000c     mmw_dss_pe674.oe674 (.const:ti_sysbios_knl_Idle_funcList__A)
                  0081adf4    00000008     mmw_dss_pe674.oe674 (.const:ti_sysbios_knl_Idle_funcList__C)
                  0081adfc    00000008     mmw_dss_pe674.oe674 (.const:ti_sysbios_knl_Task_hooks__C)
                  0081ae04    00000004     mmw_dss_pe674.oe674 (.const:ti_sysbios_family_c64p_Cache_MAR192_223__C)
                  0081ae08    00000008     mmw_dss_pe674.oe674 (.const:xdc_runtime_Startup_firstFxns__A)
                  0081ae10    00000008     mmw_dss_pe674.oe674 (.const:xdc_runtime_Startup_firstFxns__C)
                  0081ae18    00000008     mmw_dss_pe674.oe674 (.const:xdc_runtime_Startup_lastFxns__C)
                  0081ae20    00000004     mmw_dss_pe674.oe674 (.const:ti_sysbios_family_c64p_Cache_MAR224_255__C)
                  0081ae24    00000004     mmw_dss_pe674.oe674 (.const:ti_sysbios_family_c64p_Cache_MAR32_63__C)
                  0081ae28    00000004     mmw_dss_pe674.oe674 (.const:ti_sysbios_family_c64p_Cache_MAR64_95__C)
                  0081ae2c    00000004     mmw_dss_pe674.oe674 (.const:ti_sysbios_family_c64p_Cache_MAR96_127__C)
                  0081ae30    00000004     mmw_dss_pe674.oe674 (.const:ti_sysbios_family_c64p_EventCombiner_A_invalidEventId__C)
                  0081ae34    00000004     mmw_dss_pe674.oe674 (.const:ti_sysbios_family_c64p_EventCombiner_EVTRegs__C)
                  0081ae38    00000004     mmw_dss_pe674.oe674 (.const:ti_sysbios_family_c64p_EventCombiner_E_unpluggedEvent__C)
                  0081ae3c    00000004     mmw_dss_pe674.oe674 (.const:ti_sysbios_family_c64p_EventCombiner_Module__diagsEnabled__C)
                  0081ae40    00000004     mmw_dss_pe674.oe674 (.const:ti_sysbios_family_c64p_EventCombiner_Module__diagsIncluded__C)
                  0081ae44    00000004     mmw_dss_pe674.oe674 (.const:ti_sysbios_family_c64p_EventCombiner_Module__diagsMask__C)
                  0081ae48    00000004     mmw_dss_pe674.oe674 (.const:ti_sysbios_family_c64p_Exception_E_exceptionMax__C)
                  0081ae4c    00000004     mmw_dss_pe674.oe674 (.const:ti_sysbios_family_c64p_Exception_exceptionHook__C)
                  0081ae50    00000004     mmw_dss_pe674.oe674 (.const:ti_sysbios_family_c64p_Exception_externalHook__C)
                  0081ae54    00000004     mmw_dss_pe674.oe674 (.const:ti_sysbios_family_c64p_Exception_internalHook__C)
                  0081ae58    00000004     mmw_dss_pe674.oe674 (.const:ti_sysbios_family_c64p_Exception_nmiHook__C)
                  0081ae5c    00000004     mmw_dss_pe674.oe674 (.const:ti_sysbios_family_c64p_Hwi_INTRMUX1Address__C)
                  0081ae60    00000004     mmw_dss_pe674.oe674 (.const:ti_sysbios_gates_GateMutex_A_badContext__C)
                  0081ae64    00000004     mmw_dss_pe674.oe674 (.const:ti_sysbios_gates_GateMutex_Instance_State_sem__O)
                  0081ae68    00000004     mmw_dss_pe674.oe674 (.const:ti_sysbios_gates_GateMutex_Module__diagsEnabled__C)
                  0081ae6c    00000004     mmw_dss_pe674.oe674 (.const:ti_sysbios_gates_GateMutex_Module__diagsIncluded__C)
                  0081ae70    00000004     mmw_dss_pe674.oe674 (.const:ti_sysbios_gates_GateMutex_Module__diagsMask__C)
                  0081ae74    00000004     mmw_dss_pe674.oe674 (.const:ti_sysbios_hal_Hwi_E_stackOverflow__C)
                  0081ae78    00000004     mmw_dss_pe674.oe674 (.const:ti_sysbios_heaps_HeapBuf_Instance_State_freeList__O)
                  0081ae7c    00000004     mmw_dss_pe674.oe674 (.const:ti_sysbios_heaps_HeapBuf_Object__count__C)
                  0081ae80    00000004     mmw_dss_pe674.oe674 (.const:ti_sysbios_heaps_HeapBuf_numConstructedHeaps__C)
                  0081ae84    00000004     mmw_dss_pe674.oe674 (.const:ti_sysbios_heaps_HeapMem_A_align__C)
                  0081ae88    00000004     mmw_dss_pe674.oe674 (.const:ti_sysbios_heaps_HeapMem_A_heapSize__C)
                  0081ae8c    00000004     mmw_dss_pe674.oe674 (.const:ti_sysbios_heaps_HeapMem_A_invalidFree__C)
                  0081ae90    00000004     mmw_dss_pe674.oe674 (.const:ti_sysbios_heaps_HeapMem_A_zeroBlock__C)
                  0081ae94    00000004     mmw_dss_pe674.oe674 (.const:ti_sysbios_heaps_HeapMem_E_memory__C)
                  0081ae98    00000004     mmw_dss_pe674.oe674 (.const:ti_sysbios_heaps_HeapMem_Module__diagsEnabled__C)
                  0081ae9c    00000004     mmw_dss_pe674.oe674 (.const:ti_sysbios_heaps_HeapMem_Module__diagsIncluded__C)
                  0081aea0    00000004     mmw_dss_pe674.oe674 (.const:ti_sysbios_heaps_HeapMem_Module__diagsMask__C)
                  0081aea4    00000004     mmw_dss_pe674.oe674 (.const:ti_sysbios_heaps_HeapMem_Module__gateObj__C)
                  0081aea8    00000004     mmw_dss_pe674.oe674 (.const:ti_sysbios_heaps_HeapMem_Object__count__C)
                  0081aeac    00000004     mmw_dss_pe674.oe674 (.const:ti_sysbios_heaps_HeapMem_reqAlign__C)
                  0081aeb0    00000004     mmw_dss_pe674.oe674 (.const:ti_sysbios_knl_Clock_Module_State_clockQ__O)
                  0081aeb4    00000004     mmw_dss_pe674.oe674 (.const:ti_sysbios_knl_Semaphore_A_badContext__C)
                  0081aeb8    00000004     mmw_dss_pe674.oe674 (.const:ti_sysbios_knl_Semaphore_A_noEvents__C)
                  0081aebc    00000004     mmw_dss_pe674.oe674 (.const:ti_sysbios_knl_Semaphore_A_overflow__C)
                  0081aec0    00000004     mmw_dss_pe674.oe674 (.const:ti_sysbios_knl_Semaphore_A_pendTaskDisabled__C)
                  0081aec4    00000004     mmw_dss_pe674.oe674 (.const:ti_sysbios_knl_Semaphore_Instance_State_pendQ__O)
                  0081aec8    00000004     mmw_dss_pe674.oe674 (.const:ti_sysbios_knl_Semaphore_Module__diagsEnabled__C)
                  0081aecc    00000004     mmw_dss_pe674.oe674 (.const:ti_sysbios_knl_Semaphore_Module__diagsIncluded__C)
                  0081aed0    00000004     mmw_dss_pe674.oe674 (.const:ti_sysbios_knl_Semaphore_Module__diagsMask__C)
                  0081aed4    00000004     mmw_dss_pe674.oe674 (.const:ti_sysbios_knl_Swi_Object__count__C)
                  0081aed8    00000004     mmw_dss_pe674.oe674 (.const:ti_sysbios_knl_Task_A_badPriority__C)
                  0081aedc    00000004     mmw_dss_pe674.oe674 (.const:ti_sysbios_knl_Task_A_badTaskState__C)
                  0081aee0    00000004     mmw_dss_pe674.oe674 (.const:ti_sysbios_knl_Task_A_badThreadType__C)
                  0081aee4    00000004     mmw_dss_pe674.oe674 (.const:ti_sysbios_knl_Task_A_badTimeout__C)
                  0081aee8    00000004     mmw_dss_pe674.oe674 (.const:ti_sysbios_knl_Task_A_noPendElem__C)
                  0081aeec    00000004     mmw_dss_pe674.oe674 (.const:ti_sysbios_knl_Task_A_sleepTaskDisabled__C)
                  0081aef0    00000004     mmw_dss_pe674.oe674 (.const:ti_sysbios_knl_Task_E_spOutOfBounds__C)
                  0081aef4    00000004     mmw_dss_pe674.oe674 (.const:ti_sysbios_knl_Task_E_stackOverflow__C)
                  0081aef8    00000004     mmw_dss_pe674.oe674 (.const:ti_sysbios_knl_Task_Module_State_inactiveQ__O)
                  0081aefc    00000004     mmw_dss_pe674.oe674 (.const:ti_sysbios_knl_Task_Module__diagsEnabled__C)
                  0081af00    00000004     mmw_dss_pe674.oe674 (.const:ti_sysbios_knl_Task_Module__diagsIncluded__C)
                  0081af04    00000004     mmw_dss_pe674.oe674 (.const:ti_sysbios_knl_Task_Module__diagsMask__C)
                  0081af08    00000004     mmw_dss_pe674.oe674 (.const:ti_sysbios_knl_Task_Object__count__C)
                  0081af0c    00000004     mmw_dss_pe674.oe674 (.const:ti_sysbios_knl_Task_Object__heap__C)
                  0081af10    00000004     mmw_dss_pe674.oe674 (.const:ti_sysbios_knl_Task_allBlockedFunc__C)
                  0081af14    00000004     mmw_dss_pe674.oe674 (.const:ti_sysbios_knl_Task_defaultStackHeap__C)
                  0081af18    00000004     mmw_dss_pe674.oe674 (.const:ti_sysbios_knl_Task_defaultStackSize__C)
                  0081af1c    00000004     mmw_dss_pe674.oe674 (.const:ti_sysbios_knl_Task_numConstructedTasks__C)
                  0081af20    00000004     mmw_dss_pe674.oe674 (.const:ti_sysbios_timers_rti_Timer_E_cannotSupport__C)
                  0081af24    00000004     mmw_dss_pe674.oe674 (.const:ti_sysbios_timers_rti_Timer_Module__diagsEnabled__C)
                  0081af28    00000004     mmw_dss_pe674.oe674 (.const:ti_sysbios_timers_rti_Timer_Module__diagsIncluded__C)
                  0081af2c    00000004     mmw_dss_pe674.oe674 (.const:ti_sysbios_timers_rti_Timer_Module__diagsMask__C)
                  0081af30    00000004     mmw_dss_pe674.oe674 (.const:ti_sysbios_timers_rti_Timer_numTimerDevices__C)
                  0081af34    00000004     mmw_dss_pe674.oe674 (.const:ti_sysbios_timers_rti_Timer_startupNeeded__C)
                  0081af38    00000004     mmw_dss_pe674.oe674 (.const:ti_sysbios_utils_Load_Module_State_taskList__O)
                  0081af3c    00000004     mmw_dss_pe674.oe674 (.const:ti_sysbios_utils_Load_Module__diagsEnabled__C)
                  0081af40    00000004     mmw_dss_pe674.oe674 (.const:ti_sysbios_utils_Load_Module__diagsIncluded__C)
                  0081af44    00000004     mmw_dss_pe674.oe674 (.const:ti_sysbios_utils_Load_Module__diagsMask__C)
                  0081af48    00000004     mmw_dss_pe674.oe674 (.const:ti_sysbios_utils_Load_postUpdate__C)
                  0081af4c    00000004     mmw_dss_pe674.oe674 (.const:ti_sysbios_utils_Load_windowInMs__C)
                  0081af50    00000004     mmw_dss_pe674.oe674 (.const:xdc_runtime_Assert_E_assertFailed__C)
                  0081af54    00000004     mmw_dss_pe674.oe674 (.const:xdc_runtime_Core_A_initializedParams__C)
                  0081af58    00000004     mmw_dss_pe674.oe674 (.const:xdc_runtime_Core_Module__diagsEnabled__C)
                  0081af5c    00000004     mmw_dss_pe674.oe674 (.const:xdc_runtime_Core_Module__diagsIncluded__C)
                  0081af60    00000004     mmw_dss_pe674.oe674 (.const:xdc_runtime_Core_Module__diagsMask__C)
                  0081af64    00000004     mmw_dss_pe674.oe674 (.const:xdc_runtime_Error_E_memory__C)
                  0081af68    00000004     mmw_dss_pe674.oe674 (.const:xdc_runtime_Error_policyFxn__C)
                  0081af6c    00000004     mmw_dss_pe674.oe674 (.const:xdc_runtime_Error_policy__C)
                  0081af70    00000004     mmw_dss_pe674.oe674 (.const:xdc_runtime_Error_raiseHook__C)
[...]
00803ee0  xdc_runtime_System_Module_GateProxy_leave__E                 
00803f00  xdc_runtime_System_Module_startup__E                         
00803f20  xdc_runtime_Text_visitRope__I                                
00804000  gDPC_ObjDetL2Heap                                            
00810400  ti_sysbios_heaps_HeapMem_Instance_State_0_buf__A             
00818400  xdc_runtime_Text_charTab__A                                  
00819e5a  ti_sysbios_family_c64p_Cache_Module__id__C                   
0081a770  xdc_runtime_Text_nodeTab__A                                  
0081a8a8  ti_sysbios_knl_Task_Object__PARAMS__C                        
0081a8ec  ti_sysbios_family_c62_TaskSupport_stackAlignment__C          
0081a96c  xdc_runtime_LoggerBuf_Module__FXNS__C                        
0081a9a8  gEdmaHwAttrs                                                 
0081a9e0  xdc_runtime_Startup_sfxnTab__A                               
0081aa14  ti_sysbios_family_c64p_Cache_E_invalidL1CacheSize__C         
0081aa18  gDPMMessageFxnTable                                          
0081aa40  ti_sysbios_heaps_HeapMem_Module__FXNS__C                     
0081aa68  xdc_runtime_LoggerBuf_Object__PARAMS__C                      
0081aab4  Mailbox_defaultCfg                                           
0081aad8  ti_sysbios_gates_GateHwi_Module__FXNS__C                     
0081aafc  ti_sysbios_gates_GateMutex_Module__FXNS__C                   
0081ab20  ti_sysbios_heaps_HeapMem_Object__PARAMS__C                   
0081ab44  ti_sysbios_knl_Semaphore_Object__PARAMS__C                   
0081abc8  ti_sysbios_gates_GateHwi_Object__DESC__C                     
0081abe8  ti_sysbios_gates_GateMutex_Object__DESC__C                   
0081ac08  ti_sysbios_heaps_HeapMem_Object__DESC__C                     
0081ac28  ti_sysbios_knl_Queue_Object__DESC__C                         
0081ac48  ti_sysbios_knl_Semaphore_Object__DESC__C                     
0081ac68  ti_sysbios_knl_Task_Object__DESC__C                          
0081ac88  xdc_runtime_LoggerBuf_Object__DESC__C                        
0081acc4  ti_sysbios_family_c64p_Cache_E_invalidL2CacheSize__C         
0081acc8  xdc_runtime_Startup_sfxnRts__A                               
0081ace2  ti_sysbios_family_c64p_EventCombiner_Module__id__C           
0081acfc  ti_sysbios_gates_GateHwi_Object__PARAMS__C                   
0081ad14  ti_sysbios_gates_GateMutex_Object__PARAMS__C                 
0081ad2c  ti_sysbios_knl_Queue_Object__PARAMS__C                       
0081ad44  ti_sysbios_family_c64p_Cache_MAR0_31__C                      
0081ad48  ti_sysbios_knl_Task_hooks__A                                 
0081adb4  ti_sysbios_family_c64p_Cache_MAR128_159__C                   
0081adc8  ti_sysbios_family_c64p_EventCombiner_EVTMASK__C              
0081ade4  ti_sysbios_family_c64p_Cache_MAR160_191__C                   
0081ade8  ti_sysbios_knl_Idle_funcList__A                              
0081adf4  ti_sysbios_knl_Idle_funcList__C                              
0081adfc  ti_sysbios_knl_Task_hooks__C                                 
0081ae04  ti_sysbios_family_c64p_Cache_MAR192_223__C                   
0081ae08  xdc_runtime_Startup_firstFxns__A                             
0081ae10  xdc_runtime_Startup_firstFxns__C                             
0081ae18  xdc_runtime_Startup_lastFxns__C                              
0081ae20  ti_sysbios_family_c64p_Cache_MAR224_255__C                   
0081ae24  ti_sysbios_family_c64p_Cache_MAR32_63__C                     
0081ae28  ti_sysbios_family_c64p_Cache_MAR64_95__C                     
0081ae2c  ti_sysbios_family_c64p_Cache_MAR96_127__C                    
0081ae30  ti_sysbios_family_c64p_EventCombiner_A_invalidEventId__C     
0081ae34  ti_sysbios_family_c64p_EventCombiner_EVTRegs__C              
0081ae38  ti_sysbios_family_c64p_EventCombiner_E_unpluggedEvent__C     
0081ae3c  ti_sysbios_family_c64p_EventCombiner_Module__diagsEnabled__C 
0081ae40  ti_sysbios_family_c64p_EventCombiner_Module__diagsIncluded__C
0081ae44  ti_sysbios_family_c64p_EventCombiner_Module__diagsMask__C    
0081ae48  ti_sysbios_family_c64p_Exception_E_exceptionMax__C           
0081ae4c  ti_sysbios_family_c64p_Exception_exceptionHook__C            
0081ae50  ti_sysbios_family_c64p_Exception_externalHook__C             
0081ae54  ti_sysbios_family_c64p_Exception_internalHook__C             
0081ae58  ti_sysbios_family_c64p_Exception_nmiHook__C                  
0081ae5c  ti_sysbios_family_c64p_Hwi_INTRMUX1Address__C                
0081ae60  ti_sysbios_gates_GateMutex_A_badContext__C                   
0081ae64  ti_sysbios_gates_GateMutex_Instance_State_sem__O             
0081ae68  ti_sysbios_gates_GateMutex_Module__diagsEnabled__C           
0081ae6c  ti_sysbios_gates_GateMutex_Module__diagsIncluded__C          
0081ae70  ti_sysbios_gates_GateMutex_Module__diagsMask__C              
0081ae74  ti_sysbios_hal_Hwi_E_stackOverflow__C                        
0081ae78  ti_sysbios_heaps_HeapBuf_Instance_State_freeList__O          
0081ae7c  ti_sysbios_heaps_HeapBuf_Object__count__C                    
0081ae80  ti_sysbios_heaps_HeapBuf_numConstructedHeaps__C              
0081ae84  ti_sysbios_heaps_HeapMem_A_align__C                          
0081ae88  ti_sysbios_heaps_HeapMem_A_heapSize__C                       
0081ae8c  ti_sysbios_heaps_HeapMem_A_invalidFree__C                    
0081ae90  ti_sysbios_heaps_HeapMem_A_zeroBlock__C                      
0081ae94  ti_sysbios_heaps_HeapMem_E_memory__C                         
0081ae98  ti_sysbios_heaps_HeapMem_Module__diagsEnabled__C             
0081ae9c  ti_sysbios_heaps_HeapMem_Module__diagsIncluded__C            
0081aea0  ti_sysbios_heaps_HeapMem_Module__diagsMask__C                
0081aea4  ti_sysbios_heaps_HeapMem_Module__gateObj__C                  
0081aea8  ti_sysbios_heaps_HeapMem_Object__count__C                    
0081aeac  ti_sysbios_heaps_HeapMem_reqAlign__C                         
0081aeb0  ti_sysbios_knl_Clock_Module_State_clockQ__O                  
0081aeb4  ti_sysbios_knl_Semaphore_A_badContext__C                     
0081aeb8  ti_sysbios_knl_Semaphore_A_noEvents__C                       
0081aebc  ti_sysbios_knl_Semaphore_A_overflow__C                       
0081aec0  ti_sysbios_knl_Semaphore_A_pendTaskDisabled__C               
0081aec4  ti_sysbios_knl_Semaphore_Instance_State_pendQ__O             
0081aec8  ti_sysbios_knl_Semaphore_Module__diagsEnabled__C             
0081aecc  ti_sysbios_knl_Semaphore_Module__diagsIncluded__C            
0081aed0  ti_sysbios_knl_Semaphore_Module__diagsMask__C                
0081aed4  ti_sysbios_knl_Swi_Object__count__C                          
0081aed8  ti_sysbios_knl_Task_A_badPriority__C                         
0081aedc  ti_sysbios_knl_Task_A_badTaskState__C                        
0081aee0  ti_sysbios_knl_Task_A_badThreadType__C                       
0081aee4  ti_sysbios_knl_Task_A_badTimeout__C                          
0081aee8  ti_sysbios_knl_Task_A_noPendElem__C                          
0081aeec  ti_sysbios_knl_Task_A_sleepTaskDisabled__C                   
0081aef0  ti_sysbios_knl_Task_E_spOutOfBounds__C                       
0081aef4  ti_sysbios_knl_Task_E_stackOverflow__C                       
0081aef8  ti_sysbios_knl_Task_Module_State_inactiveQ__O                
0081aefc  ti_sysbios_knl_Task_Module__diagsEnabled__C                  
0081af00  ti_sysbios_knl_Task_Module__diagsIncluded__C                 
0081af04  ti_sysbios_knl_Task_Module__diagsMask__C                     
0081af08  ti_sysbios_knl_Task_Object__count__C                         
0081af0c  ti_sysbios_knl_Task_Object__heap__C                          
0081af10  ti_sysbios_knl_Task_allBlockedFunc__C                        
0081af14  ti_sysbios_knl_Task_defaultStackHeap__C                      
0081af18  ti_sysbios_knl_Task_defaultStackSize__C                      
0081af1c  ti_sysbios_knl_Task_numConstructedTasks__C                   
0081af20  ti_sysbios_timers_rti_Timer_E_cannotSupport__C               
0081af24  ti_sysbios_timers_rti_Timer_Module__diagsEnabled__C          
0081af28  ti_sysbios_timers_rti_Timer_Module__diagsIncluded__C         
0081af2c  ti_sysbios_timers_rti_Timer_Module__diagsMask__C             
0081af30  ti_sysbios_timers_rti_Timer_numTimerDevices__C               
0081af34  ti_sysbios_timers_rti_Timer_startupNeeded__C                 
0081af38  ti_sysbios_utils_Load_Module_State_taskList__O               
0081af3c  ti_sysbios_utils_Load_Module__diagsEnabled__C                
0081af40  ti_sysbios_utils_Load_Module__diagsIncluded__C               
0081af44  ti_sysbios_utils_Load_Module__diagsMask__C                   
0081af48  ti_sysbios_utils_Load_postUpdate__C                          
0081af4c  ti_sysbios_utils_Load_windowInMs__C                          
0081af50  xdc_runtime_Assert_E_assertFailed__C                         
0081af54  xdc_runtime_Core_A_initializedParams__C                      
0081af58  xdc_runtime_Core_Module__diagsEnabled__C                     
0081af5c  xdc_runtime_Core_Module__diagsIncluded__C                    
0081af60  xdc_runtime_Core_Module__diagsMask__C                        
0081af64  xdc_runtime_Error_E_memory__C                                
0081af68  xdc_runtime_Error_policyFxn__C                               
0081af6c  xdc_runtime_Error_policy__C                                  
0081af70  xdc_runtime_Error_raiseHook__C                               
0081af74  xdc_runtime_IFilterLogger_Interface__BASE__C                 
0081af78  xdc_runtime_IGateProvider_Interface__BASE__C                 
0081af7c  xdc_runtime_IHeap_Interface__BASE__C                         
0081af80  xdc_runtime_ILogger_Interface__BASE__C                       
0081af84  xdc_runtime_IModule_Interface__BASE__C                       
0081af88  xdc_runtime_LoggerBuf_E_badLevel__C                          
0081af8c  xdc_runtime_LoggerBuf_Module__gateObj__C                     
0081af90  xdc_runtime_LoggerBuf_Object__count__C                       
0081af94  xdc_runtime_LoggerBuf_statusLogger__C                        
0081af98  xdc_runtime_Memory_defaultHeapInstance__C                    
0081af9c  xdc_runtime_Startup_execImpl__C                              
0081afa0  xdc_runtime_Startup_maxPasses__C                             
0081afa4  xdc_runtime_Startup_sfxnRts__C                               
0081afa8  xdc_runtime_Startup_sfxnTab__C                               
0081afac  xdc_runtime_System_Module__gateObj__C                        
0081afb0  xdc_runtime_System_abortFxn__C                               
0081afb4  xdc_runtime_System_exitFxn__C                                
0081afb8  xdc_runtime_System_extendFxn__C                              
0081afbc  xdc_runtime_System_maxAtexitHandlers__C                      
0081afc0  xdc_runtime_Text_charTab__C                                  
0081afc4  xdc_runtime_Text_nameEmpty__C                                
0081afc8  xdc_runtime_Text_nameStatic__C                               
0081afcc  xdc_runtime_Text_nameUnknown__C                              
0081afd0  xdc_runtime_Text_nodeTab__C                                  
0081afd4  xdc_runtime_Text_visitRopeFxn__C                             
0081afd8  ti_sysbios_family_c64p_Exception_Module__id__C               
0081afda  ti_sysbios_family_c64p_Exception_useInternalBuffer__C        
0081afdc  ti_sysbios_gates_GateMutex_Module__id__C                     
0081afde  ti_sysbios_hal_Hwi_Module__id__C                             
0081afe0  ti_sysbios_heaps_HeapMem_Module__id__C                       
0081afe2  ti_sysbios_knl_Semaphore_Module__id__C                       
0081afe4  ti_sysbios_knl_Task_Module__id__C                            
0081afe6  ti_sysbios_timers_rti_Timer_Module__id__C                    
0081afe8  ti_sysbios_timers_rti_Timer_continueOnSuspend__C             
0081afea  ti_sysbios_utils_Load_Module__id__C                          
0081afec  ti_sysbios_utils_Load_autoAddTasks__C                        
0081afee  ti_sysbios_utils_Load_updateInIdle__C                        
0081aff0  xdc_runtime_Core_Module__id__C                               
0081aff2  xdc_runtime_Error_maxDepth__C                                
0081aff4  xdc_runtime_LoggerBuf_Module__id__C                          
0081aff6  xdc_runtime_LoggerBuf_filterByLevel__C                       
0081aff8  xdc_runtime_Main_Module__id__C                               
0081affa  xdc_runtime_Memory_Module__id__C                             
0081affc  xdc_runtime_Text_charCnt__C                                  
0081affe  xdc_runtime_Text_isLoaded__C                                 
0081b000  xdc_runtime_Text_registryModsLastId__C                       
0081b002  xdc_runtime_Text_unnamedModsLastId__C                        
0081b004  __TI_STATIC_BASE                                             
0081b004  gObjDetObj                                                   
0081b008  xdc_runtime_LoggerBuf_Instance_State_0_entryArr__A           
0081d000  ti_sysbios_knl_Task_Instance_State_0_stack__A                
0081d320  __TI_tmpnams                                                 
0081d460  gMmwDssMCB                                                   
0081d538  resultBuffer                                                 
0081d550  edmaDbg                                                      
0081d560  parmbuf                                                      
0081d568  ti_sysbios_knl_Task_Instance_State_0_hookEnv__A              
0081d570  ti_sysbios_family_c64p_EventCombiner_Module__state__V        
0081d970  _ftable                                                      
0081db50  _stream                                                      
0081dbf0  ti_sysbios_utils_Load_Module__state__V                       
0081dc88  ti_sysbios_knl_Swi_Module_State_0_readyQ__A                  
0081dd08  ti_sysbios_knl_Task_Module_State_0_readyQ__A                 
0081dd88  _device                                                      
0081de00  ti_sysbios_family_c64p_Hwi_Object__table__V                  
0081de78  ti_sysbios_family_c64p_Hwi_Module__state__V                  
0081dee4  _lock                                                        
0081dee8  ti_sysbios_knl_Task_Object__table__V                         
0081df44  gMailboxMCB                                                  
0081df94  ti_sysbios_knl_Task_Module__state__V                         
0081dfdc  _unlock                                                      
0081e060  SOC_TranslateAddr_LUT                                        
0081e0e0  ti_sysbios_gates_GateMutex_Object__table__V                  
0081e120  ti_sysbios_timers_rti_Timer_Object__table__V                 
0081e15c  __TI_ft_end                                                  
0081e160  gHWAHwCfg                                                    
0081e190  ti_sysbios_family_c64p_Exception_Module__state__V            
0081e1c0  ti_sysbios_knl_Swi_Object__table__V                          
0081e1f0  ti_sysbios_knl_Clock_Module__state__V                        
0081e21c  gDPC_ObjectDetectionCfg                                      
0081e240  ti_sysbios_BIOS_Module__state__V                             
0081e264  __errno                                                      
0081e264  errno                                                        
0081e268  xdc_runtime_LoggerBuf_Object__table__V                       
0081e28c  ti_sysbios_family_c64p_Cache_Module__state__V                
0081e2b0  gSOCHwAttrib                                                 
0081e2d0  xdc_runtime_Error_IgnoreBlock                                
0081e2f0  xdc_runtime_System_Module_State_0_atexitHandlers__A          
0081e310  ti_sysbios_knl_Swi_Module__state__V                          
0081e32c  ti_sysbios_heaps_HeapBuf_Module__state__V                    
0081e330  ti_sysbios_utils_Load_Module_State_0_taskEnv__A              
0081e34c  gMailboxDssBssHwCfg                                          
0081e364  gMailboxDssMssHwCfg                                          
0081e37c  xdc_runtime_Memory_Module__state__V                          
0081e380  ti_sysbios_heaps_HeapMem_Object__table__V                    
0081e398  ti_sysbios_timers_rti_Timer_Module_State_0_device__A         
0081e3b0  gDPMRemoteTable                                              
0081e3c4  xdc_runtime_Error_Module__state__V                           
0081e3c8  gHwaEDMAChanMapping                                          
0081e3d8  ti_sysbios_timers_rti_Timer_Module_State_0_intFreqs__A       
0081e3e8  ti_sysbios_timers_rti_Timer_Module__state__V                 
0081e3f8  __TI_cleanup_ptr                                             
0081e3fc  __TI_dtors_ptr                                               
0081e400  __TI_enable_exit_profile_output                              
0081e404  ti_sysbios_knl_Task_Module__root__V                          
0081e410  gDPMHwAttrib                                                 
0081e418  ti_sysbios_gates_GateHwi_Module__root__V                     
0081e420  ti_sysbios_gates_GateMutex_Module__root__V                   
0081e428  ti_sysbios_hal_Hwi_Object__table__V                          
0081e430  ti_sysbios_heaps_HeapMem_Module__root__V                     
0081e438  ti_sysbios_knl_Queue_Module__root__V                         
0081e440  ti_sysbios_knl_Semaphore_Module__root__V                     
0081e448  ti_sysbios_timers_rti_Timer_Module_State_0_handles__A        
0081e450  xdc_runtime_LoggerBuf_Module__root__V                        
0081e458  xdc_runtime_Registry_Module__state__V                        
0081e460  xdc_runtime_Startup_Module__state__V                         
0081e468  xdc_runtime_System_Module__state__V                          
0081e470  xdc_runtime_LoggerBuf_Module__state__V                       
0081e478  gHWADriverPtr                                                
0081e480  ti_sysbios_gates_GateHwi_Object__table__V                    
0081e488  ti_sysbios_knl_Task_Module_State_0_idleTask__A               
0081e490  ti_sysbios_utils_Load_Module_State_0_runningTask__A          
0081e498  ti_sysbios_utils_Load_Module_State_0_taskStartTime__A        
0081e4a0  _stack                                                       
0081eca0  __CIOBUF_                                                    
0081eca0  __TI_STACK_END                                               
0081ee7c  gAntennaSpacing                                              
0081ee84  gDPM                                                         
0081ee88  regionId                                                     
20000000  gMmwL3                                                       
21080000  gHSRAM                                                       
ffffffff  __TI_pprof_out_hndl                                          
ffffffff  __TI_prof_data_size                                          
ffffffff  __TI_prof_data_start                                         
ffffffff  __binit__                                                    
ffffffff  __c_args__                                                   
ffffffff  binit                                                        
UNDEFED   __TI_CINIT_Base                                              
UNDEFED   __TI_CINIT_Limit                                             
UNDEFED   __TI_Handler_Table_Base                                      
UNDEFED   __TI_Handler_Table_Limit                                     
UNDEFED   __TI_INITARRAY_Base                                          
UNDEFED   __TI_INITARRAY_Limit                                         
UNDEFED   __TI_TLS_INIT_Base                                           
UNDEFED   __TI_TLS_INIT_Limit                                          

[826 symbols]
