******************************************************************************
               TMS320C6x Linker PC v8.3.3                      
******************************************************************************
>> Linked Tue Oct 17 15:32:39 2023

OUTPUT FILE NAME:   <out_of_box_1843_dss_isk.xe674>
ENTRY POINT SYMBOL: "_c_int00"  address: 007ffae0


MEMORY CONFIGURATION

         name            origin    length      used     unused   attr    fill
----------------------  --------  ---------  --------  --------  ----  --------
PAGE 0:
  L2SRAM_UMAP1          007e0000   00020000  00020000  00000000  RWIX
  L2SRAM_UMAP0          00800000   00020000  0001fb28  000004d8  RWIX
  L1PSRAM               00e00000   00004000  00000000  00004000  RWIX
  L1DSRAM               00f00000   00004000  00000000  00004000  RWIX
  L3SRAM                20000000   000c0000  000c0000  00000000  RWIX
  HWA_RAM               21030000   00010000  00000000  00010000  RWIX
  HSRAM                 21080000   00008000  00008000  00000000  RWIX

PAGE 1:
  L3SRAM                20000000   000c0000  00000000  000c0000  RWIX


SEGMENT ALLOCATION MAP

run origin  load origin   length   init length attrs members
----------  ----------- ---------- ----------- ----- -------
007e0000    007e0000    00026000   00026000    r-x
  007e0000    007e0000    00000200   00000200    r-x .vecs
  007e0200    007e0200    0001fe00   0001fe00    r-x .text.1
  00800000    00800000    00005240   00005240    r-x .text.2
  00805240    00805240    00000dc0   00000dc0    r-- .const.1
00806000    00806000    00013c00   00000000    rw-
  00806000    00806000    0000c400   00000000    rw- .dpc_l2Heap
  00812400    00812400    00007800   00000000    rw- systemHeap
00819c00    00819c00    00001f88   00001f88    r--
  00819c00    00819c00    00001f88   00001f88    r-- .const.2
0081bb88    0081bb88    00002568   00000000    rw-
  0081bb88    0081bb88    00002564   00000000    rw- .far
  0081e0ec    0081e0ec    00000004   00000000    rw- .bss
0081e0f0    0081e0f0    00001970   0000104c    rw-
  0081e0f0    0081e0f0    0000104c   0000104c    rw- .fardata
  0081f140    0081f140    00000800   00000000    rw- .stack
  0081f940    0081f940    00000120   00000000    rw- .cio
0081fa60    0081fa60    000000bc   000000bc    r--
  0081fa60    0081fa60    000000bc   000000bc    r-- .switch
0081fb1c    0081fb1c    00000010   00000010    rw-
  0081fb1c    0081fb1c    00000010   00000010    rw- .neardata
20000000    20000000    000c0000   00000000    rw-
  20000000    20000000    000c0000   00000000    rw- .l3ram
21080000    21080000    00008000   00000000    rw-
  21080000    21080000    00008000   00000000    rw- .demoSharedMem


SECTION ALLOCATION MAP

 output                                  attributes/
section   page    origin      length       input sections
--------  ----  ----------  ----------   ----------------
.vecs      0    007e0000    00000200     
                  007e0000    00000200     mmw_dss_pe674.oe674 (.vecs)

.text.1    0    007e0200    0001fe00     
                  007e0200    00000ba0     sysbios.ae674 : BIOS.obj (.text:xdc_runtime_System_doPrint__I)
                  007e0da0    00000b40     libdopplerproc_hwa_xwr18xx.ae674 : dopplerprochwa.oe674 (.text:DPU_DopplerProcHWA_config)
                  007e18e0    00000aa0     libhwa_xwr18xx.ae674 : hwa.oe674 (.text:HWA_configParamSet)
                  007e2380    000009e0     librangeproc_hwa_xwr18xx.ae674 : rangeprochwa.oe674 (.text:DPU_RangeProcHWA_process)
                  007e2d60    00000860     objectdetection.oe674 (.text:DPC_ObjectDetection_ioctl)
                  007e35c0    00000840     rts6740_elf.lib : pow.c.obj (.text:pow)
                  007e3e00    00000800     librangeproc_hwa_xwr18xx.ae674 : rangeprochwa.oe674 (.text:DPU_RangeProcHWA_config)
                  007e4600    00000780     sysbios.ae674 : BIOS.obj (.text:ti_sysbios_family_c64p_Exception_handler__I)
                  007e4d80    00000740     objectdetection.oe674 (.text:DPC_ObjDet_rangeBiasRxChPhaseMeasure)
                  007e54c0    00000720     libaoaproc_hwa_xwr18xx.ae674 : aoaprochwa.oe674 (.text:AoAProcHWA_config_EDMA)
                  007e5be0    00000700                                  : aoaprochwa.oe674 (.text:HWAutil_configHWA_extendedVelocityScheme)
                  007e62e0    000006a0     sysbios.ae674 : BIOS.obj (.text:ti_sysbios_knl_Semaphore_pend__E)
                  007e6980    00000680                   : BIOS.obj (.text:ti_sysbios_heaps_HeapMem_allocUnprotected__E)
                  007e7000    00000660                   : BIOS.obj (.text:ti_sysbios_heaps_HeapMem_freeUnprotected__E)
                  007e7660    00000600     libaoaproc_hwa_xwr18xx.ae674 : aoaprochwa.oe674 (.text:DPU_AoAProcHWA_process)
                  007e7c60    000005e0     rts6740_elf.lib : divd.c.obj (.text:__c6xabi_divd)
                  007e8240    000005a0     sysbios.ae674 : BIOS.obj (.text:ti_sysbios_knl_Task_Instance_finalize__E)
                  007e87e0    00000520     objectdetection.oe674 (.text:DPC_ObjDet_AoAconfig)
                  007e8d00    000004c0     librangeproc_hwa_xwr18xx.ae674 : rangeprochwa.oe674 (.text:rangeProcHWA_ConfigEDMA_DataOut_nonInterleave)
                  007e91c0    000004a0     objectdetection.oe674 (.text:DPC_ObjectDetection_execute)
                  007e9660    00000480     dss_main.oe674 (.text:MmwDemo_DPC_ObjectDetection_dpmTask)
                  007e9ae0    00000460     libhwa_xwr18xx.ae674 : hwa.oe674 (.text:HWA_configCommon)
                  007e9f40    00000440     sysbios.ae674 : BIOS.obj (.text:ti_sysbios_knl_Task_Instance_init__E)
                  007ea380    00000420     libmailbox_xwr18xx.ae674 : mailbox.oe674 (.text:Mailbox_open)
                  007ea7a0    00000400     objectdetection.oe674 (.text:DPC_ObjDet_preStartConfig)
                  007eaba0    000003e0     libaoaproc_hwa_xwr18xx.ae674 : aoaprochwa.oe674 (.text:DPU_AoAProcHWA_config)
                  007eaf80    000003e0     sysbios.ae674 : BIOS.obj (.text:ti_sysbios_knl_Task_sleep__E)
                  007eb360    000003e0                   : BIOS.obj (.text:ti_sysbios_utils_Load_updateThreadContexts__E)
                  007eb740    000003c0     libaoaproc_hwa_xwr18xx.ae674 : aoaprochwa.oe674 (.text:AoAProcHWA_angleEstimationAzimElev)
                  007ebb00    000003a0     libedma_xwr18xx.ae674 : edma.oe674 (.text:EDMA_paramConfig_assist)
                  007ebea0    000003a0     librangeproc_hwa_xwr18xx.ae674 : rangeprochwa.oe674 (.text:rangeProcHWA_ConfigHWA)
                  007ec240    00000360     objectdetection.oe674 (.text:DPC_ObjDet_rangeConfig)
                  007ec5a0    00000360     libdpm_xwr18xx.ae674 : dpm_core.oe674 (.text:DPM_init)
                  007ec900    00000360                          : dpm_msg.oe674 (.text:DPM_msgRecv)
                  007ecc60    00000340     libstaticclutterproc_xwr18xx.ae674 : staticclutterproc.oe674 (.text:DPU_StaticClutterProc_process)
                  007ecfa0    00000320     libedma_xwr18xx.ae674 : edma.oe674 (.text:EDMA_configChannel)
                  007ed2c0    00000320     rts6740_elf.lib : cos.c.obj (.text:cos)
                  007ed5e0    00000320                     : fputs.c.obj (.text:fputs)
                  007ed900    00000300     libaoaproc_hwa_xwr18xx.ae674 : aoaprochwa.oe674 (.text:HWAutil_configHWA_azimuthHeatMap)
                  007edc00    00000300     sysbios.ae674 : BIOS.obj (.text:xdc_runtime_LoggerBuf_write8__E)
                  007edf00    000002e0     libaoaproc_hwa_xwr18xx.ae674 : aoaprochwa.oe674 (.text:AoAProcHWA_XYZestimation)
                  007ee1e0    000002e0     rts6740_elf.lib : sin.c.obj (.text:sin)
                  007ee4c0    000002e0     sysbios.ae674 : BIOS.obj (.text:ti_sysbios_heaps_HeapMem_Instance_init__E)
                  007ee7a0    000002e0                   : BIOS.obj (.text:xdc_runtime_Core_createObject__I)
                  007eea80    000002c0     objectdetection.oe674 (.text:DPC_ObjDet_dopplerConfig)
                  007eed40    000002c0     libedma_xwr18xx.ae674 : edma.oe674 (.text:EDMA_configErrorMonitoring)
                  007ef000    000002c0                           : edma.oe674 (.text:EDMA_open)
                  007ef2c0    000002c0     sysbios.ae674 : BIOS.obj (.text:ti_sysbios_knl_Task_postInit__I)
                  007ef580    000002c0                   : BIOS.obj (.text:ti_sysbios_timers_rti_Timer_Module_startup__E)
                  007ef840    000002a0     objectdetection.oe674 (.text:DPC_ObjectDetection_init)
                  007efae0    000002a0     libcfarcaproc_hwa_xwr18xx.ae674 : cfarcaprochwa.oe674 (.text:DPU_CFARCAProcHWA_process)
                  007efd80    000002a0     libhwa_xwr18xx.ae674 : hwa.oe674 (.text:HWA_open)
                  007f0020    000002a0     sysbios.ae674 : BIOS.obj (.text:ti_sysbios_family_c64p_EventCombiner_dispatch__E)
                  007f02c0    000002a0                   : BIOS.obj (.text:ti_sysbios_timers_rti_Timer_getFreq__E)
                  007f0560    00000280     libaoaproc_hwa_xwr18xx.ae674 : aoaprochwa.oe674 (.text:AoAProcHWA_PrepareRangeAzimuthHeatmap)
                  007f07e0    00000280     rts6740_elf.lib : divf.c.obj (.text:__c6xabi_divf)
                  007f0a60    00000280     sysbios.ae674 : BIOS.obj (.text:ti_sysbios_family_c64p_Cache_Module_startup__E)
                  007f0ce0    00000280                   : BIOS.obj (.text:xdc_runtime_Startup_startMods__I)
                  007f0f60    00000260     libaoaproc_hwa_xwr18xx.ae674 : aoaprochwa.oe674 (.text:AoAProcHWA_config_azimuthHeatMap_EDMA)
                  007f11c0    00000260     rts6740_elf.lib : imath64.c.obj (.text:__c6xabi_divull)
                  007f1420    00000260     sysbios.ae674 : BIOS.obj (.text:ti_sysbios_gates_GateMutex_enter__E)
                  007f1680    00000240     objectdetection.oe674 (.text:DPC_ObjDet_CFARCAconfig)
                  007f18c0    00000240     libedma_xwr18xx.ae674 : edma.oe674 (.text:EDMA_transferComplete_isr)
                  007f1b00    00000240     dss_main.oe674 (.text:MmwDemo_dssInitTask)
                  007f1d40    00000240     sysbios.ae674 : BIOS.obj (.text:ti_sysbios_family_c64p_Exception_internalHandler__I)
                  007f1f80    00000240                   : BIOS.obj (.text:xdc_runtime_Error_policyDefault__E)
                  007f21c0    00000240     mmw_dss_pe674.oe674 (.text:xdc_runtime_System_printfExtend__I)
                  007f2400    00000220     libcfarcaproc_hwa_xwr18xx.ae674 : cfarcaprochwa.oe674 (.text:DPU_CFARCAProcHWA_config)
                  007f2620    00000220     libmailbox_xwr18xx.ae674 : mailbox.oe674 (.text:Mailbox_write)
                  007f2840    00000220     libaoaproc_hwa_xwr18xx.ae674 : aoaprochwa.oe674 (.text:aoaHwa_dopplerCompensation)
                  007f2a60    00000220     sysbios.ae674 : BIOS.obj (.text:ti_sysbios_family_c64p_EventCombiner_dispatchPlug__E)
                  007f2c80    00000220                   : BIOS.obj (.text:ti_sysbios_family_c64p_EventCombiner_enableEvent__E)
                  007f2ea0    00000220                   : BIOS.obj (.text:xdc_runtime_LoggerBuf_write4__E)
                  007f30c0    00000200     libdpm_xwr18xx.ae674 : dpm_msg.oe674 (.text:DPM_msgResultHandler)
                  007f32c0    00000200     libaoaproc_hwa_xwr18xx.ae674 : aoaprochwa.oe674 (.text:DPU_AoAProcHWA_init)
                  007f34c0    00000200     sysbios.ae674 : c64p_Hwi_disp_always.obj (.text:_ti_sysbios_family_c64p_Hwi_dispatchAlways)
                  007f36c0    00000200     rts6740_elf.lib : atan.c.obj (.text:atan)
                  007f38c0    00000200     libmathutils.ae674 : mathutils.oe674 (.text:mathUtils_genWindow)
                  007f3ac0    00000200     sysbios.ae674 : BIOS.obj (.text:ti_sysbios_family_c64p_EventCombiner_disableEvent__E)
                  007f3cc0    00000200                   : BIOS.obj (.text:ti_sysbios_utils_Load_idleFxn__E)
                  007f3ec0    00000200                   : BIOS.obj (.text:xdc_runtime_Core_constructObject__I)
                  007f40c0    000001e0     libedma_xwr18xx.ae674 : edma.oe674 (.text:EDMA_init)
                  007f42a0    000001e0     sysbios.ae674 : BIOS.obj (.text:ti_sysbios_knl_Semaphore_post__E)
                  007f4480    000001c0     libdpedma_hwa_xwr18xx.ae674 : dpedma.oe674 (.text:DPEDMA_configSyncAB)
                  007f4640    000001c0                                 : dpedma.oe674 (.text:DPEDMA_configSyncA_singleFrame)
                  007f4800    000001c0     librangeproc_hwa_xwr18xx.ae674 : rangeprochwa.oe674 (.text:DPU_RangeProcHWA_control)
                  007f49c0    000001c0     libstaticclutterproc_xwr18xx.ae674 : staticclutterproc.oe674 (.text:DPU_StaticClutterProc_configEdma)
                  007f4b80    000001c0     libcfarcaproc_hwa_xwr18xx.ae674 : cfarcaprochwa.oe674 (.text:HWAutil_configCFAR)
                  007f4d40    000001c0     libmailbox_xwr18xx.ae674 : mailbox.oe674 (.text:Mailbox_read)
                  007f4f00    000001c0     libsoc_xwr18xx.ae674 : soc.oe674 (.text:SOC_deregisterSysIntListener)
                  007f50c0    000001c0     rts6740_elf.lib : atan2.c.obj (.text:atan2)
                  007f5280    000001c0                     : fputc.c.obj (.text:fputc)
                  007f5440    000001c0                     : frexp.c.obj (.text:frexp)
                  007f5600    000001c0     librangeproc_hwa_xwr18xx.ae674 : rangeprochwa.oe674 (.text:rangeProcHWA_ConfigEDMADummyThreeLinks)
                  007f57c0    000001c0     rts6740_elf.lib : setvbuf.c.obj (.text:setvbuf)
                  007f5980    000001c0     sysbios.ae674 : BIOS.obj (.text:ti_sysbios_knl_Swi_restoreHwi__E)
                  007f5b40    000001c0                   : BIOS.obj (.text:ti_sysbios_knl_Task_checkStacks__E)
                  007f5d00    000001c0                   : BIOS.obj (.text:xdc_runtime_Text_putSite__E)
                  007f5ec0    000001a0     libcfarcaproc_hwa_xwr18xx.ae674 : cfarcaprochwa.oe674 (.text:CFARHWA_cfarRange_AND_cfarDoppler)
                  007f6060    000001a0                                     : cfarcaprochwa.oe674 (.text:DPU_CFARCAProcHWA_control)
                  007f6200    000001a0     libdopplerproc_hwa_xwr18xx.ae674 : dopplerprochwa.oe674 (.text:DPU_DopplerProcHWA_init)
                  007f63a0    000001a0                                      : dopplerprochwa.oe674 (.text:DPU_DopplerProcHWA_process)
                  007f6540    000001a0     librangeproc_hwa_xwr18xx.ae674 : rangeprochwa.oe674 (.text:DPU_RangeProcHWA_init)
                  007f66e0    000001a0     rts6740_elf.lib : hostrename.c.obj (.text:HOSTrename)
                  007f6880    000001a0     sysbios.ae674 : BIOS.obj (.text:ti_sysbios_family_c64p_Cache_getL2InitSize__I)
                  007f6a20    000001a0                   : BIOS.obj (.text:ti_sysbios_heaps_HeapBuf_Module_startup__E)
                  007f6bc0    000001a0                   : BIOS.obj (.text:ti_sysbios_knl_Swi_runLoop__I)
                  007f6d60    000001a0                   : BIOS.obj (.text:ti_sysbios_knl_Task_exit__E)
                  007f6f00    000001a0                   : BIOS.obj (.text:ti_sysbios_timers_rti_Timer_startup__E)
                  007f70a0    00000180     libdpm_xwr18xx.ae674 : dpm_core.oe674 (.text:DPM_deinit)
                  007f7220    00000180                          : dpm_core.oe674 (.text:DPM_ioctl)
                  007f73a0    00000180     libaoaproc_hwa_xwr18xx.ae674 : aoaprochwa.oe674 (.text:DPU_AoAProcHWA_control)
                  007f7520    00000180     libhwa_xwr18xx.ae674 : hwa.oe674 (.text:HWA_enableParamSetInterrupt)
                  007f76a0    00000180     dss_main.oe674 (.text:MmwDemo_sensorStopEpilog)
                  007f7820    00000180     rts6740_elf.lib : ldexp.c.obj (.text:ldexp)
                  007f79a0    00000180     sysbios.ae674 : c64p_Exception_asm.obj (.text)
                  007f7b20    00000180                   : BIOS.obj (.text:ti_sysbios_knl_Task_schedule__I)
                  007f7ca0    00000180                   : BIOS.obj (.text:ti_sysbios_utils_Load_startup__E)
                  007f7e20    00000160     objectdetection.oe674 (.text:DPC_ObjDet_staticClutterConfig)
                  007f7f80    00000160     libdpm_xwr18xx.ae674 : dpm_msg.oe674 (.text:DPM_msgResponseHandler)
                  007f80e0    00000160     libedma_xwr18xx.ae674 : edma.oe674 (.text:EDMA_getErrorStatusInfo)
                  007f8240    00000160     libhwa_xwr18xx.ae674 : hwa.oe674 (.text:HWA_paramDoneISR)
                  007f83a0    00000160     libmailbox_xwr18xx.ae674 : mailbox.oe674 (.text:Mailbox_close)
                  007f8500    00000160     libsoc_xwr18xx.ae674 : soc.oe674 (.text:SOC_registerSysIntListener)
                  007f8660    00000160     dbscan.oe674 (.text:expand)
                  007f87c0    00000160     rts6740_elf.lib : sqrt.c.obj (.text:sqrt)
                  007f8920    00000160     sysbios.ae674 : BIOS.obj (.text:ti_sysbios_family_c64p_Cache_getL1DInitSize__I)
                  007f8a80    00000160                   : BIOS.obj (.text:ti_sysbios_family_c64p_Cache_getL1PInitSize__I)
                  007f8be0    00000160                   : BIOS.obj (.text:ti_sysbios_family_c64p_Hwi_Module_startup__E)
                  007f8d40    00000160                   : BIOS.obj (.text:xdc_runtime_Core_deleteObject__I)
                  007f8ea0    00000160                   : BIOS.obj (.text:xdc_runtime_LoggerBuf_getFilterLevel__E)
                  007f9000    00000160                   : BIOS.obj (.text:xdc_runtime_LoggerBuf_setFilterLevel__E)
                  007f9160    00000140     libaoaproc_hwa_xwr18xx.ae674 : aoaprochwa.oe674 (.text:AoAProcHWA_ConvertFov)
                  007f92a0    00000140     libdpedma_hwa_xwr18xx.ae674 : dpedmahwa.oe674 (.text:DPEDMAHWA_configTwoHotSignature)
                  007f93e0    00000140     libedma_xwr18xx.ae674 : edma_low_level.oe674 (.text:EDMA3Init)
                  007f9520    00000140                           : edma.oe674 (.text:EDMA_clearErrors)
                  007f9660    00000140                           : edma.oe674 (.text:EDMA_startTransfer)
                  007f97a0    00000140     libhwa_xwr18xx.ae674 : hwa.oe674 (.text:HWA_configRam)
                  007f98e0    00000140     libsoc_xwr18xx.ae674 : soc.oe674 (.text:SOC_init)
                  007f9a20    00000140     rts6740_elf.lib : perror.c.obj (.text:perror)
                  007f9b60    00000140     librangeproc_hwa_xwr18xx.ae674 : rangeprochwa.oe674 (.text:rangeProcHWA_ConfigEDMA_DataIn)
                  007f9ca0    00000140     sysbios.ae674 : BIOS.obj (.text:ti_sysbios_knl_Semaphore_Instance_init__E)
                  007f9de0    00000140                   : BIOS.obj (.text:ti_sysbios_knl_Task_Module_startup__E)
                  007f9f20    00000140                   : BIOS.obj (.text:ti_sysbios_knl_Task_startCore__E)
                  007fa060    00000140                   : BIOS.obj (.text:ti_sysbios_timers_rti_Timer_initDevice__I)
                  007fa1a0    00000140                   : BIOS.obj (.text:ti_sysbios_utils_Load_addTask__E)
                  007fa2e0    00000140                   : BIOS.obj (.text:ti_sysbios_utils_Load_updateLoads__E)
                  007fa420    00000140                   : BIOS.obj (.text:xdc_runtime_Memory_alloc__E)
                  007fa560    00000140                   : BIOS.obj (.text:xdc_runtime_Text_putLab__E)
                  007fa6a0    00000140                   : BIOS.obj (.text:xdc_runtime_Text_putMod__E)
                  007fa7e0    00000140                   : BIOS.obj (.text:xdc_runtime_Text_visitRope2__I)
                  007fa920    00000120     objectdetection.oe674 (.text:DPC_ObjDet_GetRxChPhaseComp)
                  007faa40    00000120     objectdetection.oe674 (.text:DPC_ObjDet_reconfigSubFrame)
                  007fab60    00000120     libdpedma_hwa_xwr18xx.ae674 : dpedmahwa.oe674 (.text:DPEDMAHWA_configOneHotSignature)
                  007fac80    00000120     libdpm_xwr18xx.ae674 : dpm_msg.oe674 (.text:DPM_msgDPCCfgHandler)
                  007fada0    00000120     libedma_xwr18xx.ae674 : edma.oe674 (.text:EDMA_configParamSet)
                  007faec0    00000120     boot.ae674 : autoinit.oe674 (.text:_auto_init_elf)
                  007fafe0    00000120     rts6740_elf.lib : getdevice.c.obj (.text:getdevice)
                  007fb100    00000120     sysbios.ae674 : BIOS.obj (.text:ti_sysbios_knl_Clock_workFunc__E)
                  007fb220    00000120                   : BIOS.obj (.text:ti_sysbios_timers_rti_Timer_setPeriodMicroSecs__E)
                  007fb340    00000120                   : BIOS.obj (.text:ti_sysbios_utils_Load_taskCreateHook__E)
                  007fb460    00000120                   : BIOS.obj (.text:ti_sysbios_utils_Load_taskDeleteHook__E)
                  007fb580    00000100     libaoaproc_hwa_xwr18xx.ae674 : aoaprochwa.oe674 (.text:AoAProcHWA_cfgAndTrigger_EDMA_2DFFT)
                  007fb680    00000100     libcfarcaproc_hwa_xwr18xx.ae674 : cfarcaprochwa.oe674 (.text:DPU_CFARCAProcHWA_init)
                  007fb780    00000100     libstaticclutterproc_xwr18xx.ae674 : staticclutterproc.oe674 (.text:DPU_StaticClutterProc_config)
                  007fb880    00000100     libhwa_xwr18xx.ae674 : hwa.oe674 (.text:HWA_disableParamSetInterrupt)
                  007fb980    00000100     libmailbox_xwr18xx.ae674 : mailbox.oe674 (.text:Mailbox_readFlush)
                  007fba80    00000100     libsoc_xwr18xx.ae674 : soc_xwr18xx_dss.oe674 (.text:SOC_deviceInit)
                  007fbb80    00000100                          : soc_xwr18xx.oe674 (.text:SOC_translateAddress)
                  007fbc80    00000100     rts6740_elf.lib : fclose.c.obj (.text:__TI_closefile)
                  007fbd80    00000100                     : fflush.c.obj (.text:fflush)
                  007fbe80    00000100                     : fseek.c.obj (.text:fseek)
                  007fbf80    00000100     dss_main.oe674 (.text:main)
                  007fc080    00000100     dbscan.oe674 (.text:spread)
                  007fc180    00000100     sysbios.ae674 : BIOS.obj (.text:xdc_runtime_Error_print__E)
                  007fc280    00000100                   : BIOS.obj (.text:xdc_runtime_Startup_exec__E)
                  007fc380    000000e0     objectdetection.oe674 (.text:DPC_ObjectDetection_deinit)
                  007fc460    000000e0     libdpm_xwr18xx.ae674 : dpm_core.oe674 (.text:DPM_execute)
                  007fc540    000000e0                          : dpm_pipe.oe674 (.text:DPM_pipeSend)
                  007fc620    000000e0     libedma_xwr18xx.ae674 : edma.oe674 (.text:EDMA_error_isr)
                  007fc700    000000e0                           : edma.oe674 (.text:EDMA_isTransferComplete)
                  007fc7e0    000000e0     rts6740_elf.lib : hostlseek.c.obj (.text:HOSTlseek)
                  007fc8c0    000000e0                     : hostopen.c.obj (.text:HOSTopen)
                  007fc9a0    000000e0                     : hostwrite.c.obj (.text:HOSTwrite)
                  007fca80    000000e0     libmailbox_xwr18xx.ae674 : mailbox.oe674 (.text:Mailbox_boxFullISRMssDss)
                  007fcb60    000000e0                              : mailbox.oe674 (.text:Mailbox_init)
                  007fcc40    000000e0     dss_main.oe674 (.text:MmwDemo_DPC_ObjectDetection_reportFxn)
                  007fcd20    000000e0     rts6740_elf.lib : _io_perm.c.obj (.text:__TI_wrt_ok)
                  007fce00    000000e0                     : divi.asm.obj (.text:__divi)
                  007fcee0    000000e0                     : close.c.obj (.text:close)
                  007fcfc0    000000e0                     : exit.c.obj (.text:exit)
                  007fd0a0    000000e0     dbscan.oe674 (.text:get_epsilon_neighbours)
                  007fd180    000000e0     rts6740_elf.lib : memset.c.obj (.text:memset)
                  007fd260    000000e0     sysbios.ae674 : BIOS.obj (.text:ti_sysbios_utils_Load_updateCurrentThreadTime__E)
                  007fd340    000000c0     libcfarcaproc_hwa_xwr18xx.ae674 : cfarcaprochwa.oe674 (.text:CFARCAHWA_config_EDMA)
                  007fd400    000000c0                                     : cfarcaprochwa.oe674 (.text:CFARHWA_prepareHwaRunTime)
                  007fd4c0    000000c0     objectdetection.oe674 (.text:DPC_ObjectDetection_frameStart)
                  007fd580    000000c0     libdpm_xwr18xx.ae674 : dpm_mailbox.oe674 (.text:DPM_mboxRemoteMailboxCallbackFxn)
                  007fd640    000000c0                          : dpm_core.oe674 (.text:DPM_sendResult)
                  007fd700    000000c0     libedma_xwr18xx.ae674 : edma.oe674 (.text:EDMA_startDmaTransfer)
                  007fd7c0    000000c0     rts6740_elf.lib : hostread.c.obj (.text:HOSTread)
                  007fd880    000000c0                     : hostunlink.c.obj (.text:HOSTunlink)
                  007fd940    000000c0     libhwa_xwr18xx.ae674 : hwa.oe674 (.text:HWA_getDMAChanIndex)
                  007fda00    000000c0                          : hwa.oe674 (.text:HWA_getDMAconfig)
                  007fdac0    000000c0                          : hwa.oe674 (.text:HWA_getDriverAccess)
                  007fdb80    000000c0                          : hwa.oe674 (.text:HWA_getHWAMemInfo)
                  007fdc40    000000c0     libmailbox_xwr18xx.ae674 : mailbox.oe674 (.text:Mailbox_boxFullISRProcessing)
                  007fdd00    000000c0     data_path.oe674 (.text:MmwDemo_edmaOpen)
                  007fddc0    000000c0     objectdetection.oe674 (.text:_DPC_Objdet_Assert)
                  007fde80    000000c0     rts6740_elf.lib : fflush.c.obj (.text:__TI_doflush)
                  007fdf40    000000c0                     : divu.asm.obj (.text:__divu)
                  007fe000    000000c0     dbscan.oe674 (.text:euclidean_dist)
                  007fe0c0    000000c0     rts6740_elf.lib : modf.c.obj (.text:modf)
                  007fe180    000000c0     librangeproc_hwa_xwr18xx.ae674 : rangeprochwa.oe674 (.text:rangeProcHWA_ConfigHWACommon)
                  007fe240    000000c0     sysbios.ae674 : BIOS.obj (.text:ti_sysbios_family_c64p_Hwi_dispatchCore__I)
                  007fe300    000000c0                   : BIOS.obj (.text:ti_sysbios_heaps_HeapMem_alloc__E)
                  007fe3c0    000000c0                   : BIOS.obj (.text:ti_sysbios_heaps_HeapMem_getStats__E)
                  007fe480    000000c0                   : BIOS.obj (.text:ti_sysbios_knl_Swi_schedule__I)
                  007fe540    000000c0                   : BIOS.obj (.text:ti_sysbios_knl_Task_allBlockedFunction__I)
                  007fe600    000000c0     mmw_dss_pe674.oe674 (.text:ti_sysbios_knl_Task_create)
                  007fe6c0    000000c0     sysbios.ae674 : BIOS.obj (.text:ti_sysbios_knl_Task_stat__E)
                  007fe780    000000c0                   : BIOS.obj (.text:ti_sysbios_utils_Load_taskSwitchHook__E)
                  007fe840    000000c0     rts6740_elf.lib : tls.c.obj (.text:tls:init:__TI_tls_init)
                  007fe900    000000c0     sysbios.ae674 : BIOS.obj (.text:xdc_runtime_Assert_raise__I)
                  007fe9c0    000000c0                   : BIOS.obj (.text:xdc_runtime_LoggerBuf_Instance_init__E)
                  007fea80    000000c0     mmw_dss_pe674.oe674 (.text:xdc_runtime_LoggerBuf_Object__create__S)
                  007feb40    000000a0     libcfarcaproc_hwa_xwr18xx.ae674 : cfarcaprochwa.oe674 (.text:CFARHWA_fovConvertDoppler)
                  007febe0    000000a0                                     : cfarcaprochwa.oe674 (.text:CFARHWA_saveConfiguration)
                  007fec80    000000a0     objectdetection.oe674 (.text:DPC_ObjectDetection_start)
                  007fed20    000000a0     libdpedma_hwa_xwr18xx.ae674 : dpedma.oe674 (.text:DPEDMA_setup_shadow_link)
                  007fedc0    000000a0     libdpm_xwr18xx.ae674 : dpm_mailbox.oe674 (.text:DPM_mboxInit)
                  007fee60    000000a0                          : dpm_msg.oe674 (.text:DPM_msgStartHandler)
                  007fef00    000000a0                          : dpm_msg.oe674 (.text:DPM_msgStopHandler)
                  007fefa0    000000a0                          : dpm_core.oe674 (.text:DPM_notifyExecute)
                  007ff040    000000a0                          : dpm_pipe.oe674 (.text:DPM_pipeRecv)
                  007ff0e0    000000a0     libedma_xwr18xx.ae674 : edma_low_level.oe674 (.text:EDMA3EnableChInShadowReg)
                  007ff180    000000a0                           : edma.oe674 (.text:EDMA_disableChannel)
                  007ff220    000000a0                           : edma.oe674 (.text:EDMA_enableChannel)
                  007ff2c0    000000a0                           : edma.oe674 (.text:EDMA_transferController_error_isr)
                  007ff360    000000a0     rts6740_elf.lib : hostclose.c.obj (.text:HOSTclose)
                  007ff400    000000a0     libhwa_xwr18xx.ae674 : hwa.oe674 (.text:HWA_deleteInstance)
                  007ff4a0    000000a0                          : hwa.oe674 (.text:HWA_disableDoneInterrupt)
                  007ff540    000000a0                          : hwa.oe674 (.text:HWA_enable)
                  007ff5e0    000000a0                          : hwa.oe674 (.text:HWA_enableDoneInterrupt)
                  007ff680    000000a0                          : hwa.oe674 (.text:HWA_readCFARPeakCountReg)
                  007ff720    000000a0     libmailbox_xwr18xx.ae674 : mailbox.oe674 (.text:Mailbox_boxEmptyISRProcessing)
                  007ff7c0    000000a0     libsoc_xwr18xx.ae674 : soc.oe674 (.text:SOC_SystemISR)
                  007ff860    000000a0     rts6740_elf.lib : fopen.c.obj (.text:__TI_cleanup)
                  007ff900    000000a0                     : fixfu.c.obj (.text:__c6xabi_fixfu)
                  007ff9a0    000000a0                     : round.c.obj (.text:__c6xabi_nround)
                  007ffa40    000000a0                     : remu.asm.obj (.text:__remu)
                  007ffae0    000000a0     boot.ae674 : boot.oe674 (.text:_c_int00)
                  007ffb80    000000a0     mmw_dss_pe674.oe674 (.text:calloc)
                  007ffc20    000000a0     dbscan.oe674 (.text:dbscan)
                  007ffcc0    000000a0     rts6740_elf.lib : getdevice.c.obj (.text:finddevice)
                  007ffd60    000000a0                     : memcpy64.asm.obj (.text:memcpy)
                  007ffe00    000000a0     libmmwavealg_xwr18xx.ae674 : mmwavelib_vecsum.oe674 (.text:mmwavelib_vecsum)
                  007ffea0    000000a0     mathlib.ae674 : sqrtsp.oe674 (.text:optasm)
                  007fff40    000000a0     sysbios.ae674 : BIOS.obj (.text:ti_sysbios_family_c64p_Exception_Module_startup__E)
                  007fffe0    00000020     libaoaproc_hwa_xwr18xx.ae674 : aoaprochwa.oe674 (.text:AOAProcHWADoneIsrCallback)

.text.2    0    00800000    00005240     
                  00800000    000000a0     sysbios.ae674 : BIOS.obj (.text:ti_sysbios_family_c64p_Hwi_dispatchC__I)
                  008000a0    000000a0                   : BIOS.obj (.text:ti_sysbios_family_c64p_Hwi_getStackInfo__E)
                  00800140    000000a0                   : BIOS.obj (.text:ti_sysbios_hal_Hwi_checkStack)
                  008001e0    000000a0                   : BIOS.obj (.text:ti_sysbios_knl_Semaphore_pendTimeout__I)
                  00800280    000000a0                   : BIOS.obj (.text:xdc_runtime_Core_assignLabel__I)
                  00800320    000000a0                   : BIOS.obj (.text:xdc_runtime_Core_assignParams__I)
                  008003c0    000000a0                   : BIOS.obj (.text:xdc_runtime_LoggerBuf_Module_startup__E)
                  00800460    000000a0                   : BIOS.obj (.text:xdc_runtime_System_atexit__E)
                  00800500    000000a0                   : BIOS.obj (.text:xdc_runtime_System_exit__E)
                  008005a0    000000a0                   : BIOS.obj (.text:xdc_runtime_Text_printVisFxn__I)
                  00800640    000000a0                   : BIOS.obj (.text:xdc_runtime_Text_xprintf__I)
                  008006e0    00000080     libaoaproc_hwa_xwr18xx.ae674 : aoaprochwa.oe674 (.text:AoAProc_HWAutil_configCommon)
                  00800760    00000080     libcfarcaproc_hwa_xwr18xx.ae674 : cfarcaprochwa.oe674 (.text:CFARHWA_convHwaCfarDetListToDetMask)
                  008007e0    00000080                                     : cfarcaprochwa.oe674 (.text:CFARHWA_fovConvertRange)
                  00800860    00000080     objectdetection.oe674 (.text:DPC_ObjDet_GetAntGeometryDef)
                  008008e0    00000080     objectdetection.oe674 (.text:DPC_ObjectDetection_stop)
                  00800960    00000080     libdpm_xwr18xx.ae674 : dpm_mailbox.oe674 (.text:DPM_mboxSendResult)
                  008009e0    00000080                          : dpm_pipe.oe674 (.text:DPM_pipeDeinit)
                  00800a60    00000080                          : dpm_pipe.oe674 (.text:DPM_pipeInit)
                  00800ae0    00000080                          : dpm_core.oe674 (.text:DPM_synch)
                  00800b60    00000080     librangeproc_hwa_xwr18xx.ae674 : rangeprochwa.oe674 (.text:DPU_RangeProcHWA_deinit)
                  00800be0    00000080     libstaticclutterproc_xwr18xx.ae674 : staticclutterproc.oe674 (.text:DPU_StaticClutterProc_init)
                  00800c60    00000080                                        : staticclutterproc.oe674 (.text:DPU_StaticClutterProc_waitInData)
                  00800ce0    00000080                                        : staticclutterproc.oe674 (.text:DPU_StaticClutterProc_waitOutData)
                  00800d60    00000080     libedma_xwr18xx.ae674 : edma_low_level.oe674 (.text:EDMA3MapChToEvtQ)
                  00800de0    00000080                           : edma.oe674 (.text:EDMA_getTransferControllerErrorStatusInfo)
                  00800e60    00000080                           : edma.oe674 (.text:EDMA_linkParamSets)
                  00800ee0    00000080     libhwa_xwr18xx.ae674 : hwa.oe674 (.text:HWA_reset)
                  00800f60    00000080                          : hwa.oe674 (.text:HWA_setDMA2ACCManualTrig)
                  00800fe0    00000080     data_path.oe674 (.text:MmwDemo_dataPathInit)
                  00801060    00000080     libosal_xwr18xx.ae674 : SemaphoreP_tirtos.oe674 (.text:SemaphoreP_create)
                  008010e0    00000080     rts6740_elf.lib : trgmsg.c.obj (.text:__TI_readmsg)
                  00801160    00000080                     : fixdu.c.obj (.text:__c6xabi_fixdu)
                  008011e0    00000080                     : llshift.c.obj (.text:__c6xabi_llshl)
                  00801260    00000080     sysbios.ae674 : c62_TaskSupport_asm.obj (.text:_ti_sysbios_family_c62_TaskSupport_swap__E)
                  008012e0    00000080     dbscan.oe674 (.text:append_at_end)
                  00801360    00000080     dbscan.oe674 (.text:destroy_epsilon_neighbours)
                  008013e0    00000080     librangeproc_hwa_xwr18xx.ae674 : rangeprochwa.oe674 (.text:rangeProcHWA_ConfigEDMATranspose)
                  00801460    00000080     mmw_dss_pe674.oe674 (.text:ti_sysbios_BIOS_atExitFunc__I)
                  008014e0    00000080     mmw_dss_pe674.oe674 (.text:ti_sysbios_BIOS_registerRTSLock__I)
                  00801560    00000080     mmw_dss_pe674.oe674 (.text:ti_sysbios_gates_GateHwi_Object__create__S)
                  008015e0    00000080     mmw_dss_pe674.oe674 (.text:ti_sysbios_gates_GateMutex_Object__create__S)
                  00801660    00000080     mmw_dss_pe674.oe674 (.text:ti_sysbios_heaps_HeapMem_Object__create__S)
                  008016e0    00000080     sysbios.ae674 : BIOS.obj (.text:ti_sysbios_heaps_HeapMem_init__I)
                  00801760    00000080     mmw_dss_pe674.oe674 (.text:ti_sysbios_knl_Clock_doTick__I)
                  008017e0    00000080     sysbios.ae674 : BIOS.obj (.text:ti_sysbios_knl_Idle_run__E)
                  00801860    00000080     mmw_dss_pe674.oe674 (.text:ti_sysbios_knl_Semaphore_create)
                  008018e0    00000080     sysbios.ae674 : BIOS.obj (.text:ti_sysbios_knl_Swi_post__E)
                  00801960    00000080                   : BIOS.obj (.text:ti_sysbios_knl_Swi_startup__E)
                  008019e0    00000080                   : BIOS.obj (.text:ti_sysbios_knl_Task_processVitalTaskFlag__I)
                  00801a60    00000080                   : BIOS.obj (.text:ti_sysbios_knl_Task_restore__E)
                  00801ae0    00000080                   : BIOS.obj (.text:ti_sysbios_knl_Task_sleepTimeout__I)
                  00801b60    00000080     mmw_dss_pe674.oe674 (.text:ti_sysbios_rts_MemAlloc_alloc)
                  00801be0    00000080     sysbios.ae674 : BIOS.obj (.text:ti_sysbios_timers_rti_Timer_setPeriod__E)
                  00801c60    00000080                   : BIOS.obj (.text:ti_sysbios_timers_rti_Timer_stop__E)
                  00801ce0    00000080     rts6740_elf.lib : unlink.c.obj (.text:unlink)
                  00801d60    00000080     sysbios.ae674 : BIOS.obj (.text:xdc_runtime_System_avprintf__E)
                  00801de0    00000080                   : BIOS.obj (.text:xdc_runtime_System_vprintf__E)
                  00801e60    00000060     libaoaproc_hwa_xwr18xx.ae674 : aoaprochwa.oe674 (.text:AOAHWA_waitEdma)
                  00801ec0    00000060     libcfarcaproc_hwa_xwr18xx.ae674 : cfarcaprochwa.oe674 (.text:CFARHWA_triggerCFAR)
                  00801f20    00000060     objectdetection.oe674 (.text:DPC_ObjDet_GenDopplerWindow)
                  00801f80    00000060     objectdetection.oe674 (.text:DPC_ObjDet_MemPoolAlloc)
                  00801fe0    00000060     libdpm_xwr18xx.ae674 : dpm_listlib.oe674 (.text:DPM_listCat)
                  00802040    00000060                          : dpm_mailbox.oe674 (.text:DPM_mboxDeinit)
                  008020a0    00000060                          : dpm_msg.oe674 (.text:DPM_msgInitHeader)
                  00802100    00000060     libaoaproc_hwa_xwr18xx.ae674 : aoaprochwa.oe674 (.text:DPU_AoAProcHWA_deinit)
                  00802160    00000060     libcfarcaproc_hwa_xwr18xx.ae674 : cfarcaprochwa.oe674 (.text:DPU_CFARCAProcHWA_deinit)
                  008021c0    00000060     libdopplerproc_hwa_xwr18xx.ae674 : dopplerprochwa.oe674 (.text:DPU_DopplerProcHWA_deinit)
                  00802220    00000060     libstaticclutterproc_xwr18xx.ae674 : staticclutterproc.oe674 (.text:DPU_StaticClutterProc_deinit)
                  00802280    00000060     libedma_xwr18xx.ae674 : edma_low_level.oe674 (.text:EDMA3ClrEvt)
                  008022e0    00000060                           : edma_low_level.oe674 (.text:EDMA3ClrIntr)
                  00802340    00000060                           : edma_low_level.oe674 (.text:EDMA3ClrMissEvt)
                  008023a0    00000060                           : edma_low_level.oe674 (.text:EDMA3DisableDmaEvt)
                  00802400    00000060                           : edma_low_level.oe674 (.text:EDMA3DisableEvtIntr)
                  00802460    00000060                           : edma_low_level.oe674 (.text:EDMA3EnableDmaEvt)
                  008024c0    00000060                           : edma_low_level.oe674 (.text:EDMA3EnableEvtIntr)
                  00802520    00000060                           : edma_low_level.oe674 (.text:EDMA3SetEvt)
                  00802580    00000060                           : edma.oe674 (.text:EDMA_configTransferControllerError)
                  008025e0    00000060                           : edma.oe674 (.text:EDMA_setDestinationAddress)
                  00802640    00000060                           : edma.oe674 (.text:EDMA_setSourceAddress)
                  008026a0    00000060                           : edma.oe674 (.text:EDMA_validate_channelIdchannelType)
                  00802700    00000060     libhwa_xwr18xx.ae674 : hwa.oe674 (.text:HWA_allParamDoneISR)
                  00802760    00000060     libmailbox_xwr18xx.ae674 : mailbox.oe674 (.text:Mailbox_Config_init)
                  008027c0    00000060     data_path.oe674 (.text:MmwDemo_dataPathOpen)
                  00802820    00000060     libsoc_xwr18xx.ae674 : soc_xwr18xx.oe674 (.text:SOC_enableHWA)
                  00802880    00000060                          : soc_xwr18xx.oe674 (.text:SOC_setDSSLinkState)
                  008028e0    00000060                          : soc.oe674 (.text:SOC_unhaltBSS)
                  00802940    00000060     rts6740_elf.lib : trgmsg.c.obj (.text:__TI_writemsg)
                  008029a0    00000060                     : llshift.c.obj (.text:__c6xabi_llshru)
                  00802a00    00000060                     : imath64.c.obj (.text:_subcull)
                  00802a60    00000060     sysbios.ae674 : c64p_Hwi_asm_switch.obj (.text:_ti_sysbios_family_c64p_Hwi_switchAndDispatch__I)
                  00802ac0    00000060                   : c64p_Hwi_asm_switch.obj (.text:_ti_sysbios_family_xxx_Hwi_switchAndRunFunc)
                  00802b20    00000060     dbscan.oe674 (.text:create_node)
                  00802b80    00000060     rts6740_elf.lib : lseek.c.obj (.text:lseek)
                  00802be0    00000060     libmmwavealg_xwr18xx.ae674 : mmwavelib_vecsubc.oe674 (.text:mmwavelib_vecsubc)
                  00802c40    00000060     mmw_dss_pe674.oe674 (.text:ti_sysbios_BIOS_errorRaiseHook__I)
                  00802ca0    00000060     mmw_dss_pe674.oe674 (.text:ti_sysbios_BIOS_removeRTSLock__I)
                  00802d00    00000060     mmw_dss_pe674.oe674 (.text:ti_sysbios_BIOS_startFunc__I)
                  00802d60    00000060     sysbios.ae674 : BIOS.obj (.text:ti_sysbios_family_c62_TaskSupport_stackUsed__E)
                  00802dc0    00000060                   : BIOS.obj (.text:ti_sysbios_family_c62_TaskSupport_start__E)
                  00802e20    00000060                   : BIOS.obj (.text:ti_sysbios_family_c64p_Cache_setMar__E)
                  00802e80    00000060                   : BIOS.obj (.text:ti_sysbios_family_c64p_EventCombiner_Module_startup__E)
                  00802ee0    00000060                   : BIOS.obj (.text:ti_sysbios_family_c64p_EventCombiner_unused__E)
                  00802f40    00000060     mmw_dss_pe674.oe674 (.text:ti_sysbios_gates_GateMutex_Object__delete__S)
                  00802fa0    00000060     sysbios.ae674 : BIOS.obj (.text:ti_sysbios_hal_Hwi_initStack)
                  00803000    00000060                   : BIOS.obj (.text:ti_sysbios_heaps_HeapMem_free__E)
                  00803060    00000060                   : BIOS.obj (.text:ti_sysbios_knl_Clock_Module_startup__E)
                  008030c0    00000060     mmw_dss_pe674.oe674 (.text:ti_sysbios_knl_Queue_construct)
                  00803120    00000060     mmw_dss_pe674.oe674 (.text:ti_sysbios_knl_Semaphore_Object__delete__S)
                  00803180    00000060     mmw_dss_pe674.oe674 (.text:ti_sysbios_knl_Semaphore_construct)
                  008031e0    00000060     sysbios.ae674 : BIOS.obj (.text:ti_sysbios_knl_Swi_Module_startup__E)
                  00803240    00000060                   : BIOS.obj (.text:ti_sysbios_knl_Task_enter__I)
                  008032a0    00000060     rts6740_elf.lib : write.c.obj (.text:write)
                  00803300    00000060     mmw_dss_pe674.oe674 (.text:xdc_runtime_LoggerBuf_Object__delete__S)
                  00803360    00000060     sysbios.ae674 : BIOS.obj (.text:xdc_runtime_SysStd_abort__E)
                  008033c0    00000040     libhwa_xwr18xx.ae674 : hwa.oe674 (.text:CSL_FEXTR)
                  00803400    00000040     libsoc_xwr18xx.ae674 : soc.oe674 (.text:CSL_FEXTR)
                  00803440    00000040                          : soc_xwr18xx.oe674 (.text:CSL_FEXTR)
                  00803480    00000040     libhwa_xwr18xx.ae674 : hwa.oe674 (.text:CSL_FINSR)
                  008034c0    00000040     libmailbox_xwr18xx.ae674 : mailbox.oe674 (.text:CSL_FINSR)
                  00803500    00000040     libsoc_xwr18xx.ae674 : soc.oe674 (.text:CSL_FINSR)
                  00803540    00000040                          : soc_xwr18xx.oe674 (.text:CSL_FINSR)
                  00803580    00000040                          : soc_xwr18xx_dss.oe674 (.text:CSL_FINSR)
                  008035c0    00000040     objectdetection.oe674 (.text:DPC_ObjDet_GenRangeWindow)
                  00803600    00000040     libdpm_xwr18xx.ae674 : dpm_listlib.oe674 (.text:DPM_listAdd)
                  00803640    00000040                          : dpm_listlib.oe674 (.text:DPM_listRemove)
                  00803680    00000040                          : dpm_mailbox.oe674 (.text:DPM_mboxMsgSend)
                  008036c0    00000040                          : dpm_msg.oe674 (.text:DPM_msgAssertHandler)
                  00803700    00000040                          : dpm_msg.oe674 (.text:DPM_msgBSSFaultHandler)
                  00803740    00000040                          : dpm_msg.oe674 (.text:DPM_msgDPCInfoHandler)
                  00803780    00000040                          : dpm_pipe.oe674 (.text:DPM_pipeDequeue)
                  008037c0    00000040     libedma_xwr18xx.ae674 : edma_low_level.oe674 (.text:EDMA3MapQdmaChToPaRAM)
                  00803800    00000040                           : edma_low_level.oe674 (.text:EDMA3SetPaRAM)
                  00803840    00000040                           : edma_low_level.oe674 (.text:EDMA3SetQdmaTrigWord)
                  00803880    00000040                           : edma.oe674 (.text:EDMA_clearTransferControllerErrors)
                  008038c0    00000040     libosal_xwr18xx.ae674 : HwiP_tirtos.oe674 (.text:HwiP_create)
                  00803900    00000040                           : HwiP_tirtos.oe674 (.text:HwiP_delete)
                  00803940    00000040     libmailbox_xwr18xx.ae674 : mailbox.oe674 (.text:Mailbox_boxEmptyISRBss)
                  00803980    00000040                              : mailbox.oe674 (.text:Mailbox_boxEmptyISRMssDss)
                  008039c0    00000040                              : mailbox.oe674 (.text:Mailbox_boxFullISRBss)
                  00803a00    00000040     dss_main.oe674 (.text:MmwDemo_DPC_ObjectDetection_processFrameBeginCallBackFxn)
                  00803a40    00000040     dss_main.oe674 (.text:MmwDemo_DPC_ObjectDetection_processInterFrameBeginCallBackFxn)
                  00803a80    00000040     data_path.oe674 (.text:MmwDemo_EDMA_errorCallbackFxn)
                  00803ac0    00000040     data_path.oe674 (.text:MmwDemo_EDMA_transferControllerErrorCallbackFxn)
                  00803b00    00000040     libsoc_xwr18xx.ae674 : soc_xwr18xx_dss.oe674 (.text:SOC_getInAddr_LUTType)
                  00803b40    00000040                          : soc_xwr18xx_dss.oe674 (.text:SOC_getOutAddr_LUTType)
                  00803b80    00000040                          : soc_xwr18xx.oe674 (.text:SOC_isMSSOperational)
                  00803bc0    00000040     rts6740_elf.lib : frcmpyd_div.c.obj (.text:__TI_frcmpyd_div)
                  00803c00    00000040                     : strasg.asm.obj (.text:__strasgi_64plus)
                  00803c40    00000040                     : args_main.c.obj (.text:_args_main)
                  00803c80    00000040     sysbios.ae674 : c62_TaskSupport_asm.obj (.text:_ti_sysbios_family_c62_TaskSupport_buildTaskStack)
                  00803cc0    00000040     mmw_dss_pe674.oe674 (.text:free)
                  00803d00    00000040     libmathutils.ae674 : mathutils.oe674 (.text:mathUtils_floorLog2)
                  00803d40    00000040     librangeproc_hwa_xwr18xx.ae674 : rangeprochwa.oe674 (.text:rangeProcHWA_EDMA_transferCompletionCallbackFxn)
                  00803d80    00000040     mmw_dss_pe674.oe674 (.text:ti_sysbios_BIOS_exitFunc__I)
                  00803dc0    00000040     mmw_dss_pe674.oe674 (.text:ti_sysbios_BIOS_rtsLock__I)
                  00803e00    00000040     mmw_dss_pe674.oe674 (.text:ti_sysbios_BIOS_rtsUnlock__I)
                  00803e40    00000040     sysbios.ae674 : BIOS.obj (.text:ti_sysbios_family_c64p_Hwi_disableInterrupt__E)
                  00803e80    00000040                   : BIOS.obj (.text:ti_sysbios_family_c64p_Hwi_enableInterrupt__E)
                  00803ec0    00000040     mmw_dss_pe674.oe674 (.text:ti_sysbios_gates_GateHwi_Handle__label__S)
                  00803f00    00000040     mmw_dss_pe674.oe674 (.text:ti_sysbios_gates_GateHwi_Object__delete__S)
                  00803f40    00000040     mmw_dss_pe674.oe674 (.text:ti_sysbios_gates_GateMutex_Handle__label__S)
                  00803f80    00000040     sysbios.ae674 : BIOS.obj (.text:ti_sysbios_gates_GateMutex_Instance_init__E)
                  00803fc0    00000040                   : BIOS.obj (.text:ti_sysbios_gates_GateMutex_leave__E)
                  00804000    00000040     mmw_dss_pe674.oe674 (.text:ti_sysbios_heaps_HeapMem_Handle__label__S)
                  00804040    00000040     mmw_dss_pe674.oe674 (.text:ti_sysbios_heaps_HeapMem_Object__delete__S)
                  00804080    00000040     mmw_dss_pe674.oe674 (.text:ti_sysbios_heaps_HeapMem_Object__get__S)
                  008040c0    00000040     mmw_dss_pe674.oe674 (.text:ti_sysbios_knl_Semaphore_destruct)
                  00804100    00000040     mmw_dss_pe674.oe674 (.text:ti_sysbios_knl_Swi_Object__get__S)
                  00804140    00000040     mmw_dss_pe674.oe674 (.text:ti_sysbios_knl_Task_Object__get__S)
                  00804180    00000040     sysbios.ae674 : BIOS.obj (.text:ti_sysbios_timers_rti_Timer_periodicStub__E)
                  008041c0    00000040                   : BIOS.obj (.text:xdc_runtime_Error_init__E)
                  00804200    00000040     mmw_dss_pe674.oe674 (.text:xdc_runtime_LoggerBuf_Handle__label__S)
                  00804240    00000040     sysbios.ae674 : BIOS.obj (.text:xdc_runtime_LoggerBuf_Instance_finalize__E)
                  00804280    00000040     mmw_dss_pe674.oe674 (.text:xdc_runtime_LoggerBuf_Object__get__S)
                  008042c0    00000040     sysbios.ae674 : BIOS.obj (.text:xdc_runtime_LoggerBuf_write0__E)
                  00804300    00000040                   : BIOS.obj (.text:xdc_runtime_LoggerBuf_write1__E)
                  00804340    00000040                   : BIOS.obj (.text:xdc_runtime_LoggerBuf_write2__E)
                  00804380    00000040     mmw_dss_pe674.oe674 (.text:xdc_runtime_System_aprintf__E)
                  008043c0    00000040     mmw_dss_pe674.oe674 (.text:xdc_runtime_System_printf__E)
                  00804400    00000020     libcfarcaproc_hwa_xwr18xx.ae674 : cfarcaprochwa.oe674 (.text:CFARCAHWADoneIsrCallback)
                  00804420    00000020     objectdetection.oe674 (.text:DPC_ObjDet_GetRangeWinGenLen)
                  00804440    00000020     objectdetection.oe674 (.text:DPC_ObjDet_MemPoolReset)
                  00804460    00000020     libdpm_xwr18xx.ae674 : dpm_core.oe674 (.text:DPM_chirpISR)
                  00804480    00000020                          : dpm_core.oe674 (.text:DPM_frameStartISR)
                  008044a0    00000020                          : dpm_mailbox.oe674 (.text:DPM_mboxSynch)
                  008044c0    00000020     libaoaproc_hwa_xwr18xx.ae674 : aoaprochwa.oe674 (.text:DPU_AoAProcHWA_getNumHwaParamSets)
                  008044e0    00000020     libdopplerproc_hwa_xwr18xx.ae674 : dopplerprochwa.oe674 (.text:DPU_DopplerProcHWA_edmaDoneIsrCallback)
                  00804500    00000020                                      : dopplerprochwa.oe674 (.text:DPU_DopplerProcHWA_hwaDoneIsrCallback)
                  00804520    00000020     libedma_xwr18xx.ae674 : edma_low_level.oe674 (.text:EDMA3ChannelToParamMap)
                  00804540    00000020                           : edma_low_level.oe674 (.text:EDMA3ClrCCErr)
                  00804560    00000020                           : edma_low_level.oe674 (.text:EDMA3DisableQdmaEvt)
                  00804580    00000020                           : edma_low_level.oe674 (.text:EDMA3EnableQdmaEvt)
                  008045a0    00000020                           : edma_low_level.oe674 (.text:EDMA3ErrIntrHighStatusGet)
                  008045c0    00000020                           : edma_low_level.oe674 (.text:EDMA3GetCCErrStatus)
                  008045e0    00000020                           : edma_low_level.oe674 (.text:EDMA3GetErrIntrStatus)
                  00804600    00000020                           : edma_low_level.oe674 (.text:EDMA3GetIntrStatus)
                  00804620    00000020                           : edma_low_level.oe674 (.text:EDMA3IntrStatusHighGet)
                  00804640    00000020                           : edma_low_level.oe674 (.text:EDMA3QdmaClrMissEvt)
                  00804660    00000020                           : edma_low_level.oe674 (.text:EDMA3QdmaGetErrIntrStatus)
                  00804680    00000020                           : edma_low_level.oe674 (.text:EDMAsetRegion)
                  008046a0    00000020     libhwa_xwr18xx.ae674 : hwa.oe674 (.text:HWA_init)
                  008046c0    00000020     libosal_xwr18xx.ae674 : HwiP_tirtos.oe674 (.text:HwiP_Params_init)
                  008046e0    00000020                           : HwiP_tirtos.oe674 (.text:HwiP_disable)
                  00804700    00000020                           : HwiP_tirtos.oe674 (.text:HwiP_disableInterrupt)
                  00804720    00000020                           : HwiP_tirtos.oe674 (.text:HwiP_enableInterrupt)
                  00804740    00000020                           : HwiP_tirtos.oe674 (.text:HwiP_restore)
                  00804760    00000020                           : MemoryP_tirtos.oe674 (.text:MemoryP_ctrlAlloc)
                  00804780    00000020                           : MemoryP_tirtos.oe674 (.text:MemoryP_ctrlFree)
                  008047a0    00000020                           : MemoryP_tirtos.oe674 (.text:MemoryP_getStats)
                  008047c0    00000020     dss_main.oe674 (.text:MmwDemo_sleep)
                  008047e0    00000020     libsoc_xwr18xx.ae674 : soc_xwr18xx.oe674 (.text:SOC_ungateClock)
                  00804800    00000020     libosal_xwr18xx.ae674 : SemaphoreP_tirtos.oe674 (.text:SemaphoreP_Params_init)
                  00804820    00000020                           : SemaphoreP_tirtos.oe674 (.text:SemaphoreP_delete)
                  00804840    00000020                           : SemaphoreP_tirtos.oe674 (.text:SemaphoreP_pend)
                  00804860    00000020                           : SemaphoreP_tirtos.oe674 (.text:SemaphoreP_post)
                  00804880    00000020                           : DebugP_tirtos.oe674 (.text:_DebugP_assert)
                  008048a0    00000020     rts6740_elf.lib : errno.c.obj (.text:__c6xabi_errno_addr)
                  008048c0    00000020                     : trunc.c.obj (.text:__c6xabi_trunc)
                  008048e0    00000020                     : push.asm.obj (.text:__pop_rts)
                  00804900    00000020                     : push.asm.obj (.text:__push_rts)
                  00804920    00000020                     : _lock.c.obj (.text:_nop)
                  00804940    00000020                     : _lock.c.obj (.text:_register_lock)
                  00804960    00000020                     : _lock.c.obj (.text:_register_unlock)
                  00804980    00000020     sysbios.ae674 : c62_TaskSupport_asm.obj (.text:_ti_sysbios_family_c62_TaskSupport_glue)
                  008049a0    00000020     rts6740_elf.lib : exit.c.obj (.text:abort)
                  008049c0    00000020     libmathutils.ae674 : mathutils.oe674 (.text:mathUtils_ceilLog2)
                  008049e0    00000020     rts6740_elf.lib : fputc.c.obj (.text:putchar)
                  00804a00    00000020     librangeproc_hwa_xwr18xx.ae674 : rangeprochwa.oe674 (.text:rangeProcHWADoneIsrCallback)
                  00804a20    00000020     mmw_dss_pe674.oe674 (.text:ti_sysbios_BIOS_RtsGateProxy_enter__E)
                  00804a40    00000020     mmw_dss_pe674.oe674 (.text:ti_sysbios_BIOS_RtsGateProxy_leave__E)
                  00804a60    00000020     sysbios.ae674 : BIOS.obj (.text:ti_sysbios_BIOS_getCpuFreq__E)
                  00804a80    00000020                   : BIOS.obj (.text:ti_sysbios_BIOS_linkedWithIncorrectBootLibrary__E)
                  00804aa0    00000020     mmw_dss_pe674.oe674 (.text:ti_sysbios_BIOS_nullFunc__I)
                  00804ac0    00000020     sysbios.ae674 : BIOS.obj (.text:ti_sysbios_BIOS_setThreadType__E)
                  00804ae0    00000020                   : BIOS.obj (.text:ti_sysbios_BIOS_start__E)
                  00804b00    00000020     mmw_dss_pe674.oe674 (.text:ti_sysbios_family_c62_TaskSupport_Module__startupDone__S)
                  00804b20    00000020     sysbios.ae674 : BIOS.obj (.text:ti_sysbios_family_c62_TaskSupport_checkStack__E)
                  00804b40    00000020                   : BIOS.obj (.text:ti_sysbios_family_c62_TaskSupport_getStackAlignment__E)
                  00804b60    00000020     mmw_dss_pe674.oe674 (.text:ti_sysbios_family_c64p_Hwi_Module__startupDone__F)
                  00804b80    00000020     sysbios.ae674 : BIOS.obj (.text:ti_sysbios_family_c64p_Hwi_clearInterrupt__E)
                  00804ba0    00000020                   : BIOS.obj (.text:ti_sysbios_family_c64p_Hwi_startup__E)
                  00804bc0    00000020                   : BIOS.obj (.text:ti_sysbios_family_c64p_Hwi_switchFromBootStack__E)
                  00804be0    00000020                   : BIOS.obj (.text:ti_sysbios_family_c64p_TimestampProvider_Module_startup__E)
                  00804c00    00000020                   : BIOS.obj (.text:ti_sysbios_family_c64p_TimestampProvider_get32__E)
                  00804c20    00000020                   : BIOS.obj (.text:ti_sysbios_family_c64p_TimestampProvider_get64__E)
                  00804c40    00000020                   : BIOS.obj (.text:ti_sysbios_gates_GateHwi_Instance_init__E)
                  00804c60    00000020                   : BIOS.obj (.text:ti_sysbios_gates_GateHwi_enter__E)
                  00804c80    00000020                   : BIOS.obj (.text:ti_sysbios_gates_GateHwi_leave__E)
                  00804ca0    00000020                   : BIOS.obj (.text:ti_sysbios_gates_GateHwi_query__E)
                  00804cc0    00000020                   : BIOS.obj (.text:ti_sysbios_gates_GateMutex_Instance_finalize__E)
                  00804ce0    00000020                   : BIOS.obj (.text:ti_sysbios_gates_GateMutex_query__E)
                  00804d00    00000020                   : BIOS.obj (.text:ti_sysbios_hal_Hwi_Module_startup__E)
                  00804d20    00000020     mmw_dss_pe674.oe674 (.text:ti_sysbios_heaps_HeapBuf_Object__get__S)
                  00804d40    00000020     mmw_dss_pe674.oe674 (.text:ti_sysbios_heaps_HeapMem_Module_GateProxy_enter__E)
                  00804d60    00000020     mmw_dss_pe674.oe674 (.text:ti_sysbios_heaps_HeapMem_Module_GateProxy_leave__E)
                  00804d80    00000020     sysbios.ae674 : BIOS.obj (.text:ti_sysbios_heaps_HeapMem_isBlocking__E)
                  00804da0    00000020     mmw_dss_pe674.oe674 (.text:ti_sysbios_knl_Clock_TimerProxy_getMaxTicks__E)
                  00804dc0    00000020     sysbios.ae674 : BIOS.obj (.text:ti_sysbios_knl_Clock_logTick__E)
                  00804de0    00000020                   : BIOS.obj (.text:ti_sysbios_knl_Idle_loop__E)
                  00804e00    00000020                   : BIOS.obj (.text:ti_sysbios_knl_Queue_Instance_init__E)
                  00804e20    00000020     mmw_dss_pe674.oe674 (.text:ti_sysbios_knl_Queue_Object__get__S)
                  00804e40    00000020     mmw_dss_pe674.oe674 (.text:ti_sysbios_knl_Queue_destruct)
                  00804e60    00000020     sysbios.ae674 : BIOS.obj (.text:ti_sysbios_knl_Queue_empty__E)
                  00804e80    00000020                   : BIOS.obj (.text:ti_sysbios_knl_Semaphore_Instance_finalize__E)
                  00804ea0    00000020     mmw_dss_pe674.oe674 (.text:ti_sysbios_knl_Semaphore_Params__init__S)
                  00804ec0    00000020     mmw_dss_pe674.oe674 (.text:ti_sysbios_knl_Semaphore_delete)
                  00804ee0    00000020     sysbios.ae674 : BIOS.obj (.text:ti_sysbios_knl_Swi_disable__E)
                  00804f00    00000020     mmw_dss_pe674.oe674 (.text:ti_sysbios_knl_Task_Params__init__S)
                  00804f20    00000020     sysbios.ae674 : BIOS.obj (.text:ti_sysbios_knl_Task_disable__E)
                  00804f40    00000020                   : BIOS.obj (.text:ti_sysbios_knl_Task_startup__E)
                  00804f60    00000020     mmw_dss_pe674.oe674 (.text:ti_sysbios_timers_rti_Timer_Module__startupDone__F)
                  00804f80    00000020     sysbios.ae674 : BIOS.obj (.text:ti_sysbios_timers_rti_Timer_getMaxTicks__E)
                  00804fa0    00000020                   : BIOS.obj (.text:ti_sysbios_utils_Load_getCPULoad__E)
                  00804fc0    00000020                   : BIOS.obj (.text:ti_sysbios_utils_Load_taskRegHook__E)
                  00804fe0    00000020     mmw_dss_pe674.oe674 (.text:xdc_runtime_IHeap_alloc)
                  00805000    00000020     mmw_dss_pe674.oe674 (.text:xdc_runtime_IHeap_free)
                  00805020    00000020     mmw_dss_pe674.oe674 (.text:xdc_runtime_IHeap_getStats)
                  00805040    00000020     mmw_dss_pe674.oe674 (.text:xdc_runtime_LoggerBuf_Module_GateProxy_enter__E)
                  00805060    00000020     mmw_dss_pe674.oe674 (.text:xdc_runtime_LoggerBuf_Module_GateProxy_leave__E)
                  00805080    00000020     sysbios.ae674 : BIOS.obj (.text:xdc_runtime_LoggerBuf_disable__E)
                  008050a0    00000020                   : BIOS.obj (.text:xdc_runtime_LoggerBuf_enable__E)
                  008050c0    00000020                   : BIOS.obj (.text:xdc_runtime_Memory_free__E)
                  008050e0    00000020                   : BIOS.obj (.text:xdc_runtime_Memory_getStats__E)
                  00805100    00000020     mmw_dss_pe674.oe674 (.text:xdc_runtime_Startup_exec__I)
                  00805120    00000020     mmw_dss_pe674.oe674 (.text:xdc_runtime_Startup_reset__I)
                  00805140    00000020     sysbios.ae674 : BIOS.obj (.text:xdc_runtime_Startup_rtsDone__E)
                  00805160    00000020                   : BIOS.obj (.text:xdc_runtime_SysStd_exit__E)
                  00805180    00000020                   : BIOS.obj (.text:xdc_runtime_SysStd_putch__E)
                  008051a0    00000020                   : BIOS.obj (.text:xdc_runtime_SysStd_ready__E)
                  008051c0    00000020     mmw_dss_pe674.oe674 (.text:xdc_runtime_System_Module_GateProxy_enter__E)
                  008051e0    00000020     mmw_dss_pe674.oe674 (.text:xdc_runtime_System_Module_GateProxy_leave__E)
                  00805200    00000020     sysbios.ae674 : BIOS.obj (.text:xdc_runtime_System_Module_startup__E)
                  00805220    00000020     mmw_dss_pe674.oe674 (.text:xdc_runtime_Text_visitRope__I)

.const.1   0    00805240    00000dc0     
                  00805240    00000630     sysbios.ae674 : BIOS.obj (.const:.string)
                  00805870    000002e4     dss_main.oe674 (.const:.string)
                  00805b54    00000004     mmw_dss_pe674.oe674 (.const:ti_sysbios_family_c62_TaskSupport_stackAlignment__C)
                  00805b58    000000e0     mmw_dss_pe674.oe674 (.const:xdc_runtime_Text_nodeTab__A)
                  00805c38    00000074     mmw_dss_pe674.oe674 (.const:.string)
                  00805cac    00000064     rts6740_elf.lib : perror.c.obj (.const:.string)
                  00805d10    00000058     libedma_xwr18xx.ae674 : edma.oe674 (.const:.string)
                  00805d68    0000004c     libmailbox_xwr18xx.ae674 : mailbox.oe674 (.const:.string)
                  00805db4    00000044     mmw_dss_pe674.oe674 (.const:ti_sysbios_knl_Task_Object__PARAMS__C)
                  00805df8    00000040     dbscan.oe674 (.const:.string)
                  00805e38    00000040     libhwa_xwr18xx.ae674 : hwa.oe674 (.const:gHwaTrigSignatures)
                  00805e78    0000003c     libsoc_xwr18xx.ae674 : soc_xwr18xx_dss.oe674 (.const:.string)
                  00805eb4    0000003c     mmw_dss_pe674.oe674 (.const:xdc_runtime_LoggerBuf_Module__FXNS__C)
                  00805ef0    00000038     libedma_xwr18xx.ae674 : edma_xwr1xxx.oe674 (.const:gEdmaHwAttrs)
                  00805f28    00000034     mmw_dss_pe674.oe674 (.const:xdc_runtime_Startup_sfxnTab__A)
                  00805f5c    00000004     mmw_dss_pe674.oe674 (.const:ti_sysbios_family_c64p_Cache_E_invalidL1CacheSize__C)
                  00805f60    00000028     libdpm_xwr18xx.ae674 : dpm_msg.oe674 (.const:gDPMMessageFxnTable)
                  00805f88    00000028     mmw_dss_pe674.oe674 (.const:ti_sysbios_heaps_HeapMem_Module__FXNS__C)
                  00805fb0    00000028     mmw_dss_pe674.oe674 (.const:xdc_runtime_LoggerBuf_Object__PARAMS__C)
                  00805fd8    00000024     libmailbox_xwr18xx.ae674 : mailbox.oe674 (.const:Mailbox_defaultCfg)
                  00805ffc    00000004     mmw_dss_pe674.oe674 (.const:ti_sysbios_family_c64p_Cache_E_invalidL2CacheSize__C)

.dpc_l2Heap 
*          0    00806000    0000c400     UNINITIALIZED
                  00806000    0000c400     dss_main.oe674 (.dpc_l2Heap)

systemHeap 
*          0    00812400    00007800     UNINITIALIZED
                  00812400    00007800     mmw_dss_pe674.oe674 (systemHeap)

.const.2   0    00819c00    00001f88     
                  00819c00    00001a59     mmw_dss_pe674.oe674 (.const:xdc_runtime_Text_charTab__A)
                  0081b659    00000001     --HOLE-- [fill = 0]
                  0081b65a    00000002     mmw_dss_pe674.oe674 (.const:ti_sysbios_family_c64p_Cache_Module__id__C)
                  0081b65c    00000024     mmw_dss_pe674.oe674 (.const:ti_sysbios_gates_GateHwi_Module__FXNS__C)
                  0081b680    00000024     mmw_dss_pe674.oe674 (.const:ti_sysbios_gates_GateMutex_Module__FXNS__C)
                  0081b6a4    00000024     mmw_dss_pe674.oe674 (.const:ti_sysbios_heaps_HeapMem_Object__PARAMS__C)
                  0081b6c8    00000024     mmw_dss_pe674.oe674 (.const:ti_sysbios_knl_Semaphore_Object__PARAMS__C)
                  0081b6ec    00000020     libhwa_xwr18xx.ae674 : hwa.oe674 (.const:$P$T0$1)
                  0081b70c    00000020                          : hwa.oe674 (.const:.string)
                  0081b72c    00000020     libosal_xwr18xx.ae674 : SemaphoreP_tirtos.oe674 (.const:.string)
                  0081b74c    00000020     mmw_dss_pe674.oe674 (.const:ti_sysbios_gates_GateHwi_Object__DESC__C)
                  0081b76c    00000020     mmw_dss_pe674.oe674 (.const:ti_sysbios_gates_GateMutex_Object__DESC__C)
                  0081b78c    00000020     mmw_dss_pe674.oe674 (.const:ti_sysbios_heaps_HeapMem_Object__DESC__C)
                  0081b7ac    00000020     mmw_dss_pe674.oe674 (.const:ti_sysbios_knl_Queue_Object__DESC__C)
                  0081b7cc    00000020     mmw_dss_pe674.oe674 (.const:ti_sysbios_knl_Semaphore_Object__DESC__C)
                  0081b7ec    00000020     mmw_dss_pe674.oe674 (.const:ti_sysbios_knl_Task_Object__DESC__C)
                  0081b80c    00000020     mmw_dss_pe674.oe674 (.const:xdc_runtime_LoggerBuf_Object__DESC__C)
                  0081b82c    0000001c     libosal_xwr18xx.ae674 : HwiP_tirtos.oe674 (.const:.string)
                  0081b848    0000001a     mmw_dss_pe674.oe674 (.const:xdc_runtime_Startup_sfxnRts__A)
                  0081b862    00000002     mmw_dss_pe674.oe674 (.const:ti_sysbios_family_c64p_EventCombiner_Module__id__C)
                  0081b864    00000018     objectdetection.oe674 (.const:.string)
                  0081b87c    00000018     mmw_dss_pe674.oe674 (.const:ti_sysbios_gates_GateHwi_Object__PARAMS__C)
                  0081b894    00000018     mmw_dss_pe674.oe674 (.const:ti_sysbios_gates_GateMutex_Object__PARAMS__C)
                  0081b8ac    00000018     mmw_dss_pe674.oe674 (.const:ti_sysbios_knl_Queue_Object__PARAMS__C)
                  0081b8c4    00000004     mmw_dss_pe674.oe674 (.const:ti_sysbios_family_c64p_Cache_MAR0_31__C)
                  0081b8c8    00000018     mmw_dss_pe674.oe674 (.const:ti_sysbios_knl_Task_hooks__A)
                  0081b8e0    00000014     libdpm_xwr18xx.ae674 : dpm_mailbox.oe674 (.const:.string)
                  0081b8f4    00000010     dbscan.oe674 (.const:$P$T0$1)
                  0081b904    00000010     data_path.oe674 (.const:.string)
                  0081b914    00000010     libdpm_xwr18xx.ae674 : dpm_core.oe674 (.const:.string)
                  0081b924    00000010                          : dpm_msg.oe674 (.const:.string)
                  0081b934    00000010                          : dpm_pipe.oe674 (.const:.string)
                  0081b944    00000004     mmw_dss_pe674.oe674 (.const:ti_sysbios_family_c64p_Cache_MAR128_159__C)
                  0081b948    00000010     libedma_xwr18xx.ae674 : edma.oe674 (.const:EDMA_config$1)
                  0081b958    00000010     mmw_dss_pe674.oe674 (.const:ti_sysbios_family_c64p_EventCombiner_EVTMASK__C)
                  0081b968    0000000c     mmw_dss_pe674.oe674 (.const:ti_sysbios_knl_Idle_funcList__A)
                  0081b974    00000008     mmw_dss_pe674.oe674 (.const:ti_sysbios_knl_Idle_funcList__C)
                  0081b97c    00000008     mmw_dss_pe674.oe674 (.const:ti_sysbios_knl_Task_hooks__C)
                  0081b984    00000004     mmw_dss_pe674.oe674 (.const:ti_sysbios_family_c64p_Cache_MAR160_191__C)
                  0081b988    00000008     mmw_dss_pe674.oe674 (.const:xdc_runtime_Startup_firstFxns__A)
                  0081b990    00000008     mmw_dss_pe674.oe674 (.const:xdc_runtime_Startup_firstFxns__C)
                  0081b998    00000008     mmw_dss_pe674.oe674 (.const:xdc_runtime_Startup_lastFxns__C)
                  0081b9a0    00000004     mmw_dss_pe674.oe674 (.const:ti_sysbios_family_c64p_Cache_MAR192_223__C)
                  0081b9a4    00000004     mmw_dss_pe674.oe674 (.const:ti_sysbios_family_c64p_Cache_MAR224_255__C)
                  0081b9a8    00000004     mmw_dss_pe674.oe674 (.const:ti_sysbios_family_c64p_Cache_MAR32_63__C)
                  0081b9ac    00000004     mmw_dss_pe674.oe674 (.const:ti_sysbios_family_c64p_Cache_MAR64_95__C)
                  0081b9b0    00000004     mmw_dss_pe674.oe674 (.const:ti_sysbios_family_c64p_Cache_MAR96_127__C)
                  0081b9b4    00000004     mmw_dss_pe674.oe674 (.const:ti_sysbios_family_c64p_EventCombiner_A_invalidEventId__C)
                  0081b9b8    00000004     mmw_dss_pe674.oe674 (.const:ti_sysbios_family_c64p_EventCombiner_EVTRegs__C)
                  0081b9bc    00000004     mmw_dss_pe674.oe674 (.const:ti_sysbios_family_c64p_EventCombiner_E_unpluggedEvent__C)
                  0081b9c0    00000004     mmw_dss_pe674.oe674 (.const:ti_sysbios_family_c64p_EventCombiner_Module__diagsEnabled__C)
                  0081b9c4    00000004     mmw_dss_pe674.oe674 (.const:ti_sysbios_family_c64p_EventCombiner_Module__diagsIncluded__C)
                  0081b9c8    00000004     mmw_dss_pe674.oe674 (.const:ti_sysbios_family_c64p_EventCombiner_Module__diagsMask__C)
                  0081b9cc    00000004     mmw_dss_pe674.oe674 (.const:ti_sysbios_family_c64p_Exception_E_exceptionMax__C)
                  0081b9d0    00000004     mmw_dss_pe674.oe674 (.const:ti_sysbios_family_c64p_Exception_exceptionHook__C)
                  0081b9d4    00000004     mmw_dss_pe674.oe674 (.const:ti_sysbios_family_c64p_Exception_externalHook__C)
                  0081b9d8    00000004     mmw_dss_pe674.oe674 (.const:ti_sysbios_family_c64p_Exception_internalHook__C)
                  0081b9dc    00000004     mmw_dss_pe674.oe674 (.const:ti_sysbios_family_c64p_Exception_nmiHook__C)
                  0081b9e0    00000004     mmw_dss_pe674.oe674 (.const:ti_sysbios_family_c64p_Hwi_INTRMUX1Address__C)
                  0081b9e4    00000004     mmw_dss_pe674.oe674 (.const:ti_sysbios_gates_GateMutex_A_badContext__C)
                  0081b9e8    00000004     mmw_dss_pe674.oe674 (.const:ti_sysbios_gates_GateMutex_Instance_State_sem__O)
                  0081b9ec    00000004     mmw_dss_pe674.oe674 (.const:ti_sysbios_gates_GateMutex_Module__diagsEnabled__C)
                  0081b9f0    00000004     mmw_dss_pe674.oe674 (.const:ti_sysbios_gates_GateMutex_Module__diagsIncluded__C)
                  0081b9f4    00000004     mmw_dss_pe674.oe674 (.const:ti_sysbios_gates_GateMutex_Module__diagsMask__C)
                  0081b9f8    00000004     mmw_dss_pe674.oe674 (.const:ti_sysbios_hal_Hwi_E_stackOverflow__C)
                  0081b9fc    00000004     mmw_dss_pe674.oe674 (.const:ti_sysbios_heaps_HeapBuf_Instance_State_freeList__O)
                  0081ba00    00000004     mmw_dss_pe674.oe674 (.const:ti_sysbios_heaps_HeapBuf_Object__count__C)
                  0081ba04    00000004     mmw_dss_pe674.oe674 (.const:ti_sysbios_heaps_HeapBuf_numConstructedHeaps__C)
                  0081ba08    00000004     mmw_dss_pe674.oe674 (.const:ti_sysbios_heaps_HeapMem_A_align__C)
                  0081ba0c    00000004     mmw_dss_pe674.oe674 (.const:ti_sysbios_heaps_HeapMem_A_heapSize__C)
                  0081ba10    00000004     mmw_dss_pe674.oe674 (.const:ti_sysbios_heaps_HeapMem_A_invalidFree__C)
                  0081ba14    00000004     mmw_dss_pe674.oe674 (.const:ti_sysbios_heaps_HeapMem_A_zeroBlock__C)
                  0081ba18    00000004     mmw_dss_pe674.oe674 (.const:ti_sysbios_heaps_HeapMem_E_memory__C)
                  0081ba1c    00000004     mmw_dss_pe674.oe674 (.const:ti_sysbios_heaps_HeapMem_Module__diagsEnabled__C)
                  0081ba20    00000004     mmw_dss_pe674.oe674 (.const:ti_sysbios_heaps_HeapMem_Module__diagsIncluded__C)
                  0081ba24    00000004     mmw_dss_pe674.oe674 (.const:ti_sysbios_heaps_HeapMem_Module__diagsMask__C)
                  0081ba28    00000004     mmw_dss_pe674.oe674 (.const:ti_sysbios_heaps_HeapMem_Module__gateObj__C)
                  0081ba2c    00000004     mmw_dss_pe674.oe674 (.const:ti_sysbios_heaps_HeapMem_Object__count__C)
                  0081ba30    00000004     mmw_dss_pe674.oe674 (.const:ti_sysbios_heaps_HeapMem_reqAlign__C)
                  0081ba34    00000004     mmw_dss_pe674.oe674 (.const:ti_sysbios_knl_Clock_Module_State_clockQ__O)
                  0081ba38    00000004     mmw_dss_pe674.oe674 (.const:ti_sysbios_knl_Semaphore_A_badContext__C)
                  0081ba3c    00000004     mmw_dss_pe674.oe674 (.const:ti_sysbios_knl_Semaphore_A_noEvents__C)
                  0081ba40    00000004     mmw_dss_pe674.oe674 (.const:ti_sysbios_knl_Semaphore_A_overflow__C)
                  0081ba44    00000004     mmw_dss_pe674.oe674 (.const:ti_sysbios_knl_Semaphore_A_pendTaskDisabled__C)
                  0081ba48    00000004     mmw_dss_pe674.oe674 (.const:ti_sysbios_knl_Semaphore_Instance_State_pendQ__O)
                  0081ba4c    00000004     mmw_dss_pe674.oe674 (.const:ti_sysbios_knl_Semaphore_Module__diagsEnabled__C)
                  0081ba50    00000004     mmw_dss_pe674.oe674 (.const:ti_sysbios_knl_Semaphore_Module__diagsIncluded__C)
                  0081ba54    00000004     mmw_dss_pe674.oe674 (.const:ti_sysbios_knl_Semaphore_Module__diagsMask__C)
                  0081ba58    00000004     mmw_dss_pe674.oe674 (.const:ti_sysbios_knl_Swi_Object__count__C)
                  0081ba5c    00000004     mmw_dss_pe674.oe674 (.const:ti_sysbios_knl_Task_A_badPriority__C)
                  0081ba60    00000004     mmw_dss_pe674.oe674 (.const:ti_sysbios_knl_Task_A_badTaskState__C)
                  0081ba64    00000004     mmw_dss_pe674.oe674 (.const:ti_sysbios_knl_Task_A_badThreadType__C)
                  0081ba68    00000004     mmw_dss_pe674.oe674 (.const:ti_sysbios_knl_Task_A_badTimeout__C)
                  0081ba6c    00000004     mmw_dss_pe674.oe674 (.const:ti_sysbios_knl_Task_A_noPendElem__C)
                  0081ba70    00000004     mmw_dss_pe674.oe674 (.const:ti_sysbios_knl_Task_A_sleepTaskDisabled__C)
                  0081ba74    00000004     mmw_dss_pe674.oe674 (.const:ti_sysbios_knl_Task_E_spOutOfBounds__C)
                  0081ba78    00000004     mmw_dss_pe674.oe674 (.const:ti_sysbios_knl_Task_E_stackOverflow__C)
                  0081ba7c    00000004     mmw_dss_pe674.oe674 (.const:ti_sysbios_knl_Task_Module_State_inactiveQ__O)
                  0081ba80    00000004     mmw_dss_pe674.oe674 (.const:ti_sysbios_knl_Task_Module__diagsEnabled__C)
                  0081ba84    00000004     mmw_dss_pe674.oe674 (.const:ti_sysbios_knl_Task_Module__diagsIncluded__C)
                  0081ba88    00000004     mmw_dss_pe674.oe674 (.const:ti_sysbios_knl_Task_Module__diagsMask__C)
                  0081ba8c    00000004     mmw_dss_pe674.oe674 (.const:ti_sysbios_knl_Task_Object__count__C)
                  0081ba90    00000004     mmw_dss_pe674.oe674 (.const:ti_sysbios_knl_Task_Object__heap__C)
                  0081ba94    00000004     mmw_dss_pe674.oe674 (.const:ti_sysbios_knl_Task_allBlockedFunc__C)
                  0081ba98    00000004     mmw_dss_pe674.oe674 (.const:ti_sysbios_knl_Task_defaultStackHeap__C)
                  0081ba9c    00000004     mmw_dss_pe674.oe674 (.const:ti_sysbios_knl_Task_defaultStackSize__C)
                  0081baa0    00000004     mmw_dss_pe674.oe674 (.const:ti_sysbios_knl_Task_numConstructedTasks__C)
                  0081baa4    00000004     mmw_dss_pe674.oe674 (.const:ti_sysbios_timers_rti_Timer_E_cannotSupport__C)
                  0081baa8    00000004     mmw_dss_pe674.oe674 (.const:ti_sysbios_timers_rti_Timer_Module__diagsEnabled__C)
                  0081baac    00000004     mmw_dss_pe674.oe674 (.const:ti_sysbios_timers_rti_Timer_Module__diagsIncluded__C)
                  0081bab0    00000004     mmw_dss_pe674.oe674 (.const:ti_sysbios_timers_rti_Timer_Module__diagsMask__C)
                  0081bab4    00000004     mmw_dss_pe674.oe674 (.const:ti_sysbios_timers_rti_Timer_numTimerDevices__C)
                  0081bab8    00000004     mmw_dss_pe674.oe674 (.const:ti_sysbios_timers_rti_Timer_startupNeeded__C)
                  0081babc    00000004     mmw_dss_pe674.oe674 (.const:ti_sysbios_utils_Load_Module_State_taskList__O)
                  0081bac0    00000004     mmw_dss_pe674.oe674 (.const:ti_sysbios_utils_Load_Module__diagsEnabled__C)
                  0081bac4    00000004     mmw_dss_pe674.oe674 (.const:ti_sysbios_utils_Load_Module__diagsIncluded__C)
                  0081bac8    00000004     mmw_dss_pe674.oe674 (.const:ti_sysbios_utils_Load_Module__diagsMask__C)
                  0081bacc    00000004     mmw_dss_pe674.oe674 (.const:ti_sysbios_utils_Load_postUpdate__C)
                  0081bad0    00000004     mmw_dss_pe674.oe674 (.const:ti_sysbios_utils_Load_windowInMs__C)
                  0081bad4    00000004     mmw_dss_pe674.oe674 (.const:xdc_runtime_Assert_E_assertFailed__C)
                  0081bad8    00000004     mmw_dss_pe674.oe674 (.const:xdc_runtime_Core_A_initializedParams__C)
[...]
008051e0  xdc_runtime_System_Module_GateProxy_leave__E                 
00805200  xdc_runtime_System_Module_startup__E                         
00805220  xdc_runtime_Text_visitRope__I                                
00805b54  ti_sysbios_family_c62_TaskSupport_stackAlignment__C          
00805b58  xdc_runtime_Text_nodeTab__A                                  
00805db4  ti_sysbios_knl_Task_Object__PARAMS__C                        
00805eb4  xdc_runtime_LoggerBuf_Module__FXNS__C                        
00805ef0  gEdmaHwAttrs                                                 
00805f28  xdc_runtime_Startup_sfxnTab__A                               
00805f5c  ti_sysbios_family_c64p_Cache_E_invalidL1CacheSize__C         
00805f60  gDPMMessageFxnTable                                          
00805f88  ti_sysbios_heaps_HeapMem_Module__FXNS__C                     
00805fb0  xdc_runtime_LoggerBuf_Object__PARAMS__C                      
00805fd8  Mailbox_defaultCfg                                           
00805ffc  ti_sysbios_family_c64p_Cache_E_invalidL2CacheSize__C         
00806000  gDPC_ObjDetL2Heap                                            
00812400  ti_sysbios_heaps_HeapMem_Instance_State_0_buf__A             
00819c00  xdc_runtime_Text_charTab__A                                  
0081b65a  ti_sysbios_family_c64p_Cache_Module__id__C                   
0081b65c  ti_sysbios_gates_GateHwi_Module__FXNS__C                     
0081b680  ti_sysbios_gates_GateMutex_Module__FXNS__C                   
0081b6a4  ti_sysbios_heaps_HeapMem_Object__PARAMS__C                   
0081b6c8  ti_sysbios_knl_Semaphore_Object__PARAMS__C                   
0081b74c  ti_sysbios_gates_GateHwi_Object__DESC__C                     
0081b76c  ti_sysbios_gates_GateMutex_Object__DESC__C                   
0081b78c  ti_sysbios_heaps_HeapMem_Object__DESC__C                     
0081b7ac  ti_sysbios_knl_Queue_Object__DESC__C                         
0081b7cc  ti_sysbios_knl_Semaphore_Object__DESC__C                     
0081b7ec  ti_sysbios_knl_Task_Object__DESC__C                          
0081b80c  xdc_runtime_LoggerBuf_Object__DESC__C                        
0081b848  xdc_runtime_Startup_sfxnRts__A                               
0081b862  ti_sysbios_family_c64p_EventCombiner_Module__id__C           
0081b87c  ti_sysbios_gates_GateHwi_Object__PARAMS__C                   
0081b894  ti_sysbios_gates_GateMutex_Object__PARAMS__C                 
0081b8ac  ti_sysbios_knl_Queue_Object__PARAMS__C                       
0081b8c4  ti_sysbios_family_c64p_Cache_MAR0_31__C                      
0081b8c8  ti_sysbios_knl_Task_hooks__A                                 
0081b944  ti_sysbios_family_c64p_Cache_MAR128_159__C                   
0081b958  ti_sysbios_family_c64p_EventCombiner_EVTMASK__C              
0081b968  ti_sysbios_knl_Idle_funcList__A                              
0081b974  ti_sysbios_knl_Idle_funcList__C                              
0081b97c  ti_sysbios_knl_Task_hooks__C                                 
0081b984  ti_sysbios_family_c64p_Cache_MAR160_191__C                   
0081b988  xdc_runtime_Startup_firstFxns__A                             
0081b990  xdc_runtime_Startup_firstFxns__C                             
0081b998  xdc_runtime_Startup_lastFxns__C                              
0081b9a0  ti_sysbios_family_c64p_Cache_MAR192_223__C                   
0081b9a4  ti_sysbios_family_c64p_Cache_MAR224_255__C                   
0081b9a8  ti_sysbios_family_c64p_Cache_MAR32_63__C                     
0081b9ac  ti_sysbios_family_c64p_Cache_MAR64_95__C                     
0081b9b0  ti_sysbios_family_c64p_Cache_MAR96_127__C                    
0081b9b4  ti_sysbios_family_c64p_EventCombiner_A_invalidEventId__C     
0081b9b8  ti_sysbios_family_c64p_EventCombiner_EVTRegs__C              
0081b9bc  ti_sysbios_family_c64p_EventCombiner_E_unpluggedEvent__C     
0081b9c0  ti_sysbios_family_c64p_EventCombiner_Module__diagsEnabled__C 
0081b9c4  ti_sysbios_family_c64p_EventCombiner_Module__diagsIncluded__C
0081b9c8  ti_sysbios_family_c64p_EventCombiner_Module__diagsMask__C    
0081b9cc  ti_sysbios_family_c64p_Exception_E_exceptionMax__C           
0081b9d0  ti_sysbios_family_c64p_Exception_exceptionHook__C            
0081b9d4  ti_sysbios_family_c64p_Exception_externalHook__C             
0081b9d8  ti_sysbios_family_c64p_Exception_internalHook__C             
0081b9dc  ti_sysbios_family_c64p_Exception_nmiHook__C                  
0081b9e0  ti_sysbios_family_c64p_Hwi_INTRMUX1Address__C                
0081b9e4  ti_sysbios_gates_GateMutex_A_badContext__C                   
0081b9e8  ti_sysbios_gates_GateMutex_Instance_State_sem__O             
0081b9ec  ti_sysbios_gates_GateMutex_Module__diagsEnabled__C           
0081b9f0  ti_sysbios_gates_GateMutex_Module__diagsIncluded__C          
0081b9f4  ti_sysbios_gates_GateMutex_Module__diagsMask__C              
0081b9f8  ti_sysbios_hal_Hwi_E_stackOverflow__C                        
0081b9fc  ti_sysbios_heaps_HeapBuf_Instance_State_freeList__O          
0081ba00  ti_sysbios_heaps_HeapBuf_Object__count__C                    
0081ba04  ti_sysbios_heaps_HeapBuf_numConstructedHeaps__C              
0081ba08  ti_sysbios_heaps_HeapMem_A_align__C                          
0081ba0c  ti_sysbios_heaps_HeapMem_A_heapSize__C                       
0081ba10  ti_sysbios_heaps_HeapMem_A_invalidFree__C                    
0081ba14  ti_sysbios_heaps_HeapMem_A_zeroBlock__C                      
0081ba18  ti_sysbios_heaps_HeapMem_E_memory__C                         
0081ba1c  ti_sysbios_heaps_HeapMem_Module__diagsEnabled__C             
0081ba20  ti_sysbios_heaps_HeapMem_Module__diagsIncluded__C            
0081ba24  ti_sysbios_heaps_HeapMem_Module__diagsMask__C                
0081ba28  ti_sysbios_heaps_HeapMem_Module__gateObj__C                  
0081ba2c  ti_sysbios_heaps_HeapMem_Object__count__C                    
0081ba30  ti_sysbios_heaps_HeapMem_reqAlign__C                         
0081ba34  ti_sysbios_knl_Clock_Module_State_clockQ__O                  
0081ba38  ti_sysbios_knl_Semaphore_A_badContext__C                     
0081ba3c  ti_sysbios_knl_Semaphore_A_noEvents__C                       
0081ba40  ti_sysbios_knl_Semaphore_A_overflow__C                       
0081ba44  ti_sysbios_knl_Semaphore_A_pendTaskDisabled__C               
0081ba48  ti_sysbios_knl_Semaphore_Instance_State_pendQ__O             
0081ba4c  ti_sysbios_knl_Semaphore_Module__diagsEnabled__C             
0081ba50  ti_sysbios_knl_Semaphore_Module__diagsIncluded__C            
0081ba54  ti_sysbios_knl_Semaphore_Module__diagsMask__C                
0081ba58  ti_sysbios_knl_Swi_Object__count__C                          
0081ba5c  ti_sysbios_knl_Task_A_badPriority__C                         
0081ba60  ti_sysbios_knl_Task_A_badTaskState__C                        
0081ba64  ti_sysbios_knl_Task_A_badThreadType__C                       
0081ba68  ti_sysbios_knl_Task_A_badTimeout__C                          
0081ba6c  ti_sysbios_knl_Task_A_noPendElem__C                          
0081ba70  ti_sysbios_knl_Task_A_sleepTaskDisabled__C                   
0081ba74  ti_sysbios_knl_Task_E_spOutOfBounds__C                       
0081ba78  ti_sysbios_knl_Task_E_stackOverflow__C                       
0081ba7c  ti_sysbios_knl_Task_Module_State_inactiveQ__O                
0081ba80  ti_sysbios_knl_Task_Module__diagsEnabled__C                  
0081ba84  ti_sysbios_knl_Task_Module__diagsIncluded__C                 
0081ba88  ti_sysbios_knl_Task_Module__diagsMask__C                     
0081ba8c  ti_sysbios_knl_Task_Object__count__C                         
0081ba90  ti_sysbios_knl_Task_Object__heap__C                          
0081ba94  ti_sysbios_knl_Task_allBlockedFunc__C                        
0081ba98  ti_sysbios_knl_Task_defaultStackHeap__C                      
0081ba9c  ti_sysbios_knl_Task_defaultStackSize__C                      
0081baa0  ti_sysbios_knl_Task_numConstructedTasks__C                   
0081baa4  ti_sysbios_timers_rti_Timer_E_cannotSupport__C               
0081baa8  ti_sysbios_timers_rti_Timer_Module__diagsEnabled__C          
0081baac  ti_sysbios_timers_rti_Timer_Module__diagsIncluded__C         
0081bab0  ti_sysbios_timers_rti_Timer_Module__diagsMask__C             
0081bab4  ti_sysbios_timers_rti_Timer_numTimerDevices__C               
0081bab8  ti_sysbios_timers_rti_Timer_startupNeeded__C                 
0081babc  ti_sysbios_utils_Load_Module_State_taskList__O               
0081bac0  ti_sysbios_utils_Load_Module__diagsEnabled__C                
0081bac4  ti_sysbios_utils_Load_Module__diagsIncluded__C               
0081bac8  ti_sysbios_utils_Load_Module__diagsMask__C                   
0081bacc  ti_sysbios_utils_Load_postUpdate__C                          
0081bad0  ti_sysbios_utils_Load_windowInMs__C                          
0081bad4  xdc_runtime_Assert_E_assertFailed__C                         
0081bad8  xdc_runtime_Core_A_initializedParams__C                      
0081badc  xdc_runtime_Core_Module__diagsEnabled__C                     
0081bae0  xdc_runtime_Core_Module__diagsIncluded__C                    
0081bae4  xdc_runtime_Core_Module__diagsMask__C                        
0081bae8  xdc_runtime_Error_E_memory__C                                
0081baec  xdc_runtime_Error_policyFxn__C                               
0081baf0  xdc_runtime_Error_policy__C                                  
0081baf4  xdc_runtime_Error_raiseHook__C                               
0081baf8  xdc_runtime_IFilterLogger_Interface__BASE__C                 
0081bafc  xdc_runtime_IGateProvider_Interface__BASE__C                 
0081bb00  xdc_runtime_IHeap_Interface__BASE__C                         
0081bb04  xdc_runtime_ILogger_Interface__BASE__C                       
0081bb08  xdc_runtime_IModule_Interface__BASE__C                       
0081bb0c  xdc_runtime_LoggerBuf_E_badLevel__C                          
0081bb10  xdc_runtime_LoggerBuf_Module__gateObj__C                     
0081bb14  xdc_runtime_LoggerBuf_Object__count__C                       
0081bb18  xdc_runtime_LoggerBuf_statusLogger__C                        
0081bb1c  xdc_runtime_Memory_defaultHeapInstance__C                    
0081bb20  xdc_runtime_Startup_execImpl__C                              
0081bb24  xdc_runtime_Startup_maxPasses__C                             
0081bb28  xdc_runtime_Startup_sfxnRts__C                               
0081bb2c  xdc_runtime_Startup_sfxnTab__C                               
0081bb30  xdc_runtime_System_Module__gateObj__C                        
0081bb34  xdc_runtime_System_abortFxn__C                               
0081bb38  xdc_runtime_System_exitFxn__C                                
0081bb3c  xdc_runtime_System_extendFxn__C                              
0081bb40  xdc_runtime_System_maxAtexitHandlers__C                      
0081bb44  xdc_runtime_Text_charTab__C                                  
0081bb48  xdc_runtime_Text_nameEmpty__C                                
0081bb4c  xdc_runtime_Text_nameStatic__C                               
0081bb50  xdc_runtime_Text_nameUnknown__C                              
0081bb54  xdc_runtime_Text_nodeTab__C                                  
0081bb58  xdc_runtime_Text_visitRopeFxn__C                             
0081bb5c  ti_sysbios_family_c64p_Exception_Module__id__C               
0081bb5e  ti_sysbios_family_c64p_Exception_useInternalBuffer__C        
0081bb60  ti_sysbios_gates_GateMutex_Module__id__C                     
0081bb62  ti_sysbios_hal_Hwi_Module__id__C                             
0081bb64  ti_sysbios_heaps_HeapMem_Module__id__C                       
0081bb66  ti_sysbios_knl_Semaphore_Module__id__C                       
0081bb68  ti_sysbios_knl_Task_Module__id__C                            
0081bb6a  ti_sysbios_timers_rti_Timer_Module__id__C                    
0081bb6c  ti_sysbios_timers_rti_Timer_continueOnSuspend__C             
0081bb6e  ti_sysbios_utils_Load_Module__id__C                          
0081bb70  ti_sysbios_utils_Load_autoAddTasks__C                        
0081bb72  ti_sysbios_utils_Load_updateInIdle__C                        
0081bb74  xdc_runtime_Core_Module__id__C                               
0081bb76  xdc_runtime_Error_maxDepth__C                                
0081bb78  xdc_runtime_LoggerBuf_Module__id__C                          
0081bb7a  xdc_runtime_LoggerBuf_filterByLevel__C                       
0081bb7c  xdc_runtime_Main_Module__id__C                               
0081bb7e  xdc_runtime_Memory_Module__id__C                             
0081bb80  xdc_runtime_Text_charCnt__C                                  
0081bb82  xdc_runtime_Text_isLoaded__C                                 
0081bb84  xdc_runtime_Text_registryModsLastId__C                       
0081bb86  xdc_runtime_Text_unnamedModsLastId__C                        
0081bb88  xdc_runtime_LoggerBuf_Instance_State_0_entryArr__A           
0081db80  ti_sysbios_knl_Task_Instance_State_0_stack__A                
0081dea0  __TI_tmpnams                                                 
0081dfe0  gMmwDssMCB                                                   
0081e0b8  resultBuffer                                                 
0081e0d0  edmaDbg                                                      
0081e0e0  parmbuf                                                      
0081e0e8  ti_sysbios_knl_Task_Instance_State_0_hookEnv__A              
0081e0ec  __TI_STATIC_BASE                                             
0081e0ec  gObjDetObj                                                   
0081e0f0  ti_sysbios_family_c64p_EventCombiner_Module__state__V        
0081e4f0  _ftable                                                      
0081e6d0  _stream                                                      
0081e770  ti_sysbios_utils_Load_Module__state__V                       
0081e890  ti_sysbios_knl_Swi_Module_State_0_readyQ__A                  
0081e910  ti_sysbios_knl_Task_Module_State_0_readyQ__A                 
0081e990  _device                                                      
0081ea08  ti_sysbios_family_c64p_Hwi_Object__table__V                  
0081ea80  ti_sysbios_family_c64p_Hwi_Module__state__V                  
0081eaec  _lock                                                        
0081eaf0  ti_sysbios_knl_Task_Object__table__V                         
0081eb4c  gMailboxMCB                                                  
0081eb9c  ti_sysbios_knl_Task_Module__state__V                         
0081ebe4  _unlock                                                      
0081eca8  SOC_TranslateAddr_LUT                                        
0081ed28  ti_sysbios_gates_GateMutex_Object__table__V                  
0081ed68  ti_sysbios_timers_rti_Timer_Object__table__V                 
0081eda4  __TI_ft_end                                                  
0081ede0  gHWAHwCfg                                                    
0081ee10  ti_sysbios_family_c64p_Exception_Module__state__V            
0081ee40  ti_sysbios_knl_Swi_Object__table__V                          
0081ee70  ti_sysbios_knl_Clock_Module__state__V                        
0081ee9c  gDPC_ObjectDetectionCfg                                      
0081eec0  ti_sysbios_BIOS_Module__state__V                             
0081eee4  __errno                                                      
0081eee4  errno                                                        
0081eee8  xdc_runtime_LoggerBuf_Object__table__V                       
0081ef0c  ti_sysbios_family_c64p_Cache_Module__state__V                
0081ef50  gSOCHwAttrib                                                 
0081ef70  xdc_runtime_Error_IgnoreBlock                                
0081ef90  xdc_runtime_System_Module_State_0_atexitHandlers__A          
0081efb0  ti_sysbios_knl_Swi_Module__state__V                          
0081efcc  ti_sysbios_heaps_HeapBuf_Module__state__V                    
0081efd0  ti_sysbios_utils_Load_Module_State_0_taskEnv__A              
0081efec  gMailboxDssBssHwCfg                                          
0081f004  gMailboxDssMssHwCfg                                          
0081f01c  xdc_runtime_Memory_Module__state__V                          
0081f020  ti_sysbios_heaps_HeapMem_Object__table__V                    
0081f038  ti_sysbios_timers_rti_Timer_Module_State_0_device__A         
0081f050  gDPMRemoteTable                                              
0081f064  xdc_runtime_Error_Module__state__V                           
0081f068  gHwaEDMAChanMapping                                          
0081f078  ti_sysbios_timers_rti_Timer_Module_State_0_intFreqs__A       
0081f088  ti_sysbios_timers_rti_Timer_Module__state__V                 
0081f098  __TI_cleanup_ptr                                             
0081f09c  __TI_dtors_ptr                                               
0081f0a0  __TI_enable_exit_profile_output                              
0081f0a4  ti_sysbios_knl_Task_Module__root__V                          
0081f0b0  gDPMHwAttrib                                                 
0081f0b8  ti_sysbios_gates_GateHwi_Module__root__V                     
0081f0c0  ti_sysbios_gates_GateMutex_Module__root__V                   
0081f0c8  ti_sysbios_hal_Hwi_Object__table__V                          
0081f0d0  ti_sysbios_heaps_HeapMem_Module__root__V                     
0081f0d8  ti_sysbios_knl_Queue_Module__root__V                         
0081f0e0  ti_sysbios_knl_Semaphore_Module__root__V                     
0081f0e8  ti_sysbios_timers_rti_Timer_Module_State_0_handles__A        
0081f0f0  xdc_runtime_LoggerBuf_Module__root__V                        
0081f0f8  xdc_runtime_Registry_Module__state__V                        
0081f100  xdc_runtime_Startup_Module__state__V                         
0081f108  xdc_runtime_System_Module__state__V                          
0081f110  xdc_runtime_LoggerBuf_Module__state__V                       
0081f118  gHWADriverPtr                                                
0081f120  ti_sysbios_gates_GateHwi_Object__table__V                    
0081f128  ti_sysbios_knl_Task_Module_State_0_idleTask__A               
0081f130  ti_sysbios_utils_Load_Module_State_0_runningTask__A          
0081f138  ti_sysbios_utils_Load_Module_State_0_taskStartTime__A        
0081f140  _stack                                                       
0081f940  __CIOBUF_                                                    
0081f940  __TI_STACK_END                                               
0081fb1c  gAntennaSpacing                                              
0081fb24  gDPM                                                         
0081fb28  regionId                                                     
20000000  gMmwL3                                                       
21080000  gHSRAM                                                       
ffffffff  __TI_pprof_out_hndl                                          
ffffffff  __TI_prof_data_size                                          
ffffffff  __TI_prof_data_start                                         
ffffffff  __binit__                                                    
ffffffff  __c_args__                                                   
ffffffff  binit                                                        
UNDEFED   __TI_CINIT_Base                                              
UNDEFED   __TI_CINIT_Limit                                             
UNDEFED   __TI_Handler_Table_Base                                      
UNDEFED   __TI_Handler_Table_Limit                                     
UNDEFED   __TI_INITARRAY_Base                                          
UNDEFED   __TI_INITARRAY_Limit                                         
UNDEFED   __TI_TLS_INIT_Base                                           
UNDEFED   __TI_TLS_INIT_Limit                                          

[841 symbols]
