******************************************************************************
               TMS320C6x Linker PC v8.3.3                      
******************************************************************************
>> Linked Thu Oct 12 11:12:54 2023

OUTPUT FILE NAME:   <out_of_box_1843_dss_isk.xe674>
ENTRY POINT SYMBOL: "_c_int00"  address: 007ffaa0


MEMORY CONFIGURATION

         name            origin    length      used     unused   attr    fill
----------------------  --------  ---------  --------  --------  ----  --------
PAGE 0:
  L2SRAM_UMAP1          007e0000   00020000  00020000  00000000  RWIX
  L2SRAM_UMAP0          00800000   00020000  0001e010  00001ff0  RWIX
  L1PSRAM               00e00000   00004000  00000000  00004000  RWIX
  L1DSRAM               00f00000   00004000  00000000  00004000  RWIX
  L3SRAM                20000000   000c0000  000c0000  00000000  RWIX
  HWA_RAM               21030000   00010000  00000000  00010000  RWIX
  HSRAM                 21080000   00008000  00008000  00000000  RWIX

PAGE 1:
  L3SRAM                20000000   000c0000  00000000  000c0000  RWIX


SEGMENT ALLOCATION MAP

run origin  load origin   length   init length attrs members
----------  ----------- ---------- ----------- ----- -------
007e0000    007e0000    00026000   00026000    r-x
  007e0000    007e0000    00000200   00000200    r-x .vecs
  007e0200    007e0200    0001fe00   0001fe00    r-x .text.1
  00800000    00800000    00005200   00005200    r-x .text.2
  00805200    00805200    00000e00   00000e00    r-- .const.1
00806000    00806000    00012400   00000000    rw-
  00806000    00806000    0000c400   00000000    rw- .dpc_l2Heap
  00812400    00812400    00006000   00000000    rw- systemHeap
00818400    00818400    00001f38   00001f38    r--
  00818400    00818400    00001f38   00001f38    r-- .const.2
0081a338    0081a338    000024a0   00000000    rw-
  0081a338    0081a338    0000249c   00000000    rw- .far
  0081c7d4    0081c7d4    00000004   00000000    rw- .bss
0081c7d8    0081c7d8    00001770   0000104c    rw-
  0081c7d8    0081c7d8    0000104c   0000104c    rw- .fardata
  0081d828    0081d828    00000600   00000000    rw- .stack
  0081de28    0081de28    00000120   00000000    rw- .cio
0081df48    0081df48    000000bc   000000bc    r--
  0081df48    0081df48    000000bc   000000bc    r-- .switch
0081e004    0081e004    00000010   00000010    rw-
  0081e004    0081e004    00000010   00000010    rw- .neardata
20000000    20000000    000c0000   00000000    rw-
  20000000    20000000    000c0000   00000000    rw- .l3ram
21080000    21080000    00008000   00000000    rw-
  21080000    21080000    00008000   00000000    rw- .demoSharedMem


SECTION ALLOCATION MAP

 output                                  attributes/
section   page    origin      length       input sections
--------  ----  ----------  ----------   ----------------
.vecs      0    007e0000    00000200     
                  007e0000    00000200     mmw_dss_pe674.oe674 (.vecs)

.text.1    0    007e0200    0001fe00     
                  007e0200    00000ba0     sysbios.ae674 : BIOS.obj (.text:xdc_runtime_System_doPrint__I)
                  007e0da0    00000b40     libdopplerproc_hwa_xwr18xx.ae674 : dopplerprochwa.oe674 (.text:DPU_DopplerProcHWA_config)
                  007e18e0    00000aa0     libhwa_xwr18xx.ae674 : hwa.oe674 (.text:HWA_configParamSet)
                  007e2380    000009e0     librangeproc_hwa_xwr18xx.ae674 : rangeprochwa.oe674 (.text:DPU_RangeProcHWA_process)
                  007e2d60    00000860     objectdetection.oe674 (.text:DPC_ObjectDetection_ioctl)
                  007e35c0    00000840     rts6740_elf.lib : pow.c.obj (.text:pow)
                  007e3e00    00000800     librangeproc_hwa_xwr18xx.ae674 : rangeprochwa.oe674 (.text:DPU_RangeProcHWA_config)
                  007e4600    00000780     sysbios.ae674 : BIOS.obj (.text:ti_sysbios_family_c64p_Exception_handler__I)
                  007e4d80    00000740     objectdetection.oe674 (.text:DPC_ObjDet_rangeBiasRxChPhaseMeasure)
                  007e54c0    00000720     libaoaproc_hwa_xwr18xx.ae674 : aoaprochwa.oe674 (.text:AoAProcHWA_config_EDMA)
                  007e5be0    00000700                                  : aoaprochwa.oe674 (.text:HWAutil_configHWA_extendedVelocityScheme)
                  007e62e0    000006a0     sysbios.ae674 : BIOS.obj (.text:ti_sysbios_knl_Semaphore_pend__E)
                  007e6980    00000680                   : BIOS.obj (.text:ti_sysbios_heaps_HeapMem_allocUnprotected__E)
                  007e7000    00000660                   : BIOS.obj (.text:ti_sysbios_heaps_HeapMem_freeUnprotected__E)
                  007e7660    00000600     libaoaproc_hwa_xwr18xx.ae674 : aoaprochwa.oe674 (.text:DPU_AoAProcHWA_process)
                  007e7c60    000005e0     rts6740_elf.lib : divd.c.obj (.text:__c6xabi_divd)
                  007e8240    000005a0     sysbios.ae674 : BIOS.obj (.text:ti_sysbios_knl_Task_Instance_finalize__E)
                  007e87e0    00000520     objectdetection.oe674 (.text:DPC_ObjDet_AoAconfig)
                  007e8d00    000004c0     librangeproc_hwa_xwr18xx.ae674 : rangeprochwa.oe674 (.text:rangeProcHWA_ConfigEDMA_DataOut_nonInterleave)
                  007e91c0    00000480     objectdetection.oe674 (.text:DPC_ObjectDetection_execute)
                  007e9640    00000480     dss_main.oe674 (.text:MmwDemo_DPC_ObjectDetection_dpmTask)
                  007e9ac0    00000460     libhwa_xwr18xx.ae674 : hwa.oe674 (.text:HWA_configCommon)
                  007e9f20    00000440     sysbios.ae674 : BIOS.obj (.text:ti_sysbios_knl_Task_Instance_init__E)
                  007ea360    00000420     libmailbox_xwr18xx.ae674 : mailbox.oe674 (.text:Mailbox_open)
                  007ea780    00000400     objectdetection.oe674 (.text:DPC_ObjDet_preStartConfig)
                  007eab80    000003e0     libaoaproc_hwa_xwr18xx.ae674 : aoaprochwa.oe674 (.text:DPU_AoAProcHWA_config)
                  007eaf60    000003e0     sysbios.ae674 : BIOS.obj (.text:ti_sysbios_knl_Task_sleep__E)
                  007eb340    000003e0                   : BIOS.obj (.text:ti_sysbios_utils_Load_updateThreadContexts__E)
                  007eb720    000003c0     libaoaproc_hwa_xwr18xx.ae674 : aoaprochwa.oe674 (.text:AoAProcHWA_angleEstimationAzimElev)
                  007ebae0    000003a0     libedma_xwr18xx.ae674 : edma.oe674 (.text:EDMA_paramConfig_assist)
                  007ebe80    000003a0     librangeproc_hwa_xwr18xx.ae674 : rangeprochwa.oe674 (.text:rangeProcHWA_ConfigHWA)
                  007ec220    00000360     objectdetection.oe674 (.text:DPC_ObjDet_rangeConfig)
                  007ec580    00000360     libdpm_xwr18xx.ae674 : dpm_core.oe674 (.text:DPM_init)
                  007ec8e0    00000360                          : dpm_msg.oe674 (.text:DPM_msgRecv)
                  007ecc40    00000340     libstaticclutterproc_xwr18xx.ae674 : staticclutterproc.oe674 (.text:DPU_StaticClutterProc_process)
                  007ecf80    00000320     libedma_xwr18xx.ae674 : edma.oe674 (.text:EDMA_configChannel)
                  007ed2a0    00000320     rts6740_elf.lib : cos.c.obj (.text:cos)
                  007ed5c0    00000320                     : fputs.c.obj (.text:fputs)
                  007ed8e0    00000300     libaoaproc_hwa_xwr18xx.ae674 : aoaprochwa.oe674 (.text:HWAutil_configHWA_azimuthHeatMap)
                  007edbe0    00000300     sysbios.ae674 : BIOS.obj (.text:xdc_runtime_LoggerBuf_write8__E)
                  007edee0    000002e0     libaoaproc_hwa_xwr18xx.ae674 : aoaprochwa.oe674 (.text:AoAProcHWA_XYZestimation)
                  007ee1c0    000002e0     rts6740_elf.lib : sin.c.obj (.text:sin)
                  007ee4a0    000002e0     sysbios.ae674 : BIOS.obj (.text:ti_sysbios_heaps_HeapMem_Instance_init__E)
                  007ee780    000002e0                   : BIOS.obj (.text:xdc_runtime_Core_createObject__I)
                  007eea60    000002c0     objectdetection.oe674 (.text:DPC_ObjDet_dopplerConfig)
                  007eed20    000002c0     libedma_xwr18xx.ae674 : edma.oe674 (.text:EDMA_configErrorMonitoring)
                  007eefe0    000002c0                           : edma.oe674 (.text:EDMA_open)
                  007ef2a0    000002c0     sysbios.ae674 : BIOS.obj (.text:ti_sysbios_knl_Task_postInit__I)
                  007ef560    000002c0                   : BIOS.obj (.text:ti_sysbios_timers_rti_Timer_Module_startup__E)
                  007ef820    000002a0     objectdetection.oe674 (.text:DPC_ObjectDetection_init)
                  007efac0    000002a0     libcfarcaproc_hwa_xwr18xx.ae674 : cfarcaprochwa.oe674 (.text:DPU_CFARCAProcHWA_process)
                  007efd60    000002a0     libhwa_xwr18xx.ae674 : hwa.oe674 (.text:HWA_open)
                  007f0000    000002a0     sysbios.ae674 : BIOS.obj (.text:ti_sysbios_family_c64p_EventCombiner_dispatch__E)
                  007f02a0    000002a0                   : BIOS.obj (.text:ti_sysbios_timers_rti_Timer_getFreq__E)
                  007f0540    00000280     libaoaproc_hwa_xwr18xx.ae674 : aoaprochwa.oe674 (.text:AoAProcHWA_PrepareRangeAzimuthHeatmap)
                  007f07c0    00000280     rts6740_elf.lib : divf.c.obj (.text:__c6xabi_divf)
                  007f0a40    00000280     sysbios.ae674 : BIOS.obj (.text:ti_sysbios_family_c64p_Cache_Module_startup__E)
                  007f0cc0    00000280                   : BIOS.obj (.text:xdc_runtime_Startup_startMods__I)
                  007f0f40    00000260     libaoaproc_hwa_xwr18xx.ae674 : aoaprochwa.oe674 (.text:AoAProcHWA_config_azimuthHeatMap_EDMA)
                  007f11a0    00000260     rts6740_elf.lib : imath64.c.obj (.text:__c6xabi_divull)
                  007f1400    00000260     sysbios.ae674 : BIOS.obj (.text:ti_sysbios_gates_GateMutex_enter__E)
                  007f1660    00000240     objectdetection.oe674 (.text:DPC_ObjDet_CFARCAconfig)
                  007f18a0    00000240     libedma_xwr18xx.ae674 : edma.oe674 (.text:EDMA_transferComplete_isr)
                  007f1ae0    00000240     dss_main.oe674 (.text:MmwDemo_dssInitTask)
                  007f1d20    00000240     sysbios.ae674 : BIOS.obj (.text:ti_sysbios_family_c64p_Exception_internalHandler__I)
                  007f1f60    00000240                   : BIOS.obj (.text:xdc_runtime_Error_policyDefault__E)
                  007f21a0    00000240     mmw_dss_pe674.oe674 (.text:xdc_runtime_System_printfExtend__I)
                  007f23e0    00000220     libcfarcaproc_hwa_xwr18xx.ae674 : cfarcaprochwa.oe674 (.text:DPU_CFARCAProcHWA_config)
                  007f2600    00000220     libmailbox_xwr18xx.ae674 : mailbox.oe674 (.text:Mailbox_write)
                  007f2820    00000220     libaoaproc_hwa_xwr18xx.ae674 : aoaprochwa.oe674 (.text:aoaHwa_dopplerCompensation)
                  007f2a40    00000220     sysbios.ae674 : BIOS.obj (.text:ti_sysbios_family_c64p_EventCombiner_dispatchPlug__E)
                  007f2c60    00000220                   : BIOS.obj (.text:ti_sysbios_family_c64p_EventCombiner_enableEvent__E)
                  007f2e80    00000220                   : BIOS.obj (.text:xdc_runtime_LoggerBuf_write4__E)
                  007f30a0    00000200     libdpm_xwr18xx.ae674 : dpm_msg.oe674 (.text:DPM_msgResultHandler)
                  007f32a0    00000200     libaoaproc_hwa_xwr18xx.ae674 : aoaprochwa.oe674 (.text:DPU_AoAProcHWA_init)
                  007f34a0    00000200     sysbios.ae674 : c64p_Hwi_disp_always.obj (.text:_ti_sysbios_family_c64p_Hwi_dispatchAlways)
                  007f36a0    00000200     rts6740_elf.lib : atan.c.obj (.text:atan)
                  007f38a0    00000200     libmathutils.ae674 : mathutils.oe674 (.text:mathUtils_genWindow)
                  007f3aa0    00000200     sysbios.ae674 : BIOS.obj (.text:ti_sysbios_family_c64p_EventCombiner_disableEvent__E)
                  007f3ca0    00000200                   : BIOS.obj (.text:ti_sysbios_utils_Load_idleFxn__E)
                  007f3ea0    00000200                   : BIOS.obj (.text:xdc_runtime_Core_constructObject__I)
                  007f40a0    000001e0     libedma_xwr18xx.ae674 : edma.oe674 (.text:EDMA_init)
                  007f4280    000001e0     sysbios.ae674 : BIOS.obj (.text:ti_sysbios_knl_Semaphore_post__E)
                  007f4460    000001c0     libdpedma_hwa_xwr18xx.ae674 : dpedma.oe674 (.text:DPEDMA_configSyncAB)
                  007f4620    000001c0                                 : dpedma.oe674 (.text:DPEDMA_configSyncA_singleFrame)
                  007f47e0    000001c0     librangeproc_hwa_xwr18xx.ae674 : rangeprochwa.oe674 (.text:DPU_RangeProcHWA_control)
                  007f49a0    000001c0     libstaticclutterproc_xwr18xx.ae674 : staticclutterproc.oe674 (.text:DPU_StaticClutterProc_configEdma)
                  007f4b60    000001c0     libcfarcaproc_hwa_xwr18xx.ae674 : cfarcaprochwa.oe674 (.text:HWAutil_configCFAR)
                  007f4d20    000001c0     libmailbox_xwr18xx.ae674 : mailbox.oe674 (.text:Mailbox_read)
                  007f4ee0    000001c0     libsoc_xwr18xx.ae674 : soc.oe674 (.text:SOC_deregisterSysIntListener)
                  007f50a0    000001c0     rts6740_elf.lib : atan2.c.obj (.text:atan2)
                  007f5260    000001c0                     : fputc.c.obj (.text:fputc)
                  007f5420    000001c0                     : frexp.c.obj (.text:frexp)
                  007f55e0    000001c0     librangeproc_hwa_xwr18xx.ae674 : rangeprochwa.oe674 (.text:rangeProcHWA_ConfigEDMADummyThreeLinks)
                  007f57a0    000001c0     rts6740_elf.lib : setvbuf.c.obj (.text:setvbuf)
                  007f5960    000001c0     sysbios.ae674 : BIOS.obj (.text:ti_sysbios_knl_Swi_restoreHwi__E)
                  007f5b20    000001c0                   : BIOS.obj (.text:ti_sysbios_knl_Task_checkStacks__E)
                  007f5ce0    000001c0                   : BIOS.obj (.text:xdc_runtime_Text_putSite__E)
                  007f5ea0    000001a0     libcfarcaproc_hwa_xwr18xx.ae674 : cfarcaprochwa.oe674 (.text:CFARHWA_cfarRange_AND_cfarDoppler)
                  007f6040    000001a0                                     : cfarcaprochwa.oe674 (.text:DPU_CFARCAProcHWA_control)
                  007f61e0    000001a0     libdopplerproc_hwa_xwr18xx.ae674 : dopplerprochwa.oe674 (.text:DPU_DopplerProcHWA_init)
                  007f6380    000001a0                                      : dopplerprochwa.oe674 (.text:DPU_DopplerProcHWA_process)
                  007f6520    000001a0     librangeproc_hwa_xwr18xx.ae674 : rangeprochwa.oe674 (.text:DPU_RangeProcHWA_init)
                  007f66c0    000001a0     rts6740_elf.lib : hostrename.c.obj (.text:HOSTrename)
                  007f6860    000001a0     sysbios.ae674 : BIOS.obj (.text:ti_sysbios_family_c64p_Cache_getL2InitSize__I)
                  007f6a00    000001a0                   : BIOS.obj (.text:ti_sysbios_heaps_HeapBuf_Module_startup__E)
                  007f6ba0    000001a0                   : BIOS.obj (.text:ti_sysbios_knl_Swi_runLoop__I)
                  007f6d40    000001a0                   : BIOS.obj (.text:ti_sysbios_knl_Task_exit__E)
                  007f6ee0    000001a0                   : BIOS.obj (.text:ti_sysbios_timers_rti_Timer_startup__E)
                  007f7080    00000180     libdpm_xwr18xx.ae674 : dpm_core.oe674 (.text:DPM_deinit)
                  007f7200    00000180                          : dpm_core.oe674 (.text:DPM_ioctl)
                  007f7380    00000180     libaoaproc_hwa_xwr18xx.ae674 : aoaprochwa.oe674 (.text:DPU_AoAProcHWA_control)
                  007f7500    00000180     libhwa_xwr18xx.ae674 : hwa.oe674 (.text:HWA_enableParamSetInterrupt)
                  007f7680    00000180     dss_main.oe674 (.text:MmwDemo_sensorStopEpilog)
                  007f7800    00000180     rts6740_elf.lib : ldexp.c.obj (.text:ldexp)
                  007f7980    00000180     sysbios.ae674 : c64p_Exception_asm.obj (.text)
                  007f7b00    00000180                   : BIOS.obj (.text:ti_sysbios_knl_Task_schedule__I)
                  007f7c80    00000180                   : BIOS.obj (.text:ti_sysbios_utils_Load_startup__E)
                  007f7e00    00000160     objectdetection.oe674 (.text:DPC_ObjDet_staticClutterConfig)
                  007f7f60    00000160     libdpm_xwr18xx.ae674 : dpm_msg.oe674 (.text:DPM_msgResponseHandler)
                  007f80c0    00000160     libedma_xwr18xx.ae674 : edma.oe674 (.text:EDMA_getErrorStatusInfo)
                  007f8220    00000160     libhwa_xwr18xx.ae674 : hwa.oe674 (.text:HWA_paramDoneISR)
                  007f8380    00000160     libmailbox_xwr18xx.ae674 : mailbox.oe674 (.text:Mailbox_close)
                  007f84e0    00000160     libsoc_xwr18xx.ae674 : soc.oe674 (.text:SOC_registerSysIntListener)
                  007f8640    00000160     rts6740_elf.lib : sqrt.c.obj (.text:sqrt)
                  007f87a0    00000160     sysbios.ae674 : BIOS.obj (.text:ti_sysbios_family_c64p_Cache_getL1DInitSize__I)
                  007f8900    00000160                   : BIOS.obj (.text:ti_sysbios_family_c64p_Cache_getL1PInitSize__I)
                  007f8a60    00000160                   : BIOS.obj (.text:ti_sysbios_family_c64p_Hwi_Module_startup__E)
                  007f8bc0    00000160                   : BIOS.obj (.text:xdc_runtime_Core_deleteObject__I)
                  007f8d20    00000160                   : BIOS.obj (.text:xdc_runtime_LoggerBuf_getFilterLevel__E)
                  007f8e80    00000160                   : BIOS.obj (.text:xdc_runtime_LoggerBuf_setFilterLevel__E)
                  007f8fe0    00000140     libaoaproc_hwa_xwr18xx.ae674 : aoaprochwa.oe674 (.text:AoAProcHWA_ConvertFov)
                  007f9120    00000140     libdpedma_hwa_xwr18xx.ae674 : dpedmahwa.oe674 (.text:DPEDMAHWA_configTwoHotSignature)
                  007f9260    00000140     libedma_xwr18xx.ae674 : edma_low_level.oe674 (.text:EDMA3Init)
                  007f93a0    00000140                           : edma.oe674 (.text:EDMA_clearErrors)
                  007f94e0    00000140                           : edma.oe674 (.text:EDMA_startTransfer)
                  007f9620    00000140     libhwa_xwr18xx.ae674 : hwa.oe674 (.text:HWA_configRam)
                  007f9760    00000140     libsoc_xwr18xx.ae674 : soc.oe674 (.text:SOC_init)
                  007f98a0    00000140     dbscan.oe674 (.text:expand)
                  007f99e0    00000140     rts6740_elf.lib : perror.c.obj (.text:perror)
                  007f9b20    00000140     librangeproc_hwa_xwr18xx.ae674 : rangeprochwa.oe674 (.text:rangeProcHWA_ConfigEDMA_DataIn)
                  007f9c60    00000140     sysbios.ae674 : BIOS.obj (.text:ti_sysbios_knl_Semaphore_Instance_init__E)
                  007f9da0    00000140                   : BIOS.obj (.text:ti_sysbios_knl_Task_Module_startup__E)
                  007f9ee0    00000140                   : BIOS.obj (.text:ti_sysbios_knl_Task_startCore__E)
                  007fa020    00000140                   : BIOS.obj (.text:ti_sysbios_timers_rti_Timer_initDevice__I)
                  007fa160    00000140                   : BIOS.obj (.text:ti_sysbios_utils_Load_addTask__E)
                  007fa2a0    00000140                   : BIOS.obj (.text:ti_sysbios_utils_Load_updateLoads__E)
                  007fa3e0    00000140                   : BIOS.obj (.text:xdc_runtime_Memory_alloc__E)
                  007fa520    00000140                   : BIOS.obj (.text:xdc_runtime_Text_putLab__E)
                  007fa660    00000140                   : BIOS.obj (.text:xdc_runtime_Text_putMod__E)
                  007fa7a0    00000140                   : BIOS.obj (.text:xdc_runtime_Text_visitRope2__I)
                  007fa8e0    00000120     objectdetection.oe674 (.text:DPC_ObjDet_GetRxChPhaseComp)
                  007faa00    00000120     objectdetection.oe674 (.text:DPC_ObjDet_reconfigSubFrame)
                  007fab20    00000120     libdpedma_hwa_xwr18xx.ae674 : dpedmahwa.oe674 (.text:DPEDMAHWA_configOneHotSignature)
                  007fac40    00000120     libdpm_xwr18xx.ae674 : dpm_msg.oe674 (.text:DPM_msgDPCCfgHandler)
                  007fad60    00000120     libedma_xwr18xx.ae674 : edma.oe674 (.text:EDMA_configParamSet)
                  007fae80    00000120     boot.ae674 : autoinit.oe674 (.text:_auto_init_elf)
                  007fafa0    00000120     rts6740_elf.lib : getdevice.c.obj (.text:getdevice)
                  007fb0c0    00000120     sysbios.ae674 : BIOS.obj (.text:ti_sysbios_knl_Clock_workFunc__E)
                  007fb1e0    00000120                   : BIOS.obj (.text:ti_sysbios_timers_rti_Timer_setPeriodMicroSecs__E)
                  007fb300    00000120                   : BIOS.obj (.text:ti_sysbios_utils_Load_taskCreateHook__E)
                  007fb420    00000120                   : BIOS.obj (.text:ti_sysbios_utils_Load_taskDeleteHook__E)
                  007fb540    00000100     libaoaproc_hwa_xwr18xx.ae674 : aoaprochwa.oe674 (.text:AoAProcHWA_cfgAndTrigger_EDMA_2DFFT)
                  007fb640    00000100     libcfarcaproc_hwa_xwr18xx.ae674 : cfarcaprochwa.oe674 (.text:DPU_CFARCAProcHWA_init)
                  007fb740    00000100     libstaticclutterproc_xwr18xx.ae674 : staticclutterproc.oe674 (.text:DPU_StaticClutterProc_config)
                  007fb840    00000100     libhwa_xwr18xx.ae674 : hwa.oe674 (.text:HWA_disableParamSetInterrupt)
                  007fb940    00000100     libmailbox_xwr18xx.ae674 : mailbox.oe674 (.text:Mailbox_readFlush)
                  007fba40    00000100     libsoc_xwr18xx.ae674 : soc_xwr18xx_dss.oe674 (.text:SOC_deviceInit)
                  007fbb40    00000100                          : soc_xwr18xx.oe674 (.text:SOC_translateAddress)
                  007fbc40    00000100     rts6740_elf.lib : fclose.c.obj (.text:__TI_closefile)
                  007fbd40    00000100                     : fflush.c.obj (.text:fflush)
                  007fbe40    00000100                     : fseek.c.obj (.text:fseek)
                  007fbf40    00000100     dss_main.oe674 (.text:main)
                  007fc040    00000100     dbscan.oe674 (.text:spread)
                  007fc140    00000100     sysbios.ae674 : BIOS.obj (.text:xdc_runtime_Error_print__E)
                  007fc240    00000100                   : BIOS.obj (.text:xdc_runtime_Startup_exec__E)
                  007fc340    000000e0     objectdetection.oe674 (.text:DPC_ObjectDetection_deinit)
                  007fc420    000000e0     libdpm_xwr18xx.ae674 : dpm_core.oe674 (.text:DPM_execute)
                  007fc500    000000e0                          : dpm_pipe.oe674 (.text:DPM_pipeSend)
                  007fc5e0    000000e0     libedma_xwr18xx.ae674 : edma.oe674 (.text:EDMA_error_isr)
                  007fc6c0    000000e0                           : edma.oe674 (.text:EDMA_isTransferComplete)
                  007fc7a0    000000e0     rts6740_elf.lib : hostlseek.c.obj (.text:HOSTlseek)
                  007fc880    000000e0                     : hostopen.c.obj (.text:HOSTopen)
                  007fc960    000000e0                     : hostwrite.c.obj (.text:HOSTwrite)
                  007fca40    000000e0     libmailbox_xwr18xx.ae674 : mailbox.oe674 (.text:Mailbox_boxFullISRMssDss)
                  007fcb20    000000e0                              : mailbox.oe674 (.text:Mailbox_init)
                  007fcc00    000000e0     dss_main.oe674 (.text:MmwDemo_DPC_ObjectDetection_reportFxn)
                  007fcce0    000000e0     rts6740_elf.lib : _io_perm.c.obj (.text:__TI_wrt_ok)
                  007fcdc0    000000e0                     : divi.asm.obj (.text:__divi)
                  007fcea0    000000e0                     : close.c.obj (.text:close)
                  007fcf80    000000e0                     : exit.c.obj (.text:exit)
                  007fd060    000000e0     dbscan.oe674 (.text:get_epsilon_neighbours)
                  007fd140    000000e0     rts6740_elf.lib : memset.c.obj (.text:memset)
                  007fd220    000000e0     sysbios.ae674 : BIOS.obj (.text:ti_sysbios_utils_Load_updateCurrentThreadTime__E)
                  007fd300    000000c0     libcfarcaproc_hwa_xwr18xx.ae674 : cfarcaprochwa.oe674 (.text:CFARCAHWA_config_EDMA)
                  007fd3c0    000000c0                                     : cfarcaprochwa.oe674 (.text:CFARHWA_prepareHwaRunTime)
                  007fd480    000000c0     objectdetection.oe674 (.text:DPC_ObjectDetection_frameStart)
                  007fd540    000000c0     libdpm_xwr18xx.ae674 : dpm_mailbox.oe674 (.text:DPM_mboxRemoteMailboxCallbackFxn)
                  007fd600    000000c0                          : dpm_core.oe674 (.text:DPM_sendResult)
                  007fd6c0    000000c0     libedma_xwr18xx.ae674 : edma.oe674 (.text:EDMA_startDmaTransfer)
                  007fd780    000000c0     rts6740_elf.lib : hostread.c.obj (.text:HOSTread)
                  007fd840    000000c0                     : hostunlink.c.obj (.text:HOSTunlink)
                  007fd900    000000c0     libhwa_xwr18xx.ae674 : hwa.oe674 (.text:HWA_getDMAChanIndex)
                  007fd9c0    000000c0                          : hwa.oe674 (.text:HWA_getDMAconfig)
                  007fda80    000000c0                          : hwa.oe674 (.text:HWA_getDriverAccess)
                  007fdb40    000000c0                          : hwa.oe674 (.text:HWA_getHWAMemInfo)
                  007fdc00    000000c0     libmailbox_xwr18xx.ae674 : mailbox.oe674 (.text:Mailbox_boxFullISRProcessing)
                  007fdcc0    000000c0     data_path.oe674 (.text:MmwDemo_edmaOpen)
                  007fdd80    000000c0     objectdetection.oe674 (.text:_DPC_Objdet_Assert)
                  007fde40    000000c0     rts6740_elf.lib : fflush.c.obj (.text:__TI_doflush)
                  007fdf00    000000c0                     : divu.asm.obj (.text:__divu)
                  007fdfc0    000000c0     dbscan.oe674 (.text:euclidean_dist)
                  007fe080    000000c0     rts6740_elf.lib : modf.c.obj (.text:modf)
                  007fe140    000000c0     librangeproc_hwa_xwr18xx.ae674 : rangeprochwa.oe674 (.text:rangeProcHWA_ConfigHWACommon)
                  007fe200    000000c0     sysbios.ae674 : BIOS.obj (.text:ti_sysbios_family_c64p_Hwi_dispatchCore__I)
                  007fe2c0    000000c0                   : BIOS.obj (.text:ti_sysbios_heaps_HeapMem_alloc__E)
                  007fe380    000000c0                   : BIOS.obj (.text:ti_sysbios_heaps_HeapMem_getStats__E)
                  007fe440    000000c0                   : BIOS.obj (.text:ti_sysbios_knl_Swi_schedule__I)
                  007fe500    000000c0                   : BIOS.obj (.text:ti_sysbios_knl_Task_allBlockedFunction__I)
                  007fe5c0    000000c0     mmw_dss_pe674.oe674 (.text:ti_sysbios_knl_Task_create)
                  007fe680    000000c0     sysbios.ae674 : BIOS.obj (.text:ti_sysbios_knl_Task_stat__E)
                  007fe740    000000c0                   : BIOS.obj (.text:ti_sysbios_utils_Load_taskSwitchHook__E)
                  007fe800    000000c0     rts6740_elf.lib : tls.c.obj (.text:tls:init:__TI_tls_init)
                  007fe8c0    000000c0     sysbios.ae674 : BIOS.obj (.text:xdc_runtime_Assert_raise__I)
                  007fe980    000000c0                   : BIOS.obj (.text:xdc_runtime_LoggerBuf_Instance_init__E)
                  007fea40    000000c0     mmw_dss_pe674.oe674 (.text:xdc_runtime_LoggerBuf_Object__create__S)
                  007feb00    000000a0     libcfarcaproc_hwa_xwr18xx.ae674 : cfarcaprochwa.oe674 (.text:CFARHWA_fovConvertDoppler)
                  007feba0    000000a0                                     : cfarcaprochwa.oe674 (.text:CFARHWA_saveConfiguration)
                  007fec40    000000a0     objectdetection.oe674 (.text:DPC_ObjectDetection_start)
                  007fece0    000000a0     libdpedma_hwa_xwr18xx.ae674 : dpedma.oe674 (.text:DPEDMA_setup_shadow_link)
                  007fed80    000000a0     libdpm_xwr18xx.ae674 : dpm_mailbox.oe674 (.text:DPM_mboxInit)
                  007fee20    000000a0                          : dpm_msg.oe674 (.text:DPM_msgStartHandler)
                  007feec0    000000a0                          : dpm_msg.oe674 (.text:DPM_msgStopHandler)
                  007fef60    000000a0                          : dpm_core.oe674 (.text:DPM_notifyExecute)
                  007ff000    000000a0                          : dpm_pipe.oe674 (.text:DPM_pipeRecv)
                  007ff0a0    000000a0     libedma_xwr18xx.ae674 : edma_low_level.oe674 (.text:EDMA3EnableChInShadowReg)
                  007ff140    000000a0                           : edma.oe674 (.text:EDMA_disableChannel)
                  007ff1e0    000000a0                           : edma.oe674 (.text:EDMA_enableChannel)
                  007ff280    000000a0                           : edma.oe674 (.text:EDMA_transferController_error_isr)
                  007ff320    000000a0     rts6740_elf.lib : hostclose.c.obj (.text:HOSTclose)
                  007ff3c0    000000a0     libhwa_xwr18xx.ae674 : hwa.oe674 (.text:HWA_deleteInstance)
                  007ff460    000000a0                          : hwa.oe674 (.text:HWA_disableDoneInterrupt)
                  007ff500    000000a0                          : hwa.oe674 (.text:HWA_enable)
                  007ff5a0    000000a0                          : hwa.oe674 (.text:HWA_enableDoneInterrupt)
                  007ff640    000000a0                          : hwa.oe674 (.text:HWA_readCFARPeakCountReg)
                  007ff6e0    000000a0     libmailbox_xwr18xx.ae674 : mailbox.oe674 (.text:Mailbox_boxEmptyISRProcessing)
                  007ff780    000000a0     libsoc_xwr18xx.ae674 : soc.oe674 (.text:SOC_SystemISR)
                  007ff820    000000a0     rts6740_elf.lib : fopen.c.obj (.text:__TI_cleanup)
                  007ff8c0    000000a0                     : fixfu.c.obj (.text:__c6xabi_fixfu)
                  007ff960    000000a0                     : round.c.obj (.text:__c6xabi_nround)
                  007ffa00    000000a0                     : remu.asm.obj (.text:__remu)
                  007ffaa0    000000a0     boot.ae674 : boot.oe674 (.text:_c_int00)
                  007ffb40    000000a0     mmw_dss_pe674.oe674 (.text:calloc)
                  007ffbe0    000000a0     dbscan.oe674 (.text:dbscan)
                  007ffc80    000000a0     rts6740_elf.lib : getdevice.c.obj (.text:finddevice)
                  007ffd20    000000a0                     : memcpy64.asm.obj (.text:memcpy)
                  007ffdc0    000000a0     libmmwavealg_xwr18xx.ae674 : mmwavelib_vecsum.oe674 (.text:mmwavelib_vecsum)
                  007ffe60    000000a0     mathlib.ae674 : sqrtsp.oe674 (.text:optasm)
                  007fff00    000000a0     sysbios.ae674 : BIOS.obj (.text:ti_sysbios_family_c64p_Exception_Module_startup__E)
                  007fffa0    00000060     libaoaproc_hwa_xwr18xx.ae674 : aoaprochwa.oe674 (.text:AOAHWA_waitEdma)

.text.2    0    00800000    00005200     
                  00800000    000000a0     sysbios.ae674 : BIOS.obj (.text:ti_sysbios_family_c64p_Hwi_dispatchC__I)
                  008000a0    000000a0                   : BIOS.obj (.text:ti_sysbios_family_c64p_Hwi_getStackInfo__E)
                  00800140    000000a0                   : BIOS.obj (.text:ti_sysbios_hal_Hwi_checkStack)
                  008001e0    000000a0                   : BIOS.obj (.text:ti_sysbios_knl_Semaphore_pendTimeout__I)
                  00800280    000000a0                   : BIOS.obj (.text:xdc_runtime_Core_assignLabel__I)
                  00800320    000000a0                   : BIOS.obj (.text:xdc_runtime_Core_assignParams__I)
                  008003c0    000000a0                   : BIOS.obj (.text:xdc_runtime_LoggerBuf_Module_startup__E)
                  00800460    000000a0                   : BIOS.obj (.text:xdc_runtime_System_atexit__E)
                  00800500    000000a0                   : BIOS.obj (.text:xdc_runtime_System_exit__E)
                  008005a0    000000a0                   : BIOS.obj (.text:xdc_runtime_Text_printVisFxn__I)
                  00800640    000000a0                   : BIOS.obj (.text:xdc_runtime_Text_xprintf__I)
                  008006e0    00000080     libaoaproc_hwa_xwr18xx.ae674 : aoaprochwa.oe674 (.text:AoAProc_HWAutil_configCommon)
                  00800760    00000080     libcfarcaproc_hwa_xwr18xx.ae674 : cfarcaprochwa.oe674 (.text:CFARHWA_convHwaCfarDetListToDetMask)
                  008007e0    00000080                                     : cfarcaprochwa.oe674 (.text:CFARHWA_fovConvertRange)
                  00800860    00000080     objectdetection.oe674 (.text:DPC_ObjDet_GetAntGeometryDef)
                  008008e0    00000080     objectdetection.oe674 (.text:DPC_ObjectDetection_stop)
                  00800960    00000080     libdpm_xwr18xx.ae674 : dpm_mailbox.oe674 (.text:DPM_mboxSendResult)
                  008009e0    00000080                          : dpm_pipe.oe674 (.text:DPM_pipeDeinit)
                  00800a60    00000080                          : dpm_pipe.oe674 (.text:DPM_pipeInit)
                  00800ae0    00000080                          : dpm_core.oe674 (.text:DPM_synch)
                  00800b60    00000080     librangeproc_hwa_xwr18xx.ae674 : rangeprochwa.oe674 (.text:DPU_RangeProcHWA_deinit)
                  00800be0    00000080     libstaticclutterproc_xwr18xx.ae674 : staticclutterproc.oe674 (.text:DPU_StaticClutterProc_init)
                  00800c60    00000080                                        : staticclutterproc.oe674 (.text:DPU_StaticClutterProc_waitInData)
                  00800ce0    00000080                                        : staticclutterproc.oe674 (.text:DPU_StaticClutterProc_waitOutData)
                  00800d60    00000080     libedma_xwr18xx.ae674 : edma_low_level.oe674 (.text:EDMA3MapChToEvtQ)
                  00800de0    00000080                           : edma.oe674 (.text:EDMA_getTransferControllerErrorStatusInfo)
                  00800e60    00000080                           : edma.oe674 (.text:EDMA_linkParamSets)
                  00800ee0    00000080     libhwa_xwr18xx.ae674 : hwa.oe674 (.text:HWA_reset)
                  00800f60    00000080                          : hwa.oe674 (.text:HWA_setDMA2ACCManualTrig)
                  00800fe0    00000080     data_path.oe674 (.text:MmwDemo_dataPathInit)
                  00801060    00000080     libosal_xwr18xx.ae674 : SemaphoreP_tirtos.oe674 (.text:SemaphoreP_create)
                  008010e0    00000080     rts6740_elf.lib : trgmsg.c.obj (.text:__TI_readmsg)
                  00801160    00000080                     : fixdu.c.obj (.text:__c6xabi_fixdu)
                  008011e0    00000080                     : llshift.c.obj (.text:__c6xabi_llshl)
                  00801260    00000080     sysbios.ae674 : c62_TaskSupport_asm.obj (.text:_ti_sysbios_family_c62_TaskSupport_swap__E)
                  008012e0    00000080     dbscan.oe674 (.text:append_at_end)
                  00801360    00000080     dbscan.oe674 (.text:destroy_epsilon_neighbours)
                  008013e0    00000080     librangeproc_hwa_xwr18xx.ae674 : rangeprochwa.oe674 (.text:rangeProcHWA_ConfigEDMATranspose)
                  00801460    00000080     mmw_dss_pe674.oe674 (.text:ti_sysbios_BIOS_atExitFunc__I)
                  008014e0    00000080     mmw_dss_pe674.oe674 (.text:ti_sysbios_BIOS_registerRTSLock__I)
                  00801560    00000080     mmw_dss_pe674.oe674 (.text:ti_sysbios_gates_GateHwi_Object__create__S)
                  008015e0    00000080     mmw_dss_pe674.oe674 (.text:ti_sysbios_gates_GateMutex_Object__create__S)
                  00801660    00000080     mmw_dss_pe674.oe674 (.text:ti_sysbios_heaps_HeapMem_Object__create__S)
                  008016e0    00000080     sysbios.ae674 : BIOS.obj (.text:ti_sysbios_heaps_HeapMem_init__I)
                  00801760    00000080     mmw_dss_pe674.oe674 (.text:ti_sysbios_knl_Clock_doTick__I)
                  008017e0    00000080     sysbios.ae674 : BIOS.obj (.text:ti_sysbios_knl_Idle_run__E)
                  00801860    00000080     mmw_dss_pe674.oe674 (.text:ti_sysbios_knl_Semaphore_create)
                  008018e0    00000080     sysbios.ae674 : BIOS.obj (.text:ti_sysbios_knl_Swi_post__E)
                  00801960    00000080                   : BIOS.obj (.text:ti_sysbios_knl_Swi_startup__E)
                  008019e0    00000080                   : BIOS.obj (.text:ti_sysbios_knl_Task_processVitalTaskFlag__I)
                  00801a60    00000080                   : BIOS.obj (.text:ti_sysbios_knl_Task_restore__E)
                  00801ae0    00000080                   : BIOS.obj (.text:ti_sysbios_knl_Task_sleepTimeout__I)
                  00801b60    00000080     mmw_dss_pe674.oe674 (.text:ti_sysbios_rts_MemAlloc_alloc)
                  00801be0    00000080     sysbios.ae674 : BIOS.obj (.text:ti_sysbios_timers_rti_Timer_setPeriod__E)
                  00801c60    00000080                   : BIOS.obj (.text:ti_sysbios_timers_rti_Timer_stop__E)
                  00801ce0    00000080     rts6740_elf.lib : unlink.c.obj (.text:unlink)
                  00801d60    00000080     sysbios.ae674 : BIOS.obj (.text:xdc_runtime_System_avprintf__E)
                  00801de0    00000080                   : BIOS.obj (.text:xdc_runtime_System_vprintf__E)
                  00801e60    00000060     libcfarcaproc_hwa_xwr18xx.ae674 : cfarcaprochwa.oe674 (.text:CFARHWA_triggerCFAR)
                  00801ec0    00000060     objectdetection.oe674 (.text:DPC_ObjDet_GenDopplerWindow)
                  00801f20    00000060     objectdetection.oe674 (.text:DPC_ObjDet_MemPoolAlloc)
                  00801f80    00000060     libdpm_xwr18xx.ae674 : dpm_listlib.oe674 (.text:DPM_listCat)
                  00801fe0    00000060                          : dpm_mailbox.oe674 (.text:DPM_mboxDeinit)
                  00802040    00000060                          : dpm_msg.oe674 (.text:DPM_msgInitHeader)
                  008020a0    00000060     libaoaproc_hwa_xwr18xx.ae674 : aoaprochwa.oe674 (.text:DPU_AoAProcHWA_deinit)
                  00802100    00000060     libcfarcaproc_hwa_xwr18xx.ae674 : cfarcaprochwa.oe674 (.text:DPU_CFARCAProcHWA_deinit)
                  00802160    00000060     libdopplerproc_hwa_xwr18xx.ae674 : dopplerprochwa.oe674 (.text:DPU_DopplerProcHWA_deinit)
                  008021c0    00000060     libstaticclutterproc_xwr18xx.ae674 : staticclutterproc.oe674 (.text:DPU_StaticClutterProc_deinit)
                  00802220    00000060     libedma_xwr18xx.ae674 : edma_low_level.oe674 (.text:EDMA3ClrEvt)
                  00802280    00000060                           : edma_low_level.oe674 (.text:EDMA3ClrIntr)
                  008022e0    00000060                           : edma_low_level.oe674 (.text:EDMA3ClrMissEvt)
                  00802340    00000060                           : edma_low_level.oe674 (.text:EDMA3DisableDmaEvt)
                  008023a0    00000060                           : edma_low_level.oe674 (.text:EDMA3DisableEvtIntr)
                  00802400    00000060                           : edma_low_level.oe674 (.text:EDMA3EnableDmaEvt)
                  00802460    00000060                           : edma_low_level.oe674 (.text:EDMA3EnableEvtIntr)
                  008024c0    00000060                           : edma_low_level.oe674 (.text:EDMA3SetEvt)
                  00802520    00000060                           : edma.oe674 (.text:EDMA_configTransferControllerError)
                  00802580    00000060                           : edma.oe674 (.text:EDMA_setDestinationAddress)
                  008025e0    00000060                           : edma.oe674 (.text:EDMA_setSourceAddress)
                  00802640    00000060                           : edma.oe674 (.text:EDMA_validate_channelIdchannelType)
                  008026a0    00000060     libhwa_xwr18xx.ae674 : hwa.oe674 (.text:HWA_allParamDoneISR)
                  00802700    00000060     libmailbox_xwr18xx.ae674 : mailbox.oe674 (.text:Mailbox_Config_init)
                  00802760    00000060     data_path.oe674 (.text:MmwDemo_dataPathOpen)
                  008027c0    00000060     libsoc_xwr18xx.ae674 : soc_xwr18xx.oe674 (.text:SOC_enableHWA)
                  00802820    00000060                          : soc_xwr18xx.oe674 (.text:SOC_setDSSLinkState)
                  00802880    00000060                          : soc.oe674 (.text:SOC_unhaltBSS)
                  008028e0    00000060     rts6740_elf.lib : trgmsg.c.obj (.text:__TI_writemsg)
                  00802940    00000060                     : llshift.c.obj (.text:__c6xabi_llshru)
                  008029a0    00000060                     : imath64.c.obj (.text:_subcull)
                  00802a00    00000060     sysbios.ae674 : c64p_Hwi_asm_switch.obj (.text:_ti_sysbios_family_c64p_Hwi_switchAndDispatch__I)
                  00802a60    00000060                   : c64p_Hwi_asm_switch.obj (.text:_ti_sysbios_family_xxx_Hwi_switchAndRunFunc)
                  00802ac0    00000060     dbscan.oe674 (.text:create_node)
                  00802b20    00000060     rts6740_elf.lib : lseek.c.obj (.text:lseek)
                  00802b80    00000060     libmmwavealg_xwr18xx.ae674 : mmwavelib_vecsubc.oe674 (.text:mmwavelib_vecsubc)
                  00802be0    00000060     mmw_dss_pe674.oe674 (.text:ti_sysbios_BIOS_errorRaiseHook__I)
                  00802c40    00000060     mmw_dss_pe674.oe674 (.text:ti_sysbios_BIOS_removeRTSLock__I)
                  00802ca0    00000060     mmw_dss_pe674.oe674 (.text:ti_sysbios_BIOS_startFunc__I)
                  00802d00    00000060     sysbios.ae674 : BIOS.obj (.text:ti_sysbios_family_c62_TaskSupport_stackUsed__E)
                  00802d60    00000060                   : BIOS.obj (.text:ti_sysbios_family_c62_TaskSupport_start__E)
                  00802dc0    00000060                   : BIOS.obj (.text:ti_sysbios_family_c64p_Cache_setMar__E)
                  00802e20    00000060                   : BIOS.obj (.text:ti_sysbios_family_c64p_EventCombiner_Module_startup__E)
                  00802e80    00000060                   : BIOS.obj (.text:ti_sysbios_family_c64p_EventCombiner_unused__E)
                  00802ee0    00000060     mmw_dss_pe674.oe674 (.text:ti_sysbios_gates_GateMutex_Object__delete__S)
                  00802f40    00000060     sysbios.ae674 : BIOS.obj (.text:ti_sysbios_hal_Hwi_initStack)
                  00802fa0    00000060                   : BIOS.obj (.text:ti_sysbios_heaps_HeapMem_free__E)
                  00803000    00000060                   : BIOS.obj (.text:ti_sysbios_knl_Clock_Module_startup__E)
                  00803060    00000060     mmw_dss_pe674.oe674 (.text:ti_sysbios_knl_Queue_construct)
                  008030c0    00000060     mmw_dss_pe674.oe674 (.text:ti_sysbios_knl_Semaphore_Object__delete__S)
                  00803120    00000060     mmw_dss_pe674.oe674 (.text:ti_sysbios_knl_Semaphore_construct)
                  00803180    00000060     sysbios.ae674 : BIOS.obj (.text:ti_sysbios_knl_Swi_Module_startup__E)
                  008031e0    00000060                   : BIOS.obj (.text:ti_sysbios_knl_Task_enter__I)
                  00803240    00000060     rts6740_elf.lib : write.c.obj (.text:write)
                  008032a0    00000060     mmw_dss_pe674.oe674 (.text:xdc_runtime_LoggerBuf_Object__delete__S)
                  00803300    00000060     sysbios.ae674 : BIOS.obj (.text:xdc_runtime_SysStd_abort__E)
                  00803360    00000040     libhwa_xwr18xx.ae674 : hwa.oe674 (.text:CSL_FEXTR)
                  008033a0    00000040     libsoc_xwr18xx.ae674 : soc.oe674 (.text:CSL_FEXTR)
                  008033e0    00000040                          : soc_xwr18xx.oe674 (.text:CSL_FEXTR)
                  00803420    00000040     libhwa_xwr18xx.ae674 : hwa.oe674 (.text:CSL_FINSR)
                  00803460    00000040     libmailbox_xwr18xx.ae674 : mailbox.oe674 (.text:CSL_FINSR)
                  008034a0    00000040     libsoc_xwr18xx.ae674 : soc.oe674 (.text:CSL_FINSR)
                  008034e0    00000040                          : soc_xwr18xx.oe674 (.text:CSL_FINSR)
                  00803520    00000040                          : soc_xwr18xx_dss.oe674 (.text:CSL_FINSR)
                  00803560    00000040     objectdetection.oe674 (.text:DPC_ObjDet_GenRangeWindow)
                  008035a0    00000040     libdpm_xwr18xx.ae674 : dpm_listlib.oe674 (.text:DPM_listAdd)
                  008035e0    00000040                          : dpm_listlib.oe674 (.text:DPM_listRemove)
                  00803620    00000040                          : dpm_mailbox.oe674 (.text:DPM_mboxMsgSend)
                  00803660    00000040                          : dpm_msg.oe674 (.text:DPM_msgAssertHandler)
                  008036a0    00000040                          : dpm_msg.oe674 (.text:DPM_msgBSSFaultHandler)
                  008036e0    00000040                          : dpm_msg.oe674 (.text:DPM_msgDPCInfoHandler)
                  00803720    00000040                          : dpm_pipe.oe674 (.text:DPM_pipeDequeue)
                  00803760    00000040     libedma_xwr18xx.ae674 : edma_low_level.oe674 (.text:EDMA3MapQdmaChToPaRAM)
                  008037a0    00000040                           : edma_low_level.oe674 (.text:EDMA3SetPaRAM)
                  008037e0    00000040                           : edma_low_level.oe674 (.text:EDMA3SetQdmaTrigWord)
                  00803820    00000040                           : edma.oe674 (.text:EDMA_clearTransferControllerErrors)
                  00803860    00000040     libosal_xwr18xx.ae674 : HwiP_tirtos.oe674 (.text:HwiP_create)
                  008038a0    00000040                           : HwiP_tirtos.oe674 (.text:HwiP_delete)
                  008038e0    00000040     libmailbox_xwr18xx.ae674 : mailbox.oe674 (.text:Mailbox_boxEmptyISRBss)
                  00803920    00000040                              : mailbox.oe674 (.text:Mailbox_boxEmptyISRMssDss)
                  00803960    00000040                              : mailbox.oe674 (.text:Mailbox_boxFullISRBss)
                  008039a0    00000040     dss_main.oe674 (.text:MmwDemo_DPC_ObjectDetection_processFrameBeginCallBackFxn)
                  008039e0    00000040     dss_main.oe674 (.text:MmwDemo_DPC_ObjectDetection_processInterFrameBeginCallBackFxn)
                  00803a20    00000040     data_path.oe674 (.text:MmwDemo_EDMA_errorCallbackFxn)
                  00803a60    00000040     data_path.oe674 (.text:MmwDemo_EDMA_transferControllerErrorCallbackFxn)
                  00803aa0    00000040     libsoc_xwr18xx.ae674 : soc_xwr18xx_dss.oe674 (.text:SOC_getInAddr_LUTType)
                  00803ae0    00000040                          : soc_xwr18xx_dss.oe674 (.text:SOC_getOutAddr_LUTType)
                  00803b20    00000040                          : soc_xwr18xx.oe674 (.text:SOC_isMSSOperational)
                  00803b60    00000040     rts6740_elf.lib : frcmpyd_div.c.obj (.text:__TI_frcmpyd_div)
                  00803ba0    00000040                     : strasg.asm.obj (.text:__strasgi_64plus)
                  00803be0    00000040                     : args_main.c.obj (.text:_args_main)
                  00803c20    00000040     sysbios.ae674 : c62_TaskSupport_asm.obj (.text:_ti_sysbios_family_c62_TaskSupport_buildTaskStack)
                  00803c60    00000040     mmw_dss_pe674.oe674 (.text:free)
                  00803ca0    00000040     libmathutils.ae674 : mathutils.oe674 (.text:mathUtils_floorLog2)
                  00803ce0    00000040     librangeproc_hwa_xwr18xx.ae674 : rangeprochwa.oe674 (.text:rangeProcHWA_EDMA_transferCompletionCallbackFxn)
                  00803d20    00000040     mmw_dss_pe674.oe674 (.text:ti_sysbios_BIOS_exitFunc__I)
                  00803d60    00000040     mmw_dss_pe674.oe674 (.text:ti_sysbios_BIOS_rtsLock__I)
                  00803da0    00000040     mmw_dss_pe674.oe674 (.text:ti_sysbios_BIOS_rtsUnlock__I)
                  00803de0    00000040     sysbios.ae674 : BIOS.obj (.text:ti_sysbios_family_c64p_Hwi_disableInterrupt__E)
                  00803e20    00000040                   : BIOS.obj (.text:ti_sysbios_family_c64p_Hwi_enableInterrupt__E)
                  00803e60    00000040     mmw_dss_pe674.oe674 (.text:ti_sysbios_gates_GateHwi_Handle__label__S)
                  00803ea0    00000040     mmw_dss_pe674.oe674 (.text:ti_sysbios_gates_GateHwi_Object__delete__S)
                  00803ee0    00000040     mmw_dss_pe674.oe674 (.text:ti_sysbios_gates_GateMutex_Handle__label__S)
                  00803f20    00000040     sysbios.ae674 : BIOS.obj (.text:ti_sysbios_gates_GateMutex_Instance_init__E)
                  00803f60    00000040                   : BIOS.obj (.text:ti_sysbios_gates_GateMutex_leave__E)
                  00803fa0    00000040     mmw_dss_pe674.oe674 (.text:ti_sysbios_heaps_HeapMem_Handle__label__S)
                  00803fe0    00000040     mmw_dss_pe674.oe674 (.text:ti_sysbios_heaps_HeapMem_Object__delete__S)
                  00804020    00000040     mmw_dss_pe674.oe674 (.text:ti_sysbios_heaps_HeapMem_Object__get__S)
                  00804060    00000040     mmw_dss_pe674.oe674 (.text:ti_sysbios_knl_Semaphore_destruct)
                  008040a0    00000040     mmw_dss_pe674.oe674 (.text:ti_sysbios_knl_Swi_Object__get__S)
                  008040e0    00000040     mmw_dss_pe674.oe674 (.text:ti_sysbios_knl_Task_Object__get__S)
                  00804120    00000040     sysbios.ae674 : BIOS.obj (.text:ti_sysbios_timers_rti_Timer_periodicStub__E)
                  00804160    00000040                   : BIOS.obj (.text:xdc_runtime_Error_init__E)
                  008041a0    00000040     mmw_dss_pe674.oe674 (.text:xdc_runtime_LoggerBuf_Handle__label__S)
                  008041e0    00000040     sysbios.ae674 : BIOS.obj (.text:xdc_runtime_LoggerBuf_Instance_finalize__E)
                  00804220    00000040     mmw_dss_pe674.oe674 (.text:xdc_runtime_LoggerBuf_Object__get__S)
                  00804260    00000040     sysbios.ae674 : BIOS.obj (.text:xdc_runtime_LoggerBuf_write0__E)
                  008042a0    00000040                   : BIOS.obj (.text:xdc_runtime_LoggerBuf_write1__E)
                  008042e0    00000040                   : BIOS.obj (.text:xdc_runtime_LoggerBuf_write2__E)
                  00804320    00000040     mmw_dss_pe674.oe674 (.text:xdc_runtime_System_aprintf__E)
                  00804360    00000040     mmw_dss_pe674.oe674 (.text:xdc_runtime_System_printf__E)
                  008043a0    00000020     libaoaproc_hwa_xwr18xx.ae674 : aoaprochwa.oe674 (.text:AOAProcHWADoneIsrCallback)
                  008043c0    00000020     libcfarcaproc_hwa_xwr18xx.ae674 : cfarcaprochwa.oe674 (.text:CFARCAHWADoneIsrCallback)
                  008043e0    00000020     objectdetection.oe674 (.text:DPC_ObjDet_GetRangeWinGenLen)
                  00804400    00000020     objectdetection.oe674 (.text:DPC_ObjDet_MemPoolReset)
                  00804420    00000020     libdpm_xwr18xx.ae674 : dpm_core.oe674 (.text:DPM_chirpISR)
                  00804440    00000020                          : dpm_core.oe674 (.text:DPM_frameStartISR)
                  00804460    00000020                          : dpm_mailbox.oe674 (.text:DPM_mboxSynch)
                  00804480    00000020     libaoaproc_hwa_xwr18xx.ae674 : aoaprochwa.oe674 (.text:DPU_AoAProcHWA_getNumHwaParamSets)
                  008044a0    00000020     libdopplerproc_hwa_xwr18xx.ae674 : dopplerprochwa.oe674 (.text:DPU_DopplerProcHWA_edmaDoneIsrCallback)
                  008044c0    00000020                                      : dopplerprochwa.oe674 (.text:DPU_DopplerProcHWA_hwaDoneIsrCallback)
                  008044e0    00000020     libedma_xwr18xx.ae674 : edma_low_level.oe674 (.text:EDMA3ChannelToParamMap)
                  00804500    00000020                           : edma_low_level.oe674 (.text:EDMA3ClrCCErr)
                  00804520    00000020                           : edma_low_level.oe674 (.text:EDMA3DisableQdmaEvt)
                  00804540    00000020                           : edma_low_level.oe674 (.text:EDMA3EnableQdmaEvt)
                  00804560    00000020                           : edma_low_level.oe674 (.text:EDMA3ErrIntrHighStatusGet)
                  00804580    00000020                           : edma_low_level.oe674 (.text:EDMA3GetCCErrStatus)
                  008045a0    00000020                           : edma_low_level.oe674 (.text:EDMA3GetErrIntrStatus)
                  008045c0    00000020                           : edma_low_level.oe674 (.text:EDMA3GetIntrStatus)
                  008045e0    00000020                           : edma_low_level.oe674 (.text:EDMA3IntrStatusHighGet)
                  00804600    00000020                           : edma_low_level.oe674 (.text:EDMA3QdmaClrMissEvt)
                  00804620    00000020                           : edma_low_level.oe674 (.text:EDMA3QdmaGetErrIntrStatus)
                  00804640    00000020                           : edma_low_level.oe674 (.text:EDMAsetRegion)
                  00804660    00000020     libhwa_xwr18xx.ae674 : hwa.oe674 (.text:HWA_init)
                  00804680    00000020     libosal_xwr18xx.ae674 : HwiP_tirtos.oe674 (.text:HwiP_Params_init)
                  008046a0    00000020                           : HwiP_tirtos.oe674 (.text:HwiP_disable)
                  008046c0    00000020                           : HwiP_tirtos.oe674 (.text:HwiP_disableInterrupt)
                  008046e0    00000020                           : HwiP_tirtos.oe674 (.text:HwiP_enableInterrupt)
                  00804700    00000020                           : HwiP_tirtos.oe674 (.text:HwiP_restore)
                  00804720    00000020                           : MemoryP_tirtos.oe674 (.text:MemoryP_ctrlAlloc)
                  00804740    00000020                           : MemoryP_tirtos.oe674 (.text:MemoryP_ctrlFree)
                  00804760    00000020                           : MemoryP_tirtos.oe674 (.text:MemoryP_getStats)
                  00804780    00000020     dss_main.oe674 (.text:MmwDemo_sleep)
                  008047a0    00000020     libsoc_xwr18xx.ae674 : soc_xwr18xx.oe674 (.text:SOC_ungateClock)
                  008047c0    00000020     libosal_xwr18xx.ae674 : SemaphoreP_tirtos.oe674 (.text:SemaphoreP_Params_init)
                  008047e0    00000020                           : SemaphoreP_tirtos.oe674 (.text:SemaphoreP_delete)
                  00804800    00000020                           : SemaphoreP_tirtos.oe674 (.text:SemaphoreP_pend)
                  00804820    00000020                           : SemaphoreP_tirtos.oe674 (.text:SemaphoreP_post)
                  00804840    00000020                           : DebugP_tirtos.oe674 (.text:_DebugP_assert)
                  00804860    00000020     rts6740_elf.lib : errno.c.obj (.text:__c6xabi_errno_addr)
                  00804880    00000020                     : trunc.c.obj (.text:__c6xabi_trunc)
                  008048a0    00000020                     : push.asm.obj (.text:__pop_rts)
                  008048c0    00000020                     : push.asm.obj (.text:__push_rts)
                  008048e0    00000020                     : _lock.c.obj (.text:_nop)
                  00804900    00000020                     : _lock.c.obj (.text:_register_lock)
                  00804920    00000020                     : _lock.c.obj (.text:_register_unlock)
                  00804940    00000020     sysbios.ae674 : c62_TaskSupport_asm.obj (.text:_ti_sysbios_family_c62_TaskSupport_glue)
                  00804960    00000020     rts6740_elf.lib : exit.c.obj (.text:abort)
                  00804980    00000020     libmathutils.ae674 : mathutils.oe674 (.text:mathUtils_ceilLog2)
                  008049a0    00000020     rts6740_elf.lib : fputc.c.obj (.text:putchar)
                  008049c0    00000020     librangeproc_hwa_xwr18xx.ae674 : rangeprochwa.oe674 (.text:rangeProcHWADoneIsrCallback)
                  008049e0    00000020     mmw_dss_pe674.oe674 (.text:ti_sysbios_BIOS_RtsGateProxy_enter__E)
                  00804a00    00000020     mmw_dss_pe674.oe674 (.text:ti_sysbios_BIOS_RtsGateProxy_leave__E)
                  00804a20    00000020     sysbios.ae674 : BIOS.obj (.text:ti_sysbios_BIOS_getCpuFreq__E)
                  00804a40    00000020                   : BIOS.obj (.text:ti_sysbios_BIOS_linkedWithIncorrectBootLibrary__E)
                  00804a60    00000020     mmw_dss_pe674.oe674 (.text:ti_sysbios_BIOS_nullFunc__I)
                  00804a80    00000020     sysbios.ae674 : BIOS.obj (.text:ti_sysbios_BIOS_setThreadType__E)
                  00804aa0    00000020                   : BIOS.obj (.text:ti_sysbios_BIOS_start__E)
                  00804ac0    00000020     mmw_dss_pe674.oe674 (.text:ti_sysbios_family_c62_TaskSupport_Module__startupDone__S)
                  00804ae0    00000020     sysbios.ae674 : BIOS.obj (.text:ti_sysbios_family_c62_TaskSupport_checkStack__E)
                  00804b00    00000020                   : BIOS.obj (.text:ti_sysbios_family_c62_TaskSupport_getStackAlignment__E)
                  00804b20    00000020     mmw_dss_pe674.oe674 (.text:ti_sysbios_family_c64p_Hwi_Module__startupDone__F)
                  00804b40    00000020     sysbios.ae674 : BIOS.obj (.text:ti_sysbios_family_c64p_Hwi_clearInterrupt__E)
                  00804b60    00000020                   : BIOS.obj (.text:ti_sysbios_family_c64p_Hwi_startup__E)
                  00804b80    00000020                   : BIOS.obj (.text:ti_sysbios_family_c64p_Hwi_switchFromBootStack__E)
                  00804ba0    00000020                   : BIOS.obj (.text:ti_sysbios_family_c64p_TimestampProvider_Module_startup__E)
                  00804bc0    00000020                   : BIOS.obj (.text:ti_sysbios_family_c64p_TimestampProvider_get32__E)
                  00804be0    00000020                   : BIOS.obj (.text:ti_sysbios_family_c64p_TimestampProvider_get64__E)
                  00804c00    00000020                   : BIOS.obj (.text:ti_sysbios_gates_GateHwi_Instance_init__E)
                  00804c20    00000020                   : BIOS.obj (.text:ti_sysbios_gates_GateHwi_enter__E)
                  00804c40    00000020                   : BIOS.obj (.text:ti_sysbios_gates_GateHwi_leave__E)
                  00804c60    00000020                   : BIOS.obj (.text:ti_sysbios_gates_GateHwi_query__E)
                  00804c80    00000020                   : BIOS.obj (.text:ti_sysbios_gates_GateMutex_Instance_finalize__E)
                  00804ca0    00000020                   : BIOS.obj (.text:ti_sysbios_gates_GateMutex_query__E)
                  00804cc0    00000020                   : BIOS.obj (.text:ti_sysbios_hal_Hwi_Module_startup__E)
                  00804ce0    00000020     mmw_dss_pe674.oe674 (.text:ti_sysbios_heaps_HeapBuf_Object__get__S)
                  00804d00    00000020     mmw_dss_pe674.oe674 (.text:ti_sysbios_heaps_HeapMem_Module_GateProxy_enter__E)
                  00804d20    00000020     mmw_dss_pe674.oe674 (.text:ti_sysbios_heaps_HeapMem_Module_GateProxy_leave__E)
                  00804d40    00000020     sysbios.ae674 : BIOS.obj (.text:ti_sysbios_heaps_HeapMem_isBlocking__E)
                  00804d60    00000020     mmw_dss_pe674.oe674 (.text:ti_sysbios_knl_Clock_TimerProxy_getMaxTicks__E)
                  00804d80    00000020     sysbios.ae674 : BIOS.obj (.text:ti_sysbios_knl_Clock_logTick__E)
                  00804da0    00000020                   : BIOS.obj (.text:ti_sysbios_knl_Idle_loop__E)
                  00804dc0    00000020                   : BIOS.obj (.text:ti_sysbios_knl_Queue_Instance_init__E)
                  00804de0    00000020     mmw_dss_pe674.oe674 (.text:ti_sysbios_knl_Queue_Object__get__S)
                  00804e00    00000020     mmw_dss_pe674.oe674 (.text:ti_sysbios_knl_Queue_destruct)
                  00804e20    00000020     sysbios.ae674 : BIOS.obj (.text:ti_sysbios_knl_Queue_empty__E)
                  00804e40    00000020                   : BIOS.obj (.text:ti_sysbios_knl_Semaphore_Instance_finalize__E)
                  00804e60    00000020     mmw_dss_pe674.oe674 (.text:ti_sysbios_knl_Semaphore_Params__init__S)
                  00804e80    00000020     mmw_dss_pe674.oe674 (.text:ti_sysbios_knl_Semaphore_delete)
                  00804ea0    00000020     sysbios.ae674 : BIOS.obj (.text:ti_sysbios_knl_Swi_disable__E)
                  00804ec0    00000020     mmw_dss_pe674.oe674 (.text:ti_sysbios_knl_Task_Params__init__S)
                  00804ee0    00000020     sysbios.ae674 : BIOS.obj (.text:ti_sysbios_knl_Task_disable__E)
                  00804f00    00000020                   : BIOS.obj (.text:ti_sysbios_knl_Task_startup__E)
                  00804f20    00000020     mmw_dss_pe674.oe674 (.text:ti_sysbios_timers_rti_Timer_Module__startupDone__F)
                  00804f40    00000020     sysbios.ae674 : BIOS.obj (.text:ti_sysbios_timers_rti_Timer_getMaxTicks__E)
                  00804f60    00000020                   : BIOS.obj (.text:ti_sysbios_utils_Load_getCPULoad__E)
                  00804f80    00000020                   : BIOS.obj (.text:ti_sysbios_utils_Load_taskRegHook__E)
                  00804fa0    00000020     mmw_dss_pe674.oe674 (.text:xdc_runtime_IHeap_alloc)
                  00804fc0    00000020     mmw_dss_pe674.oe674 (.text:xdc_runtime_IHeap_free)
                  00804fe0    00000020     mmw_dss_pe674.oe674 (.text:xdc_runtime_IHeap_getStats)
                  00805000    00000020     mmw_dss_pe674.oe674 (.text:xdc_runtime_LoggerBuf_Module_GateProxy_enter__E)
                  00805020    00000020     mmw_dss_pe674.oe674 (.text:xdc_runtime_LoggerBuf_Module_GateProxy_leave__E)
                  00805040    00000020     sysbios.ae674 : BIOS.obj (.text:xdc_runtime_LoggerBuf_disable__E)
                  00805060    00000020                   : BIOS.obj (.text:xdc_runtime_LoggerBuf_enable__E)
                  00805080    00000020                   : BIOS.obj (.text:xdc_runtime_Memory_free__E)
                  008050a0    00000020                   : BIOS.obj (.text:xdc_runtime_Memory_getStats__E)
                  008050c0    00000020     mmw_dss_pe674.oe674 (.text:xdc_runtime_Startup_exec__I)
                  008050e0    00000020     mmw_dss_pe674.oe674 (.text:xdc_runtime_Startup_reset__I)
                  00805100    00000020     sysbios.ae674 : BIOS.obj (.text:xdc_runtime_Startup_rtsDone__E)
                  00805120    00000020                   : BIOS.obj (.text:xdc_runtime_SysStd_exit__E)
                  00805140    00000020                   : BIOS.obj (.text:xdc_runtime_SysStd_putch__E)
                  00805160    00000020                   : BIOS.obj (.text:xdc_runtime_SysStd_ready__E)
                  00805180    00000020     mmw_dss_pe674.oe674 (.text:xdc_runtime_System_Module_GateProxy_enter__E)
                  008051a0    00000020     mmw_dss_pe674.oe674 (.text:xdc_runtime_System_Module_GateProxy_leave__E)
                  008051c0    00000020     sysbios.ae674 : BIOS.obj (.text:xdc_runtime_System_Module_startup__E)
                  008051e0    00000020     mmw_dss_pe674.oe674 (.text:xdc_runtime_Text_visitRope__I)

.const.1   0    00805200    00000e00     
                  00805200    00000630     sysbios.ae674 : BIOS.obj (.const:.string)
                  00805830    000002e4     dss_main.oe674 (.const:.string)
                  00805b14    00000004     mmw_dss_pe674.oe674 (.const:ti_sysbios_family_c62_TaskSupport_stackAlignment__C)
                  00805b18    000000e0     mmw_dss_pe674.oe674 (.const:xdc_runtime_Text_nodeTab__A)
                  00805bf8    00000074     mmw_dss_pe674.oe674 (.const:.string)
                  00805c6c    00000064     rts6740_elf.lib : perror.c.obj (.const:.string)
                  00805cd0    00000058     libedma_xwr18xx.ae674 : edma.oe674 (.const:.string)
                  00805d28    0000004c     libmailbox_xwr18xx.ae674 : mailbox.oe674 (.const:.string)
                  00805d74    00000044     mmw_dss_pe674.oe674 (.const:ti_sysbios_knl_Task_Object__PARAMS__C)
                  00805db8    00000040     dbscan.oe674 (.const:.string)
                  00805df8    00000040     libhwa_xwr18xx.ae674 : hwa.oe674 (.const:gHwaTrigSignatures)
                  00805e38    0000003c     libsoc_xwr18xx.ae674 : soc_xwr18xx_dss.oe674 (.const:.string)
                  00805e74    0000003c     mmw_dss_pe674.oe674 (.const:xdc_runtime_LoggerBuf_Module__FXNS__C)
                  00805eb0    00000038     libedma_xwr18xx.ae674 : edma_xwr1xxx.oe674 (.const:gEdmaHwAttrs)
                  00805ee8    00000034     mmw_dss_pe674.oe674 (.const:xdc_runtime_Startup_sfxnTab__A)
                  00805f1c    00000004     mmw_dss_pe674.oe674 (.const:ti_sysbios_family_c64p_Cache_E_invalidL1CacheSize__C)
                  00805f20    00000028     libdpm_xwr18xx.ae674 : dpm_msg.oe674 (.const:gDPMMessageFxnTable)
                  00805f48    00000028     mmw_dss_pe674.oe674 (.const:ti_sysbios_heaps_HeapMem_Module__FXNS__C)
                  00805f70    00000028     mmw_dss_pe674.oe674 (.const:xdc_runtime_LoggerBuf_Object__PARAMS__C)
                  00805f98    00000024     libmailbox_xwr18xx.ae674 : mailbox.oe674 (.const:Mailbox_defaultCfg)
                  00805fbc    00000024     mmw_dss_pe674.oe674 (.const:ti_sysbios_gates_GateHwi_Module__FXNS__C)
                  00805fe0    00000020     libhwa_xwr18xx.ae674 : hwa.oe674 (.const:$P$T0$1)

.dpc_l2Heap 
*          0    00806000    0000c400     UNINITIALIZED
                  00806000    0000c400     dss_main.oe674 (.dpc_l2Heap)

systemHeap 
*          0    00812400    00006000     UNINITIALIZED
                  00812400    00006000     mmw_dss_pe674.oe674 (systemHeap)

.const.2   0    00818400    00001f38     
                  00818400    00001a59     mmw_dss_pe674.oe674 (.const:xdc_runtime_Text_charTab__A)
                  00819e59    00000001     --HOLE-- [fill = 0]
                  00819e5a    00000002     mmw_dss_pe674.oe674 (.const:ti_sysbios_family_c64p_Cache_Module__id__C)
                  00819e5c    00000024     mmw_dss_pe674.oe674 (.const:ti_sysbios_gates_GateMutex_Module__FXNS__C)
                  00819e80    00000024     mmw_dss_pe674.oe674 (.const:ti_sysbios_heaps_HeapMem_Object__PARAMS__C)
                  00819ea4    00000024     mmw_dss_pe674.oe674 (.const:ti_sysbios_knl_Semaphore_Object__PARAMS__C)
                  00819ec8    00000020     libhwa_xwr18xx.ae674 : hwa.oe674 (.const:.string)
                  00819ee8    00000020     libosal_xwr18xx.ae674 : SemaphoreP_tirtos.oe674 (.const:.string)
                  00819f08    00000020     mmw_dss_pe674.oe674 (.const:ti_sysbios_gates_GateHwi_Object__DESC__C)
                  00819f28    00000020     mmw_dss_pe674.oe674 (.const:ti_sysbios_gates_GateMutex_Object__DESC__C)
                  00819f48    00000020     mmw_dss_pe674.oe674 (.const:ti_sysbios_heaps_HeapMem_Object__DESC__C)
                  00819f68    00000020     mmw_dss_pe674.oe674 (.const:ti_sysbios_knl_Queue_Object__DESC__C)
                  00819f88    00000020     mmw_dss_pe674.oe674 (.const:ti_sysbios_knl_Semaphore_Object__DESC__C)
                  00819fa8    00000020     mmw_dss_pe674.oe674 (.const:ti_sysbios_knl_Task_Object__DESC__C)
                  00819fc8    00000020     mmw_dss_pe674.oe674 (.const:xdc_runtime_LoggerBuf_Object__DESC__C)
                  00819fe8    0000001c     libosal_xwr18xx.ae674 : HwiP_tirtos.oe674 (.const:.string)
                  0081a004    00000004     mmw_dss_pe674.oe674 (.const:ti_sysbios_family_c64p_Cache_E_invalidL2CacheSize__C)
                  0081a008    0000001a     mmw_dss_pe674.oe674 (.const:xdc_runtime_Startup_sfxnRts__A)
                  0081a022    00000002     mmw_dss_pe674.oe674 (.const:ti_sysbios_family_c64p_EventCombiner_Module__id__C)
                  0081a024    00000018     objectdetection.oe674 (.const:.string)
                  0081a03c    00000018     mmw_dss_pe674.oe674 (.const:ti_sysbios_gates_GateHwi_Object__PARAMS__C)
                  0081a054    00000018     mmw_dss_pe674.oe674 (.const:ti_sysbios_gates_GateMutex_Object__PARAMS__C)
                  0081a06c    00000018     mmw_dss_pe674.oe674 (.const:ti_sysbios_knl_Queue_Object__PARAMS__C)
                  0081a084    00000004     mmw_dss_pe674.oe674 (.const:ti_sysbios_family_c64p_Cache_MAR0_31__C)
                  0081a088    00000018     mmw_dss_pe674.oe674 (.const:ti_sysbios_knl_Task_hooks__A)
                  0081a0a0    00000014     libdpm_xwr18xx.ae674 : dpm_mailbox.oe674 (.const:.string)
                  0081a0b4    00000010     data_path.oe674 (.const:.string)
                  0081a0c4    00000010     libdpm_xwr18xx.ae674 : dpm_core.oe674 (.const:.string)
                  0081a0d4    00000010                          : dpm_msg.oe674 (.const:.string)
                  0081a0e4    00000010                          : dpm_pipe.oe674 (.const:.string)
                  0081a0f4    00000004     mmw_dss_pe674.oe674 (.const:ti_sysbios_family_c64p_Cache_MAR128_159__C)
                  0081a0f8    00000010     libedma_xwr18xx.ae674 : edma.oe674 (.const:EDMA_config$1)
                  0081a108    00000010     mmw_dss_pe674.oe674 (.const:ti_sysbios_family_c64p_EventCombiner_EVTMASK__C)
                  0081a118    0000000c     mmw_dss_pe674.oe674 (.const:ti_sysbios_knl_Idle_funcList__A)
                  0081a124    00000008     mmw_dss_pe674.oe674 (.const:ti_sysbios_knl_Idle_funcList__C)
                  0081a12c    00000008     mmw_dss_pe674.oe674 (.const:ti_sysbios_knl_Task_hooks__C)
                  0081a134    00000004     mmw_dss_pe674.oe674 (.const:ti_sysbios_family_c64p_Cache_MAR160_191__C)
                  0081a138    00000008     mmw_dss_pe674.oe674 (.const:xdc_runtime_Startup_firstFxns__A)
                  0081a140    00000008     mmw_dss_pe674.oe674 (.const:xdc_runtime_Startup_firstFxns__C)
                  0081a148    00000008     mmw_dss_pe674.oe674 (.const:xdc_runtime_Startup_lastFxns__C)
                  0081a150    00000004     mmw_dss_pe674.oe674 (.const:ti_sysbios_family_c64p_Cache_MAR192_223__C)
                  0081a154    00000004     mmw_dss_pe674.oe674 (.const:ti_sysbios_family_c64p_Cache_MAR224_255__C)
                  0081a158    00000004     mmw_dss_pe674.oe674 (.const:ti_sysbios_family_c64p_Cache_MAR32_63__C)
                  0081a15c    00000004     mmw_dss_pe674.oe674 (.const:ti_sysbios_family_c64p_Cache_MAR64_95__C)
                  0081a160    00000004     mmw_dss_pe674.oe674 (.const:ti_sysbios_family_c64p_Cache_MAR96_127__C)
                  0081a164    00000004     mmw_dss_pe674.oe674 (.const:ti_sysbios_family_c64p_EventCombiner_A_invalidEventId__C)
                  0081a168    00000004     mmw_dss_pe674.oe674 (.const:ti_sysbios_family_c64p_EventCombiner_EVTRegs__C)
                  0081a16c    00000004     mmw_dss_pe674.oe674 (.const:ti_sysbios_family_c64p_EventCombiner_E_unpluggedEvent__C)
                  0081a170    00000004     mmw_dss_pe674.oe674 (.const:ti_sysbios_family_c64p_EventCombiner_Module__diagsEnabled__C)
                  0081a174    00000004     mmw_dss_pe674.oe674 (.const:ti_sysbios_family_c64p_EventCombiner_Module__diagsIncluded__C)
                  0081a178    00000004     mmw_dss_pe674.oe674 (.const:ti_sysbios_family_c64p_EventCombiner_Module__diagsMask__C)
                  0081a17c    00000004     mmw_dss_pe674.oe674 (.const:ti_sysbios_family_c64p_Exception_E_exceptionMax__C)
                  0081a180    00000004     mmw_dss_pe674.oe674 (.const:ti_sysbios_family_c64p_Exception_exceptionHook__C)
                  0081a184    00000004     mmw_dss_pe674.oe674 (.const:ti_sysbios_family_c64p_Exception_externalHook__C)
                  0081a188    00000004     mmw_dss_pe674.oe674 (.const:ti_sysbios_family_c64p_Exception_internalHook__C)
                  0081a18c    00000004     mmw_dss_pe674.oe674 (.const:ti_sysbios_family_c64p_Exception_nmiHook__C)
                  0081a190    00000004     mmw_dss_pe674.oe674 (.const:ti_sysbios_family_c64p_Hwi_INTRMUX1Address__C)
                  0081a194    00000004     mmw_dss_pe674.oe674 (.const:ti_sysbios_gates_GateMutex_A_badContext__C)
                  0081a198    00000004     mmw_dss_pe674.oe674 (.const:ti_sysbios_gates_GateMutex_Instance_State_sem__O)
                  0081a19c    00000004     mmw_dss_pe674.oe674 (.const:ti_sysbios_gates_GateMutex_Module__diagsEnabled__C)
                  0081a1a0    00000004     mmw_dss_pe674.oe674 (.const:ti_sysbios_gates_GateMutex_Module__diagsIncluded__C)
                  0081a1a4    00000004     mmw_dss_pe674.oe674 (.const:ti_sysbios_gates_GateMutex_Module__diagsMask__C)
                  0081a1a8    00000004     mmw_dss_pe674.oe674 (.const:ti_sysbios_hal_Hwi_E_stackOverflow__C)
                  0081a1ac    00000004     mmw_dss_pe674.oe674 (.const:ti_sysbios_heaps_HeapBuf_Instance_State_freeList__O)
                  0081a1b0    00000004     mmw_dss_pe674.oe674 (.const:ti_sysbios_heaps_HeapBuf_Object__count__C)
                  0081a1b4    00000004     mmw_dss_pe674.oe674 (.const:ti_sysbios_heaps_HeapBuf_numConstructedHeaps__C)
                  0081a1b8    00000004     mmw_dss_pe674.oe674 (.const:ti_sysbios_heaps_HeapMem_A_align__C)
                  0081a1bc    00000004     mmw_dss_pe674.oe674 (.const:ti_sysbios_heaps_HeapMem_A_heapSize__C)
                  0081a1c0    00000004     mmw_dss_pe674.oe674 (.const:ti_sysbios_heaps_HeapMem_A_invalidFree__C)
                  0081a1c4    00000004     mmw_dss_pe674.oe674 (.const:ti_sysbios_heaps_HeapMem_A_zeroBlock__C)
                  0081a1c8    00000004     mmw_dss_pe674.oe674 (.const:ti_sysbios_heaps_HeapMem_E_memory__C)
                  0081a1cc    00000004     mmw_dss_pe674.oe674 (.const:ti_sysbios_heaps_HeapMem_Module__diagsEnabled__C)
                  0081a1d0    00000004     mmw_dss_pe674.oe674 (.const:ti_sysbios_heaps_HeapMem_Module__diagsIncluded__C)
                  0081a1d4    00000004     mmw_dss_pe674.oe674 (.const:ti_sysbios_heaps_HeapMem_Module__diagsMask__C)
                  0081a1d8    00000004     mmw_dss_pe674.oe674 (.const:ti_sysbios_heaps_HeapMem_Module__gateObj__C)
                  0081a1dc    00000004     mmw_dss_pe674.oe674 (.const:ti_sysbios_heaps_HeapMem_Object__count__C)
                  0081a1e0    00000004     mmw_dss_pe674.oe674 (.const:ti_sysbios_heaps_HeapMem_reqAlign__C)
                  0081a1e4    00000004     mmw_dss_pe674.oe674 (.const:ti_sysbios_knl_Clock_Module_State_clockQ__O)
                  0081a1e8    00000004     mmw_dss_pe674.oe674 (.const:ti_sysbios_knl_Semaphore_A_badContext__C)
                  0081a1ec    00000004     mmw_dss_pe674.oe674 (.const:ti_sysbios_knl_Semaphore_A_noEvents__C)
                  0081a1f0    00000004     mmw_dss_pe674.oe674 (.const:ti_sysbios_knl_Semaphore_A_overflow__C)
                  0081a1f4    00000004     mmw_dss_pe674.oe674 (.const:ti_sysbios_knl_Semaphore_A_pendTaskDisabled__C)
                  0081a1f8    00000004     mmw_dss_pe674.oe674 (.const:ti_sysbios_knl_Semaphore_Instance_State_pendQ__O)
                  0081a1fc    00000004     mmw_dss_pe674.oe674 (.const:ti_sysbios_knl_Semaphore_Module__diagsEnabled__C)
                  0081a200    00000004     mmw_dss_pe674.oe674 (.const:ti_sysbios_knl_Semaphore_Module__diagsIncluded__C)
                  0081a204    00000004     mmw_dss_pe674.oe674 (.const:ti_sysbios_knl_Semaphore_Module__diagsMask__C)
                  0081a208    00000004     mmw_dss_pe674.oe674 (.const:ti_sysbios_knl_Swi_Object__count__C)
                  0081a20c    00000004     mmw_dss_pe674.oe674 (.const:ti_sysbios_knl_Task_A_badPriority__C)
                  0081a210    00000004     mmw_dss_pe674.oe674 (.const:ti_sysbios_knl_Task_A_badTaskState__C)
                  0081a214    00000004     mmw_dss_pe674.oe674 (.const:ti_sysbios_knl_Task_A_badThreadType__C)
                  0081a218    00000004     mmw_dss_pe674.oe674 (.const:ti_sysbios_knl_Task_A_badTimeout__C)
                  0081a21c    00000004     mmw_dss_pe674.oe674 (.const:ti_sysbios_knl_Task_A_noPendElem__C)
                  0081a220    00000004     mmw_dss_pe674.oe674 (.const:ti_sysbios_knl_Task_A_sleepTaskDisabled__C)
                  0081a224    00000004     mmw_dss_pe674.oe674 (.const:ti_sysbios_knl_Task_E_spOutOfBounds__C)
                  0081a228    00000004     mmw_dss_pe674.oe674 (.const:ti_sysbios_knl_Task_E_stackOverflow__C)
                  0081a22c    00000004     mmw_dss_pe674.oe674 (.const:ti_sysbios_knl_Task_Module_State_inactiveQ__O)
                  0081a230    00000004     mmw_dss_pe674.oe674 (.const:ti_sysbios_knl_Task_Module__diagsEnabled__C)
                  0081a234    00000004     mmw_dss_pe674.oe674 (.const:ti_sysbios_knl_Task_Module__diagsIncluded__C)
                  0081a238    00000004     mmw_dss_pe674.oe674 (.const:ti_sysbios_knl_Task_Module__diagsMask__C)
                  0081a23c    00000004     mmw_dss_pe674.oe674 (.const:ti_sysbios_knl_Task_Object__count__C)
                  0081a240    00000004     mmw_dss_pe674.oe674 (.const:ti_sysbios_knl_Task_Object__heap__C)
                  0081a244    00000004     mmw_dss_pe674.oe674 (.const:ti_sysbios_knl_Task_allBlockedFunc__C)
                  0081a248    00000004     mmw_dss_pe674.oe674 (.const:ti_sysbios_knl_Task_defaultStackHeap__C)
                  0081a24c    00000004     mmw_dss_pe674.oe674 (.const:ti_sysbios_knl_Task_defaultStackSize__C)
                  0081a250    00000004     mmw_dss_pe674.oe674 (.const:ti_sysbios_knl_Task_numConstructedTasks__C)
                  0081a254    00000004     mmw_dss_pe674.oe674 (.const:ti_sysbios_timers_rti_Timer_E_cannotSupport__C)
                  0081a258    00000004     mmw_dss_pe674.oe674 (.const:ti_sysbios_timers_rti_Timer_Module__diagsEnabled__C)
                  0081a25c    00000004     mmw_dss_pe674.oe674 (.const:ti_sysbios_timers_rti_Timer_Module__diagsIncluded__C)
                  0081a260    00000004     mmw_dss_pe674.oe674 (.const:ti_sysbios_timers_rti_Timer_Module__diagsMask__C)
                  0081a264    00000004     mmw_dss_pe674.oe674 (.const:ti_sysbios_timers_rti_Timer_numTimerDevices__C)
                  0081a268    00000004     mmw_dss_pe674.oe674 (.const:ti_sysbios_timers_rti_Timer_startupNeeded__C)
                  0081a26c    00000004     mmw_dss_pe674.oe674 (.const:ti_sysbios_utils_Load_Module_State_taskList__O)
                  0081a270    00000004     mmw_dss_pe674.oe674 (.const:ti_sysbios_utils_Load_Module__diagsEnabled__C)
                  0081a274    00000004     mmw_dss_pe674.oe674 (.const:ti_sysbios_utils_Load_Module__diagsIncluded__C)
                  0081a278    00000004     mmw_dss_pe674.oe674 (.const:ti_sysbios_utils_Load_Module__diagsMask__C)
                  0081a27c    00000004     mmw_dss_pe674.oe674 (.const:ti_sysbios_utils_Load_postUpdate__C)
                  0081a280    00000004     mmw_dss_pe674.oe674 (.const:ti_sysbios_utils_Load_windowInMs__C)
                  0081a284    00000004     mmw_dss_pe674.oe674 (.const:xdc_runtime_Assert_E_assertFailed__C)
                  0081a288    00000004     mmw_dss_pe674.oe674 (.const:xdc_runtime_Core_A_initializedParams__C)
[...]
008051a0  xdc_runtime_System_Module_GateProxy_leave__E                 
008051c0  xdc_runtime_System_Module_startup__E                         
008051e0  xdc_runtime_Text_visitRope__I                                
00805b14  ti_sysbios_family_c62_TaskSupport_stackAlignment__C          
00805b18  xdc_runtime_Text_nodeTab__A                                  
00805d74  ti_sysbios_knl_Task_Object__PARAMS__C                        
00805e74  xdc_runtime_LoggerBuf_Module__FXNS__C                        
00805eb0  gEdmaHwAttrs                                                 
00805ee8  xdc_runtime_Startup_sfxnTab__A                               
00805f1c  ti_sysbios_family_c64p_Cache_E_invalidL1CacheSize__C         
00805f20  gDPMMessageFxnTable                                          
00805f48  ti_sysbios_heaps_HeapMem_Module__FXNS__C                     
00805f70  xdc_runtime_LoggerBuf_Object__PARAMS__C                      
00805f98  Mailbox_defaultCfg                                           
00805fbc  ti_sysbios_gates_GateHwi_Module__FXNS__C                     
00806000  gDPC_ObjDetL2Heap                                            
00812400  ti_sysbios_heaps_HeapMem_Instance_State_0_buf__A             
00818400  xdc_runtime_Text_charTab__A                                  
00819e5a  ti_sysbios_family_c64p_Cache_Module__id__C                   
00819e5c  ti_sysbios_gates_GateMutex_Module__FXNS__C                   
00819e80  ti_sysbios_heaps_HeapMem_Object__PARAMS__C                   
00819ea4  ti_sysbios_knl_Semaphore_Object__PARAMS__C                   
00819f08  ti_sysbios_gates_GateHwi_Object__DESC__C                     
00819f28  ti_sysbios_gates_GateMutex_Object__DESC__C                   
00819f48  ti_sysbios_heaps_HeapMem_Object__DESC__C                     
00819f68  ti_sysbios_knl_Queue_Object__DESC__C                         
00819f88  ti_sysbios_knl_Semaphore_Object__DESC__C                     
00819fa8  ti_sysbios_knl_Task_Object__DESC__C                          
00819fc8  xdc_runtime_LoggerBuf_Object__DESC__C                        
0081a004  ti_sysbios_family_c64p_Cache_E_invalidL2CacheSize__C         
0081a008  xdc_runtime_Startup_sfxnRts__A                               
0081a022  ti_sysbios_family_c64p_EventCombiner_Module__id__C           
0081a03c  ti_sysbios_gates_GateHwi_Object__PARAMS__C                   
0081a054  ti_sysbios_gates_GateMutex_Object__PARAMS__C                 
0081a06c  ti_sysbios_knl_Queue_Object__PARAMS__C                       
0081a084  ti_sysbios_family_c64p_Cache_MAR0_31__C                      
0081a088  ti_sysbios_knl_Task_hooks__A                                 
0081a0f4  ti_sysbios_family_c64p_Cache_MAR128_159__C                   
0081a108  ti_sysbios_family_c64p_EventCombiner_EVTMASK__C              
0081a118  ti_sysbios_knl_Idle_funcList__A                              
0081a124  ti_sysbios_knl_Idle_funcList__C                              
0081a12c  ti_sysbios_knl_Task_hooks__C                                 
0081a134  ti_sysbios_family_c64p_Cache_MAR160_191__C                   
0081a138  xdc_runtime_Startup_firstFxns__A                             
0081a140  xdc_runtime_Startup_firstFxns__C                             
0081a148  xdc_runtime_Startup_lastFxns__C                              
0081a150  ti_sysbios_family_c64p_Cache_MAR192_223__C                   
0081a154  ti_sysbios_family_c64p_Cache_MAR224_255__C                   
0081a158  ti_sysbios_family_c64p_Cache_MAR32_63__C                     
0081a15c  ti_sysbios_family_c64p_Cache_MAR64_95__C                     
0081a160  ti_sysbios_family_c64p_Cache_MAR96_127__C                    
0081a164  ti_sysbios_family_c64p_EventCombiner_A_invalidEventId__C     
0081a168  ti_sysbios_family_c64p_EventCombiner_EVTRegs__C              
0081a16c  ti_sysbios_family_c64p_EventCombiner_E_unpluggedEvent__C     
0081a170  ti_sysbios_family_c64p_EventCombiner_Module__diagsEnabled__C 
0081a174  ti_sysbios_family_c64p_EventCombiner_Module__diagsIncluded__C
0081a178  ti_sysbios_family_c64p_EventCombiner_Module__diagsMask__C    
0081a17c  ti_sysbios_family_c64p_Exception_E_exceptionMax__C           
0081a180  ti_sysbios_family_c64p_Exception_exceptionHook__C            
0081a184  ti_sysbios_family_c64p_Exception_externalHook__C             
0081a188  ti_sysbios_family_c64p_Exception_internalHook__C             
0081a18c  ti_sysbios_family_c64p_Exception_nmiHook__C                  
0081a190  ti_sysbios_family_c64p_Hwi_INTRMUX1Address__C                
0081a194  ti_sysbios_gates_GateMutex_A_badContext__C                   
0081a198  ti_sysbios_gates_GateMutex_Instance_State_sem__O             
0081a19c  ti_sysbios_gates_GateMutex_Module__diagsEnabled__C           
0081a1a0  ti_sysbios_gates_GateMutex_Module__diagsIncluded__C          
0081a1a4  ti_sysbios_gates_GateMutex_Module__diagsMask__C              
0081a1a8  ti_sysbios_hal_Hwi_E_stackOverflow__C                        
0081a1ac  ti_sysbios_heaps_HeapBuf_Instance_State_freeList__O          
0081a1b0  ti_sysbios_heaps_HeapBuf_Object__count__C                    
0081a1b4  ti_sysbios_heaps_HeapBuf_numConstructedHeaps__C              
0081a1b8  ti_sysbios_heaps_HeapMem_A_align__C                          
0081a1bc  ti_sysbios_heaps_HeapMem_A_heapSize__C                       
0081a1c0  ti_sysbios_heaps_HeapMem_A_invalidFree__C                    
0081a1c4  ti_sysbios_heaps_HeapMem_A_zeroBlock__C                      
0081a1c8  ti_sysbios_heaps_HeapMem_E_memory__C                         
0081a1cc  ti_sysbios_heaps_HeapMem_Module__diagsEnabled__C             
0081a1d0  ti_sysbios_heaps_HeapMem_Module__diagsIncluded__C            
0081a1d4  ti_sysbios_heaps_HeapMem_Module__diagsMask__C                
0081a1d8  ti_sysbios_heaps_HeapMem_Module__gateObj__C                  
0081a1dc  ti_sysbios_heaps_HeapMem_Object__count__C                    
0081a1e0  ti_sysbios_heaps_HeapMem_reqAlign__C                         
0081a1e4  ti_sysbios_knl_Clock_Module_State_clockQ__O                  
0081a1e8  ti_sysbios_knl_Semaphore_A_badContext__C                     
0081a1ec  ti_sysbios_knl_Semaphore_A_noEvents__C                       
0081a1f0  ti_sysbios_knl_Semaphore_A_overflow__C                       
0081a1f4  ti_sysbios_knl_Semaphore_A_pendTaskDisabled__C               
0081a1f8  ti_sysbios_knl_Semaphore_Instance_State_pendQ__O             
0081a1fc  ti_sysbios_knl_Semaphore_Module__diagsEnabled__C             
0081a200  ti_sysbios_knl_Semaphore_Module__diagsIncluded__C            
0081a204  ti_sysbios_knl_Semaphore_Module__diagsMask__C                
0081a208  ti_sysbios_knl_Swi_Object__count__C                          
0081a20c  ti_sysbios_knl_Task_A_badPriority__C                         
0081a210  ti_sysbios_knl_Task_A_badTaskState__C                        
0081a214  ti_sysbios_knl_Task_A_badThreadType__C                       
0081a218  ti_sysbios_knl_Task_A_badTimeout__C                          
0081a21c  ti_sysbios_knl_Task_A_noPendElem__C                          
0081a220  ti_sysbios_knl_Task_A_sleepTaskDisabled__C                   
0081a224  ti_sysbios_knl_Task_E_spOutOfBounds__C                       
0081a228  ti_sysbios_knl_Task_E_stackOverflow__C                       
0081a22c  ti_sysbios_knl_Task_Module_State_inactiveQ__O                
0081a230  ti_sysbios_knl_Task_Module__diagsEnabled__C                  
0081a234  ti_sysbios_knl_Task_Module__diagsIncluded__C                 
0081a238  ti_sysbios_knl_Task_Module__diagsMask__C                     
0081a23c  ti_sysbios_knl_Task_Object__count__C                         
0081a240  ti_sysbios_knl_Task_Object__heap__C                          
0081a244  ti_sysbios_knl_Task_allBlockedFunc__C                        
0081a248  ti_sysbios_knl_Task_defaultStackHeap__C                      
0081a24c  ti_sysbios_knl_Task_defaultStackSize__C                      
0081a250  ti_sysbios_knl_Task_numConstructedTasks__C                   
0081a254  ti_sysbios_timers_rti_Timer_E_cannotSupport__C               
0081a258  ti_sysbios_timers_rti_Timer_Module__diagsEnabled__C          
0081a25c  ti_sysbios_timers_rti_Timer_Module__diagsIncluded__C         
0081a260  ti_sysbios_timers_rti_Timer_Module__diagsMask__C             
0081a264  ti_sysbios_timers_rti_Timer_numTimerDevices__C               
0081a268  ti_sysbios_timers_rti_Timer_startupNeeded__C                 
0081a26c  ti_sysbios_utils_Load_Module_State_taskList__O               
0081a270  ti_sysbios_utils_Load_Module__diagsEnabled__C                
0081a274  ti_sysbios_utils_Load_Module__diagsIncluded__C               
0081a278  ti_sysbios_utils_Load_Module__diagsMask__C                   
0081a27c  ti_sysbios_utils_Load_postUpdate__C                          
0081a280  ti_sysbios_utils_Load_windowInMs__C                          
0081a284  xdc_runtime_Assert_E_assertFailed__C                         
0081a288  xdc_runtime_Core_A_initializedParams__C                      
0081a28c  xdc_runtime_Core_Module__diagsEnabled__C                     
0081a290  xdc_runtime_Core_Module__diagsIncluded__C                    
0081a294  xdc_runtime_Core_Module__diagsMask__C                        
0081a298  xdc_runtime_Error_E_memory__C                                
0081a29c  xdc_runtime_Error_policyFxn__C                               
0081a2a0  xdc_runtime_Error_policy__C                                  
0081a2a4  xdc_runtime_Error_raiseHook__C                               
0081a2a8  xdc_runtime_IFilterLogger_Interface__BASE__C                 
0081a2ac  xdc_runtime_IGateProvider_Interface__BASE__C                 
0081a2b0  xdc_runtime_IHeap_Interface__BASE__C                         
0081a2b4  xdc_runtime_ILogger_Interface__BASE__C                       
0081a2b8  xdc_runtime_IModule_Interface__BASE__C                       
0081a2bc  xdc_runtime_LoggerBuf_E_badLevel__C                          
0081a2c0  xdc_runtime_LoggerBuf_Module__gateObj__C                     
0081a2c4  xdc_runtime_LoggerBuf_Object__count__C                       
0081a2c8  xdc_runtime_LoggerBuf_statusLogger__C                        
0081a2cc  xdc_runtime_Memory_defaultHeapInstance__C                    
0081a2d0  xdc_runtime_Startup_execImpl__C                              
0081a2d4  xdc_runtime_Startup_maxPasses__C                             
0081a2d8  xdc_runtime_Startup_sfxnRts__C                               
0081a2dc  xdc_runtime_Startup_sfxnTab__C                               
0081a2e0  xdc_runtime_System_Module__gateObj__C                        
0081a2e4  xdc_runtime_System_abortFxn__C                               
0081a2e8  xdc_runtime_System_exitFxn__C                                
0081a2ec  xdc_runtime_System_extendFxn__C                              
0081a2f0  xdc_runtime_System_maxAtexitHandlers__C                      
0081a2f4  xdc_runtime_Text_charTab__C                                  
0081a2f8  xdc_runtime_Text_nameEmpty__C                                
0081a2fc  xdc_runtime_Text_nameStatic__C                               
0081a300  xdc_runtime_Text_nameUnknown__C                              
0081a304  xdc_runtime_Text_nodeTab__C                                  
0081a308  xdc_runtime_Text_visitRopeFxn__C                             
0081a30c  ti_sysbios_family_c64p_Exception_Module__id__C               
0081a30e  ti_sysbios_family_c64p_Exception_useInternalBuffer__C        
0081a310  ti_sysbios_gates_GateMutex_Module__id__C                     
0081a312  ti_sysbios_hal_Hwi_Module__id__C                             
0081a314  ti_sysbios_heaps_HeapMem_Module__id__C                       
0081a316  ti_sysbios_knl_Semaphore_Module__id__C                       
0081a318  ti_sysbios_knl_Task_Module__id__C                            
0081a31a  ti_sysbios_timers_rti_Timer_Module__id__C                    
0081a31c  ti_sysbios_timers_rti_Timer_continueOnSuspend__C             
0081a31e  ti_sysbios_utils_Load_Module__id__C                          
0081a320  ti_sysbios_utils_Load_autoAddTasks__C                        
0081a322  ti_sysbios_utils_Load_updateInIdle__C                        
0081a324  xdc_runtime_Core_Module__id__C                               
0081a326  xdc_runtime_Error_maxDepth__C                                
0081a328  xdc_runtime_LoggerBuf_Module__id__C                          
0081a32a  xdc_runtime_LoggerBuf_filterByLevel__C                       
0081a32c  xdc_runtime_Main_Module__id__C                               
0081a32e  xdc_runtime_Memory_Module__id__C                             
0081a330  xdc_runtime_Text_charCnt__C                                  
0081a332  xdc_runtime_Text_isLoaded__C                                 
0081a334  xdc_runtime_Text_registryModsLastId__C                       
0081a336  xdc_runtime_Text_unnamedModsLastId__C                        
0081a338  xdc_runtime_LoggerBuf_Instance_State_0_entryArr__A           
0081c330  ti_sysbios_knl_Task_Instance_State_0_stack__A                
0081c588  __TI_tmpnams                                                 
0081c6c8  gMmwDssMCB                                                   
0081c7a0  resultBuffer                                                 
0081c7b8  edmaDbg                                                      
0081c7c8  parmbuf                                                      
0081c7d0  ti_sysbios_knl_Task_Instance_State_0_hookEnv__A              
0081c7d4  __TI_STATIC_BASE                                             
0081c7d4  gObjDetObj                                                   
0081c7d8  ti_sysbios_family_c64p_EventCombiner_Module__state__V        
0081cbd8  _ftable                                                      
0081cdb8  _stream                                                      
0081ce58  ti_sysbios_utils_Load_Module__state__V                       
0081cf78  ti_sysbios_knl_Swi_Module_State_0_readyQ__A                  
0081cff8  ti_sysbios_knl_Task_Module_State_0_readyQ__A                 
0081d078  _device                                                      
0081d0f0  ti_sysbios_family_c64p_Hwi_Object__table__V                  
0081d168  ti_sysbios_family_c64p_Hwi_Module__state__V                  
0081d1d4  _lock                                                        
0081d1d8  ti_sysbios_knl_Task_Object__table__V                         
0081d234  gMailboxMCB                                                  
0081d284  ti_sysbios_knl_Task_Module__state__V                         
0081d2cc  _unlock                                                      
0081d390  SOC_TranslateAddr_LUT                                        
0081d410  ti_sysbios_gates_GateMutex_Object__table__V                  
0081d450  ti_sysbios_timers_rti_Timer_Object__table__V                 
0081d48c  __TI_ft_end                                                  
0081d4c8  gHWAHwCfg                                                    
0081d4f8  ti_sysbios_family_c64p_Exception_Module__state__V            
0081d528  ti_sysbios_knl_Swi_Object__table__V                          
0081d558  ti_sysbios_knl_Clock_Module__state__V                        
0081d584  gDPC_ObjectDetectionCfg                                      
0081d5a8  ti_sysbios_BIOS_Module__state__V                             
0081d5cc  __errno                                                      
0081d5cc  errno                                                        
0081d5d0  xdc_runtime_LoggerBuf_Object__table__V                       
0081d5f4  ti_sysbios_family_c64p_Cache_Module__state__V                
0081d638  gSOCHwAttrib                                                 
0081d658  xdc_runtime_Error_IgnoreBlock                                
0081d678  xdc_runtime_System_Module_State_0_atexitHandlers__A          
0081d698  ti_sysbios_knl_Swi_Module__state__V                          
0081d6b4  ti_sysbios_heaps_HeapBuf_Module__state__V                    
0081d6b8  ti_sysbios_utils_Load_Module_State_0_taskEnv__A              
0081d6d4  gMailboxDssBssHwCfg                                          
0081d6ec  gMailboxDssMssHwCfg                                          
0081d704  xdc_runtime_Memory_Module__state__V                          
0081d708  ti_sysbios_heaps_HeapMem_Object__table__V                    
0081d720  ti_sysbios_timers_rti_Timer_Module_State_0_device__A         
0081d738  gDPMRemoteTable                                              
0081d74c  xdc_runtime_Error_Module__state__V                           
0081d750  gHwaEDMAChanMapping                                          
0081d760  ti_sysbios_timers_rti_Timer_Module_State_0_intFreqs__A       
0081d770  ti_sysbios_timers_rti_Timer_Module__state__V                 
0081d780  __TI_cleanup_ptr                                             
0081d784  __TI_dtors_ptr                                               
0081d788  __TI_enable_exit_profile_output                              
0081d78c  ti_sysbios_knl_Task_Module__root__V                          
0081d798  gDPMHwAttrib                                                 
0081d7a0  ti_sysbios_gates_GateHwi_Module__root__V                     
0081d7a8  ti_sysbios_gates_GateMutex_Module__root__V                   
0081d7b0  ti_sysbios_hal_Hwi_Object__table__V                          
0081d7b8  ti_sysbios_heaps_HeapMem_Module__root__V                     
0081d7c0  ti_sysbios_knl_Queue_Module__root__V                         
0081d7c8  ti_sysbios_knl_Semaphore_Module__root__V                     
0081d7d0  ti_sysbios_timers_rti_Timer_Module_State_0_handles__A        
0081d7d8  xdc_runtime_LoggerBuf_Module__root__V                        
0081d7e0  xdc_runtime_Registry_Module__state__V                        
0081d7e8  xdc_runtime_Startup_Module__state__V                         
0081d7f0  xdc_runtime_System_Module__state__V                          
0081d7f8  xdc_runtime_LoggerBuf_Module__state__V                       
0081d800  gHWADriverPtr                                                
0081d808  ti_sysbios_gates_GateHwi_Object__table__V                    
0081d810  ti_sysbios_knl_Task_Module_State_0_idleTask__A               
0081d818  ti_sysbios_utils_Load_Module_State_0_runningTask__A          
0081d820  ti_sysbios_utils_Load_Module_State_0_taskStartTime__A        
0081d828  _stack                                                       
0081de28  __CIOBUF_                                                    
0081de28  __TI_STACK_END                                               
0081e004  gAntennaSpacing                                              
0081e00c  gDPM                                                         
0081e010  regionId                                                     
20000000  gMmwL3                                                       
21080000  gHSRAM                                                       
ffffffff  __TI_pprof_out_hndl                                          
ffffffff  __TI_prof_data_size                                          
ffffffff  __TI_prof_data_start                                         
ffffffff  __binit__                                                    
ffffffff  __c_args__                                                   
ffffffff  binit                                                        
UNDEFED   __TI_CINIT_Base                                              
UNDEFED   __TI_CINIT_Limit                                             
UNDEFED   __TI_Handler_Table_Base                                      
UNDEFED   __TI_Handler_Table_Limit                                     
UNDEFED   __TI_INITARRAY_Base                                          
UNDEFED   __TI_INITARRAY_Limit                                         
UNDEFED   __TI_TLS_INIT_Base                                           
UNDEFED   __TI_TLS_INIT_Limit                                          

[841 symbols]
