******************************************************************************
               TMS320C6x Linker PC v8.3.3                      
******************************************************************************
>> Linked Wed Oct 11 08:27:08 2023

OUTPUT FILE NAME:   <out_of_box_1843_dss_isk.xe674>
ENTRY POINT SYMBOL: "_c_int00"  address: 007fe760


MEMORY CONFIGURATION

         name            origin    length      used     unused   attr    fill
----------------------  --------  ---------  --------  --------  ----  --------
PAGE 0:
  L2SRAM_UMAP1          007e0000   00020000  00020000  00000000  RWIX
  L2SRAM_UMAP0          00800000   00020000  0001eb34  000014cc  RWIX
  L1PSRAM               00e00000   00004000  00000000  00004000  RWIX
  L1DSRAM               00f00000   00004000  00000000  00004000  RWIX
  L3SRAM                20000000   000c0000  000c0000  00000000  RWIX
  HWA_RAM               21030000   00010000  00000000  00010000  RWIX
  HSRAM                 21080000   00008000  00008000  00000000  RWIX

PAGE 1:
  L3SRAM                20000000   000c0000  00000000  000c0000  RWIX


SEGMENT ALLOCATION MAP

run origin  load origin   length   init length attrs members
----------  ----------- ---------- ----------- ----- -------
007e0000    007e0000    00024000   00024000    r-x
  007e0000    007e0000    00000200   00000200    r-x .vecs
  007e0200    007e0200    0001fe00   0001fe00    r-x .text.1
  00800000    00800000    00003c20   00003c20    r-x .text.2
  00803c20    00803c20    000003e0   000003e0    r-- .const.1
00804000    00804000    00014400   00000000    rw-
  00804000    00804000    0000c400   00000000    rw- .dpc_l2Heap
  00810400    00810400    00008000   00000000    rw- systemHeap
00818400    00818400    000028b4   000028b4    r--
  00818400    00818400    000028b4   000028b4    r-- .const.2
0081acb4    0081acb4    00000004   00000000    rw-
  0081acb4    0081acb4    00000004   00000000    rw- .bss
0081acb8    0081acb8    00002564   00000000    rw-
  0081acb8    0081acb8    00002564   00000000    rw- .far
0081d220    0081d220    00001850   00000f2c    rw-
  0081d220    0081d220    00000f2c   00000f2c    rw- .fardata
  0081e150    0081e150    00000800   00000000    rw- .stack
  0081e950    0081e950    00000120   00000000    rw- .cio
0081ea70    0081ea70    000000bc   000000bc    r--
  0081ea70    0081ea70    000000bc   000000bc    r-- .switch
0081eb2c    0081eb2c    00000010   00000010    rw-
  0081eb2c    0081eb2c    00000010   00000010    rw- .neardata
20000000    20000000    000c0000   00000000    rw-
  20000000    20000000    000c0000   00000000    rw- .l3ram
21080000    21080000    00008000   00000000    rw-
  21080000    21080000    00008000   00000000    rw- .demoSharedMem


SECTION ALLOCATION MAP

 output                                  attributes/
section   page    origin      length       input sections
--------  ----  ----------  ----------   ----------------
.vecs      0    007e0000    00000200     
                  007e0000    00000200     mmw_dss_pe674.oe674 (.vecs)

.text.1    0    007e0200    0001fe00     
                  007e0200    00000ba0     sysbios.ae674 : BIOS.obj (.text:xdc_runtime_System_doPrint__I)
                  007e0da0    00000b40     libdopplerproc_hwa_xwr18xx.ae674 : dopplerprochwa.oe674 (.text:DPU_DopplerProcHWA_config)
                  007e18e0    00000aa0     libhwa_xwr18xx.ae674 : hwa.oe674 (.text:HWA_configParamSet)
                  007e2380    000009e0     librangeproc_hwa_xwr18xx.ae674 : rangeprochwa.oe674 (.text:DPU_RangeProcHWA_process)
                  007e2d60    00000860     objectdetection.oe674 (.text:DPC_ObjectDetection_ioctl)
                  007e35c0    00000800     librangeproc_hwa_xwr18xx.ae674 : rangeprochwa.oe674 (.text:DPU_RangeProcHWA_config)
                  007e3dc0    00000780     sysbios.ae674 : BIOS.obj (.text:ti_sysbios_family_c64p_Exception_handler__I)
                  007e4540    00000740     objectdetection.oe674 (.text:DPC_ObjDet_rangeBiasRxChPhaseMeasure)
                  007e4c80    00000720     libaoaproc_hwa_xwr18xx.ae674 : aoaprochwa.oe674 (.text:AoAProcHWA_config_EDMA)
                  007e53a0    00000700                                  : aoaprochwa.oe674 (.text:HWAutil_configHWA_extendedVelocityScheme)
                  007e5aa0    000006a0     sysbios.ae674 : BIOS.obj (.text:ti_sysbios_knl_Semaphore_pend__E)
                  007e6140    00000680                   : BIOS.obj (.text:ti_sysbios_heaps_HeapMem_allocUnprotected__E)
                  007e67c0    00000660                   : BIOS.obj (.text:ti_sysbios_heaps_HeapMem_freeUnprotected__E)
                  007e6e20    00000600     libaoaproc_hwa_xwr18xx.ae674 : aoaprochwa.oe674 (.text:DPU_AoAProcHWA_process)
                  007e7420    000005e0     rts6740_elf.lib : divd.c.obj (.text:__c6xabi_divd)
                  007e7a00    000005a0     sysbios.ae674 : BIOS.obj (.text:ti_sysbios_knl_Task_Instance_finalize__E)
                  007e7fa0    00000520     objectdetection.oe674 (.text:DPC_ObjDet_AoAconfig)
                  007e84c0    000004c0     librangeproc_hwa_xwr18xx.ae674 : rangeprochwa.oe674 (.text:rangeProcHWA_ConfigEDMA_DataOut_nonInterleave)
                  007e8980    00000480     dss_main.oe674 (.text:MmwDemo_DPC_ObjectDetection_dpmTask)
                  007e8e00    00000460     libhwa_xwr18xx.ae674 : hwa.oe674 (.text:HWA_configCommon)
                  007e9260    00000440     sysbios.ae674 : BIOS.obj (.text:ti_sysbios_knl_Task_Instance_init__E)
                  007e96a0    00000420     libmailbox_xwr18xx.ae674 : mailbox.oe674 (.text:Mailbox_open)
                  007e9ac0    00000400     objectdetection.oe674 (.text:DPC_ObjDet_preStartConfig)
                  007e9ec0    000003e0     libaoaproc_hwa_xwr18xx.ae674 : aoaprochwa.oe674 (.text:DPU_AoAProcHWA_config)
                  007ea2a0    000003e0     sysbios.ae674 : BIOS.obj (.text:ti_sysbios_knl_Task_sleep__E)
                  007ea680    000003e0                   : BIOS.obj (.text:ti_sysbios_utils_Load_updateThreadContexts__E)
                  007eaa60    000003c0     libaoaproc_hwa_xwr18xx.ae674 : aoaprochwa.oe674 (.text:AoAProcHWA_angleEstimationAzimElev)
                  007eae20    000003a0     libedma_xwr18xx.ae674 : edma.oe674 (.text:EDMA_paramConfig_assist)
                  007eb1c0    000003a0     librangeproc_hwa_xwr18xx.ae674 : rangeprochwa.oe674 (.text:rangeProcHWA_ConfigHWA)
                  007eb560    00000360     objectdetection.oe674 (.text:DPC_ObjDet_rangeConfig)
                  007eb8c0    00000360     libdpm_xwr18xx.ae674 : dpm_core.oe674 (.text:DPM_init)
                  007ebc20    00000360                          : dpm_msg.oe674 (.text:DPM_msgRecv)
                  007ebf80    00000340     objectdetection.oe674 (.text:DPC_ObjectDetection_execute)
                  007ec2c0    00000340     libstaticclutterproc_xwr18xx.ae674 : staticclutterproc.oe674 (.text:DPU_StaticClutterProc_process)
                  007ec600    00000320     libedma_xwr18xx.ae674 : edma.oe674 (.text:EDMA_configChannel)
                  007ec920    00000320     rts6740_elf.lib : cos.c.obj (.text:cos)
                  007ecc40    00000300     libaoaproc_hwa_xwr18xx.ae674 : aoaprochwa.oe674 (.text:HWAutil_configHWA_azimuthHeatMap)
                  007ecf40    00000300     sysbios.ae674 : BIOS.obj (.text:xdc_runtime_LoggerBuf_write8__E)
                  007ed240    000002e0     libaoaproc_hwa_xwr18xx.ae674 : aoaprochwa.oe674 (.text:AoAProcHWA_XYZestimation)
                  007ed520    000002e0     rts6740_elf.lib : sin.c.obj (.text:sin)
                  007ed800    000002e0     sysbios.ae674 : BIOS.obj (.text:ti_sysbios_heaps_HeapMem_Instance_init__E)
                  007edae0    000002e0                   : BIOS.obj (.text:xdc_runtime_Core_createObject__I)
                  007eddc0    000002c0     objectdetection.oe674 (.text:DPC_ObjDet_dopplerConfig)
                  007ee080    000002c0     libedma_xwr18xx.ae674 : edma.oe674 (.text:EDMA_configErrorMonitoring)
                  007ee340    000002c0                           : edma.oe674 (.text:EDMA_open)
                  007ee600    000002c0     sysbios.ae674 : BIOS.obj (.text:ti_sysbios_knl_Task_postInit__I)
                  007ee8c0    000002c0                   : BIOS.obj (.text:ti_sysbios_timers_rti_Timer_Module_startup__E)
                  007eeb80    000002a0     objectdetection.oe674 (.text:DPC_ObjectDetection_init)
                  007eee20    000002a0     libcfarcaproc_hwa_xwr18xx.ae674 : cfarcaprochwa.oe674 (.text:DPU_CFARCAProcHWA_process)
                  007ef0c0    000002a0     libhwa_xwr18xx.ae674 : hwa.oe674 (.text:HWA_open)
                  007ef360    000002a0     sysbios.ae674 : BIOS.obj (.text:ti_sysbios_family_c64p_EventCombiner_dispatch__E)
                  007ef600    000002a0                   : BIOS.obj (.text:ti_sysbios_timers_rti_Timer_getFreq__E)
                  007ef8a0    00000280     libaoaproc_hwa_xwr18xx.ae674 : aoaprochwa.oe674 (.text:AoAProcHWA_PrepareRangeAzimuthHeatmap)
                  007efb20    00000280     rts6740_elf.lib : divf.c.obj (.text:__c6xabi_divf)
                  007efda0    00000280     sysbios.ae674 : BIOS.obj (.text:ti_sysbios_family_c64p_Cache_Module_startup__E)
                  007f0020    00000280                   : BIOS.obj (.text:xdc_runtime_Startup_startMods__I)
                  007f02a0    00000260     libaoaproc_hwa_xwr18xx.ae674 : aoaprochwa.oe674 (.text:AoAProcHWA_config_azimuthHeatMap_EDMA)
                  007f0500    00000260     rts6740_elf.lib : imath64.c.obj (.text:__c6xabi_divull)
                  007f0760    00000260     sysbios.ae674 : BIOS.obj (.text:ti_sysbios_gates_GateMutex_enter__E)
                  007f09c0    00000240     objectdetection.oe674 (.text:DPC_ObjDet_CFARCAconfig)
                  007f0c00    00000240     libedma_xwr18xx.ae674 : edma.oe674 (.text:EDMA_transferComplete_isr)
                  007f0e40    00000240     dss_main.oe674 (.text:MmwDemo_dssInitTask)
                  007f1080    00000240     sysbios.ae674 : BIOS.obj (.text:ti_sysbios_family_c64p_Exception_internalHandler__I)
                  007f12c0    00000240                   : BIOS.obj (.text:xdc_runtime_Error_policyDefault__E)
                  007f1500    00000240     mmw_dss_pe674.oe674 (.text:xdc_runtime_System_printfExtend__I)
                  007f1740    00000220     libcfarcaproc_hwa_xwr18xx.ae674 : cfarcaprochwa.oe674 (.text:DPU_CFARCAProcHWA_config)
                  007f1960    00000220     libmailbox_xwr18xx.ae674 : mailbox.oe674 (.text:Mailbox_write)
                  007f1b80    00000220     libaoaproc_hwa_xwr18xx.ae674 : aoaprochwa.oe674 (.text:aoaHwa_dopplerCompensation)
                  007f1da0    00000220     sysbios.ae674 : BIOS.obj (.text:ti_sysbios_family_c64p_EventCombiner_dispatchPlug__E)
                  007f1fc0    00000220                   : BIOS.obj (.text:ti_sysbios_family_c64p_EventCombiner_enableEvent__E)
                  007f21e0    00000220                   : BIOS.obj (.text:xdc_runtime_LoggerBuf_write4__E)
                  007f2400    00000200     libdpm_xwr18xx.ae674 : dpm_msg.oe674 (.text:DPM_msgResultHandler)
                  007f2600    00000200     libaoaproc_hwa_xwr18xx.ae674 : aoaprochwa.oe674 (.text:DPU_AoAProcHWA_init)
                  007f2800    00000200     sysbios.ae674 : c64p_Hwi_disp_always.obj (.text:_ti_sysbios_family_c64p_Hwi_dispatchAlways)
                  007f2a00    00000200     rts6740_elf.lib : atan.c.obj (.text:atan)
                  007f2c00    00000200     libmathutils.ae674 : mathutils.oe674 (.text:mathUtils_genWindow)
                  007f2e00    00000200     sysbios.ae674 : BIOS.obj (.text:ti_sysbios_family_c64p_EventCombiner_disableEvent__E)
                  007f3000    00000200                   : BIOS.obj (.text:ti_sysbios_utils_Load_idleFxn__E)
                  007f3200    00000200                   : BIOS.obj (.text:xdc_runtime_Core_constructObject__I)
                  007f3400    000001e0     libedma_xwr18xx.ae674 : edma.oe674 (.text:EDMA_init)
                  007f35e0    000001e0     sysbios.ae674 : BIOS.obj (.text:ti_sysbios_knl_Semaphore_post__E)
                  007f37c0    000001c0     libdpedma_hwa_xwr18xx.ae674 : dpedma.oe674 (.text:DPEDMA_configSyncAB)
                  007f3980    000001c0                                 : dpedma.oe674 (.text:DPEDMA_configSyncA_singleFrame)
                  007f3b40    000001c0     librangeproc_hwa_xwr18xx.ae674 : rangeprochwa.oe674 (.text:DPU_RangeProcHWA_control)
                  007f3d00    000001c0     libstaticclutterproc_xwr18xx.ae674 : staticclutterproc.oe674 (.text:DPU_StaticClutterProc_configEdma)
                  007f3ec0    000001c0     libcfarcaproc_hwa_xwr18xx.ae674 : cfarcaprochwa.oe674 (.text:HWAutil_configCFAR)
                  007f4080    000001c0     libmailbox_xwr18xx.ae674 : mailbox.oe674 (.text:Mailbox_read)
                  007f4240    000001c0     libsoc_xwr18xx.ae674 : soc.oe674 (.text:SOC_deregisterSysIntListener)
                  007f4400    000001c0     rts6740_elf.lib : atan2.c.obj (.text:atan2)
                  007f45c0    000001c0                     : fputc.c.obj (.text:fputc)
                  007f4780    000001c0                     : frexp.c.obj (.text:frexp)
                  007f4940    000001c0     librangeproc_hwa_xwr18xx.ae674 : rangeprochwa.oe674 (.text:rangeProcHWA_ConfigEDMADummyThreeLinks)
                  007f4b00    000001c0     rts6740_elf.lib : setvbuf.c.obj (.text:setvbuf)
                  007f4cc0    000001c0     sysbios.ae674 : BIOS.obj (.text:ti_sysbios_knl_Swi_restoreHwi__E)
                  007f4e80    000001c0                   : BIOS.obj (.text:ti_sysbios_knl_Task_checkStacks__E)
                  007f5040    000001c0                   : BIOS.obj (.text:xdc_runtime_Text_putSite__E)
                  007f5200    000001a0     libcfarcaproc_hwa_xwr18xx.ae674 : cfarcaprochwa.oe674 (.text:CFARHWA_cfarRange_AND_cfarDoppler)
                  007f53a0    000001a0                                     : cfarcaprochwa.oe674 (.text:DPU_CFARCAProcHWA_control)
                  007f5540    000001a0     libdopplerproc_hwa_xwr18xx.ae674 : dopplerprochwa.oe674 (.text:DPU_DopplerProcHWA_init)
                  007f56e0    000001a0                                      : dopplerprochwa.oe674 (.text:DPU_DopplerProcHWA_process)
                  007f5880    000001a0     librangeproc_hwa_xwr18xx.ae674 : rangeprochwa.oe674 (.text:DPU_RangeProcHWA_init)
                  007f5a20    000001a0     rts6740_elf.lib : hostrename.c.obj (.text:HOSTrename)
                  007f5bc0    000001a0     sysbios.ae674 : BIOS.obj (.text:ti_sysbios_family_c64p_Cache_getL2InitSize__I)
                  007f5d60    000001a0                   : BIOS.obj (.text:ti_sysbios_heaps_HeapBuf_Module_startup__E)
                  007f5f00    000001a0                   : BIOS.obj (.text:ti_sysbios_knl_Swi_runLoop__I)
                  007f60a0    000001a0                   : BIOS.obj (.text:ti_sysbios_knl_Task_exit__E)
                  007f6240    000001a0                   : BIOS.obj (.text:ti_sysbios_timers_rti_Timer_startup__E)
                  007f63e0    00000180     libdpm_xwr18xx.ae674 : dpm_core.oe674 (.text:DPM_deinit)
                  007f6560    00000180                          : dpm_core.oe674 (.text:DPM_ioctl)
                  007f66e0    00000180     libaoaproc_hwa_xwr18xx.ae674 : aoaprochwa.oe674 (.text:DPU_AoAProcHWA_control)
                  007f6860    00000180     libhwa_xwr18xx.ae674 : hwa.oe674 (.text:HWA_enableParamSetInterrupt)
                  007f69e0    00000180     dss_main.oe674 (.text:MmwDemo_sensorStopEpilog)
                  007f6b60    00000180     sysbios.ae674 : c64p_Exception_asm.obj (.text)
                  007f6ce0    00000180                   : BIOS.obj (.text:ti_sysbios_knl_Task_schedule__I)
                  007f6e60    00000180                   : BIOS.obj (.text:ti_sysbios_utils_Load_startup__E)
                  007f6fe0    00000160     objectdetection.oe674 (.text:DPC_ObjDet_staticClutterConfig)
                  007f7140    00000160     libdpm_xwr18xx.ae674 : dpm_msg.oe674 (.text:DPM_msgResponseHandler)
                  007f72a0    00000160     libedma_xwr18xx.ae674 : edma.oe674 (.text:EDMA_getErrorStatusInfo)
                  007f7400    00000160     libhwa_xwr18xx.ae674 : hwa.oe674 (.text:HWA_paramDoneISR)
                  007f7560    00000160     libmailbox_xwr18xx.ae674 : mailbox.oe674 (.text:Mailbox_close)
                  007f76c0    00000160     libsoc_xwr18xx.ae674 : soc.oe674 (.text:SOC_registerSysIntListener)
                  007f7820    00000160     rts6740_elf.lib : sqrt.c.obj (.text:sqrt)
                  007f7980    00000160     sysbios.ae674 : BIOS.obj (.text:ti_sysbios_family_c64p_Cache_getL1DInitSize__I)
                  007f7ae0    00000160                   : BIOS.obj (.text:ti_sysbios_family_c64p_Cache_getL1PInitSize__I)
                  007f7c40    00000160                   : BIOS.obj (.text:ti_sysbios_family_c64p_Hwi_Module_startup__E)
                  007f7da0    00000160                   : BIOS.obj (.text:xdc_runtime_Core_deleteObject__I)
                  007f7f00    00000160                   : BIOS.obj (.text:xdc_runtime_LoggerBuf_getFilterLevel__E)
                  007f8060    00000160                   : BIOS.obj (.text:xdc_runtime_LoggerBuf_setFilterLevel__E)
                  007f81c0    00000140     libaoaproc_hwa_xwr18xx.ae674 : aoaprochwa.oe674 (.text:AoAProcHWA_ConvertFov)
                  007f8300    00000140     libdpedma_hwa_xwr18xx.ae674 : dpedmahwa.oe674 (.text:DPEDMAHWA_configTwoHotSignature)
                  007f8440    00000140     libedma_xwr18xx.ae674 : edma_low_level.oe674 (.text:EDMA3Init)
                  007f8580    00000140                           : edma.oe674 (.text:EDMA_clearErrors)
                  007f86c0    00000140                           : edma.oe674 (.text:EDMA_startTransfer)
                  007f8800    00000140     libhwa_xwr18xx.ae674 : hwa.oe674 (.text:HWA_configRam)
                  007f8940    00000140     libsoc_xwr18xx.ae674 : soc.oe674 (.text:SOC_init)
                  007f8a80    00000140     librangeproc_hwa_xwr18xx.ae674 : rangeprochwa.oe674 (.text:rangeProcHWA_ConfigEDMA_DataIn)
                  007f8bc0    00000140     sysbios.ae674 : BIOS.obj (.text:ti_sysbios_knl_Semaphore_Instance_init__E)
                  007f8d00    00000140                   : BIOS.obj (.text:ti_sysbios_knl_Task_Module_startup__E)
                  007f8e40    00000140                   : BIOS.obj (.text:ti_sysbios_knl_Task_startCore__E)
                  007f8f80    00000140                   : BIOS.obj (.text:ti_sysbios_timers_rti_Timer_initDevice__I)
                  007f90c0    00000140                   : BIOS.obj (.text:ti_sysbios_utils_Load_addTask__E)
                  007f9200    00000140                   : BIOS.obj (.text:ti_sysbios_utils_Load_updateLoads__E)
                  007f9340    00000140                   : BIOS.obj (.text:xdc_runtime_Memory_alloc__E)
                  007f9480    00000140                   : BIOS.obj (.text:xdc_runtime_Text_putLab__E)
                  007f95c0    00000140                   : BIOS.obj (.text:xdc_runtime_Text_putMod__E)
                  007f9700    00000140                   : BIOS.obj (.text:xdc_runtime_Text_visitRope2__I)
                  007f9840    00000120     objectdetection.oe674 (.text:DPC_ObjDet_GetRxChPhaseComp)
                  007f9960    00000120     objectdetection.oe674 (.text:DPC_ObjDet_reconfigSubFrame)
                  007f9a80    00000120     libdpedma_hwa_xwr18xx.ae674 : dpedmahwa.oe674 (.text:DPEDMAHWA_configOneHotSignature)
                  007f9ba0    00000120     libdpm_xwr18xx.ae674 : dpm_msg.oe674 (.text:DPM_msgDPCCfgHandler)
                  007f9cc0    00000120     libedma_xwr18xx.ae674 : edma.oe674 (.text:EDMA_configParamSet)
                  007f9de0    00000120     boot.ae674 : autoinit.oe674 (.text:_auto_init_elf)
                  007f9f00    00000120     rts6740_elf.lib : getdevice.c.obj (.text:getdevice)
                  007fa020    00000120     sysbios.ae674 : BIOS.obj (.text:ti_sysbios_knl_Clock_workFunc__E)
                  007fa140    00000120                   : BIOS.obj (.text:ti_sysbios_timers_rti_Timer_setPeriodMicroSecs__E)
                  007fa260    00000120                   : BIOS.obj (.text:ti_sysbios_utils_Load_taskCreateHook__E)
                  007fa380    00000120                   : BIOS.obj (.text:ti_sysbios_utils_Load_taskDeleteHook__E)
                  007fa4a0    00000100     libaoaproc_hwa_xwr18xx.ae674 : aoaprochwa.oe674 (.text:AoAProcHWA_cfgAndTrigger_EDMA_2DFFT)
                  007fa5a0    00000100     libcfarcaproc_hwa_xwr18xx.ae674 : cfarcaprochwa.oe674 (.text:DPU_CFARCAProcHWA_init)
                  007fa6a0    00000100     libstaticclutterproc_xwr18xx.ae674 : staticclutterproc.oe674 (.text:DPU_StaticClutterProc_config)
                  007fa7a0    00000100     libhwa_xwr18xx.ae674 : hwa.oe674 (.text:HWA_disableParamSetInterrupt)
                  007fa8a0    00000100     libmailbox_xwr18xx.ae674 : mailbox.oe674 (.text:Mailbox_readFlush)
                  007fa9a0    00000100     libsoc_xwr18xx.ae674 : soc_xwr18xx_dss.oe674 (.text:SOC_deviceInit)
                  007faaa0    00000100                          : soc_xwr18xx.oe674 (.text:SOC_translateAddress)
                  007faba0    00000100     rts6740_elf.lib : fclose.c.obj (.text:__TI_closefile)
                  007faca0    00000100                     : fflush.c.obj (.text:fflush)
                  007fada0    00000100                     : fseek.c.obj (.text:fseek)
                  007faea0    00000100     dss_main.oe674 (.text:main)
                  007fafa0    00000100     sysbios.ae674 : BIOS.obj (.text:xdc_runtime_Error_print__E)
                  007fb0a0    00000100                   : BIOS.obj (.text:xdc_runtime_Startup_exec__E)
                  007fb1a0    000000e0     objectdetection.oe674 (.text:DPC_ObjectDetection_deinit)
                  007fb280    000000e0     libdpm_xwr18xx.ae674 : dpm_core.oe674 (.text:DPM_execute)
                  007fb360    000000e0                          : dpm_pipe.oe674 (.text:DPM_pipeSend)
                  007fb440    000000e0     libedma_xwr18xx.ae674 : edma.oe674 (.text:EDMA_error_isr)
                  007fb520    000000e0                           : edma.oe674 (.text:EDMA_isTransferComplete)
                  007fb600    000000e0     rts6740_elf.lib : hostlseek.c.obj (.text:HOSTlseek)
                  007fb6e0    000000e0                     : hostopen.c.obj (.text:HOSTopen)
                  007fb7c0    000000e0                     : hostwrite.c.obj (.text:HOSTwrite)
                  007fb8a0    000000e0     libmailbox_xwr18xx.ae674 : mailbox.oe674 (.text:Mailbox_boxFullISRMssDss)
                  007fb980    000000e0                              : mailbox.oe674 (.text:Mailbox_init)
                  007fba60    000000e0     dss_main.oe674 (.text:MmwDemo_DPC_ObjectDetection_reportFxn)
                  007fbb40    000000e0     rts6740_elf.lib : _io_perm.c.obj (.text:__TI_wrt_ok)
                  007fbc20    000000e0                     : divi.asm.obj (.text:__divi)
                  007fbd00    000000e0                     : close.c.obj (.text:close)
                  007fbde0    000000e0                     : exit.c.obj (.text:exit)
                  007fbec0    000000e0                     : memset.c.obj (.text:memset)
                  007fbfa0    000000e0     sysbios.ae674 : BIOS.obj (.text:ti_sysbios_utils_Load_updateCurrentThreadTime__E)
                  007fc080    000000c0     libcfarcaproc_hwa_xwr18xx.ae674 : cfarcaprochwa.oe674 (.text:CFARCAHWA_config_EDMA)
                  007fc140    000000c0                                     : cfarcaprochwa.oe674 (.text:CFARHWA_prepareHwaRunTime)
                  007fc200    000000c0     objectdetection.oe674 (.text:DPC_ObjectDetection_frameStart)
                  007fc2c0    000000c0     libdpm_xwr18xx.ae674 : dpm_mailbox.oe674 (.text:DPM_mboxRemoteMailboxCallbackFxn)
                  007fc380    000000c0                          : dpm_core.oe674 (.text:DPM_sendResult)
                  007fc440    000000c0     libedma_xwr18xx.ae674 : edma.oe674 (.text:EDMA_startDmaTransfer)
                  007fc500    000000c0     rts6740_elf.lib : hostread.c.obj (.text:HOSTread)
                  007fc5c0    000000c0                     : hostunlink.c.obj (.text:HOSTunlink)
                  007fc680    000000c0     libhwa_xwr18xx.ae674 : hwa.oe674 (.text:HWA_getDMAChanIndex)
                  007fc740    000000c0                          : hwa.oe674 (.text:HWA_getDMAconfig)
                  007fc800    000000c0                          : hwa.oe674 (.text:HWA_getDriverAccess)
                  007fc8c0    000000c0                          : hwa.oe674 (.text:HWA_getHWAMemInfo)
                  007fc980    000000c0     libmailbox_xwr18xx.ae674 : mailbox.oe674 (.text:Mailbox_boxFullISRProcessing)
                  007fca40    000000c0     data_path.oe674 (.text:MmwDemo_edmaOpen)
                  007fcb00    000000c0     objectdetection.oe674 (.text:_DPC_Objdet_Assert)
                  007fcbc0    000000c0     rts6740_elf.lib : fflush.c.obj (.text:__TI_doflush)
                  007fcc80    000000c0                     : divu.asm.obj (.text:__divu)
                  007fcd40    000000c0                     : modf.c.obj (.text:modf)
                  007fce00    000000c0     librangeproc_hwa_xwr18xx.ae674 : rangeprochwa.oe674 (.text:rangeProcHWA_ConfigHWACommon)
                  007fcec0    000000c0     sysbios.ae674 : BIOS.obj (.text:ti_sysbios_family_c64p_Hwi_dispatchCore__I)
                  007fcf80    000000c0                   : BIOS.obj (.text:ti_sysbios_heaps_HeapMem_alloc__E)
                  007fd040    000000c0                   : BIOS.obj (.text:ti_sysbios_heaps_HeapMem_getStats__E)
                  007fd100    000000c0                   : BIOS.obj (.text:ti_sysbios_knl_Swi_schedule__I)
                  007fd1c0    000000c0                   : BIOS.obj (.text:ti_sysbios_knl_Task_allBlockedFunction__I)
                  007fd280    000000c0     mmw_dss_pe674.oe674 (.text:ti_sysbios_knl_Task_create)
                  007fd340    000000c0     sysbios.ae674 : BIOS.obj (.text:ti_sysbios_knl_Task_stat__E)
                  007fd400    000000c0                   : BIOS.obj (.text:ti_sysbios_utils_Load_taskSwitchHook__E)
                  007fd4c0    000000c0     rts6740_elf.lib : tls.c.obj (.text:tls:init:__TI_tls_init)
                  007fd580    000000c0     sysbios.ae674 : BIOS.obj (.text:xdc_runtime_Assert_raise__I)
                  007fd640    000000c0                   : BIOS.obj (.text:xdc_runtime_LoggerBuf_Instance_init__E)
                  007fd700    000000c0     mmw_dss_pe674.oe674 (.text:xdc_runtime_LoggerBuf_Object__create__S)
                  007fd7c0    000000a0     libcfarcaproc_hwa_xwr18xx.ae674 : cfarcaprochwa.oe674 (.text:CFARHWA_fovConvertDoppler)
                  007fd860    000000a0                                     : cfarcaprochwa.oe674 (.text:CFARHWA_saveConfiguration)
                  007fd900    000000a0     objectdetection.oe674 (.text:DPC_ObjectDetection_start)
                  007fd9a0    000000a0     libdpedma_hwa_xwr18xx.ae674 : dpedma.oe674 (.text:DPEDMA_setup_shadow_link)
                  007fda40    000000a0     libdpm_xwr18xx.ae674 : dpm_mailbox.oe674 (.text:DPM_mboxInit)
                  007fdae0    000000a0                          : dpm_msg.oe674 (.text:DPM_msgStartHandler)
                  007fdb80    000000a0                          : dpm_msg.oe674 (.text:DPM_msgStopHandler)
                  007fdc20    000000a0                          : dpm_core.oe674 (.text:DPM_notifyExecute)
                  007fdcc0    000000a0                          : dpm_pipe.oe674 (.text:DPM_pipeRecv)
                  007fdd60    000000a0     libedma_xwr18xx.ae674 : edma_low_level.oe674 (.text:EDMA3EnableChInShadowReg)
                  007fde00    000000a0                           : edma.oe674 (.text:EDMA_disableChannel)
                  007fdea0    000000a0                           : edma.oe674 (.text:EDMA_enableChannel)
                  007fdf40    000000a0                           : edma.oe674 (.text:EDMA_transferController_error_isr)
                  007fdfe0    000000a0     rts6740_elf.lib : hostclose.c.obj (.text:HOSTclose)
                  007fe080    000000a0     libhwa_xwr18xx.ae674 : hwa.oe674 (.text:HWA_deleteInstance)
                  007fe120    000000a0                          : hwa.oe674 (.text:HWA_disableDoneInterrupt)
                  007fe1c0    000000a0                          : hwa.oe674 (.text:HWA_enable)
                  007fe260    000000a0                          : hwa.oe674 (.text:HWA_enableDoneInterrupt)
                  007fe300    000000a0                          : hwa.oe674 (.text:HWA_readCFARPeakCountReg)
                  007fe3a0    000000a0     libmailbox_xwr18xx.ae674 : mailbox.oe674 (.text:Mailbox_boxEmptyISRProcessing)
                  007fe440    000000a0     libsoc_xwr18xx.ae674 : soc.oe674 (.text:SOC_SystemISR)
                  007fe4e0    000000a0     rts6740_elf.lib : fopen.c.obj (.text:__TI_cleanup)
                  007fe580    000000a0                     : fixfu.c.obj (.text:__c6xabi_fixfu)
                  007fe620    000000a0                     : round.c.obj (.text:__c6xabi_nround)
                  007fe6c0    000000a0                     : remu.asm.obj (.text:__remu)
                  007fe760    000000a0     boot.ae674 : boot.oe674 (.text:_c_int00)
                  007fe800    000000a0     rts6740_elf.lib : getdevice.c.obj (.text:finddevice)
                  007fe8a0    000000a0                     : memcpy64.asm.obj (.text:memcpy)
                  007fe940    000000a0     libmmwavealg_xwr18xx.ae674 : mmwavelib_vecsum.oe674 (.text:mmwavelib_vecsum)
                  007fe9e0    000000a0     mathlib.ae674 : sqrtsp.oe674 (.text:optasm)
                  007fea80    000000a0     sysbios.ae674 : BIOS.obj (.text:ti_sysbios_family_c64p_Exception_Module_startup__E)
                  007feb20    000000a0                   : BIOS.obj (.text:ti_sysbios_family_c64p_Hwi_dispatchC__I)
                  007febc0    000000a0                   : BIOS.obj (.text:ti_sysbios_family_c64p_Hwi_getStackInfo__E)
                  007fec60    000000a0                   : BIOS.obj (.text:ti_sysbios_hal_Hwi_checkStack)
                  007fed00    000000a0                   : BIOS.obj (.text:ti_sysbios_knl_Semaphore_pendTimeout__I)
                  007feda0    000000a0                   : BIOS.obj (.text:xdc_runtime_Core_assignLabel__I)
                  007fee40    000000a0                   : BIOS.obj (.text:xdc_runtime_Core_assignParams__I)
                  007feee0    000000a0                   : BIOS.obj (.text:xdc_runtime_LoggerBuf_Module_startup__E)
                  007fef80    000000a0                   : BIOS.obj (.text:xdc_runtime_System_atexit__E)
                  007ff020    000000a0                   : BIOS.obj (.text:xdc_runtime_System_exit__E)
                  007ff0c0    000000a0                   : BIOS.obj (.text:xdc_runtime_Text_printVisFxn__I)
                  007ff160    000000a0                   : BIOS.obj (.text:xdc_runtime_Text_xprintf__I)
                  007ff200    00000080     libaoaproc_hwa_xwr18xx.ae674 : aoaprochwa.oe674 (.text:AoAProc_HWAutil_configCommon)
                  007ff280    00000080     libcfarcaproc_hwa_xwr18xx.ae674 : cfarcaprochwa.oe674 (.text:CFARHWA_convHwaCfarDetListToDetMask)
                  007ff300    00000080                                     : cfarcaprochwa.oe674 (.text:CFARHWA_fovConvertRange)
                  007ff380    00000080     objectdetection.oe674 (.text:DPC_ObjDet_GetAntGeometryDef)
                  007ff400    00000080     objectdetection.oe674 (.text:DPC_ObjectDetection_stop)
                  007ff480    00000080     libdpm_xwr18xx.ae674 : dpm_mailbox.oe674 (.text:DPM_mboxSendResult)
                  007ff500    00000080                          : dpm_pipe.oe674 (.text:DPM_pipeDeinit)
                  007ff580    00000080                          : dpm_pipe.oe674 (.text:DPM_pipeInit)
                  007ff600    00000080                          : dpm_core.oe674 (.text:DPM_synch)
                  007ff680    00000080     librangeproc_hwa_xwr18xx.ae674 : rangeprochwa.oe674 (.text:DPU_RangeProcHWA_deinit)
                  007ff700    00000080     libstaticclutterproc_xwr18xx.ae674 : staticclutterproc.oe674 (.text:DPU_StaticClutterProc_init)
                  007ff780    00000080                                        : staticclutterproc.oe674 (.text:DPU_StaticClutterProc_waitInData)
                  007ff800    00000080                                        : staticclutterproc.oe674 (.text:DPU_StaticClutterProc_waitOutData)
                  007ff880    00000080     libedma_xwr18xx.ae674 : edma_low_level.oe674 (.text:EDMA3MapChToEvtQ)
                  007ff900    00000080                           : edma.oe674 (.text:EDMA_getTransferControllerErrorStatusInfo)
                  007ff980    00000080                           : edma.oe674 (.text:EDMA_linkParamSets)
                  007ffa00    00000080     libhwa_xwr18xx.ae674 : hwa.oe674 (.text:HWA_reset)
                  007ffa80    00000080                          : hwa.oe674 (.text:HWA_setDMA2ACCManualTrig)
                  007ffb00    00000080     data_path.oe674 (.text:MmwDemo_dataPathInit)
                  007ffb80    00000080     libosal_xwr18xx.ae674 : SemaphoreP_tirtos.oe674 (.text:SemaphoreP_create)
                  007ffc00    00000080     rts6740_elf.lib : trgmsg.c.obj (.text:__TI_readmsg)
                  007ffc80    00000080                     : fixdu.c.obj (.text:__c6xabi_fixdu)
                  007ffd00    00000080                     : llshift.c.obj (.text:__c6xabi_llshl)
                  007ffd80    00000080     sysbios.ae674 : c62_TaskSupport_asm.obj (.text:_ti_sysbios_family_c62_TaskSupport_swap__E)
                  007ffe00    00000080     librangeproc_hwa_xwr18xx.ae674 : rangeprochwa.oe674 (.text:rangeProcHWA_ConfigEDMATranspose)
                  007ffe80    00000080     mmw_dss_pe674.oe674 (.text:ti_sysbios_BIOS_atExitFunc__I)
                  007fff00    00000080     mmw_dss_pe674.oe674 (.text:ti_sysbios_BIOS_registerRTSLock__I)
                  007fff80    00000080     mmw_dss_pe674.oe674 (.text:ti_sysbios_gates_GateHwi_Object__create__S)

.text.2    0    00800000    00003c20     
                  00800000    00000080     mmw_dss_pe674.oe674 (.text:ti_sysbios_gates_GateMutex_Object__create__S)
                  00800080    00000080     mmw_dss_pe674.oe674 (.text:ti_sysbios_heaps_HeapMem_Object__create__S)
                  00800100    00000080     sysbios.ae674 : BIOS.obj (.text:ti_sysbios_heaps_HeapMem_init__I)
                  00800180    00000080     mmw_dss_pe674.oe674 (.text:ti_sysbios_knl_Clock_doTick__I)
                  00800200    00000080     sysbios.ae674 : BIOS.obj (.text:ti_sysbios_knl_Idle_run__E)
                  00800280    00000080     mmw_dss_pe674.oe674 (.text:ti_sysbios_knl_Semaphore_create)
                  00800300    00000080     sysbios.ae674 : BIOS.obj (.text:ti_sysbios_knl_Swi_post__E)
                  00800380    00000080                   : BIOS.obj (.text:ti_sysbios_knl_Swi_startup__E)
                  00800400    00000080                   : BIOS.obj (.text:ti_sysbios_knl_Task_processVitalTaskFlag__I)
                  00800480    00000080                   : BIOS.obj (.text:ti_sysbios_knl_Task_restore__E)
                  00800500    00000080                   : BIOS.obj (.text:ti_sysbios_knl_Task_sleepTimeout__I)
                  00800580    00000080     mmw_dss_pe674.oe674 (.text:ti_sysbios_rts_MemAlloc_alloc)
                  00800600    00000080     sysbios.ae674 : BIOS.obj (.text:ti_sysbios_timers_rti_Timer_setPeriod__E)
                  00800680    00000080                   : BIOS.obj (.text:ti_sysbios_timers_rti_Timer_stop__E)
                  00800700    00000080     rts6740_elf.lib : unlink.c.obj (.text:unlink)
                  00800780    00000080     sysbios.ae674 : BIOS.obj (.text:xdc_runtime_System_avprintf__E)
                  00800800    00000080                   : BIOS.obj (.text:xdc_runtime_System_vprintf__E)
                  00800880    00000060     libaoaproc_hwa_xwr18xx.ae674 : aoaprochwa.oe674 (.text:AOAHWA_waitEdma)
                  008008e0    00000060     libcfarcaproc_hwa_xwr18xx.ae674 : cfarcaprochwa.oe674 (.text:CFARHWA_triggerCFAR)
                  00800940    00000060     objectdetection.oe674 (.text:DPC_ObjDet_GenDopplerWindow)
                  008009a0    00000060     objectdetection.oe674 (.text:DPC_ObjDet_MemPoolAlloc)
                  00800a00    00000060     libdpm_xwr18xx.ae674 : dpm_listlib.oe674 (.text:DPM_listCat)
                  00800a60    00000060                          : dpm_mailbox.oe674 (.text:DPM_mboxDeinit)
                  00800ac0    00000060                          : dpm_msg.oe674 (.text:DPM_msgInitHeader)
                  00800b20    00000060     libaoaproc_hwa_xwr18xx.ae674 : aoaprochwa.oe674 (.text:DPU_AoAProcHWA_deinit)
                  00800b80    00000060     libcfarcaproc_hwa_xwr18xx.ae674 : cfarcaprochwa.oe674 (.text:DPU_CFARCAProcHWA_deinit)
                  00800be0    00000060     libdopplerproc_hwa_xwr18xx.ae674 : dopplerprochwa.oe674 (.text:DPU_DopplerProcHWA_deinit)
                  00800c40    00000060     libstaticclutterproc_xwr18xx.ae674 : staticclutterproc.oe674 (.text:DPU_StaticClutterProc_deinit)
                  00800ca0    00000060     libedma_xwr18xx.ae674 : edma_low_level.oe674 (.text:EDMA3ClrEvt)
                  00800d00    00000060                           : edma_low_level.oe674 (.text:EDMA3ClrIntr)
                  00800d60    00000060                           : edma_low_level.oe674 (.text:EDMA3ClrMissEvt)
                  00800dc0    00000060                           : edma_low_level.oe674 (.text:EDMA3DisableDmaEvt)
                  00800e20    00000060                           : edma_low_level.oe674 (.text:EDMA3DisableEvtIntr)
                  00800e80    00000060                           : edma_low_level.oe674 (.text:EDMA3EnableDmaEvt)
                  00800ee0    00000060                           : edma_low_level.oe674 (.text:EDMA3EnableEvtIntr)
                  00800f40    00000060                           : edma_low_level.oe674 (.text:EDMA3SetEvt)
                  00800fa0    00000060                           : edma.oe674 (.text:EDMA_configTransferControllerError)
                  00801000    00000060                           : edma.oe674 (.text:EDMA_setDestinationAddress)
                  00801060    00000060                           : edma.oe674 (.text:EDMA_setSourceAddress)
                  008010c0    00000060                           : edma.oe674 (.text:EDMA_validate_channelIdchannelType)
                  00801120    00000060     libhwa_xwr18xx.ae674 : hwa.oe674 (.text:HWA_allParamDoneISR)
                  00801180    00000060     libmailbox_xwr18xx.ae674 : mailbox.oe674 (.text:Mailbox_Config_init)
                  008011e0    00000060     data_path.oe674 (.text:MmwDemo_dataPathOpen)
                  00801240    00000060     libsoc_xwr18xx.ae674 : soc_xwr18xx.oe674 (.text:SOC_enableHWA)
                  008012a0    00000060                          : soc_xwr18xx.oe674 (.text:SOC_setDSSLinkState)
                  00801300    00000060                          : soc.oe674 (.text:SOC_unhaltBSS)
                  00801360    00000060     rts6740_elf.lib : trgmsg.c.obj (.text:__TI_writemsg)
                  008013c0    00000060                     : llshift.c.obj (.text:__c6xabi_llshru)
                  00801420    00000060                     : imath64.c.obj (.text:_subcull)
                  00801480    00000060     sysbios.ae674 : c64p_Hwi_asm_switch.obj (.text:_ti_sysbios_family_c64p_Hwi_switchAndDispatch__I)
                  008014e0    00000060                   : c64p_Hwi_asm_switch.obj (.text:_ti_sysbios_family_xxx_Hwi_switchAndRunFunc)
                  00801540    00000060     rts6740_elf.lib : lseek.c.obj (.text:lseek)
                  008015a0    00000060     libmmwavealg_xwr18xx.ae674 : mmwavelib_vecsubc.oe674 (.text:mmwavelib_vecsubc)
                  00801600    00000060     mmw_dss_pe674.oe674 (.text:ti_sysbios_BIOS_errorRaiseHook__I)
                  00801660    00000060     mmw_dss_pe674.oe674 (.text:ti_sysbios_BIOS_removeRTSLock__I)
                  008016c0    00000060     mmw_dss_pe674.oe674 (.text:ti_sysbios_BIOS_startFunc__I)
                  00801720    00000060     sysbios.ae674 : BIOS.obj (.text:ti_sysbios_family_c62_TaskSupport_stackUsed__E)
                  00801780    00000060                   : BIOS.obj (.text:ti_sysbios_family_c62_TaskSupport_start__E)
                  008017e0    00000060                   : BIOS.obj (.text:ti_sysbios_family_c64p_Cache_setMar__E)
                  00801840    00000060                   : BIOS.obj (.text:ti_sysbios_family_c64p_EventCombiner_Module_startup__E)
                  008018a0    00000060                   : BIOS.obj (.text:ti_sysbios_family_c64p_EventCombiner_unused__E)
                  00801900    00000060     mmw_dss_pe674.oe674 (.text:ti_sysbios_gates_GateMutex_Object__delete__S)
                  00801960    00000060     sysbios.ae674 : BIOS.obj (.text:ti_sysbios_hal_Hwi_initStack)
                  008019c0    00000060                   : BIOS.obj (.text:ti_sysbios_heaps_HeapMem_free__E)
                  00801a20    00000060                   : BIOS.obj (.text:ti_sysbios_knl_Clock_Module_startup__E)
                  00801a80    00000060     mmw_dss_pe674.oe674 (.text:ti_sysbios_knl_Queue_construct)
                  00801ae0    00000060     mmw_dss_pe674.oe674 (.text:ti_sysbios_knl_Semaphore_Object__delete__S)
                  00801b40    00000060     mmw_dss_pe674.oe674 (.text:ti_sysbios_knl_Semaphore_construct)
                  00801ba0    00000060     sysbios.ae674 : BIOS.obj (.text:ti_sysbios_knl_Swi_Module_startup__E)
                  00801c00    00000060                   : BIOS.obj (.text:ti_sysbios_knl_Task_enter__I)
                  00801c60    00000060     rts6740_elf.lib : write.c.obj (.text:write)
                  00801cc0    00000060     mmw_dss_pe674.oe674 (.text:xdc_runtime_LoggerBuf_Object__delete__S)
                  00801d20    00000060     sysbios.ae674 : BIOS.obj (.text:xdc_runtime_SysStd_abort__E)
                  00801d80    00000040     libhwa_xwr18xx.ae674 : hwa.oe674 (.text:CSL_FEXTR)
                  00801dc0    00000040     libsoc_xwr18xx.ae674 : soc.oe674 (.text:CSL_FEXTR)
                  00801e00    00000040                          : soc_xwr18xx.oe674 (.text:CSL_FEXTR)
                  00801e40    00000040     libhwa_xwr18xx.ae674 : hwa.oe674 (.text:CSL_FINSR)
                  00801e80    00000040     libmailbox_xwr18xx.ae674 : mailbox.oe674 (.text:CSL_FINSR)
                  00801ec0    00000040     libsoc_xwr18xx.ae674 : soc.oe674 (.text:CSL_FINSR)
                  00801f00    00000040                          : soc_xwr18xx.oe674 (.text:CSL_FINSR)
                  00801f40    00000040                          : soc_xwr18xx_dss.oe674 (.text:CSL_FINSR)
                  00801f80    00000040     objectdetection.oe674 (.text:DPC_ObjDet_GenRangeWindow)
                  00801fc0    00000040     libdpm_xwr18xx.ae674 : dpm_listlib.oe674 (.text:DPM_listAdd)
                  00802000    00000040                          : dpm_listlib.oe674 (.text:DPM_listRemove)
                  00802040    00000040                          : dpm_mailbox.oe674 (.text:DPM_mboxMsgSend)
                  00802080    00000040                          : dpm_msg.oe674 (.text:DPM_msgAssertHandler)
                  008020c0    00000040                          : dpm_msg.oe674 (.text:DPM_msgBSSFaultHandler)
                  00802100    00000040                          : dpm_msg.oe674 (.text:DPM_msgDPCInfoHandler)
                  00802140    00000040                          : dpm_pipe.oe674 (.text:DPM_pipeDequeue)
                  00802180    00000040     libedma_xwr18xx.ae674 : edma_low_level.oe674 (.text:EDMA3MapQdmaChToPaRAM)
                  008021c0    00000040                           : edma_low_level.oe674 (.text:EDMA3SetPaRAM)
                  00802200    00000040                           : edma_low_level.oe674 (.text:EDMA3SetQdmaTrigWord)
                  00802240    00000040                           : edma.oe674 (.text:EDMA_clearTransferControllerErrors)
                  00802280    00000040     libosal_xwr18xx.ae674 : HwiP_tirtos.oe674 (.text:HwiP_create)
                  008022c0    00000040                           : HwiP_tirtos.oe674 (.text:HwiP_delete)
                  00802300    00000040     libmailbox_xwr18xx.ae674 : mailbox.oe674 (.text:Mailbox_boxEmptyISRBss)
                  00802340    00000040                              : mailbox.oe674 (.text:Mailbox_boxEmptyISRMssDss)
                  00802380    00000040                              : mailbox.oe674 (.text:Mailbox_boxFullISRBss)
                  008023c0    00000040     dss_main.oe674 (.text:MmwDemo_DPC_ObjectDetection_processFrameBeginCallBackFxn)
                  00802400    00000040     dss_main.oe674 (.text:MmwDemo_DPC_ObjectDetection_processInterFrameBeginCallBackFxn)
                  00802440    00000040     data_path.oe674 (.text:MmwDemo_EDMA_errorCallbackFxn)
                  00802480    00000040     data_path.oe674 (.text:MmwDemo_EDMA_transferControllerErrorCallbackFxn)
                  008024c0    00000040     libsoc_xwr18xx.ae674 : soc_xwr18xx_dss.oe674 (.text:SOC_getInAddr_LUTType)
                  00802500    00000040                          : soc_xwr18xx_dss.oe674 (.text:SOC_getOutAddr_LUTType)
                  00802540    00000040                          : soc_xwr18xx.oe674 (.text:SOC_isMSSOperational)
                  00802580    00000040     rts6740_elf.lib : frcmpyd_div.c.obj (.text:__TI_frcmpyd_div)
                  008025c0    00000040                     : strasg.asm.obj (.text:__strasgi_64plus)
                  00802600    00000040                     : args_main.c.obj (.text:_args_main)
                  00802640    00000040     sysbios.ae674 : c62_TaskSupport_asm.obj (.text:_ti_sysbios_family_c62_TaskSupport_buildTaskStack)
                  00802680    00000040     mmw_dss_pe674.oe674 (.text:free)
                  008026c0    00000040     libmathutils.ae674 : mathutils.oe674 (.text:mathUtils_floorLog2)
                  00802700    00000040     librangeproc_hwa_xwr18xx.ae674 : rangeprochwa.oe674 (.text:rangeProcHWA_EDMA_transferCompletionCallbackFxn)
                  00802740    00000040     mmw_dss_pe674.oe674 (.text:ti_sysbios_BIOS_exitFunc__I)
                  00802780    00000040     mmw_dss_pe674.oe674 (.text:ti_sysbios_BIOS_rtsLock__I)
                  008027c0    00000040     mmw_dss_pe674.oe674 (.text:ti_sysbios_BIOS_rtsUnlock__I)
                  00802800    00000040     sysbios.ae674 : BIOS.obj (.text:ti_sysbios_family_c64p_Hwi_disableInterrupt__E)
                  00802840    00000040                   : BIOS.obj (.text:ti_sysbios_family_c64p_Hwi_enableInterrupt__E)
                  00802880    00000040     mmw_dss_pe674.oe674 (.text:ti_sysbios_gates_GateHwi_Handle__label__S)
                  008028c0    00000040     mmw_dss_pe674.oe674 (.text:ti_sysbios_gates_GateHwi_Object__delete__S)
                  00802900    00000040     mmw_dss_pe674.oe674 (.text:ti_sysbios_gates_GateMutex_Handle__label__S)
                  00802940    00000040     sysbios.ae674 : BIOS.obj (.text:ti_sysbios_gates_GateMutex_Instance_init__E)
                  00802980    00000040                   : BIOS.obj (.text:ti_sysbios_gates_GateMutex_leave__E)
                  008029c0    00000040     mmw_dss_pe674.oe674 (.text:ti_sysbios_heaps_HeapMem_Handle__label__S)
                  00802a00    00000040     mmw_dss_pe674.oe674 (.text:ti_sysbios_heaps_HeapMem_Object__delete__S)
                  00802a40    00000040     mmw_dss_pe674.oe674 (.text:ti_sysbios_heaps_HeapMem_Object__get__S)
                  00802a80    00000040     mmw_dss_pe674.oe674 (.text:ti_sysbios_knl_Semaphore_destruct)
                  00802ac0    00000040     mmw_dss_pe674.oe674 (.text:ti_sysbios_knl_Swi_Object__get__S)
                  00802b00    00000040     mmw_dss_pe674.oe674 (.text:ti_sysbios_knl_Task_Object__get__S)
                  00802b40    00000040     sysbios.ae674 : BIOS.obj (.text:ti_sysbios_timers_rti_Timer_periodicStub__E)
                  00802b80    00000040                   : BIOS.obj (.text:xdc_runtime_Error_init__E)
                  00802bc0    00000040     mmw_dss_pe674.oe674 (.text:xdc_runtime_LoggerBuf_Handle__label__S)
                  00802c00    00000040     sysbios.ae674 : BIOS.obj (.text:xdc_runtime_LoggerBuf_Instance_finalize__E)
                  00802c40    00000040     mmw_dss_pe674.oe674 (.text:xdc_runtime_LoggerBuf_Object__get__S)
                  00802c80    00000040     sysbios.ae674 : BIOS.obj (.text:xdc_runtime_LoggerBuf_write0__E)
                  00802cc0    00000040                   : BIOS.obj (.text:xdc_runtime_LoggerBuf_write1__E)
                  00802d00    00000040                   : BIOS.obj (.text:xdc_runtime_LoggerBuf_write2__E)
                  00802d40    00000040     mmw_dss_pe674.oe674 (.text:xdc_runtime_System_aprintf__E)
                  00802d80    00000040     mmw_dss_pe674.oe674 (.text:xdc_runtime_System_printf__E)
                  00802dc0    00000020     libaoaproc_hwa_xwr18xx.ae674 : aoaprochwa.oe674 (.text:AOAProcHWADoneIsrCallback)
                  00802de0    00000020     libcfarcaproc_hwa_xwr18xx.ae674 : cfarcaprochwa.oe674 (.text:CFARCAHWADoneIsrCallback)
                  00802e00    00000020     objectdetection.oe674 (.text:DPC_ObjDet_GetRangeWinGenLen)
                  00802e20    00000020     objectdetection.oe674 (.text:DPC_ObjDet_MemPoolReset)
                  00802e40    00000020     libdpm_xwr18xx.ae674 : dpm_core.oe674 (.text:DPM_chirpISR)
                  00802e60    00000020                          : dpm_core.oe674 (.text:DPM_frameStartISR)
                  00802e80    00000020                          : dpm_mailbox.oe674 (.text:DPM_mboxSynch)
                  00802ea0    00000020     libaoaproc_hwa_xwr18xx.ae674 : aoaprochwa.oe674 (.text:DPU_AoAProcHWA_getNumHwaParamSets)
                  00802ec0    00000020     libdopplerproc_hwa_xwr18xx.ae674 : dopplerprochwa.oe674 (.text:DPU_DopplerProcHWA_edmaDoneIsrCallback)
                  00802ee0    00000020                                      : dopplerprochwa.oe674 (.text:DPU_DopplerProcHWA_hwaDoneIsrCallback)
                  00802f00    00000020     libedma_xwr18xx.ae674 : edma_low_level.oe674 (.text:EDMA3ChannelToParamMap)
                  00802f20    00000020                           : edma_low_level.oe674 (.text:EDMA3ClrCCErr)
                  00802f40    00000020                           : edma_low_level.oe674 (.text:EDMA3DisableQdmaEvt)
                  00802f60    00000020                           : edma_low_level.oe674 (.text:EDMA3EnableQdmaEvt)
                  00802f80    00000020                           : edma_low_level.oe674 (.text:EDMA3ErrIntrHighStatusGet)
                  00802fa0    00000020                           : edma_low_level.oe674 (.text:EDMA3GetCCErrStatus)
                  00802fc0    00000020                           : edma_low_level.oe674 (.text:EDMA3GetErrIntrStatus)
                  00802fe0    00000020                           : edma_low_level.oe674 (.text:EDMA3GetIntrStatus)
                  00803000    00000020                           : edma_low_level.oe674 (.text:EDMA3IntrStatusHighGet)
                  00803020    00000020                           : edma_low_level.oe674 (.text:EDMA3QdmaClrMissEvt)
                  00803040    00000020                           : edma_low_level.oe674 (.text:EDMA3QdmaGetErrIntrStatus)
                  00803060    00000020                           : edma_low_level.oe674 (.text:EDMAsetRegion)
                  00803080    00000020     libhwa_xwr18xx.ae674 : hwa.oe674 (.text:HWA_init)
                  008030a0    00000020     libosal_xwr18xx.ae674 : HwiP_tirtos.oe674 (.text:HwiP_Params_init)
                  008030c0    00000020                           : HwiP_tirtos.oe674 (.text:HwiP_disable)
                  008030e0    00000020                           : HwiP_tirtos.oe674 (.text:HwiP_disableInterrupt)
                  00803100    00000020                           : HwiP_tirtos.oe674 (.text:HwiP_enableInterrupt)
                  00803120    00000020                           : HwiP_tirtos.oe674 (.text:HwiP_restore)
                  00803140    00000020                           : MemoryP_tirtos.oe674 (.text:MemoryP_ctrlAlloc)
                  00803160    00000020                           : MemoryP_tirtos.oe674 (.text:MemoryP_ctrlFree)
                  00803180    00000020                           : MemoryP_tirtos.oe674 (.text:MemoryP_getStats)
                  008031a0    00000020     dss_main.oe674 (.text:MmwDemo_sleep)
                  008031c0    00000020     libsoc_xwr18xx.ae674 : soc_xwr18xx.oe674 (.text:SOC_ungateClock)
                  008031e0    00000020     libosal_xwr18xx.ae674 : SemaphoreP_tirtos.oe674 (.text:SemaphoreP_Params_init)
                  00803200    00000020                           : SemaphoreP_tirtos.oe674 (.text:SemaphoreP_delete)
                  00803220    00000020                           : SemaphoreP_tirtos.oe674 (.text:SemaphoreP_pend)
                  00803240    00000020                           : SemaphoreP_tirtos.oe674 (.text:SemaphoreP_post)
                  00803260    00000020                           : DebugP_tirtos.oe674 (.text:_DebugP_assert)
                  00803280    00000020     rts6740_elf.lib : errno.c.obj (.text:__c6xabi_errno_addr)
                  008032a0    00000020                     : trunc.c.obj (.text:__c6xabi_trunc)
                  008032c0    00000020                     : push.asm.obj (.text:__pop_rts)
                  008032e0    00000020                     : push.asm.obj (.text:__push_rts)
                  00803300    00000020                     : _lock.c.obj (.text:_nop)
                  00803320    00000020                     : _lock.c.obj (.text:_register_lock)
                  00803340    00000020                     : _lock.c.obj (.text:_register_unlock)
                  00803360    00000020     sysbios.ae674 : c62_TaskSupport_asm.obj (.text:_ti_sysbios_family_c62_TaskSupport_glue)
                  00803380    00000020     rts6740_elf.lib : exit.c.obj (.text:abort)
                  008033a0    00000020     libmathutils.ae674 : mathutils.oe674 (.text:mathUtils_ceilLog2)
                  008033c0    00000020     rts6740_elf.lib : fputc.c.obj (.text:putchar)
                  008033e0    00000020     librangeproc_hwa_xwr18xx.ae674 : rangeprochwa.oe674 (.text:rangeProcHWADoneIsrCallback)
                  00803400    00000020     mmw_dss_pe674.oe674 (.text:ti_sysbios_BIOS_RtsGateProxy_enter__E)
                  00803420    00000020     mmw_dss_pe674.oe674 (.text:ti_sysbios_BIOS_RtsGateProxy_leave__E)
                  00803440    00000020     sysbios.ae674 : BIOS.obj (.text:ti_sysbios_BIOS_getCpuFreq__E)
                  00803460    00000020                   : BIOS.obj (.text:ti_sysbios_BIOS_linkedWithIncorrectBootLibrary__E)
                  00803480    00000020     mmw_dss_pe674.oe674 (.text:ti_sysbios_BIOS_nullFunc__I)
                  008034a0    00000020     sysbios.ae674 : BIOS.obj (.text:ti_sysbios_BIOS_setThreadType__E)
                  008034c0    00000020                   : BIOS.obj (.text:ti_sysbios_BIOS_start__E)
                  008034e0    00000020     mmw_dss_pe674.oe674 (.text:ti_sysbios_family_c62_TaskSupport_Module__startupDone__S)
                  00803500    00000020     sysbios.ae674 : BIOS.obj (.text:ti_sysbios_family_c62_TaskSupport_checkStack__E)
                  00803520    00000020                   : BIOS.obj (.text:ti_sysbios_family_c62_TaskSupport_getStackAlignment__E)
                  00803540    00000020     mmw_dss_pe674.oe674 (.text:ti_sysbios_family_c64p_Hwi_Module__startupDone__F)
                  00803560    00000020     sysbios.ae674 : BIOS.obj (.text:ti_sysbios_family_c64p_Hwi_clearInterrupt__E)
                  00803580    00000020                   : BIOS.obj (.text:ti_sysbios_family_c64p_Hwi_startup__E)
                  008035a0    00000020                   : BIOS.obj (.text:ti_sysbios_family_c64p_Hwi_switchFromBootStack__E)
                  008035c0    00000020                   : BIOS.obj (.text:ti_sysbios_family_c64p_TimestampProvider_Module_startup__E)
                  008035e0    00000020                   : BIOS.obj (.text:ti_sysbios_family_c64p_TimestampProvider_get32__E)
                  00803600    00000020                   : BIOS.obj (.text:ti_sysbios_family_c64p_TimestampProvider_get64__E)
                  00803620    00000020                   : BIOS.obj (.text:ti_sysbios_gates_GateHwi_Instance_init__E)
                  00803640    00000020                   : BIOS.obj (.text:ti_sysbios_gates_GateHwi_enter__E)
                  00803660    00000020                   : BIOS.obj (.text:ti_sysbios_gates_GateHwi_leave__E)
                  00803680    00000020                   : BIOS.obj (.text:ti_sysbios_gates_GateHwi_query__E)
                  008036a0    00000020                   : BIOS.obj (.text:ti_sysbios_gates_GateMutex_Instance_finalize__E)
                  008036c0    00000020                   : BIOS.obj (.text:ti_sysbios_gates_GateMutex_query__E)
                  008036e0    00000020                   : BIOS.obj (.text:ti_sysbios_hal_Hwi_Module_startup__E)
                  00803700    00000020     mmw_dss_pe674.oe674 (.text:ti_sysbios_heaps_HeapBuf_Object__get__S)
                  00803720    00000020     mmw_dss_pe674.oe674 (.text:ti_sysbios_heaps_HeapMem_Module_GateProxy_enter__E)
                  00803740    00000020     mmw_dss_pe674.oe674 (.text:ti_sysbios_heaps_HeapMem_Module_GateProxy_leave__E)
                  00803760    00000020     sysbios.ae674 : BIOS.obj (.text:ti_sysbios_heaps_HeapMem_isBlocking__E)
                  00803780    00000020     mmw_dss_pe674.oe674 (.text:ti_sysbios_knl_Clock_TimerProxy_getMaxTicks__E)
                  008037a0    00000020     sysbios.ae674 : BIOS.obj (.text:ti_sysbios_knl_Clock_logTick__E)
                  008037c0    00000020                   : BIOS.obj (.text:ti_sysbios_knl_Idle_loop__E)
                  008037e0    00000020                   : BIOS.obj (.text:ti_sysbios_knl_Queue_Instance_init__E)
                  00803800    00000020     mmw_dss_pe674.oe674 (.text:ti_sysbios_knl_Queue_Object__get__S)
                  00803820    00000020     mmw_dss_pe674.oe674 (.text:ti_sysbios_knl_Queue_destruct)
                  00803840    00000020     sysbios.ae674 : BIOS.obj (.text:ti_sysbios_knl_Queue_empty__E)
                  00803860    00000020                   : BIOS.obj (.text:ti_sysbios_knl_Semaphore_Instance_finalize__E)
                  00803880    00000020     mmw_dss_pe674.oe674 (.text:ti_sysbios_knl_Semaphore_Params__init__S)
                  008038a0    00000020     mmw_dss_pe674.oe674 (.text:ti_sysbios_knl_Semaphore_delete)
                  008038c0    00000020     sysbios.ae674 : BIOS.obj (.text:ti_sysbios_knl_Swi_disable__E)
                  008038e0    00000020     mmw_dss_pe674.oe674 (.text:ti_sysbios_knl_Task_Params__init__S)
                  00803900    00000020     sysbios.ae674 : BIOS.obj (.text:ti_sysbios_knl_Task_disable__E)
                  00803920    00000020                   : BIOS.obj (.text:ti_sysbios_knl_Task_startup__E)
                  00803940    00000020     mmw_dss_pe674.oe674 (.text:ti_sysbios_timers_rti_Timer_Module__startupDone__F)
                  00803960    00000020     sysbios.ae674 : BIOS.obj (.text:ti_sysbios_timers_rti_Timer_getMaxTicks__E)
                  00803980    00000020                   : BIOS.obj (.text:ti_sysbios_utils_Load_getCPULoad__E)
                  008039a0    00000020                   : BIOS.obj (.text:ti_sysbios_utils_Load_taskRegHook__E)
                  008039c0    00000020     mmw_dss_pe674.oe674 (.text:xdc_runtime_IHeap_alloc)
                  008039e0    00000020     mmw_dss_pe674.oe674 (.text:xdc_runtime_IHeap_free)
                  00803a00    00000020     mmw_dss_pe674.oe674 (.text:xdc_runtime_IHeap_getStats)
                  00803a20    00000020     mmw_dss_pe674.oe674 (.text:xdc_runtime_LoggerBuf_Module_GateProxy_enter__E)
                  00803a40    00000020     mmw_dss_pe674.oe674 (.text:xdc_runtime_LoggerBuf_Module_GateProxy_leave__E)
                  00803a60    00000020     sysbios.ae674 : BIOS.obj (.text:xdc_runtime_LoggerBuf_disable__E)
                  00803a80    00000020                   : BIOS.obj (.text:xdc_runtime_LoggerBuf_enable__E)
                  00803aa0    00000020                   : BIOS.obj (.text:xdc_runtime_Memory_free__E)
                  00803ac0    00000020                   : BIOS.obj (.text:xdc_runtime_Memory_getStats__E)
                  00803ae0    00000020     mmw_dss_pe674.oe674 (.text:xdc_runtime_Startup_exec__I)
                  00803b00    00000020     mmw_dss_pe674.oe674 (.text:xdc_runtime_Startup_reset__I)
                  00803b20    00000020     sysbios.ae674 : BIOS.obj (.text:xdc_runtime_Startup_rtsDone__E)
                  00803b40    00000020                   : BIOS.obj (.text:xdc_runtime_SysStd_exit__E)
                  00803b60    00000020                   : BIOS.obj (.text:xdc_runtime_SysStd_putch__E)
                  00803b80    00000020                   : BIOS.obj (.text:xdc_runtime_SysStd_ready__E)
                  00803ba0    00000020     mmw_dss_pe674.oe674 (.text:xdc_runtime_System_Module_GateProxy_enter__E)
                  00803bc0    00000020     mmw_dss_pe674.oe674 (.text:xdc_runtime_System_Module_GateProxy_leave__E)
                  00803be0    00000020     sysbios.ae674 : BIOS.obj (.text:xdc_runtime_System_Module_startup__E)
                  00803c00    00000020     mmw_dss_pe674.oe674 (.text:xdc_runtime_Text_visitRope__I)

.const.1   0    00803c20    000003e0     
                  00803c20    000002e4     dss_main.oe674 (.const:.string)
                  00803f04    00000004     mmw_dss_pe674.oe674 (.const:ti_sysbios_family_c62_TaskSupport_stackAlignment__C)
                  00803f08    000000e0     mmw_dss_pe674.oe674 (.const:xdc_runtime_Text_nodeTab__A)
                  00803fe8    00000018     objectdetection.oe674 (.const:.string)

.dpc_l2Heap 
*          0    00804000    0000c400     UNINITIALIZED
                  00804000    0000c400     dss_main.oe674 (.dpc_l2Heap)

systemHeap 
*          0    00810400    00008000     UNINITIALIZED
                  00810400    00008000     mmw_dss_pe674.oe674 (systemHeap)

.const.2   0    00818400    000028b4     
                  00818400    00001a59     mmw_dss_pe674.oe674 (.const:xdc_runtime_Text_charTab__A)
                  00819e59    00000001     --HOLE-- [fill = 0]
                  00819e5a    00000002     mmw_dss_pe674.oe674 (.const:ti_sysbios_family_c64p_Cache_Module__id__C)
                  00819e5c    00000630     sysbios.ae674 : BIOS.obj (.const:.string)
                  0081a48c    00000074     mmw_dss_pe674.oe674 (.const:.string)
                  0081a500    00000058     libedma_xwr18xx.ae674 : edma.oe674 (.const:.string)
                  0081a558    0000004c     libmailbox_xwr18xx.ae674 : mailbox.oe674 (.const:.string)
                  0081a5a4    00000044     mmw_dss_pe674.oe674 (.const:ti_sysbios_knl_Task_Object__PARAMS__C)
                  0081a5e8    00000040     libhwa_xwr18xx.ae674 : hwa.oe674 (.const:gHwaTrigSignatures)
                  0081a628    0000003c     libsoc_xwr18xx.ae674 : soc_xwr18xx_dss.oe674 (.const:.string)
                  0081a664    0000003c     mmw_dss_pe674.oe674 (.const:xdc_runtime_LoggerBuf_Module__FXNS__C)
                  0081a6a0    00000038     libedma_xwr18xx.ae674 : edma_xwr1xxx.oe674 (.const:gEdmaHwAttrs)
                  0081a6d8    00000034     mmw_dss_pe674.oe674 (.const:xdc_runtime_Startup_sfxnTab__A)
                  0081a70c    00000004     mmw_dss_pe674.oe674 (.const:ti_sysbios_family_c64p_Cache_E_invalidL1CacheSize__C)
                  0081a710    00000028     libdpm_xwr18xx.ae674 : dpm_msg.oe674 (.const:gDPMMessageFxnTable)
                  0081a738    00000028     mmw_dss_pe674.oe674 (.const:ti_sysbios_heaps_HeapMem_Module__FXNS__C)
                  0081a760    00000028     mmw_dss_pe674.oe674 (.const:xdc_runtime_LoggerBuf_Object__PARAMS__C)
                  0081a788    00000024     libmailbox_xwr18xx.ae674 : mailbox.oe674 (.const:Mailbox_defaultCfg)
                  0081a7ac    00000024     mmw_dss_pe674.oe674 (.const:ti_sysbios_gates_GateHwi_Module__FXNS__C)
                  0081a7d0    00000024     mmw_dss_pe674.oe674 (.const:ti_sysbios_gates_GateMutex_Module__FXNS__C)
                  0081a7f4    00000024     mmw_dss_pe674.oe674 (.const:ti_sysbios_heaps_HeapMem_Object__PARAMS__C)
                  0081a818    00000024     mmw_dss_pe674.oe674 (.const:ti_sysbios_knl_Semaphore_Object__PARAMS__C)
                  0081a83c    00000020     libhwa_xwr18xx.ae674 : hwa.oe674 (.const:$P$T0$1)
                  0081a85c    00000020                          : hwa.oe674 (.const:.string)
                  0081a87c    00000020     libosal_xwr18xx.ae674 : SemaphoreP_tirtos.oe674 (.const:.string)
                  0081a89c    00000020     mmw_dss_pe674.oe674 (.const:ti_sysbios_gates_GateHwi_Object__DESC__C)
                  0081a8bc    00000020     mmw_dss_pe674.oe674 (.const:ti_sysbios_gates_GateMutex_Object__DESC__C)
                  0081a8dc    00000020     mmw_dss_pe674.oe674 (.const:ti_sysbios_heaps_HeapMem_Object__DESC__C)
                  0081a8fc    00000020     mmw_dss_pe674.oe674 (.const:ti_sysbios_knl_Queue_Object__DESC__C)
                  0081a91c    00000020     mmw_dss_pe674.oe674 (.const:ti_sysbios_knl_Semaphore_Object__DESC__C)
                  0081a93c    00000020     mmw_dss_pe674.oe674 (.const:ti_sysbios_knl_Task_Object__DESC__C)
                  0081a95c    00000020     mmw_dss_pe674.oe674 (.const:xdc_runtime_LoggerBuf_Object__DESC__C)
                  0081a97c    0000001c     libosal_xwr18xx.ae674 : HwiP_tirtos.oe674 (.const:.string)
                  0081a998    0000001a     mmw_dss_pe674.oe674 (.const:xdc_runtime_Startup_sfxnRts__A)
                  0081a9b2    00000002     mmw_dss_pe674.oe674 (.const:ti_sysbios_family_c64p_EventCombiner_Module__id__C)
                  0081a9b4    00000018     mmw_dss_pe674.oe674 (.const:ti_sysbios_gates_GateHwi_Object__PARAMS__C)
                  0081a9cc    00000018     mmw_dss_pe674.oe674 (.const:ti_sysbios_gates_GateMutex_Object__PARAMS__C)
                  0081a9e4    00000018     mmw_dss_pe674.oe674 (.const:ti_sysbios_knl_Queue_Object__PARAMS__C)
                  0081a9fc    00000004     mmw_dss_pe674.oe674 (.const:ti_sysbios_family_c64p_Cache_E_invalidL2CacheSize__C)
                  0081aa00    00000018     mmw_dss_pe674.oe674 (.const:ti_sysbios_knl_Task_hooks__A)
                  0081aa18    00000014     libdpm_xwr18xx.ae674 : dpm_mailbox.oe674 (.const:.string)
                  0081aa2c    00000010     data_path.oe674 (.const:.string)
                  0081aa3c    00000010     libdpm_xwr18xx.ae674 : dpm_core.oe674 (.const:.string)
                  0081aa4c    00000010                          : dpm_msg.oe674 (.const:.string)
                  0081aa5c    00000010                          : dpm_pipe.oe674 (.const:.string)
                  0081aa6c    00000004     mmw_dss_pe674.oe674 (.const:ti_sysbios_family_c64p_Cache_MAR0_31__C)
                  0081aa70    00000010     libedma_xwr18xx.ae674 : edma.oe674 (.const:EDMA_config$1)
                  0081aa80    00000010     mmw_dss_pe674.oe674 (.const:ti_sysbios_family_c64p_EventCombiner_EVTMASK__C)
                  0081aa90    0000000c     mmw_dss_pe674.oe674 (.const:ti_sysbios_knl_Idle_funcList__A)
                  0081aa9c    00000008     mmw_dss_pe674.oe674 (.const:ti_sysbios_knl_Idle_funcList__C)
                  0081aaa4    00000008     mmw_dss_pe674.oe674 (.const:ti_sysbios_knl_Task_hooks__C)
                  0081aaac    00000004     mmw_dss_pe674.oe674 (.const:ti_sysbios_family_c64p_Cache_MAR128_159__C)
                  0081aab0    00000008     mmw_dss_pe674.oe674 (.const:xdc_runtime_Startup_firstFxns__A)
                  0081aab8    00000008     mmw_dss_pe674.oe674 (.const:xdc_runtime_Startup_firstFxns__C)
                  0081aac0    00000008     mmw_dss_pe674.oe674 (.const:xdc_runtime_Startup_lastFxns__C)
                  0081aac8    00000004     mmw_dss_pe674.oe674 (.const:ti_sysbios_family_c64p_Cache_MAR160_191__C)
                  0081aacc    00000004     mmw_dss_pe674.oe674 (.const:ti_sysbios_family_c64p_Cache_MAR192_223__C)
                  0081aad0    00000004     mmw_dss_pe674.oe674 (.const:ti_sysbios_family_c64p_Cache_MAR224_255__C)
                  0081aad4    00000004     mmw_dss_pe674.oe674 (.const:ti_sysbios_family_c64p_Cache_MAR32_63__C)
                  0081aad8    00000004     mmw_dss_pe674.oe674 (.const:ti_sysbios_family_c64p_Cache_MAR64_95__C)
                  0081aadc    00000004     mmw_dss_pe674.oe674 (.const:ti_sysbios_family_c64p_Cache_MAR96_127__C)
                  0081aae0    00000004     mmw_dss_pe674.oe674 (.const:ti_sysbios_family_c64p_EventCombiner_A_invalidEventId__C)
                  0081aae4    00000004     mmw_dss_pe674.oe674 (.const:ti_sysbios_family_c64p_EventCombiner_EVTRegs__C)
                  0081aae8    00000004     mmw_dss_pe674.oe674 (.const:ti_sysbios_family_c64p_EventCombiner_E_unpluggedEvent__C)
                  0081aaec    00000004     mmw_dss_pe674.oe674 (.const:ti_sysbios_family_c64p_EventCombiner_Module__diagsEnabled__C)
                  0081aaf0    00000004     mmw_dss_pe674.oe674 (.const:ti_sysbios_family_c64p_EventCombiner_Module__diagsIncluded__C)
                  0081aaf4    00000004     mmw_dss_pe674.oe674 (.const:ti_sysbios_family_c64p_EventCombiner_Module__diagsMask__C)
                  0081aaf8    00000004     mmw_dss_pe674.oe674 (.const:ti_sysbios_family_c64p_Exception_E_exceptionMax__C)
                  0081aafc    00000004     mmw_dss_pe674.oe674 (.const:ti_sysbios_family_c64p_Exception_exceptionHook__C)
                  0081ab00    00000004     mmw_dss_pe674.oe674 (.const:ti_sysbios_family_c64p_Exception_externalHook__C)
                  0081ab04    00000004     mmw_dss_pe674.oe674 (.const:ti_sysbios_family_c64p_Exception_internalHook__C)
                  0081ab08    00000004     mmw_dss_pe674.oe674 (.const:ti_sysbios_family_c64p_Exception_nmiHook__C)
                  0081ab0c    00000004     mmw_dss_pe674.oe674 (.const:ti_sysbios_family_c64p_Hwi_INTRMUX1Address__C)
                  0081ab10    00000004     mmw_dss_pe674.oe674 (.const:ti_sysbios_gates_GateMutex_A_badContext__C)
                  0081ab14    00000004     mmw_dss_pe674.oe674 (.const:ti_sysbios_gates_GateMutex_Instance_State_sem__O)
                  0081ab18    00000004     mmw_dss_pe674.oe674 (.const:ti_sysbios_gates_GateMutex_Module__diagsEnabled__C)
                  0081ab1c    00000004     mmw_dss_pe674.oe674 (.const:ti_sysbios_gates_GateMutex_Module__diagsIncluded__C)
                  0081ab20    00000004     mmw_dss_pe674.oe674 (.const:ti_sysbios_gates_GateMutex_Module__diagsMask__C)
                  0081ab24    00000004     mmw_dss_pe674.oe674 (.const:ti_sysbios_hal_Hwi_E_stackOverflow__C)
                  0081ab28    00000004     mmw_dss_pe674.oe674 (.const:ti_sysbios_heaps_HeapBuf_Instance_State_freeList__O)
                  0081ab2c    00000004     mmw_dss_pe674.oe674 (.const:ti_sysbios_heaps_HeapBuf_Object__count__C)
                  0081ab30    00000004     mmw_dss_pe674.oe674 (.const:ti_sysbios_heaps_HeapBuf_numConstructedHeaps__C)
                  0081ab34    00000004     mmw_dss_pe674.oe674 (.const:ti_sysbios_heaps_HeapMem_A_align__C)
                  0081ab38    00000004     mmw_dss_pe674.oe674 (.const:ti_sysbios_heaps_HeapMem_A_heapSize__C)
                  0081ab3c    00000004     mmw_dss_pe674.oe674 (.const:ti_sysbios_heaps_HeapMem_A_invalidFree__C)
                  0081ab40    00000004     mmw_dss_pe674.oe674 (.const:ti_sysbios_heaps_HeapMem_A_zeroBlock__C)
                  0081ab44    00000004     mmw_dss_pe674.oe674 (.const:ti_sysbios_heaps_HeapMem_E_memory__C)
                  0081ab48    00000004     mmw_dss_pe674.oe674 (.const:ti_sysbios_heaps_HeapMem_Module__diagsEnabled__C)
                  0081ab4c    00000004     mmw_dss_pe674.oe674 (.const:ti_sysbios_heaps_HeapMem_Module__diagsIncluded__C)
                  0081ab50    00000004     mmw_dss_pe674.oe674 (.const:ti_sysbios_heaps_HeapMem_Module__diagsMask__C)
                  0081ab54    00000004     mmw_dss_pe674.oe674 (.const:ti_sysbios_heaps_HeapMem_Module__gateObj__C)
                  0081ab58    00000004     mmw_dss_pe674.oe674 (.const:ti_sysbios_heaps_HeapMem_Object__count__C)
                  0081ab5c    00000004     mmw_dss_pe674.oe674 (.const:ti_sysbios_heaps_HeapMem_reqAlign__C)
                  0081ab60    00000004     mmw_dss_pe674.oe674 (.const:ti_sysbios_knl_Clock_Module_State_clockQ__O)
                  0081ab64    00000004     mmw_dss_pe674.oe674 (.const:ti_sysbios_knl_Semaphore_A_badContext__C)
                  0081ab68    00000004     mmw_dss_pe674.oe674 (.const:ti_sysbios_knl_Semaphore_A_noEvents__C)
                  0081ab6c    00000004     mmw_dss_pe674.oe674 (.const:ti_sysbios_knl_Semaphore_A_overflow__C)
                  0081ab70    00000004     mmw_dss_pe674.oe674 (.const:ti_sysbios_knl_Semaphore_A_pendTaskDisabled__C)
                  0081ab74    00000004     mmw_dss_pe674.oe674 (.const:ti_sysbios_knl_Semaphore_Instance_State_pendQ__O)
                  0081ab78    00000004     mmw_dss_pe674.oe674 (.const:ti_sysbios_knl_Semaphore_Module__diagsEnabled__C)
                  0081ab7c    00000004     mmw_dss_pe674.oe674 (.const:ti_sysbios_knl_Semaphore_Module__diagsIncluded__C)
                  0081ab80    00000004     mmw_dss_pe674.oe674 (.const:ti_sysbios_knl_Semaphore_Module__diagsMask__C)
                  0081ab84    00000004     mmw_dss_pe674.oe674 (.const:ti_sysbios_knl_Swi_Object__count__C)
                  0081ab88    00000004     mmw_dss_pe674.oe674 (.const:ti_sysbios_knl_Task_A_badPriority__C)
                  0081ab8c    00000004     mmw_dss_pe674.oe674 (.const:ti_sysbios_knl_Task_A_badTaskState__C)
                  0081ab90    00000004     mmw_dss_pe674.oe674 (.const:ti_sysbios_knl_Task_A_badThreadType__C)
                  0081ab94    00000004     mmw_dss_pe674.oe674 (.const:ti_sysbios_knl_Task_A_badTimeout__C)
                  0081ab98    00000004     mmw_dss_pe674.oe674 (.const:ti_sysbios_knl_Task_A_noPendElem__C)
                  0081ab9c    00000004     mmw_dss_pe674.oe674 (.const:ti_sysbios_knl_Task_A_sleepTaskDisabled__C)
                  0081aba0    00000004     mmw_dss_pe674.oe674 (.const:ti_sysbios_knl_Task_E_spOutOfBounds__C)
                  0081aba4    00000004     mmw_dss_pe674.oe674 (.const:ti_sysbios_knl_Task_E_stackOverflow__C)
                  0081aba8    00000004     mmw_dss_pe674.oe674 (.const:ti_sysbios_knl_Task_Module_State_inactiveQ__O)
                  0081abac    00000004     mmw_dss_pe674.oe674 (.const:ti_sysbios_knl_Task_Module__diagsEnabled__C)
                  0081abb0    00000004     mmw_dss_pe674.oe674 (.const:ti_sysbios_knl_Task_Module__diagsIncluded__C)
                  0081abb4    00000004     mmw_dss_pe674.oe674 (.const:ti_sysbios_knl_Task_Module__diagsMask__C)
                  0081abb8    00000004     mmw_dss_pe674.oe674 (.const:ti_sysbios_knl_Task_Object__count__C)
                  0081abbc    00000004     mmw_dss_pe674.oe674 (.const:ti_sysbios_knl_Task_Object__heap__C)
                  0081abc0    00000004     mmw_dss_pe674.oe674 (.const:ti_sysbios_knl_Task_allBlockedFunc__C)
                  0081abc4    00000004     mmw_dss_pe674.oe674 (.const:ti_sysbios_knl_Task_defaultStackHeap__C)
                  0081abc8    00000004     mmw_dss_pe674.oe674 (.const:ti_sysbios_knl_Task_defaultStackSize__C)
                  0081abcc    00000004     mmw_dss_pe674.oe674 (.const:ti_sysbios_knl_Task_numConstructedTasks__C)
                  0081abd0    00000004     mmw_dss_pe674.oe674 (.const:ti_sysbios_timers_rti_Timer_E_cannotSupport__C)
                  0081abd4    00000004     mmw_dss_pe674.oe674 (.const:ti_sysbios_timers_rti_Timer_Module__diagsEnabled__C)
                  0081abd8    00000004     mmw_dss_pe674.oe674 (.const:ti_sysbios_timers_rti_Timer_Module__diagsIncluded__C)
                  0081abdc    00000004     mmw_dss_pe674.oe674 (.const:ti_sysbios_timers_rti_Timer_Module__diagsMask__C)
                  0081abe0    00000004     mmw_dss_pe674.oe674 (.const:ti_sysbios_timers_rti_Timer_numTimerDevices__C)
                  0081abe4    00000004     mmw_dss_pe674.oe674 (.const:ti_sysbios_timers_rti_Timer_startupNeeded__C)
                  0081abe8    00000004     mmw_dss_pe674.oe674 (.const:ti_sysbios_utils_Load_Module_State_taskList__O)
                  0081abec    00000004     mmw_dss_pe674.oe674 (.const:ti_sysbios_utils_Load_Module__diagsEnabled__C)
                  0081abf0    00000004     mmw_dss_pe674.oe674 (.const:ti_sysbios_utils_Load_Module__diagsIncluded__C)
                  0081abf4    00000004     mmw_dss_pe674.oe674 (.const:ti_sysbios_utils_Load_Module__diagsMask__C)
                  0081abf8    00000004     mmw_dss_pe674.oe674 (.const:ti_sysbios_utils_Load_postUpdate__C)
                  0081abfc    00000004     mmw_dss_pe674.oe674 (.const:ti_sysbios_utils_Load_windowInMs__C)
                  0081ac00    00000004     mmw_dss_pe674.oe674 (.const:xdc_runtime_Assert_E_assertFailed__C)
                  0081ac04    00000004     mmw_dss_pe674.oe674 (.const:xdc_runtime_Core_A_initializedParams__C)
                  0081ac08    00000004     mmw_dss_pe674.oe674 (.const:xdc_runtime_Core_Module__diagsEnabled__C)
                  0081ac0c    00000004     mmw_dss_pe674.oe674 (.const:xdc_runtime_Core_Module__diagsIncluded__C)
                  0081ac10    00000004     mmw_dss_pe674.oe674 (.const:xdc_runtime_Core_Module__diagsMask__C)
                  0081ac14    00000004     mmw_dss_pe674.oe674 (.const:xdc_runtime_Error_E_memory__C)
                  0081ac18    00000004     mmw_dss_pe674.oe674 (.const:xdc_runtime_Error_policyFxn__C)
                  0081ac1c    00000004     mmw_dss_pe674.oe674 (.const:xdc_runtime_Error_policy__C)
                  0081ac20    00000004     mmw_dss_pe674.oe674 (.const:xdc_runtime_Error_raiseHook__C)
                  0081ac24    00000004     mmw_dss_pe674.oe674 (.const:xdc_runtime_IFilterLogger_Interface__BASE__C)
                  0081ac28    00000004     mmw_dss_pe674.oe674 (.const:xdc_runtime_IGateProvider_Interface__BASE__C)
                  0081ac2c    00000004     mmw_dss_pe674.oe674 (.const:xdc_runtime_IHeap_Interface__BASE__C)
                  0081ac30    00000004     mmw_dss_pe674.oe674 (.const:xdc_runtime_ILogger_Interface__BASE__C)
[...]
00803bc0  xdc_runtime_System_Module_GateProxy_leave__E                 
00803be0  xdc_runtime_System_Module_startup__E                         
00803c00  xdc_runtime_Text_visitRope__I                                
00803f04  ti_sysbios_family_c62_TaskSupport_stackAlignment__C          
00803f08  xdc_runtime_Text_nodeTab__A                                  
00804000  gDPC_ObjDetL2Heap                                            
00810400  ti_sysbios_heaps_HeapMem_Instance_State_0_buf__A             
00818400  xdc_runtime_Text_charTab__A                                  
00819e5a  ti_sysbios_family_c64p_Cache_Module__id__C                   
0081a5a4  ti_sysbios_knl_Task_Object__PARAMS__C                        
0081a664  xdc_runtime_LoggerBuf_Module__FXNS__C                        
0081a6a0  gEdmaHwAttrs                                                 
0081a6d8  xdc_runtime_Startup_sfxnTab__A                               
0081a70c  ti_sysbios_family_c64p_Cache_E_invalidL1CacheSize__C         
0081a710  gDPMMessageFxnTable                                          
0081a738  ti_sysbios_heaps_HeapMem_Module__FXNS__C                     
0081a760  xdc_runtime_LoggerBuf_Object__PARAMS__C                      
0081a788  Mailbox_defaultCfg                                           
0081a7ac  ti_sysbios_gates_GateHwi_Module__FXNS__C                     
0081a7d0  ti_sysbios_gates_GateMutex_Module__FXNS__C                   
0081a7f4  ti_sysbios_heaps_HeapMem_Object__PARAMS__C                   
0081a818  ti_sysbios_knl_Semaphore_Object__PARAMS__C                   
0081a89c  ti_sysbios_gates_GateHwi_Object__DESC__C                     
0081a8bc  ti_sysbios_gates_GateMutex_Object__DESC__C                   
0081a8dc  ti_sysbios_heaps_HeapMem_Object__DESC__C                     
0081a8fc  ti_sysbios_knl_Queue_Object__DESC__C                         
0081a91c  ti_sysbios_knl_Semaphore_Object__DESC__C                     
0081a93c  ti_sysbios_knl_Task_Object__DESC__C                          
0081a95c  xdc_runtime_LoggerBuf_Object__DESC__C                        
0081a998  xdc_runtime_Startup_sfxnRts__A                               
0081a9b2  ti_sysbios_family_c64p_EventCombiner_Module__id__C           
0081a9b4  ti_sysbios_gates_GateHwi_Object__PARAMS__C                   
0081a9cc  ti_sysbios_gates_GateMutex_Object__PARAMS__C                 
0081a9e4  ti_sysbios_knl_Queue_Object__PARAMS__C                       
0081a9fc  ti_sysbios_family_c64p_Cache_E_invalidL2CacheSize__C         
0081aa00  ti_sysbios_knl_Task_hooks__A                                 
0081aa6c  ti_sysbios_family_c64p_Cache_MAR0_31__C                      
0081aa80  ti_sysbios_family_c64p_EventCombiner_EVTMASK__C              
0081aa90  ti_sysbios_knl_Idle_funcList__A                              
0081aa9c  ti_sysbios_knl_Idle_funcList__C                              
0081aaa4  ti_sysbios_knl_Task_hooks__C                                 
0081aaac  ti_sysbios_family_c64p_Cache_MAR128_159__C                   
0081aab0  xdc_runtime_Startup_firstFxns__A                             
0081aab8  xdc_runtime_Startup_firstFxns__C                             
0081aac0  xdc_runtime_Startup_lastFxns__C                              
0081aac8  ti_sysbios_family_c64p_Cache_MAR160_191__C                   
0081aacc  ti_sysbios_family_c64p_Cache_MAR192_223__C                   
0081aad0  ti_sysbios_family_c64p_Cache_MAR224_255__C                   
0081aad4  ti_sysbios_family_c64p_Cache_MAR32_63__C                     
0081aad8  ti_sysbios_family_c64p_Cache_MAR64_95__C                     
0081aadc  ti_sysbios_family_c64p_Cache_MAR96_127__C                    
0081aae0  ti_sysbios_family_c64p_EventCombiner_A_invalidEventId__C     
0081aae4  ti_sysbios_family_c64p_EventCombiner_EVTRegs__C              
0081aae8  ti_sysbios_family_c64p_EventCombiner_E_unpluggedEvent__C     
0081aaec  ti_sysbios_family_c64p_EventCombiner_Module__diagsEnabled__C 
0081aaf0  ti_sysbios_family_c64p_EventCombiner_Module__diagsIncluded__C
0081aaf4  ti_sysbios_family_c64p_EventCombiner_Module__diagsMask__C    
0081aaf8  ti_sysbios_family_c64p_Exception_E_exceptionMax__C           
0081aafc  ti_sysbios_family_c64p_Exception_exceptionHook__C            
0081ab00  ti_sysbios_family_c64p_Exception_externalHook__C             
0081ab04  ti_sysbios_family_c64p_Exception_internalHook__C             
0081ab08  ti_sysbios_family_c64p_Exception_nmiHook__C                  
0081ab0c  ti_sysbios_family_c64p_Hwi_INTRMUX1Address__C                
0081ab10  ti_sysbios_gates_GateMutex_A_badContext__C                   
0081ab14  ti_sysbios_gates_GateMutex_Instance_State_sem__O             
0081ab18  ti_sysbios_gates_GateMutex_Module__diagsEnabled__C           
0081ab1c  ti_sysbios_gates_GateMutex_Module__diagsIncluded__C          
0081ab20  ti_sysbios_gates_GateMutex_Module__diagsMask__C              
0081ab24  ti_sysbios_hal_Hwi_E_stackOverflow__C                        
0081ab28  ti_sysbios_heaps_HeapBuf_Instance_State_freeList__O          
0081ab2c  ti_sysbios_heaps_HeapBuf_Object__count__C                    
0081ab30  ti_sysbios_heaps_HeapBuf_numConstructedHeaps__C              
0081ab34  ti_sysbios_heaps_HeapMem_A_align__C                          
0081ab38  ti_sysbios_heaps_HeapMem_A_heapSize__C                       
0081ab3c  ti_sysbios_heaps_HeapMem_A_invalidFree__C                    
0081ab40  ti_sysbios_heaps_HeapMem_A_zeroBlock__C                      
0081ab44  ti_sysbios_heaps_HeapMem_E_memory__C                         
0081ab48  ti_sysbios_heaps_HeapMem_Module__diagsEnabled__C             
0081ab4c  ti_sysbios_heaps_HeapMem_Module__diagsIncluded__C            
0081ab50  ti_sysbios_heaps_HeapMem_Module__diagsMask__C                
0081ab54  ti_sysbios_heaps_HeapMem_Module__gateObj__C                  
0081ab58  ti_sysbios_heaps_HeapMem_Object__count__C                    
0081ab5c  ti_sysbios_heaps_HeapMem_reqAlign__C                         
0081ab60  ti_sysbios_knl_Clock_Module_State_clockQ__O                  
0081ab64  ti_sysbios_knl_Semaphore_A_badContext__C                     
0081ab68  ti_sysbios_knl_Semaphore_A_noEvents__C                       
0081ab6c  ti_sysbios_knl_Semaphore_A_overflow__C                       
0081ab70  ti_sysbios_knl_Semaphore_A_pendTaskDisabled__C               
0081ab74  ti_sysbios_knl_Semaphore_Instance_State_pendQ__O             
0081ab78  ti_sysbios_knl_Semaphore_Module__diagsEnabled__C             
0081ab7c  ti_sysbios_knl_Semaphore_Module__diagsIncluded__C            
0081ab80  ti_sysbios_knl_Semaphore_Module__diagsMask__C                
0081ab84  ti_sysbios_knl_Swi_Object__count__C                          
0081ab88  ti_sysbios_knl_Task_A_badPriority__C                         
0081ab8c  ti_sysbios_knl_Task_A_badTaskState__C                        
0081ab90  ti_sysbios_knl_Task_A_badThreadType__C                       
0081ab94  ti_sysbios_knl_Task_A_badTimeout__C                          
0081ab98  ti_sysbios_knl_Task_A_noPendElem__C                          
0081ab9c  ti_sysbios_knl_Task_A_sleepTaskDisabled__C                   
0081aba0  ti_sysbios_knl_Task_E_spOutOfBounds__C                       
0081aba4  ti_sysbios_knl_Task_E_stackOverflow__C                       
0081aba8  ti_sysbios_knl_Task_Module_State_inactiveQ__O                
0081abac  ti_sysbios_knl_Task_Module__diagsEnabled__C                  
0081abb0  ti_sysbios_knl_Task_Module__diagsIncluded__C                 
0081abb4  ti_sysbios_knl_Task_Module__diagsMask__C                     
0081abb8  ti_sysbios_knl_Task_Object__count__C                         
0081abbc  ti_sysbios_knl_Task_Object__heap__C                          
0081abc0  ti_sysbios_knl_Task_allBlockedFunc__C                        
0081abc4  ti_sysbios_knl_Task_defaultStackHeap__C                      
0081abc8  ti_sysbios_knl_Task_defaultStackSize__C                      
0081abcc  ti_sysbios_knl_Task_numConstructedTasks__C                   
0081abd0  ti_sysbios_timers_rti_Timer_E_cannotSupport__C               
0081abd4  ti_sysbios_timers_rti_Timer_Module__diagsEnabled__C          
0081abd8  ti_sysbios_timers_rti_Timer_Module__diagsIncluded__C         
0081abdc  ti_sysbios_timers_rti_Timer_Module__diagsMask__C             
0081abe0  ti_sysbios_timers_rti_Timer_numTimerDevices__C               
0081abe4  ti_sysbios_timers_rti_Timer_startupNeeded__C                 
0081abe8  ti_sysbios_utils_Load_Module_State_taskList__O               
0081abec  ti_sysbios_utils_Load_Module__diagsEnabled__C                
0081abf0  ti_sysbios_utils_Load_Module__diagsIncluded__C               
0081abf4  ti_sysbios_utils_Load_Module__diagsMask__C                   
0081abf8  ti_sysbios_utils_Load_postUpdate__C                          
0081abfc  ti_sysbios_utils_Load_windowInMs__C                          
0081ac00  xdc_runtime_Assert_E_assertFailed__C                         
0081ac04  xdc_runtime_Core_A_initializedParams__C                      
0081ac08  xdc_runtime_Core_Module__diagsEnabled__C                     
0081ac0c  xdc_runtime_Core_Module__diagsIncluded__C                    
0081ac10  xdc_runtime_Core_Module__diagsMask__C                        
0081ac14  xdc_runtime_Error_E_memory__C                                
0081ac18  xdc_runtime_Error_policyFxn__C                               
0081ac1c  xdc_runtime_Error_policy__C                                  
0081ac20  xdc_runtime_Error_raiseHook__C                               
0081ac24  xdc_runtime_IFilterLogger_Interface__BASE__C                 
0081ac28  xdc_runtime_IGateProvider_Interface__BASE__C                 
0081ac2c  xdc_runtime_IHeap_Interface__BASE__C                         
0081ac30  xdc_runtime_ILogger_Interface__BASE__C                       
0081ac34  xdc_runtime_IModule_Interface__BASE__C                       
0081ac38  xdc_runtime_LoggerBuf_E_badLevel__C                          
0081ac3c  xdc_runtime_LoggerBuf_Module__gateObj__C                     
0081ac40  xdc_runtime_LoggerBuf_Object__count__C                       
0081ac44  xdc_runtime_LoggerBuf_statusLogger__C                        
0081ac48  xdc_runtime_Memory_defaultHeapInstance__C                    
0081ac4c  xdc_runtime_Startup_execImpl__C                              
0081ac50  xdc_runtime_Startup_maxPasses__C                             
0081ac54  xdc_runtime_Startup_sfxnRts__C                               
0081ac58  xdc_runtime_Startup_sfxnTab__C                               
0081ac5c  xdc_runtime_System_Module__gateObj__C                        
0081ac60  xdc_runtime_System_abortFxn__C                               
0081ac64  xdc_runtime_System_exitFxn__C                                
0081ac68  xdc_runtime_System_extendFxn__C                              
0081ac6c  xdc_runtime_System_maxAtexitHandlers__C                      
0081ac70  xdc_runtime_Text_charTab__C                                  
0081ac74  xdc_runtime_Text_nameEmpty__C                                
0081ac78  xdc_runtime_Text_nameStatic__C                               
0081ac7c  xdc_runtime_Text_nameUnknown__C                              
0081ac80  xdc_runtime_Text_nodeTab__C                                  
0081ac84  xdc_runtime_Text_visitRopeFxn__C                             
0081ac88  ti_sysbios_family_c64p_Exception_Module__id__C               
0081ac8a  ti_sysbios_family_c64p_Exception_useInternalBuffer__C        
0081ac8c  ti_sysbios_gates_GateMutex_Module__id__C                     
0081ac8e  ti_sysbios_hal_Hwi_Module__id__C                             
0081ac90  ti_sysbios_heaps_HeapMem_Module__id__C                       
0081ac92  ti_sysbios_knl_Semaphore_Module__id__C                       
0081ac94  ti_sysbios_knl_Task_Module__id__C                            
0081ac96  ti_sysbios_timers_rti_Timer_Module__id__C                    
0081ac98  ti_sysbios_timers_rti_Timer_continueOnSuspend__C             
0081ac9a  ti_sysbios_utils_Load_Module__id__C                          
0081ac9c  ti_sysbios_utils_Load_autoAddTasks__C                        
0081ac9e  ti_sysbios_utils_Load_updateInIdle__C                        
0081aca0  xdc_runtime_Core_Module__id__C                               
0081aca2  xdc_runtime_Error_maxDepth__C                                
0081aca4  xdc_runtime_LoggerBuf_Module__id__C                          
0081aca6  xdc_runtime_LoggerBuf_filterByLevel__C                       
0081aca8  xdc_runtime_Main_Module__id__C                               
0081acaa  xdc_runtime_Memory_Module__id__C                             
0081acac  xdc_runtime_Text_charCnt__C                                  
0081acae  xdc_runtime_Text_isLoaded__C                                 
0081acb0  xdc_runtime_Text_registryModsLastId__C                       
0081acb2  xdc_runtime_Text_unnamedModsLastId__C                        
0081acb4  __TI_STATIC_BASE                                             
0081acb4  gObjDetObj                                                   
0081acb8  xdc_runtime_LoggerBuf_Instance_State_0_entryArr__A           
0081ccb0  ti_sysbios_knl_Task_Instance_State_0_stack__A                
0081cfd0  __TI_tmpnams                                                 
0081d110  gMmwDssMCB                                                   
0081d1e8  resultBuffer                                                 
0081d200  edmaDbg                                                      
0081d210  parmbuf                                                      
0081d218  ti_sysbios_knl_Task_Instance_State_0_hookEnv__A              
0081d220  ti_sysbios_family_c64p_EventCombiner_Module__state__V        
0081d620  _ftable                                                      
0081d800  _stream                                                      
0081d8a0  ti_sysbios_utils_Load_Module__state__V                       
0081d938  ti_sysbios_knl_Swi_Module_State_0_readyQ__A                  
0081d9b8  ti_sysbios_knl_Task_Module_State_0_readyQ__A                 
0081da38  _device                                                      
0081dab0  ti_sysbios_family_c64p_Hwi_Object__table__V                  
0081db28  ti_sysbios_family_c64p_Hwi_Module__state__V                  
0081db94  _lock                                                        
0081db98  ti_sysbios_knl_Task_Object__table__V                         
0081dbf4  gMailboxMCB                                                  
0081dc44  ti_sysbios_knl_Task_Module__state__V                         
0081dc8c  _unlock                                                      
0081dd10  SOC_TranslateAddr_LUT                                        
0081dd90  ti_sysbios_gates_GateMutex_Object__table__V                  
0081ddd0  ti_sysbios_timers_rti_Timer_Object__table__V                 
0081de0c  __TI_ft_end                                                  
0081de10  gHWAHwCfg                                                    
0081de40  ti_sysbios_family_c64p_Exception_Module__state__V            
0081de70  ti_sysbios_knl_Swi_Object__table__V                          
0081dea0  ti_sysbios_knl_Clock_Module__state__V                        
0081decc  gDPC_ObjectDetectionCfg                                      
0081def0  ti_sysbios_BIOS_Module__state__V                             
0081df14  __errno                                                      
0081df14  errno                                                        
0081df18  xdc_runtime_LoggerBuf_Object__table__V                       
0081df3c  ti_sysbios_family_c64p_Cache_Module__state__V                
0081df60  gSOCHwAttrib                                                 
0081df80  xdc_runtime_Error_IgnoreBlock                                
0081dfa0  xdc_runtime_System_Module_State_0_atexitHandlers__A          
0081dfc0  ti_sysbios_knl_Swi_Module__state__V                          
0081dfdc  ti_sysbios_heaps_HeapBuf_Module__state__V                    
0081dfe0  ti_sysbios_utils_Load_Module_State_0_taskEnv__A              
0081dffc  gMailboxDssBssHwCfg                                          
0081e014  gMailboxDssMssHwCfg                                          
0081e02c  xdc_runtime_Memory_Module__state__V                          
0081e030  ti_sysbios_heaps_HeapMem_Object__table__V                    
0081e048  ti_sysbios_timers_rti_Timer_Module_State_0_device__A         
0081e060  gDPMRemoteTable                                              
0081e074  xdc_runtime_Error_Module__state__V                           
0081e078  gHwaEDMAChanMapping                                          
0081e088  ti_sysbios_timers_rti_Timer_Module_State_0_intFreqs__A       
0081e098  ti_sysbios_timers_rti_Timer_Module__state__V                 
0081e0a8  __TI_cleanup_ptr                                             
0081e0ac  __TI_dtors_ptr                                               
0081e0b0  __TI_enable_exit_profile_output                              
0081e0b4  ti_sysbios_knl_Task_Module__root__V                          
0081e0c0  gDPMHwAttrib                                                 
0081e0c8  ti_sysbios_gates_GateHwi_Module__root__V                     
0081e0d0  ti_sysbios_gates_GateMutex_Module__root__V                   
0081e0d8  ti_sysbios_hal_Hwi_Object__table__V                          
0081e0e0  ti_sysbios_heaps_HeapMem_Module__root__V                     
0081e0e8  ti_sysbios_knl_Queue_Module__root__V                         
0081e0f0  ti_sysbios_knl_Semaphore_Module__root__V                     
0081e0f8  ti_sysbios_timers_rti_Timer_Module_State_0_handles__A        
0081e100  xdc_runtime_LoggerBuf_Module__root__V                        
0081e108  xdc_runtime_Registry_Module__state__V                        
0081e110  xdc_runtime_Startup_Module__state__V                         
0081e118  xdc_runtime_System_Module__state__V                          
0081e120  xdc_runtime_LoggerBuf_Module__state__V                       
0081e128  gHWADriverPtr                                                
0081e130  ti_sysbios_gates_GateHwi_Object__table__V                    
0081e138  ti_sysbios_knl_Task_Module_State_0_idleTask__A               
0081e140  ti_sysbios_utils_Load_Module_State_0_runningTask__A          
0081e148  ti_sysbios_utils_Load_Module_State_0_taskStartTime__A        
0081e150  _stack                                                       
0081e950  __CIOBUF_                                                    
0081e950  __TI_STACK_END                                               
0081eb2c  gAntennaSpacing                                              
0081eb34  gDPM                                                         
0081eb38  regionId                                                     
20000000  gMmwL3                                                       
21080000  gHSRAM                                                       
ffffffff  __TI_pprof_out_hndl                                          
ffffffff  __TI_prof_data_size                                          
ffffffff  __TI_prof_data_start                                         
ffffffff  __binit__                                                    
ffffffff  __c_args__                                                   
ffffffff  binit                                                        
UNDEFED   __TI_CINIT_Base                                              
UNDEFED   __TI_CINIT_Limit                                             
UNDEFED   __TI_Handler_Table_Base                                      
UNDEFED   __TI_Handler_Table_Limit                                     
UNDEFED   __TI_INITARRAY_Base                                          
UNDEFED   __TI_INITARRAY_Limit                                         
UNDEFED   __TI_TLS_INIT_Base                                           
UNDEFED   __TI_TLS_INIT_Limit                                          

[824 symbols]
