******************************************************************************
               TMS320C6x Linker PC v8.3.3                      
******************************************************************************
>> Linked Wed Nov 15 15:55:30 2023

OUTPUT FILE NAME:   <out_of_box_1843_dss_isk.xe674>
ENTRY POINT SYMBOL: "_c_int00"  address: 007ffbe0


MEMORY CONFIGURATION

         name            origin    length      used     unused   attr    fill
----------------------  --------  ---------  --------  --------  ----  --------
PAGE 0:
  L2SRAM_UMAP1          007e0000   00020000  00020000  00000000  RWIX
  L2SRAM_UMAP0          00800000   00020000  0001fc40  000003c0  RWIX
  L1PSRAM               00e00000   00004000  00000000  00004000  RWIX
  L1DSRAM               00f00000   00004000  00000000  00004000  RWIX
  L3SRAM                20000000   000c0000  000c0000  00000000  RWIX
  HWA_RAM               21030000   00010000  00000000  00010000  RWIX
  HSRAM                 21080000   00008000  00008000  00000000  RWIX

PAGE 1:
  L3SRAM                20000000   000c0000  00000000  000c0000  RWIX


SEGMENT ALLOCATION MAP

run origin  load origin   length   init length attrs members
----------  ----------- ---------- ----------- ----- -------
007e0000    007e0000    00026000   00026000    r-x
  007e0000    007e0000    00000200   00000200    r-x .vecs
  007e0200    007e0200    0001fe00   0001fe00    r-x .text.1
  00800000    00800000    00005340   00005340    r-x .text.2
  00805340    00805340    00000cc0   00000cc0    r-- .const.1
00806000    00806000    00013c00   00000000    rw-
  00806000    00806000    0000c400   00000000    rw- .dpc_l2Heap
  00812400    00812400    00007800   00000000    rw- systemHeap
00819c00    00819c00    000020a0   000020a0    r--
  00819c00    00819c00    000020a0   000020a0    r-- .const.2
0081bca0    0081bca0    00002568   00000000    rw-
  0081bca0    0081bca0    00002564   00000000    rw- .far
  0081e204    0081e204    00000004   00000000    rw- .bss
0081e208    0081e208    00001970   0000104c    rw-
  0081e208    0081e208    0000104c   0000104c    rw- .fardata
  0081f258    0081f258    00000800   00000000    rw- .stack
  0081fa58    0081fa58    00000120   00000000    rw- .cio
0081fb78    0081fb78    000000bc   000000bc    r--
  0081fb78    0081fb78    000000bc   000000bc    r-- .switch
0081fc34    0081fc34    00000010   00000010    rw-
  0081fc34    0081fc34    00000010   00000010    rw- .neardata
20000000    20000000    000c0000   00000000    rw-
  20000000    20000000    000c0000   00000000    rw- .l3ram
21080000    21080000    00008000   00000000    rw-
  21080000    21080000    00008000   00000000    rw- .demoSharedMem


SECTION ALLOCATION MAP

 output                                  attributes/
section   page    origin      length       input sections
--------  ----  ----------  ----------   ----------------
.vecs      0    007e0000    00000200     
                  007e0000    00000200     mmw_dss_pe674.oe674 (.vecs)

.text.1    0    007e0200    0001fe00     
                  007e0200    00000ba0     sysbios.ae674 : BIOS.obj (.text:xdc_runtime_System_doPrint__I)
                  007e0da0    00000b40     libdopplerproc_hwa_xwr18xx.ae674 : dopplerprochwa.oe674 (.text:DPU_DopplerProcHWA_config)
                  007e18e0    00000aa0     libhwa_xwr18xx.ae674 : hwa.oe674 (.text:HWA_configParamSet)
                  007e2380    000009e0     librangeproc_hwa_xwr18xx.ae674 : rangeprochwa.oe674 (.text:DPU_RangeProcHWA_process)
                  007e2d60    00000860     objectdetection.oe674 (.text:DPC_ObjectDetection_ioctl)
                  007e35c0    00000840     rts6740_elf.lib : pow.c.obj (.text:pow)
                  007e3e00    00000800     librangeproc_hwa_xwr18xx.ae674 : rangeprochwa.oe674 (.text:DPU_RangeProcHWA_config)
                  007e4600    00000780     sysbios.ae674 : BIOS.obj (.text:ti_sysbios_family_c64p_Exception_handler__I)
                  007e4d80    00000740     objectdetection.oe674 (.text:DPC_ObjDet_rangeBiasRxChPhaseMeasure)
                  007e54c0    00000720     libaoaproc_hwa_xwr18xx.ae674 : aoaprochwa.oe674 (.text:AoAProcHWA_config_EDMA)
                  007e5be0    00000700                                  : aoaprochwa.oe674 (.text:HWAutil_configHWA_extendedVelocityScheme)
                  007e62e0    000006a0     sysbios.ae674 : BIOS.obj (.text:ti_sysbios_knl_Semaphore_pend__E)
                  007e6980    00000680                   : BIOS.obj (.text:ti_sysbios_heaps_HeapMem_allocUnprotected__E)
                  007e7000    00000660                   : BIOS.obj (.text:ti_sysbios_heaps_HeapMem_freeUnprotected__E)
                  007e7660    00000600     libaoaproc_hwa_xwr18xx.ae674 : aoaprochwa.oe674 (.text:DPU_AoAProcHWA_process)
                  007e7c60    000005e0     rts6740_elf.lib : divd.c.obj (.text:__c6xabi_divd)
                  007e8240    000005a0     sysbios.ae674 : BIOS.obj (.text:ti_sysbios_knl_Task_Instance_finalize__E)
                  007e87e0    00000520     objectdetection.oe674 (.text:DPC_ObjDet_AoAconfig)
                  007e8d00    000004e0     objectdetection.oe674 (.text:DPC_ObjectDetection_execute)
                  007e91e0    000004c0     librangeproc_hwa_xwr18xx.ae674 : rangeprochwa.oe674 (.text:rangeProcHWA_ConfigEDMA_DataOut_nonInterleave)
                  007e96a0    00000480     dss_main.oe674 (.text:MmwDemo_DPC_ObjectDetection_dpmTask)
                  007e9b20    00000460     libhwa_xwr18xx.ae674 : hwa.oe674 (.text:HWA_configCommon)
                  007e9f80    00000440     sysbios.ae674 : BIOS.obj (.text:ti_sysbios_knl_Task_Instance_init__E)
                  007ea3c0    00000420     libmailbox_xwr18xx.ae674 : mailbox.oe674 (.text:Mailbox_open)
                  007ea7e0    00000400     objectdetection.oe674 (.text:DPC_ObjDet_preStartConfig)
                  007eabe0    000003e0     libaoaproc_hwa_xwr18xx.ae674 : aoaprochwa.oe674 (.text:DPU_AoAProcHWA_config)
                  007eafc0    000003e0     sysbios.ae674 : BIOS.obj (.text:ti_sysbios_knl_Task_sleep__E)
                  007eb3a0    000003e0                   : BIOS.obj (.text:ti_sysbios_utils_Load_updateThreadContexts__E)
                  007eb780    000003c0     libaoaproc_hwa_xwr18xx.ae674 : aoaprochwa.oe674 (.text:AoAProcHWA_angleEstimationAzimElev)
                  007ebb40    000003a0     libedma_xwr18xx.ae674 : edma.oe674 (.text:EDMA_paramConfig_assist)
                  007ebee0    000003a0     librangeproc_hwa_xwr18xx.ae674 : rangeprochwa.oe674 (.text:rangeProcHWA_ConfigHWA)
                  007ec280    00000360     objectdetection.oe674 (.text:DPC_ObjDet_rangeConfig)
                  007ec5e0    00000360     libdpm_xwr18xx.ae674 : dpm_core.oe674 (.text:DPM_init)
                  007ec940    00000360                          : dpm_msg.oe674 (.text:DPM_msgRecv)
                  007ecca0    00000340     libstaticclutterproc_xwr18xx.ae674 : staticclutterproc.oe674 (.text:DPU_StaticClutterProc_process)
                  007ecfe0    00000320     libedma_xwr18xx.ae674 : edma.oe674 (.text:EDMA_configChannel)
                  007ed300    00000320     rts6740_elf.lib : cos.c.obj (.text:cos)
                  007ed620    00000320                     : fputs.c.obj (.text:fputs)
                  007ed940    00000300     libaoaproc_hwa_xwr18xx.ae674 : aoaprochwa.oe674 (.text:HWAutil_configHWA_azimuthHeatMap)
                  007edc40    00000300     sysbios.ae674 : BIOS.obj (.text:xdc_runtime_LoggerBuf_write8__E)
                  007edf40    000002e0     libaoaproc_hwa_xwr18xx.ae674 : aoaprochwa.oe674 (.text:AoAProcHWA_XYZestimation)
                  007ee220    000002e0     rts6740_elf.lib : sin.c.obj (.text:sin)
                  007ee500    000002e0     sysbios.ae674 : BIOS.obj (.text:ti_sysbios_heaps_HeapMem_Instance_init__E)
                  007ee7e0    000002e0                   : BIOS.obj (.text:xdc_runtime_Core_createObject__I)
                  007eeac0    000002c0     objectdetection.oe674 (.text:DPC_ObjDet_dopplerConfig)
                  007eed80    000002c0     libedma_xwr18xx.ae674 : edma.oe674 (.text:EDMA_configErrorMonitoring)
                  007ef040    000002c0                           : edma.oe674 (.text:EDMA_open)
                  007ef300    000002c0     sysbios.ae674 : BIOS.obj (.text:ti_sysbios_knl_Task_postInit__I)
                  007ef5c0    000002c0                   : BIOS.obj (.text:ti_sysbios_timers_rti_Timer_Module_startup__E)
                  007ef880    000002a0     objectdetection.oe674 (.text:DPC_ObjectDetection_init)
                  007efb20    000002a0     libcfarcaproc_hwa_xwr18xx.ae674 : cfarcaprochwa.oe674 (.text:DPU_CFARCAProcHWA_process)
                  007efdc0    000002a0     libhwa_xwr18xx.ae674 : hwa.oe674 (.text:HWA_open)
                  007f0060    000002a0     sysbios.ae674 : BIOS.obj (.text:ti_sysbios_family_c64p_EventCombiner_dispatch__E)
                  007f0300    000002a0                   : BIOS.obj (.text:ti_sysbios_timers_rti_Timer_getFreq__E)
                  007f05a0    00000280     libaoaproc_hwa_xwr18xx.ae674 : aoaprochwa.oe674 (.text:AoAProcHWA_PrepareRangeAzimuthHeatmap)
                  007f0820    00000280     rts6740_elf.lib : divf.c.obj (.text:__c6xabi_divf)
                  007f0aa0    00000280     sysbios.ae674 : BIOS.obj (.text:ti_sysbios_family_c64p_Cache_Module_startup__E)
                  007f0d20    00000280                   : BIOS.obj (.text:xdc_runtime_Startup_startMods__I)
                  007f0fa0    00000260     libaoaproc_hwa_xwr18xx.ae674 : aoaprochwa.oe674 (.text:AoAProcHWA_config_azimuthHeatMap_EDMA)
                  007f1200    00000260     rts6740_elf.lib : imath64.c.obj (.text:__c6xabi_divull)
                  007f1460    00000260     sysbios.ae674 : BIOS.obj (.text:ti_sysbios_gates_GateMutex_enter__E)
                  007f16c0    00000240     objectdetection.oe674 (.text:DPC_ObjDet_CFARCAconfig)
                  007f1900    00000240     libedma_xwr18xx.ae674 : edma.oe674 (.text:EDMA_transferComplete_isr)
                  007f1b40    00000240     dss_main.oe674 (.text:MmwDemo_dssInitTask)
                  007f1d80    00000240     sysbios.ae674 : BIOS.obj (.text:ti_sysbios_family_c64p_Exception_internalHandler__I)
                  007f1fc0    00000240                   : BIOS.obj (.text:xdc_runtime_Error_policyDefault__E)
                  007f2200    00000240     mmw_dss_pe674.oe674 (.text:xdc_runtime_System_printfExtend__I)
                  007f2440    00000220     libcfarcaproc_hwa_xwr18xx.ae674 : cfarcaprochwa.oe674 (.text:DPU_CFARCAProcHWA_config)
                  007f2660    00000220     libmailbox_xwr18xx.ae674 : mailbox.oe674 (.text:Mailbox_write)
                  007f2880    00000220     libaoaproc_hwa_xwr18xx.ae674 : aoaprochwa.oe674 (.text:aoaHwa_dopplerCompensation)
                  007f2aa0    00000220     sysbios.ae674 : BIOS.obj (.text:ti_sysbios_family_c64p_EventCombiner_dispatchPlug__E)
                  007f2cc0    00000220                   : BIOS.obj (.text:ti_sysbios_family_c64p_EventCombiner_enableEvent__E)
                  007f2ee0    00000220                   : BIOS.obj (.text:xdc_runtime_LoggerBuf_write4__E)
                  007f3100    00000200     libdpm_xwr18xx.ae674 : dpm_msg.oe674 (.text:DPM_msgResultHandler)
                  007f3300    00000200     libaoaproc_hwa_xwr18xx.ae674 : aoaprochwa.oe674 (.text:DPU_AoAProcHWA_init)
                  007f3500    00000200     sysbios.ae674 : c64p_Hwi_disp_always.obj (.text:_ti_sysbios_family_c64p_Hwi_dispatchAlways)
                  007f3700    00000200     rts6740_elf.lib : atan.c.obj (.text:atan)
                  007f3900    00000200     libmathutils.ae674 : mathutils.oe674 (.text:mathUtils_genWindow)
                  007f3b00    00000200     sysbios.ae674 : BIOS.obj (.text:ti_sysbios_family_c64p_EventCombiner_disableEvent__E)
                  007f3d00    00000200                   : BIOS.obj (.text:ti_sysbios_utils_Load_idleFxn__E)
                  007f3f00    00000200                   : BIOS.obj (.text:xdc_runtime_Core_constructObject__I)
                  007f4100    000001e0     libedma_xwr18xx.ae674 : edma.oe674 (.text:EDMA_init)
                  007f42e0    000001e0     sysbios.ae674 : BIOS.obj (.text:ti_sysbios_knl_Semaphore_post__E)
                  007f44c0    000001c0     libdpedma_hwa_xwr18xx.ae674 : dpedma.oe674 (.text:DPEDMA_configSyncAB)
                  007f4680    000001c0                                 : dpedma.oe674 (.text:DPEDMA_configSyncA_singleFrame)
                  007f4840    000001c0     librangeproc_hwa_xwr18xx.ae674 : rangeprochwa.oe674 (.text:DPU_RangeProcHWA_control)
                  007f4a00    000001c0     libstaticclutterproc_xwr18xx.ae674 : staticclutterproc.oe674 (.text:DPU_StaticClutterProc_configEdma)
                  007f4bc0    000001c0     libcfarcaproc_hwa_xwr18xx.ae674 : cfarcaprochwa.oe674 (.text:HWAutil_configCFAR)
                  007f4d80    000001c0     libmailbox_xwr18xx.ae674 : mailbox.oe674 (.text:Mailbox_read)
                  007f4f40    000001c0     libsoc_xwr18xx.ae674 : soc.oe674 (.text:SOC_deregisterSysIntListener)
                  007f5100    000001c0     rts6740_elf.lib : atan2.c.obj (.text:atan2)
                  007f52c0    000001c0                     : fputc.c.obj (.text:fputc)
                  007f5480    000001c0                     : frexp.c.obj (.text:frexp)
                  007f5640    000001c0     librangeproc_hwa_xwr18xx.ae674 : rangeprochwa.oe674 (.text:rangeProcHWA_ConfigEDMADummyThreeLinks)
                  007f5800    000001c0     rts6740_elf.lib : setvbuf.c.obj (.text:setvbuf)
                  007f59c0    000001c0     sysbios.ae674 : BIOS.obj (.text:ti_sysbios_knl_Swi_restoreHwi__E)
                  007f5b80    000001c0                   : BIOS.obj (.text:ti_sysbios_knl_Task_checkStacks__E)
                  007f5d40    000001c0                   : BIOS.obj (.text:xdc_runtime_Text_putSite__E)
                  007f5f00    000001a0     libcfarcaproc_hwa_xwr18xx.ae674 : cfarcaprochwa.oe674 (.text:CFARHWA_cfarRange_AND_cfarDoppler)
                  007f60a0    000001a0                                     : cfarcaprochwa.oe674 (.text:DPU_CFARCAProcHWA_control)
                  007f6240    000001a0     libdopplerproc_hwa_xwr18xx.ae674 : dopplerprochwa.oe674 (.text:DPU_DopplerProcHWA_init)
                  007f63e0    000001a0                                      : dopplerprochwa.oe674 (.text:DPU_DopplerProcHWA_process)
                  007f6580    000001a0     librangeproc_hwa_xwr18xx.ae674 : rangeprochwa.oe674 (.text:DPU_RangeProcHWA_init)
                  007f6720    000001a0     rts6740_elf.lib : hostrename.c.obj (.text:HOSTrename)
                  007f68c0    000001a0     dbscan.oe674 (.text:expand)
                  007f6a60    000001a0     sysbios.ae674 : BIOS.obj (.text:ti_sysbios_family_c64p_Cache_getL2InitSize__I)
                  007f6c00    000001a0                   : BIOS.obj (.text:ti_sysbios_heaps_HeapBuf_Module_startup__E)
                  007f6da0    000001a0                   : BIOS.obj (.text:ti_sysbios_knl_Swi_runLoop__I)
                  007f6f40    000001a0                   : BIOS.obj (.text:ti_sysbios_knl_Task_exit__E)
                  007f70e0    000001a0                   : BIOS.obj (.text:ti_sysbios_timers_rti_Timer_startup__E)
                  007f7280    00000180     libdpm_xwr18xx.ae674 : dpm_core.oe674 (.text:DPM_deinit)
                  007f7400    00000180                          : dpm_core.oe674 (.text:DPM_ioctl)
                  007f7580    00000180     libaoaproc_hwa_xwr18xx.ae674 : aoaprochwa.oe674 (.text:DPU_AoAProcHWA_control)
                  007f7700    00000180     libhwa_xwr18xx.ae674 : hwa.oe674 (.text:HWA_enableParamSetInterrupt)
                  007f7880    00000180     dss_main.oe674 (.text:MmwDemo_sensorStopEpilog)
                  007f7a00    00000180     rts6740_elf.lib : ldexp.c.obj (.text:ldexp)
                  007f7b80    00000180     sysbios.ae674 : c64p_Exception_asm.obj (.text)
                  007f7d00    00000180                   : BIOS.obj (.text:ti_sysbios_knl_Task_schedule__I)
                  007f7e80    00000180                   : BIOS.obj (.text:ti_sysbios_utils_Load_startup__E)
                  007f8000    00000160     objectdetection.oe674 (.text:DPC_ObjDet_staticClutterConfig)
                  007f8160    00000160     libdpm_xwr18xx.ae674 : dpm_msg.oe674 (.text:DPM_msgResponseHandler)
                  007f82c0    00000160     libedma_xwr18xx.ae674 : edma.oe674 (.text:EDMA_getErrorStatusInfo)
                  007f8420    00000160     libhwa_xwr18xx.ae674 : hwa.oe674 (.text:HWA_paramDoneISR)
                  007f8580    00000160     libmailbox_xwr18xx.ae674 : mailbox.oe674 (.text:Mailbox_close)
                  007f86e0    00000160     libsoc_xwr18xx.ae674 : soc.oe674 (.text:SOC_registerSysIntListener)
                  007f8840    00000160     rts6740_elf.lib : sqrt.c.obj (.text:sqrt)
                  007f89a0    00000160     sysbios.ae674 : BIOS.obj (.text:ti_sysbios_family_c64p_Cache_getL1DInitSize__I)
                  007f8b00    00000160                   : BIOS.obj (.text:ti_sysbios_family_c64p_Cache_getL1PInitSize__I)
                  007f8c60    00000160                   : BIOS.obj (.text:ti_sysbios_family_c64p_Hwi_Module_startup__E)
                  007f8dc0    00000160                   : BIOS.obj (.text:xdc_runtime_Core_deleteObject__I)
                  007f8f20    00000160                   : BIOS.obj (.text:xdc_runtime_LoggerBuf_getFilterLevel__E)
                  007f9080    00000160                   : BIOS.obj (.text:xdc_runtime_LoggerBuf_setFilterLevel__E)
                  007f91e0    00000140     libaoaproc_hwa_xwr18xx.ae674 : aoaprochwa.oe674 (.text:AoAProcHWA_ConvertFov)
                  007f9320    00000140     libdpedma_hwa_xwr18xx.ae674 : dpedmahwa.oe674 (.text:DPEDMAHWA_configTwoHotSignature)
                  007f9460    00000140     libedma_xwr18xx.ae674 : edma_low_level.oe674 (.text:EDMA3Init)
                  007f95a0    00000140                           : edma.oe674 (.text:EDMA_clearErrors)
                  007f96e0    00000140                           : edma.oe674 (.text:EDMA_startTransfer)
                  007f9820    00000140     libhwa_xwr18xx.ae674 : hwa.oe674 (.text:HWA_configRam)
                  007f9960    00000140     libsoc_xwr18xx.ae674 : soc.oe674 (.text:SOC_init)
                  007f9aa0    00000140     dbscan.oe674 (.text:get_epsilon_neighbours)
                  007f9be0    00000140     rts6740_elf.lib : perror.c.obj (.text:perror)
                  007f9d20    00000140     librangeproc_hwa_xwr18xx.ae674 : rangeprochwa.oe674 (.text:rangeProcHWA_ConfigEDMA_DataIn)
                  007f9e60    00000140     sysbios.ae674 : BIOS.obj (.text:ti_sysbios_knl_Semaphore_Instance_init__E)
                  007f9fa0    00000140                   : BIOS.obj (.text:ti_sysbios_knl_Task_Module_startup__E)
                  007fa0e0    00000140                   : BIOS.obj (.text:ti_sysbios_knl_Task_startCore__E)
                  007fa220    00000140                   : BIOS.obj (.text:ti_sysbios_timers_rti_Timer_initDevice__I)
                  007fa360    00000140                   : BIOS.obj (.text:ti_sysbios_utils_Load_addTask__E)
                  007fa4a0    00000140                   : BIOS.obj (.text:ti_sysbios_utils_Load_updateLoads__E)
                  007fa5e0    00000140                   : BIOS.obj (.text:xdc_runtime_Memory_alloc__E)
                  007fa720    00000140                   : BIOS.obj (.text:xdc_runtime_Text_putLab__E)
                  007fa860    00000140                   : BIOS.obj (.text:xdc_runtime_Text_putMod__E)
                  007fa9a0    00000140                   : BIOS.obj (.text:xdc_runtime_Text_visitRope2__I)
                  007faae0    00000120     objectdetection.oe674 (.text:DPC_ObjDet_GetRxChPhaseComp)
                  007fac00    00000120     objectdetection.oe674 (.text:DPC_ObjDet_reconfigSubFrame)
                  007fad20    00000120     libdpedma_hwa_xwr18xx.ae674 : dpedmahwa.oe674 (.text:DPEDMAHWA_configOneHotSignature)
                  007fae40    00000120     libdpm_xwr18xx.ae674 : dpm_msg.oe674 (.text:DPM_msgDPCCfgHandler)
                  007faf60    00000120     libedma_xwr18xx.ae674 : edma.oe674 (.text:EDMA_configParamSet)
                  007fb080    00000120     boot.ae674 : autoinit.oe674 (.text:_auto_init_elf)
                  007fb1a0    00000120     rts6740_elf.lib : getdevice.c.obj (.text:getdevice)
                  007fb2c0    00000120     dbscan.oe674 (.text:spread)
                  007fb3e0    00000120     sysbios.ae674 : BIOS.obj (.text:ti_sysbios_knl_Clock_workFunc__E)
                  007fb500    00000120                   : BIOS.obj (.text:ti_sysbios_timers_rti_Timer_setPeriodMicroSecs__E)
                  007fb620    00000120                   : BIOS.obj (.text:ti_sysbios_utils_Load_taskCreateHook__E)
                  007fb740    00000120                   : BIOS.obj (.text:ti_sysbios_utils_Load_taskDeleteHook__E)
                  007fb860    00000100     libaoaproc_hwa_xwr18xx.ae674 : aoaprochwa.oe674 (.text:AoAProcHWA_cfgAndTrigger_EDMA_2DFFT)
                  007fb960    00000100     libcfarcaproc_hwa_xwr18xx.ae674 : cfarcaprochwa.oe674 (.text:DPU_CFARCAProcHWA_init)
                  007fba60    00000100     libstaticclutterproc_xwr18xx.ae674 : staticclutterproc.oe674 (.text:DPU_StaticClutterProc_config)
                  007fbb60    00000100     libhwa_xwr18xx.ae674 : hwa.oe674 (.text:HWA_disableParamSetInterrupt)
                  007fbc60    00000100     libmailbox_xwr18xx.ae674 : mailbox.oe674 (.text:Mailbox_readFlush)
                  007fbd60    00000100     libsoc_xwr18xx.ae674 : soc_xwr18xx_dss.oe674 (.text:SOC_deviceInit)
                  007fbe60    00000100                          : soc_xwr18xx.oe674 (.text:SOC_translateAddress)
                  007fbf60    00000100     rts6740_elf.lib : fclose.c.obj (.text:__TI_closefile)
                  007fc060    00000100                     : fflush.c.obj (.text:fflush)
                  007fc160    00000100                     : fseek.c.obj (.text:fseek)
                  007fc260    00000100     dss_main.oe674 (.text:main)
                  007fc360    00000100     sysbios.ae674 : BIOS.obj (.text:xdc_runtime_Error_print__E)
                  007fc460    00000100                   : BIOS.obj (.text:xdc_runtime_Startup_exec__E)
                  007fc560    000000e0     objectdetection.oe674 (.text:DPC_ObjectDetection_deinit)
                  007fc640    000000e0     libdpm_xwr18xx.ae674 : dpm_core.oe674 (.text:DPM_execute)
                  007fc720    000000e0                          : dpm_pipe.oe674 (.text:DPM_pipeSend)
                  007fc800    000000e0     libedma_xwr18xx.ae674 : edma.oe674 (.text:EDMA_error_isr)
                  007fc8e0    000000e0                           : edma.oe674 (.text:EDMA_isTransferComplete)
                  007fc9c0    000000e0     rts6740_elf.lib : hostlseek.c.obj (.text:HOSTlseek)
                  007fcaa0    000000e0                     : hostopen.c.obj (.text:HOSTopen)
                  007fcb80    000000e0                     : hostwrite.c.obj (.text:HOSTwrite)
                  007fcc60    000000e0     libmailbox_xwr18xx.ae674 : mailbox.oe674 (.text:Mailbox_boxFullISRMssDss)
                  007fcd40    000000e0                              : mailbox.oe674 (.text:Mailbox_init)
                  007fce20    000000e0     dss_main.oe674 (.text:MmwDemo_DPC_ObjectDetection_reportFxn)
                  007fcf00    000000e0     rts6740_elf.lib : _io_perm.c.obj (.text:__TI_wrt_ok)
                  007fcfe0    000000e0                     : divi.asm.obj (.text:__divi)
                  007fd0c0    000000e0                     : close.c.obj (.text:close)
                  007fd1a0    000000e0                     : exit.c.obj (.text:exit)
                  007fd280    000000e0                     : memset.c.obj (.text:memset)
                  007fd360    000000e0     sysbios.ae674 : BIOS.obj (.text:ti_sysbios_utils_Load_updateCurrentThreadTime__E)
                  007fd440    000000c0     libcfarcaproc_hwa_xwr18xx.ae674 : cfarcaprochwa.oe674 (.text:CFARCAHWA_config_EDMA)
                  007fd500    000000c0                                     : cfarcaprochwa.oe674 (.text:CFARHWA_prepareHwaRunTime)
                  007fd5c0    000000c0     objectdetection.oe674 (.text:DPC_ObjectDetection_frameStart)
                  007fd680    000000c0     libdpm_xwr18xx.ae674 : dpm_mailbox.oe674 (.text:DPM_mboxRemoteMailboxCallbackFxn)
                  007fd740    000000c0                          : dpm_core.oe674 (.text:DPM_sendResult)
                  007fd800    000000c0     libedma_xwr18xx.ae674 : edma.oe674 (.text:EDMA_startDmaTransfer)
                  007fd8c0    000000c0     rts6740_elf.lib : hostread.c.obj (.text:HOSTread)
                  007fd980    000000c0                     : hostunlink.c.obj (.text:HOSTunlink)
                  007fda40    000000c0     libhwa_xwr18xx.ae674 : hwa.oe674 (.text:HWA_getDMAChanIndex)
                  007fdb00    000000c0                          : hwa.oe674 (.text:HWA_getDMAconfig)
                  007fdbc0    000000c0                          : hwa.oe674 (.text:HWA_getDriverAccess)
                  007fdc80    000000c0                          : hwa.oe674 (.text:HWA_getHWAMemInfo)
                  007fdd40    000000c0     libmailbox_xwr18xx.ae674 : mailbox.oe674 (.text:Mailbox_boxFullISRProcessing)
                  007fde00    000000c0     data_path.oe674 (.text:MmwDemo_edmaOpen)
                  007fdec0    000000c0     objectdetection.oe674 (.text:_DPC_Objdet_Assert)
                  007fdf80    000000c0     rts6740_elf.lib : fflush.c.obj (.text:__TI_doflush)
                  007fe040    000000c0                     : divu.asm.obj (.text:__divu)
                  007fe100    000000c0     dbscan.oe674 (.text:euclidean_dist)
                  007fe1c0    000000c0     rts6740_elf.lib : modf.c.obj (.text:modf)
                  007fe280    000000c0     librangeproc_hwa_xwr18xx.ae674 : rangeprochwa.oe674 (.text:rangeProcHWA_ConfigHWACommon)
                  007fe340    000000c0     sysbios.ae674 : BIOS.obj (.text:ti_sysbios_family_c64p_Hwi_dispatchCore__I)
                  007fe400    000000c0                   : BIOS.obj (.text:ti_sysbios_heaps_HeapMem_alloc__E)
                  007fe4c0    000000c0                   : BIOS.obj (.text:ti_sysbios_heaps_HeapMem_getStats__E)
                  007fe580    000000c0                   : BIOS.obj (.text:ti_sysbios_knl_Swi_schedule__I)
                  007fe640    000000c0                   : BIOS.obj (.text:ti_sysbios_knl_Task_allBlockedFunction__I)
                  007fe700    000000c0     mmw_dss_pe674.oe674 (.text:ti_sysbios_knl_Task_create)
                  007fe7c0    000000c0     sysbios.ae674 : BIOS.obj (.text:ti_sysbios_knl_Task_stat__E)
                  007fe880    000000c0                   : BIOS.obj (.text:ti_sysbios_utils_Load_taskSwitchHook__E)
                  007fe940    000000c0     rts6740_elf.lib : tls.c.obj (.text:tls:init:__TI_tls_init)
                  007fea00    000000c0     sysbios.ae674 : BIOS.obj (.text:xdc_runtime_Assert_raise__I)
                  007feac0    000000c0                   : BIOS.obj (.text:xdc_runtime_LoggerBuf_Instance_init__E)
                  007feb80    000000c0     mmw_dss_pe674.oe674 (.text:xdc_runtime_LoggerBuf_Object__create__S)
                  007fec40    000000a0     libcfarcaproc_hwa_xwr18xx.ae674 : cfarcaprochwa.oe674 (.text:CFARHWA_fovConvertDoppler)
                  007fece0    000000a0                                     : cfarcaprochwa.oe674 (.text:CFARHWA_saveConfiguration)
                  007fed80    000000a0     objectdetection.oe674 (.text:DPC_ObjectDetection_start)
                  007fee20    000000a0     libdpedma_hwa_xwr18xx.ae674 : dpedma.oe674 (.text:DPEDMA_setup_shadow_link)
                  007feec0    000000a0     libdpm_xwr18xx.ae674 : dpm_mailbox.oe674 (.text:DPM_mboxInit)
                  007fef60    000000a0                          : dpm_msg.oe674 (.text:DPM_msgStartHandler)
                  007ff000    000000a0                          : dpm_msg.oe674 (.text:DPM_msgStopHandler)
                  007ff0a0    000000a0                          : dpm_core.oe674 (.text:DPM_notifyExecute)
                  007ff140    000000a0                          : dpm_pipe.oe674 (.text:DPM_pipeRecv)
                  007ff1e0    000000a0     libedma_xwr18xx.ae674 : edma_low_level.oe674 (.text:EDMA3EnableChInShadowReg)
                  007ff280    000000a0                           : edma.oe674 (.text:EDMA_disableChannel)
                  007ff320    000000a0                           : edma.oe674 (.text:EDMA_enableChannel)
                  007ff3c0    000000a0                           : edma.oe674 (.text:EDMA_transferController_error_isr)
                  007ff460    000000a0     rts6740_elf.lib : hostclose.c.obj (.text:HOSTclose)
                  007ff500    000000a0     libhwa_xwr18xx.ae674 : hwa.oe674 (.text:HWA_deleteInstance)
                  007ff5a0    000000a0                          : hwa.oe674 (.text:HWA_disableDoneInterrupt)
                  007ff640    000000a0                          : hwa.oe674 (.text:HWA_enable)
                  007ff6e0    000000a0                          : hwa.oe674 (.text:HWA_enableDoneInterrupt)
                  007ff780    000000a0                          : hwa.oe674 (.text:HWA_readCFARPeakCountReg)
                  007ff820    000000a0     libmailbox_xwr18xx.ae674 : mailbox.oe674 (.text:Mailbox_boxEmptyISRProcessing)
                  007ff8c0    000000a0     libsoc_xwr18xx.ae674 : soc.oe674 (.text:SOC_SystemISR)
                  007ff960    000000a0     rts6740_elf.lib : fopen.c.obj (.text:__TI_cleanup)
                  007ffa00    000000a0                     : fixfu.c.obj (.text:__c6xabi_fixfu)
                  007ffaa0    000000a0                     : round.c.obj (.text:__c6xabi_nround)
                  007ffb40    000000a0                     : remu.asm.obj (.text:__remu)
                  007ffbe0    000000a0     boot.ae674 : boot.oe674 (.text:_c_int00)
                  007ffc80    000000a0     mmw_dss_pe674.oe674 (.text:calloc)
                  007ffd20    000000a0     dbscan.oe674 (.text:dbscan)
                  007ffdc0    000000a0     rts6740_elf.lib : getdevice.c.obj (.text:finddevice)
                  007ffe60    000000a0                     : memcpy64.asm.obj (.text:memcpy)
                  007fff00    000000a0     libmmwavealg_xwr18xx.ae674 : mmwavelib_vecsum.oe674 (.text:mmwavelib_vecsum)
                  007fffa0    00000060     libaoaproc_hwa_xwr18xx.ae674 : aoaprochwa.oe674 (.text:AOAHWA_waitEdma)

.text.2    0    00800000    00005340     
                  00800000    000000a0     mathlib.ae674 : sqrtsp.oe674 (.text:optasm)
                  008000a0    000000a0     sysbios.ae674 : BIOS.obj (.text:ti_sysbios_family_c64p_Exception_Module_startup__E)
                  00800140    000000a0                   : BIOS.obj (.text:ti_sysbios_family_c64p_Hwi_dispatchC__I)
                  008001e0    000000a0                   : BIOS.obj (.text:ti_sysbios_family_c64p_Hwi_getStackInfo__E)
                  00800280    000000a0                   : BIOS.obj (.text:ti_sysbios_hal_Hwi_checkStack)
                  00800320    000000a0                   : BIOS.obj (.text:ti_sysbios_knl_Semaphore_pendTimeout__I)
                  008003c0    000000a0                   : BIOS.obj (.text:xdc_runtime_Core_assignLabel__I)
                  00800460    000000a0                   : BIOS.obj (.text:xdc_runtime_Core_assignParams__I)
                  00800500    000000a0                   : BIOS.obj (.text:xdc_runtime_LoggerBuf_Module_startup__E)
                  008005a0    000000a0                   : BIOS.obj (.text:xdc_runtime_System_atexit__E)
                  00800640    000000a0                   : BIOS.obj (.text:xdc_runtime_System_exit__E)
                  008006e0    000000a0                   : BIOS.obj (.text:xdc_runtime_Text_printVisFxn__I)
                  00800780    000000a0                   : BIOS.obj (.text:xdc_runtime_Text_xprintf__I)
                  00800820    00000080     libaoaproc_hwa_xwr18xx.ae674 : aoaprochwa.oe674 (.text:AoAProc_HWAutil_configCommon)
                  008008a0    00000080     libcfarcaproc_hwa_xwr18xx.ae674 : cfarcaprochwa.oe674 (.text:CFARHWA_convHwaCfarDetListToDetMask)
                  00800920    00000080                                     : cfarcaprochwa.oe674 (.text:CFARHWA_fovConvertRange)
                  008009a0    00000080     objectdetection.oe674 (.text:DPC_ObjDet_GetAntGeometryDef)
                  00800a20    00000080     objectdetection.oe674 (.text:DPC_ObjectDetection_stop)
                  00800aa0    00000080     libdpm_xwr18xx.ae674 : dpm_mailbox.oe674 (.text:DPM_mboxSendResult)
                  00800b20    00000080                          : dpm_pipe.oe674 (.text:DPM_pipeDeinit)
                  00800ba0    00000080                          : dpm_pipe.oe674 (.text:DPM_pipeInit)
                  00800c20    00000080                          : dpm_core.oe674 (.text:DPM_synch)
                  00800ca0    00000080     librangeproc_hwa_xwr18xx.ae674 : rangeprochwa.oe674 (.text:DPU_RangeProcHWA_deinit)
                  00800d20    00000080     libstaticclutterproc_xwr18xx.ae674 : staticclutterproc.oe674 (.text:DPU_StaticClutterProc_init)
                  00800da0    00000080                                        : staticclutterproc.oe674 (.text:DPU_StaticClutterProc_waitInData)
                  00800e20    00000080                                        : staticclutterproc.oe674 (.text:DPU_StaticClutterProc_waitOutData)
                  00800ea0    00000080     libedma_xwr18xx.ae674 : edma_low_level.oe674 (.text:EDMA3MapChToEvtQ)
                  00800f20    00000080                           : edma.oe674 (.text:EDMA_getTransferControllerErrorStatusInfo)
                  00800fa0    00000080                           : edma.oe674 (.text:EDMA_linkParamSets)
                  00801020    00000080     libhwa_xwr18xx.ae674 : hwa.oe674 (.text:HWA_reset)
                  008010a0    00000080                          : hwa.oe674 (.text:HWA_setDMA2ACCManualTrig)
                  00801120    00000080     data_path.oe674 (.text:MmwDemo_dataPathInit)
                  008011a0    00000080     libosal_xwr18xx.ae674 : SemaphoreP_tirtos.oe674 (.text:SemaphoreP_create)
                  00801220    00000080     rts6740_elf.lib : trgmsg.c.obj (.text:__TI_readmsg)
                  008012a0    00000080                     : fixdu.c.obj (.text:__c6xabi_fixdu)
                  00801320    00000080                     : llshift.c.obj (.text:__c6xabi_llshl)
                  008013a0    00000080     sysbios.ae674 : c62_TaskSupport_asm.obj (.text:_ti_sysbios_family_c62_TaskSupport_swap__E)
                  00801420    00000080     dbscan.oe674 (.text:append_at_end)
                  008014a0    00000080     dbscan.oe674 (.text:destroy_epsilon_neighbours)
                  00801520    00000080     librangeproc_hwa_xwr18xx.ae674 : rangeprochwa.oe674 (.text:rangeProcHWA_ConfigEDMATranspose)
                  008015a0    00000080     mmw_dss_pe674.oe674 (.text:ti_sysbios_BIOS_atExitFunc__I)
                  00801620    00000080     mmw_dss_pe674.oe674 (.text:ti_sysbios_BIOS_registerRTSLock__I)
                  008016a0    00000080     mmw_dss_pe674.oe674 (.text:ti_sysbios_gates_GateHwi_Object__create__S)
                  00801720    00000080     mmw_dss_pe674.oe674 (.text:ti_sysbios_gates_GateMutex_Object__create__S)
                  008017a0    00000080     mmw_dss_pe674.oe674 (.text:ti_sysbios_heaps_HeapMem_Object__create__S)
                  00801820    00000080     sysbios.ae674 : BIOS.obj (.text:ti_sysbios_heaps_HeapMem_init__I)
                  008018a0    00000080     mmw_dss_pe674.oe674 (.text:ti_sysbios_knl_Clock_doTick__I)
                  00801920    00000080     sysbios.ae674 : BIOS.obj (.text:ti_sysbios_knl_Idle_run__E)
                  008019a0    00000080     mmw_dss_pe674.oe674 (.text:ti_sysbios_knl_Semaphore_create)
                  00801a20    00000080     sysbios.ae674 : BIOS.obj (.text:ti_sysbios_knl_Swi_post__E)
                  00801aa0    00000080                   : BIOS.obj (.text:ti_sysbios_knl_Swi_startup__E)
                  00801b20    00000080                   : BIOS.obj (.text:ti_sysbios_knl_Task_processVitalTaskFlag__I)
                  00801ba0    00000080                   : BIOS.obj (.text:ti_sysbios_knl_Task_restore__E)
                  00801c20    00000080                   : BIOS.obj (.text:ti_sysbios_knl_Task_sleepTimeout__I)
                  00801ca0    00000080     mmw_dss_pe674.oe674 (.text:ti_sysbios_rts_MemAlloc_alloc)
                  00801d20    00000080     sysbios.ae674 : BIOS.obj (.text:ti_sysbios_timers_rti_Timer_setPeriod__E)
                  00801da0    00000080                   : BIOS.obj (.text:ti_sysbios_timers_rti_Timer_stop__E)
                  00801e20    00000080     rts6740_elf.lib : unlink.c.obj (.text:unlink)
                  00801ea0    00000080     sysbios.ae674 : BIOS.obj (.text:xdc_runtime_System_avprintf__E)
                  00801f20    00000080                   : BIOS.obj (.text:xdc_runtime_System_vprintf__E)
                  00801fa0    00000060     libcfarcaproc_hwa_xwr18xx.ae674 : cfarcaprochwa.oe674 (.text:CFARHWA_triggerCFAR)
                  00802000    00000060     objectdetection.oe674 (.text:DPC_ObjDet_GenDopplerWindow)
                  00802060    00000060     objectdetection.oe674 (.text:DPC_ObjDet_MemPoolAlloc)
                  008020c0    00000060     libdpm_xwr18xx.ae674 : dpm_listlib.oe674 (.text:DPM_listCat)
                  00802120    00000060                          : dpm_mailbox.oe674 (.text:DPM_mboxDeinit)
                  00802180    00000060                          : dpm_msg.oe674 (.text:DPM_msgInitHeader)
                  008021e0    00000060     libaoaproc_hwa_xwr18xx.ae674 : aoaprochwa.oe674 (.text:DPU_AoAProcHWA_deinit)
                  00802240    00000060     libcfarcaproc_hwa_xwr18xx.ae674 : cfarcaprochwa.oe674 (.text:DPU_CFARCAProcHWA_deinit)
                  008022a0    00000060     libdopplerproc_hwa_xwr18xx.ae674 : dopplerprochwa.oe674 (.text:DPU_DopplerProcHWA_deinit)
                  00802300    00000060     libstaticclutterproc_xwr18xx.ae674 : staticclutterproc.oe674 (.text:DPU_StaticClutterProc_deinit)
                  00802360    00000060     libedma_xwr18xx.ae674 : edma_low_level.oe674 (.text:EDMA3ClrEvt)
                  008023c0    00000060                           : edma_low_level.oe674 (.text:EDMA3ClrIntr)
                  00802420    00000060                           : edma_low_level.oe674 (.text:EDMA3ClrMissEvt)
                  00802480    00000060                           : edma_low_level.oe674 (.text:EDMA3DisableDmaEvt)
                  008024e0    00000060                           : edma_low_level.oe674 (.text:EDMA3DisableEvtIntr)
                  00802540    00000060                           : edma_low_level.oe674 (.text:EDMA3EnableDmaEvt)
                  008025a0    00000060                           : edma_low_level.oe674 (.text:EDMA3EnableEvtIntr)
                  00802600    00000060                           : edma_low_level.oe674 (.text:EDMA3SetEvt)
                  00802660    00000060                           : edma.oe674 (.text:EDMA_configTransferControllerError)
                  008026c0    00000060                           : edma.oe674 (.text:EDMA_setDestinationAddress)
                  00802720    00000060                           : edma.oe674 (.text:EDMA_setSourceAddress)
                  00802780    00000060                           : edma.oe674 (.text:EDMA_validate_channelIdchannelType)
                  008027e0    00000060     libhwa_xwr18xx.ae674 : hwa.oe674 (.text:HWA_allParamDoneISR)
                  00802840    00000060     libmailbox_xwr18xx.ae674 : mailbox.oe674 (.text:Mailbox_Config_init)
                  008028a0    00000060     data_path.oe674 (.text:MmwDemo_dataPathOpen)
                  00802900    00000060     libsoc_xwr18xx.ae674 : soc_xwr18xx.oe674 (.text:SOC_enableHWA)
                  00802960    00000060                          : soc_xwr18xx.oe674 (.text:SOC_setDSSLinkState)
                  008029c0    00000060                          : soc.oe674 (.text:SOC_unhaltBSS)
                  00802a20    00000060     rts6740_elf.lib : trgmsg.c.obj (.text:__TI_writemsg)
                  00802a80    00000060                     : llshift.c.obj (.text:__c6xabi_llshru)
                  00802ae0    00000060                     : imath64.c.obj (.text:_subcull)
                  00802b40    00000060     sysbios.ae674 : c64p_Hwi_asm_switch.obj (.text:_ti_sysbios_family_c64p_Hwi_switchAndDispatch__I)
                  00802ba0    00000060                   : c64p_Hwi_asm_switch.obj (.text:_ti_sysbios_family_xxx_Hwi_switchAndRunFunc)
                  00802c00    00000060     dbscan.oe674 (.text:create_node)
                  00802c60    00000060     rts6740_elf.lib : lseek.c.obj (.text:lseek)
                  00802cc0    00000060     libmmwavealg_xwr18xx.ae674 : mmwavelib_vecsubc.oe674 (.text:mmwavelib_vecsubc)
                  00802d20    00000060     mmw_dss_pe674.oe674 (.text:ti_sysbios_BIOS_errorRaiseHook__I)
                  00802d80    00000060     mmw_dss_pe674.oe674 (.text:ti_sysbios_BIOS_removeRTSLock__I)
                  00802de0    00000060     mmw_dss_pe674.oe674 (.text:ti_sysbios_BIOS_startFunc__I)
                  00802e40    00000060     sysbios.ae674 : BIOS.obj (.text:ti_sysbios_family_c62_TaskSupport_stackUsed__E)
                  00802ea0    00000060                   : BIOS.obj (.text:ti_sysbios_family_c62_TaskSupport_start__E)
                  00802f00    00000060                   : BIOS.obj (.text:ti_sysbios_family_c64p_Cache_setMar__E)
                  00802f60    00000060                   : BIOS.obj (.text:ti_sysbios_family_c64p_EventCombiner_Module_startup__E)
                  00802fc0    00000060                   : BIOS.obj (.text:ti_sysbios_family_c64p_EventCombiner_unused__E)
                  00803020    00000060     mmw_dss_pe674.oe674 (.text:ti_sysbios_gates_GateMutex_Object__delete__S)
                  00803080    00000060     sysbios.ae674 : BIOS.obj (.text:ti_sysbios_hal_Hwi_initStack)
                  008030e0    00000060                   : BIOS.obj (.text:ti_sysbios_heaps_HeapMem_free__E)
                  00803140    00000060                   : BIOS.obj (.text:ti_sysbios_knl_Clock_Module_startup__E)
                  008031a0    00000060     mmw_dss_pe674.oe674 (.text:ti_sysbios_knl_Queue_construct)
                  00803200    00000060     mmw_dss_pe674.oe674 (.text:ti_sysbios_knl_Semaphore_Object__delete__S)
                  00803260    00000060     mmw_dss_pe674.oe674 (.text:ti_sysbios_knl_Semaphore_construct)
                  008032c0    00000060     sysbios.ae674 : BIOS.obj (.text:ti_sysbios_knl_Swi_Module_startup__E)
                  00803320    00000060                   : BIOS.obj (.text:ti_sysbios_knl_Task_enter__I)
                  00803380    00000060     rts6740_elf.lib : write.c.obj (.text:write)
                  008033e0    00000060     mmw_dss_pe674.oe674 (.text:xdc_runtime_LoggerBuf_Object__delete__S)
                  00803440    00000060     sysbios.ae674 : BIOS.obj (.text:xdc_runtime_SysStd_abort__E)
                  008034a0    00000040     libhwa_xwr18xx.ae674 : hwa.oe674 (.text:CSL_FEXTR)
                  008034e0    00000040     libsoc_xwr18xx.ae674 : soc.oe674 (.text:CSL_FEXTR)
                  00803520    00000040                          : soc_xwr18xx.oe674 (.text:CSL_FEXTR)
                  00803560    00000040     libhwa_xwr18xx.ae674 : hwa.oe674 (.text:CSL_FINSR)
                  008035a0    00000040     libmailbox_xwr18xx.ae674 : mailbox.oe674 (.text:CSL_FINSR)
                  008035e0    00000040     libsoc_xwr18xx.ae674 : soc.oe674 (.text:CSL_FINSR)
                  00803620    00000040                          : soc_xwr18xx.oe674 (.text:CSL_FINSR)
                  00803660    00000040                          : soc_xwr18xx_dss.oe674 (.text:CSL_FINSR)
                  008036a0    00000040     objectdetection.oe674 (.text:DPC_ObjDet_GenRangeWindow)
                  008036e0    00000040     libdpm_xwr18xx.ae674 : dpm_listlib.oe674 (.text:DPM_listAdd)
                  00803720    00000040                          : dpm_listlib.oe674 (.text:DPM_listRemove)
                  00803760    00000040                          : dpm_mailbox.oe674 (.text:DPM_mboxMsgSend)
                  008037a0    00000040                          : dpm_msg.oe674 (.text:DPM_msgAssertHandler)
                  008037e0    00000040                          : dpm_msg.oe674 (.text:DPM_msgBSSFaultHandler)
                  00803820    00000040                          : dpm_msg.oe674 (.text:DPM_msgDPCInfoHandler)
                  00803860    00000040                          : dpm_pipe.oe674 (.text:DPM_pipeDequeue)
                  008038a0    00000040     libedma_xwr18xx.ae674 : edma_low_level.oe674 (.text:EDMA3MapQdmaChToPaRAM)
                  008038e0    00000040                           : edma_low_level.oe674 (.text:EDMA3SetPaRAM)
                  00803920    00000040                           : edma_low_level.oe674 (.text:EDMA3SetQdmaTrigWord)
                  00803960    00000040                           : edma.oe674 (.text:EDMA_clearTransferControllerErrors)
                  008039a0    00000040     libosal_xwr18xx.ae674 : HwiP_tirtos.oe674 (.text:HwiP_create)
                  008039e0    00000040                           : HwiP_tirtos.oe674 (.text:HwiP_delete)
                  00803a20    00000040     libmailbox_xwr18xx.ae674 : mailbox.oe674 (.text:Mailbox_boxEmptyISRBss)
                  00803a60    00000040                              : mailbox.oe674 (.text:Mailbox_boxEmptyISRMssDss)
                  00803aa0    00000040                              : mailbox.oe674 (.text:Mailbox_boxFullISRBss)
                  00803ae0    00000040     dss_main.oe674 (.text:MmwDemo_DPC_ObjectDetection_processFrameBeginCallBackFxn)
                  00803b20    00000040     dss_main.oe674 (.text:MmwDemo_DPC_ObjectDetection_processInterFrameBeginCallBackFxn)
                  00803b60    00000040     data_path.oe674 (.text:MmwDemo_EDMA_errorCallbackFxn)
                  00803ba0    00000040     data_path.oe674 (.text:MmwDemo_EDMA_transferControllerErrorCallbackFxn)
                  00803be0    00000040     libsoc_xwr18xx.ae674 : soc_xwr18xx_dss.oe674 (.text:SOC_getInAddr_LUTType)
                  00803c20    00000040                          : soc_xwr18xx_dss.oe674 (.text:SOC_getOutAddr_LUTType)
                  00803c60    00000040                          : soc_xwr18xx.oe674 (.text:SOC_isMSSOperational)
                  00803ca0    00000040     rts6740_elf.lib : frcmpyd_div.c.obj (.text:__TI_frcmpyd_div)
                  00803ce0    00000040                     : strasg.asm.obj (.text:__strasgi_64plus)
                  00803d20    00000040                     : args_main.c.obj (.text:_args_main)
                  00803d60    00000040     sysbios.ae674 : c62_TaskSupport_asm.obj (.text:_ti_sysbios_family_c62_TaskSupport_buildTaskStack)
                  00803da0    00000040     mmw_dss_pe674.oe674 (.text:free)
                  00803de0    00000040     libmathutils.ae674 : mathutils.oe674 (.text:mathUtils_floorLog2)
                  00803e20    00000040     librangeproc_hwa_xwr18xx.ae674 : rangeprochwa.oe674 (.text:rangeProcHWA_EDMA_transferCompletionCallbackFxn)
                  00803e60    00000040     mmw_dss_pe674.oe674 (.text:ti_sysbios_BIOS_exitFunc__I)
                  00803ea0    00000040     mmw_dss_pe674.oe674 (.text:ti_sysbios_BIOS_rtsLock__I)
                  00803ee0    00000040     mmw_dss_pe674.oe674 (.text:ti_sysbios_BIOS_rtsUnlock__I)
                  00803f20    00000040     sysbios.ae674 : BIOS.obj (.text:ti_sysbios_family_c64p_Hwi_disableInterrupt__E)
                  00803f60    00000040                   : BIOS.obj (.text:ti_sysbios_family_c64p_Hwi_enableInterrupt__E)
                  00803fa0    00000040     mmw_dss_pe674.oe674 (.text:ti_sysbios_gates_GateHwi_Handle__label__S)
                  00803fe0    00000040     mmw_dss_pe674.oe674 (.text:ti_sysbios_gates_GateHwi_Object__delete__S)
                  00804020    00000040     mmw_dss_pe674.oe674 (.text:ti_sysbios_gates_GateMutex_Handle__label__S)
                  00804060    00000040     sysbios.ae674 : BIOS.obj (.text:ti_sysbios_gates_GateMutex_Instance_init__E)
                  008040a0    00000040                   : BIOS.obj (.text:ti_sysbios_gates_GateMutex_leave__E)
                  008040e0    00000040     mmw_dss_pe674.oe674 (.text:ti_sysbios_heaps_HeapMem_Handle__label__S)
                  00804120    00000040     mmw_dss_pe674.oe674 (.text:ti_sysbios_heaps_HeapMem_Object__delete__S)
                  00804160    00000040     mmw_dss_pe674.oe674 (.text:ti_sysbios_heaps_HeapMem_Object__get__S)
                  008041a0    00000040     mmw_dss_pe674.oe674 (.text:ti_sysbios_knl_Semaphore_destruct)
                  008041e0    00000040     mmw_dss_pe674.oe674 (.text:ti_sysbios_knl_Swi_Object__get__S)
                  00804220    00000040     mmw_dss_pe674.oe674 (.text:ti_sysbios_knl_Task_Object__get__S)
                  00804260    00000040     sysbios.ae674 : BIOS.obj (.text:ti_sysbios_timers_rti_Timer_periodicStub__E)
                  008042a0    00000040                   : BIOS.obj (.text:xdc_runtime_Error_init__E)
                  008042e0    00000040     mmw_dss_pe674.oe674 (.text:xdc_runtime_LoggerBuf_Handle__label__S)
                  00804320    00000040     sysbios.ae674 : BIOS.obj (.text:xdc_runtime_LoggerBuf_Instance_finalize__E)
                  00804360    00000040     mmw_dss_pe674.oe674 (.text:xdc_runtime_LoggerBuf_Object__get__S)
                  008043a0    00000040     sysbios.ae674 : BIOS.obj (.text:xdc_runtime_LoggerBuf_write0__E)
                  008043e0    00000040                   : BIOS.obj (.text:xdc_runtime_LoggerBuf_write1__E)
                  00804420    00000040                   : BIOS.obj (.text:xdc_runtime_LoggerBuf_write2__E)
                  00804460    00000040     mmw_dss_pe674.oe674 (.text:xdc_runtime_System_aprintf__E)
                  008044a0    00000040     mmw_dss_pe674.oe674 (.text:xdc_runtime_System_printf__E)
                  008044e0    00000020     libaoaproc_hwa_xwr18xx.ae674 : aoaprochwa.oe674 (.text:AOAProcHWADoneIsrCallback)
                  00804500    00000020     libcfarcaproc_hwa_xwr18xx.ae674 : cfarcaprochwa.oe674 (.text:CFARCAHWADoneIsrCallback)
                  00804520    00000020     objectdetection.oe674 (.text:DPC_ObjDet_GetRangeWinGenLen)
                  00804540    00000020     objectdetection.oe674 (.text:DPC_ObjDet_MemPoolReset)
                  00804560    00000020     libdpm_xwr18xx.ae674 : dpm_core.oe674 (.text:DPM_chirpISR)
                  00804580    00000020                          : dpm_core.oe674 (.text:DPM_frameStartISR)
                  008045a0    00000020                          : dpm_mailbox.oe674 (.text:DPM_mboxSynch)
                  008045c0    00000020     libaoaproc_hwa_xwr18xx.ae674 : aoaprochwa.oe674 (.text:DPU_AoAProcHWA_getNumHwaParamSets)
                  008045e0    00000020     libdopplerproc_hwa_xwr18xx.ae674 : dopplerprochwa.oe674 (.text:DPU_DopplerProcHWA_edmaDoneIsrCallback)
                  00804600    00000020                                      : dopplerprochwa.oe674 (.text:DPU_DopplerProcHWA_hwaDoneIsrCallback)
                  00804620    00000020     libedma_xwr18xx.ae674 : edma_low_level.oe674 (.text:EDMA3ChannelToParamMap)
                  00804640    00000020                           : edma_low_level.oe674 (.text:EDMA3ClrCCErr)
                  00804660    00000020                           : edma_low_level.oe674 (.text:EDMA3DisableQdmaEvt)
                  00804680    00000020                           : edma_low_level.oe674 (.text:EDMA3EnableQdmaEvt)
                  008046a0    00000020                           : edma_low_level.oe674 (.text:EDMA3ErrIntrHighStatusGet)
                  008046c0    00000020                           : edma_low_level.oe674 (.text:EDMA3GetCCErrStatus)
                  008046e0    00000020                           : edma_low_level.oe674 (.text:EDMA3GetErrIntrStatus)
                  00804700    00000020                           : edma_low_level.oe674 (.text:EDMA3GetIntrStatus)
                  00804720    00000020                           : edma_low_level.oe674 (.text:EDMA3IntrStatusHighGet)
                  00804740    00000020                           : edma_low_level.oe674 (.text:EDMA3QdmaClrMissEvt)
                  00804760    00000020                           : edma_low_level.oe674 (.text:EDMA3QdmaGetErrIntrStatus)
                  00804780    00000020                           : edma_low_level.oe674 (.text:EDMAsetRegion)
                  008047a0    00000020     libhwa_xwr18xx.ae674 : hwa.oe674 (.text:HWA_init)
                  008047c0    00000020     libosal_xwr18xx.ae674 : HwiP_tirtos.oe674 (.text:HwiP_Params_init)
                  008047e0    00000020                           : HwiP_tirtos.oe674 (.text:HwiP_disable)
                  00804800    00000020                           : HwiP_tirtos.oe674 (.text:HwiP_disableInterrupt)
                  00804820    00000020                           : HwiP_tirtos.oe674 (.text:HwiP_enableInterrupt)
                  00804840    00000020                           : HwiP_tirtos.oe674 (.text:HwiP_restore)
                  00804860    00000020                           : MemoryP_tirtos.oe674 (.text:MemoryP_ctrlAlloc)
                  00804880    00000020                           : MemoryP_tirtos.oe674 (.text:MemoryP_ctrlFree)
                  008048a0    00000020                           : MemoryP_tirtos.oe674 (.text:MemoryP_getStats)
                  008048c0    00000020     dss_main.oe674 (.text:MmwDemo_sleep)
                  008048e0    00000020     libsoc_xwr18xx.ae674 : soc_xwr18xx.oe674 (.text:SOC_ungateClock)
                  00804900    00000020     libosal_xwr18xx.ae674 : SemaphoreP_tirtos.oe674 (.text:SemaphoreP_Params_init)
                  00804920    00000020                           : SemaphoreP_tirtos.oe674 (.text:SemaphoreP_delete)
                  00804940    00000020                           : SemaphoreP_tirtos.oe674 (.text:SemaphoreP_pend)
                  00804960    00000020                           : SemaphoreP_tirtos.oe674 (.text:SemaphoreP_post)
                  00804980    00000020                           : DebugP_tirtos.oe674 (.text:_DebugP_assert)
                  008049a0    00000020     rts6740_elf.lib : errno.c.obj (.text:__c6xabi_errno_addr)
                  008049c0    00000020                     : trunc.c.obj (.text:__c6xabi_trunc)
                  008049e0    00000020                     : push.asm.obj (.text:__pop_rts)
                  00804a00    00000020                     : push.asm.obj (.text:__push_rts)
                  00804a20    00000020                     : _lock.c.obj (.text:_nop)
                  00804a40    00000020                     : _lock.c.obj (.text:_register_lock)
                  00804a60    00000020                     : _lock.c.obj (.text:_register_unlock)
                  00804a80    00000020     sysbios.ae674 : c62_TaskSupport_asm.obj (.text:_ti_sysbios_family_c62_TaskSupport_glue)
                  00804aa0    00000020     rts6740_elf.lib : exit.c.obj (.text:abort)
                  00804ac0    00000020     libmathutils.ae674 : mathutils.oe674 (.text:mathUtils_ceilLog2)
                  00804ae0    00000020     rts6740_elf.lib : fputc.c.obj (.text:putchar)
                  00804b00    00000020     librangeproc_hwa_xwr18xx.ae674 : rangeprochwa.oe674 (.text:rangeProcHWADoneIsrCallback)
                  00804b20    00000020     mmw_dss_pe674.oe674 (.text:ti_sysbios_BIOS_RtsGateProxy_enter__E)
                  00804b40    00000020     mmw_dss_pe674.oe674 (.text:ti_sysbios_BIOS_RtsGateProxy_leave__E)
                  00804b60    00000020     sysbios.ae674 : BIOS.obj (.text:ti_sysbios_BIOS_getCpuFreq__E)
                  00804b80    00000020                   : BIOS.obj (.text:ti_sysbios_BIOS_linkedWithIncorrectBootLibrary__E)
                  00804ba0    00000020     mmw_dss_pe674.oe674 (.text:ti_sysbios_BIOS_nullFunc__I)
                  00804bc0    00000020     sysbios.ae674 : BIOS.obj (.text:ti_sysbios_BIOS_setThreadType__E)
                  00804be0    00000020                   : BIOS.obj (.text:ti_sysbios_BIOS_start__E)
                  00804c00    00000020     mmw_dss_pe674.oe674 (.text:ti_sysbios_family_c62_TaskSupport_Module__startupDone__S)
                  00804c20    00000020     sysbios.ae674 : BIOS.obj (.text:ti_sysbios_family_c62_TaskSupport_checkStack__E)
                  00804c40    00000020                   : BIOS.obj (.text:ti_sysbios_family_c62_TaskSupport_getStackAlignment__E)
                  00804c60    00000020     mmw_dss_pe674.oe674 (.text:ti_sysbios_family_c64p_Hwi_Module__startupDone__F)
                  00804c80    00000020     sysbios.ae674 : BIOS.obj (.text:ti_sysbios_family_c64p_Hwi_clearInterrupt__E)
                  00804ca0    00000020                   : BIOS.obj (.text:ti_sysbios_family_c64p_Hwi_startup__E)
                  00804cc0    00000020                   : BIOS.obj (.text:ti_sysbios_family_c64p_Hwi_switchFromBootStack__E)
                  00804ce0    00000020                   : BIOS.obj (.text:ti_sysbios_family_c64p_TimestampProvider_Module_startup__E)
                  00804d00    00000020                   : BIOS.obj (.text:ti_sysbios_family_c64p_TimestampProvider_get32__E)
                  00804d20    00000020                   : BIOS.obj (.text:ti_sysbios_family_c64p_TimestampProvider_get64__E)
                  00804d40    00000020                   : BIOS.obj (.text:ti_sysbios_gates_GateHwi_Instance_init__E)
                  00804d60    00000020                   : BIOS.obj (.text:ti_sysbios_gates_GateHwi_enter__E)
                  00804d80    00000020                   : BIOS.obj (.text:ti_sysbios_gates_GateHwi_leave__E)
                  00804da0    00000020                   : BIOS.obj (.text:ti_sysbios_gates_GateHwi_query__E)
                  00804dc0    00000020                   : BIOS.obj (.text:ti_sysbios_gates_GateMutex_Instance_finalize__E)
                  00804de0    00000020                   : BIOS.obj (.text:ti_sysbios_gates_GateMutex_query__E)
                  00804e00    00000020                   : BIOS.obj (.text:ti_sysbios_hal_Hwi_Module_startup__E)
                  00804e20    00000020     mmw_dss_pe674.oe674 (.text:ti_sysbios_heaps_HeapBuf_Object__get__S)
                  00804e40    00000020     mmw_dss_pe674.oe674 (.text:ti_sysbios_heaps_HeapMem_Module_GateProxy_enter__E)
                  00804e60    00000020     mmw_dss_pe674.oe674 (.text:ti_sysbios_heaps_HeapMem_Module_GateProxy_leave__E)
                  00804e80    00000020     sysbios.ae674 : BIOS.obj (.text:ti_sysbios_heaps_HeapMem_isBlocking__E)
                  00804ea0    00000020     mmw_dss_pe674.oe674 (.text:ti_sysbios_knl_Clock_TimerProxy_getMaxTicks__E)
                  00804ec0    00000020     sysbios.ae674 : BIOS.obj (.text:ti_sysbios_knl_Clock_logTick__E)
                  00804ee0    00000020                   : BIOS.obj (.text:ti_sysbios_knl_Idle_loop__E)
                  00804f00    00000020                   : BIOS.obj (.text:ti_sysbios_knl_Queue_Instance_init__E)
                  00804f20    00000020     mmw_dss_pe674.oe674 (.text:ti_sysbios_knl_Queue_Object__get__S)
                  00804f40    00000020     mmw_dss_pe674.oe674 (.text:ti_sysbios_knl_Queue_destruct)
                  00804f60    00000020     sysbios.ae674 : BIOS.obj (.text:ti_sysbios_knl_Queue_empty__E)
                  00804f80    00000020                   : BIOS.obj (.text:ti_sysbios_knl_Semaphore_Instance_finalize__E)
                  00804fa0    00000020     mmw_dss_pe674.oe674 (.text:ti_sysbios_knl_Semaphore_Params__init__S)
                  00804fc0    00000020     mmw_dss_pe674.oe674 (.text:ti_sysbios_knl_Semaphore_delete)
                  00804fe0    00000020     sysbios.ae674 : BIOS.obj (.text:ti_sysbios_knl_Swi_disable__E)
                  00805000    00000020     mmw_dss_pe674.oe674 (.text:ti_sysbios_knl_Task_Params__init__S)
                  00805020    00000020     sysbios.ae674 : BIOS.obj (.text:ti_sysbios_knl_Task_disable__E)
                  00805040    00000020                   : BIOS.obj (.text:ti_sysbios_knl_Task_startup__E)
                  00805060    00000020     mmw_dss_pe674.oe674 (.text:ti_sysbios_timers_rti_Timer_Module__startupDone__F)
                  00805080    00000020     sysbios.ae674 : BIOS.obj (.text:ti_sysbios_timers_rti_Timer_getMaxTicks__E)
                  008050a0    00000020                   : BIOS.obj (.text:ti_sysbios_utils_Load_getCPULoad__E)
                  008050c0    00000020                   : BIOS.obj (.text:ti_sysbios_utils_Load_taskRegHook__E)
                  008050e0    00000020     mmw_dss_pe674.oe674 (.text:xdc_runtime_IHeap_alloc)
                  00805100    00000020     mmw_dss_pe674.oe674 (.text:xdc_runtime_IHeap_free)
                  00805120    00000020     mmw_dss_pe674.oe674 (.text:xdc_runtime_IHeap_getStats)
                  00805140    00000020     mmw_dss_pe674.oe674 (.text:xdc_runtime_LoggerBuf_Module_GateProxy_enter__E)
                  00805160    00000020     mmw_dss_pe674.oe674 (.text:xdc_runtime_LoggerBuf_Module_GateProxy_leave__E)
                  00805180    00000020     sysbios.ae674 : BIOS.obj (.text:xdc_runtime_LoggerBuf_disable__E)
                  008051a0    00000020                   : BIOS.obj (.text:xdc_runtime_LoggerBuf_enable__E)
                  008051c0    00000020                   : BIOS.obj (.text:xdc_runtime_Memory_free__E)
                  008051e0    00000020                   : BIOS.obj (.text:xdc_runtime_Memory_getStats__E)
                  00805200    00000020     mmw_dss_pe674.oe674 (.text:xdc_runtime_Startup_exec__I)
                  00805220    00000020     mmw_dss_pe674.oe674 (.text:xdc_runtime_Startup_reset__I)
                  00805240    00000020     sysbios.ae674 : BIOS.obj (.text:xdc_runtime_Startup_rtsDone__E)
                  00805260    00000020                   : BIOS.obj (.text:xdc_runtime_SysStd_exit__E)
                  00805280    00000020                   : BIOS.obj (.text:xdc_runtime_SysStd_putch__E)
                  008052a0    00000020                   : BIOS.obj (.text:xdc_runtime_SysStd_ready__E)
                  008052c0    00000020     mmw_dss_pe674.oe674 (.text:xdc_runtime_System_Module_GateProxy_enter__E)
                  008052e0    00000020     mmw_dss_pe674.oe674 (.text:xdc_runtime_System_Module_GateProxy_leave__E)
                  00805300    00000020     sysbios.ae674 : BIOS.obj (.text:xdc_runtime_System_Module_startup__E)
                  00805320    00000020     mmw_dss_pe674.oe674 (.text:xdc_runtime_Text_visitRope__I)

.const.1   0    00805340    00000cc0     
                  00805340    00000630     sysbios.ae674 : BIOS.obj (.const:.string)
                  00805970    000002e4     dss_main.oe674 (.const:.string)
                  00805c54    00000004     mmw_dss_pe674.oe674 (.const:ti_sysbios_family_c62_TaskSupport_stackAlignment__C)
                  00805c58    000000e0     mmw_dss_pe674.oe674 (.const:xdc_runtime_Text_nodeTab__A)
                  00805d38    00000074     mmw_dss_pe674.oe674 (.const:.string)
                  00805dac    00000064     rts6740_elf.lib : perror.c.obj (.const:.string)
                  00805e10    00000058     libedma_xwr18xx.ae674 : edma.oe674 (.const:.string)
                  00805e68    0000004c     libmailbox_xwr18xx.ae674 : mailbox.oe674 (.const:.string)
                  00805eb4    00000044     mmw_dss_pe674.oe674 (.const:ti_sysbios_knl_Task_Object__PARAMS__C)
                  00805ef8    00000040     dbscan.oe674 (.const:.string)
                  00805f38    00000040     libhwa_xwr18xx.ae674 : hwa.oe674 (.const:gHwaTrigSignatures)
                  00805f78    0000003c     libsoc_xwr18xx.ae674 : soc_xwr18xx_dss.oe674 (.const:.string)
                  00805fb4    0000003c     mmw_dss_pe674.oe674 (.const:xdc_runtime_LoggerBuf_Module__FXNS__C)
                  00805ff0    00000010     data_path.oe674 (.const:.string)

.dpc_l2Heap 
*          0    00806000    0000c400     UNINITIALIZED
                  00806000    0000c400     dss_main.oe674 (.dpc_l2Heap)

systemHeap 
*          0    00812400    00007800     UNINITIALIZED
                  00812400    00007800     mmw_dss_pe674.oe674 (systemHeap)

.const.2   0    00819c00    000020a0     
                  00819c00    00001a59     mmw_dss_pe674.oe674 (.const:xdc_runtime_Text_charTab__A)
                  0081b659    00000001     --HOLE-- [fill = 0]
                  0081b65a    00000002     mmw_dss_pe674.oe674 (.const:ti_sysbios_family_c64p_Cache_Module__id__C)
                  0081b65c    00000004     mmw_dss_pe674.oe674 (.const:ti_sysbios_family_c64p_Cache_E_invalidL1CacheSize__C)
                  0081b660    00000038     libedma_xwr18xx.ae674 : edma_xwr1xxx.oe674 (.const:gEdmaHwAttrs)
                  0081b698    00000034     mmw_dss_pe674.oe674 (.const:xdc_runtime_Startup_sfxnTab__A)
                  0081b6cc    00000004     mmw_dss_pe674.oe674 (.const:ti_sysbios_family_c64p_Cache_E_invalidL2CacheSize__C)
                  0081b6d0    00000028     libdpm_xwr18xx.ae674 : dpm_msg.oe674 (.const:gDPMMessageFxnTable)
                  0081b6f8    00000028     mmw_dss_pe674.oe674 (.const:ti_sysbios_heaps_HeapMem_Module__FXNS__C)
                  0081b720    00000028     mmw_dss_pe674.oe674 (.const:xdc_runtime_LoggerBuf_Object__PARAMS__C)
                  0081b748    00000024     libmailbox_xwr18xx.ae674 : mailbox.oe674 (.const:Mailbox_defaultCfg)
                  0081b76c    00000024     mmw_dss_pe674.oe674 (.const:ti_sysbios_gates_GateHwi_Module__FXNS__C)
                  0081b790    00000024     mmw_dss_pe674.oe674 (.const:ti_sysbios_gates_GateMutex_Module__FXNS__C)
                  0081b7b4    00000024     mmw_dss_pe674.oe674 (.const:ti_sysbios_heaps_HeapMem_Object__PARAMS__C)
                  0081b7d8    00000024     mmw_dss_pe674.oe674 (.const:ti_sysbios_knl_Semaphore_Object__PARAMS__C)
                  0081b7fc    00000020     libhwa_xwr18xx.ae674 : hwa.oe674 (.const:$P$T0$1)
                  0081b81c    00000020                          : hwa.oe674 (.const:.string)
                  0081b83c    00000020     libosal_xwr18xx.ae674 : SemaphoreP_tirtos.oe674 (.const:.string)
                  0081b85c    00000020     mmw_dss_pe674.oe674 (.const:ti_sysbios_gates_GateHwi_Object__DESC__C)
                  0081b87c    00000020     mmw_dss_pe674.oe674 (.const:ti_sysbios_gates_GateMutex_Object__DESC__C)
                  0081b89c    00000020     mmw_dss_pe674.oe674 (.const:ti_sysbios_heaps_HeapMem_Object__DESC__C)
                  0081b8bc    00000020     mmw_dss_pe674.oe674 (.const:ti_sysbios_knl_Queue_Object__DESC__C)
                  0081b8dc    00000020     mmw_dss_pe674.oe674 (.const:ti_sysbios_knl_Semaphore_Object__DESC__C)
                  0081b8fc    00000020     mmw_dss_pe674.oe674 (.const:ti_sysbios_knl_Task_Object__DESC__C)
                  0081b91c    00000020     mmw_dss_pe674.oe674 (.const:xdc_runtime_LoggerBuf_Object__DESC__C)
                  0081b93c    0000001c     libosal_xwr18xx.ae674 : HwiP_tirtos.oe674 (.const:.string)
                  0081b958    0000001a     mmw_dss_pe674.oe674 (.const:xdc_runtime_Startup_sfxnRts__A)
                  0081b972    00000002     mmw_dss_pe674.oe674 (.const:ti_sysbios_family_c64p_EventCombiner_Module__id__C)
                  0081b974    00000018     objectdetection.oe674 (.const:.string)
                  0081b98c    00000018     mmw_dss_pe674.oe674 (.const:ti_sysbios_gates_GateHwi_Object__PARAMS__C)
                  0081b9a4    00000018     mmw_dss_pe674.oe674 (.const:ti_sysbios_gates_GateMutex_Object__PARAMS__C)
                  0081b9bc    00000018     mmw_dss_pe674.oe674 (.const:ti_sysbios_knl_Queue_Object__PARAMS__C)
                  0081b9d4    00000004     mmw_dss_pe674.oe674 (.const:ti_sysbios_family_c64p_Cache_MAR0_31__C)
                  0081b9d8    00000018     mmw_dss_pe674.oe674 (.const:ti_sysbios_knl_Task_hooks__A)
                  0081b9f0    00000014     dbscan.oe674 (.const:$P$T0$1)
                  0081ba04    00000014     dbscan.oe674 (.const:$P$T1$2)
                  0081ba18    00000014     libdpm_xwr18xx.ae674 : dpm_mailbox.oe674 (.const:.string)
                  0081ba2c    00000010                          : dpm_core.oe674 (.const:.string)
                  0081ba3c    00000010                          : dpm_msg.oe674 (.const:.string)
                  0081ba4c    00000010                          : dpm_pipe.oe674 (.const:.string)
                  0081ba5c    00000004     mmw_dss_pe674.oe674 (.const:ti_sysbios_family_c64p_Cache_MAR128_159__C)
                  0081ba60    00000010     libedma_xwr18xx.ae674 : edma.oe674 (.const:EDMA_config$1)
                  0081ba70    00000010     mmw_dss_pe674.oe674 (.const:ti_sysbios_family_c64p_EventCombiner_EVTMASK__C)
                  0081ba80    0000000c     mmw_dss_pe674.oe674 (.const:ti_sysbios_knl_Idle_funcList__A)
                  0081ba8c    00000008     mmw_dss_pe674.oe674 (.const:ti_sysbios_knl_Idle_funcList__C)
                  0081ba94    00000008     mmw_dss_pe674.oe674 (.const:ti_sysbios_knl_Task_hooks__C)
                  0081ba9c    00000004     mmw_dss_pe674.oe674 (.const:ti_sysbios_family_c64p_Cache_MAR160_191__C)
                  0081baa0    00000008     mmw_dss_pe674.oe674 (.const:xdc_runtime_Startup_firstFxns__A)
                  0081baa8    00000008     mmw_dss_pe674.oe674 (.const:xdc_runtime_Startup_firstFxns__C)
                  0081bab0    00000008     mmw_dss_pe674.oe674 (.const:xdc_runtime_Startup_lastFxns__C)
                  0081bab8    00000004     mmw_dss_pe674.oe674 (.const:ti_sysbios_family_c64p_Cache_MAR192_223__C)
                  0081babc    00000004     mmw_dss_pe674.oe674 (.const:ti_sysbios_family_c64p_Cache_MAR224_255__C)
                  0081bac0    00000004     mmw_dss_pe674.oe674 (.const:ti_sysbios_family_c64p_Cache_MAR32_63__C)
                  0081bac4    00000004     mmw_dss_pe674.oe674 (.const:ti_sysbios_family_c64p_Cache_MAR64_95__C)
                  0081bac8    00000004     mmw_dss_pe674.oe674 (.const:ti_sysbios_family_c64p_Cache_MAR96_127__C)
                  0081bacc    00000004     mmw_dss_pe674.oe674 (.const:ti_sysbios_family_c64p_EventCombiner_A_invalidEventId__C)
                  0081bad0    00000004     mmw_dss_pe674.oe674 (.const:ti_sysbios_family_c64p_EventCombiner_EVTRegs__C)
                  0081bad4    00000004     mmw_dss_pe674.oe674 (.const:ti_sysbios_family_c64p_EventCombiner_E_unpluggedEvent__C)
                  0081bad8    00000004     mmw_dss_pe674.oe674 (.const:ti_sysbios_family_c64p_EventCombiner_Module__diagsEnabled__C)
                  0081badc    00000004     mmw_dss_pe674.oe674 (.const:ti_sysbios_family_c64p_EventCombiner_Module__diagsIncluded__C)
                  0081bae0    00000004     mmw_dss_pe674.oe674 (.const:ti_sysbios_family_c64p_EventCombiner_Module__diagsMask__C)
                  0081bae4    00000004     mmw_dss_pe674.oe674 (.const:ti_sysbios_family_c64p_Exception_E_exceptionMax__C)
                  0081bae8    00000004     mmw_dss_pe674.oe674 (.const:ti_sysbios_family_c64p_Exception_exceptionHook__C)
                  0081baec    00000004     mmw_dss_pe674.oe674 (.const:ti_sysbios_family_c64p_Exception_externalHook__C)
                  0081baf0    00000004     mmw_dss_pe674.oe674 (.const:ti_sysbios_family_c64p_Exception_internalHook__C)
                  0081baf4    00000004     mmw_dss_pe674.oe674 (.const:ti_sysbios_family_c64p_Exception_nmiHook__C)
                  0081baf8    00000004     mmw_dss_pe674.oe674 (.const:ti_sysbios_family_c64p_Hwi_INTRMUX1Address__C)
                  0081bafc    00000004     mmw_dss_pe674.oe674 (.const:ti_sysbios_gates_GateMutex_A_badContext__C)
                  0081bb00    00000004     mmw_dss_pe674.oe674 (.const:ti_sysbios_gates_GateMutex_Instance_State_sem__O)
                  0081bb04    00000004     mmw_dss_pe674.oe674 (.const:ti_sysbios_gates_GateMutex_Module__diagsEnabled__C)
                  0081bb08    00000004     mmw_dss_pe674.oe674 (.const:ti_sysbios_gates_GateMutex_Module__diagsIncluded__C)
                  0081bb0c    00000004     mmw_dss_pe674.oe674 (.const:ti_sysbios_gates_GateMutex_Module__diagsMask__C)
                  0081bb10    00000004     mmw_dss_pe674.oe674 (.const:ti_sysbios_hal_Hwi_E_stackOverflow__C)
                  0081bb14    00000004     mmw_dss_pe674.oe674 (.const:ti_sysbios_heaps_HeapBuf_Instance_State_freeList__O)
                  0081bb18    00000004     mmw_dss_pe674.oe674 (.const:ti_sysbios_heaps_HeapBuf_Object__count__C)
                  0081bb1c    00000004     mmw_dss_pe674.oe674 (.const:ti_sysbios_heaps_HeapBuf_numConstructedHeaps__C)
                  0081bb20    00000004     mmw_dss_pe674.oe674 (.const:ti_sysbios_heaps_HeapMem_A_align__C)
                  0081bb24    00000004     mmw_dss_pe674.oe674 (.const:ti_sysbios_heaps_HeapMem_A_heapSize__C)
                  0081bb28    00000004     mmw_dss_pe674.oe674 (.const:ti_sysbios_heaps_HeapMem_A_invalidFree__C)
                  0081bb2c    00000004     mmw_dss_pe674.oe674 (.const:ti_sysbios_heaps_HeapMem_A_zeroBlock__C)
                  0081bb30    00000004     mmw_dss_pe674.oe674 (.const:ti_sysbios_heaps_HeapMem_E_memory__C)
                  0081bb34    00000004     mmw_dss_pe674.oe674 (.const:ti_sysbios_heaps_HeapMem_Module__diagsEnabled__C)
                  0081bb38    00000004     mmw_dss_pe674.oe674 (.const:ti_sysbios_heaps_HeapMem_Module__diagsIncluded__C)
                  0081bb3c    00000004     mmw_dss_pe674.oe674 (.const:ti_sysbios_heaps_HeapMem_Module__diagsMask__C)
                  0081bb40    00000004     mmw_dss_pe674.oe674 (.const:ti_sysbios_heaps_HeapMem_Module__gateObj__C)
                  0081bb44    00000004     mmw_dss_pe674.oe674 (.const:ti_sysbios_heaps_HeapMem_Object__count__C)
                  0081bb48    00000004     mmw_dss_pe674.oe674 (.const:ti_sysbios_heaps_HeapMem_reqAlign__C)
                  0081bb4c    00000004     mmw_dss_pe674.oe674 (.const:ti_sysbios_knl_Clock_Module_State_clockQ__O)
                  0081bb50    00000004     mmw_dss_pe674.oe674 (.const:ti_sysbios_knl_Semaphore_A_badContext__C)
                  0081bb54    00000004     mmw_dss_pe674.oe674 (.const:ti_sysbios_knl_Semaphore_A_noEvents__C)
                  0081bb58    00000004     mmw_dss_pe674.oe674 (.const:ti_sysbios_knl_Semaphore_A_overflow__C)
                  0081bb5c    00000004     mmw_dss_pe674.oe674 (.const:ti_sysbios_knl_Semaphore_A_pendTaskDisabled__C)
                  0081bb60    00000004     mmw_dss_pe674.oe674 (.const:ti_sysbios_knl_Semaphore_Instance_State_pendQ__O)
                  0081bb64    00000004     mmw_dss_pe674.oe674 (.const:ti_sysbios_knl_Semaphore_Module__diagsEnabled__C)
                  0081bb68    00000004     mmw_dss_pe674.oe674 (.const:ti_sysbios_knl_Semaphore_Module__diagsIncluded__C)
                  0081bb6c    00000004     mmw_dss_pe674.oe674 (.const:ti_sysbios_knl_Semaphore_Module__diagsMask__C)
                  0081bb70    00000004     mmw_dss_pe674.oe674 (.const:ti_sysbios_knl_Swi_Object__count__C)
                  0081bb74    00000004     mmw_dss_pe674.oe674 (.const:ti_sysbios_knl_Task_A_badPriority__C)
                  0081bb78    00000004     mmw_dss_pe674.oe674 (.const:ti_sysbios_knl_Task_A_badTaskState__C)
                  0081bb7c    00000004     mmw_dss_pe674.oe674 (.const:ti_sysbios_knl_Task_A_badThreadType__C)
                  0081bb80    00000004     mmw_dss_pe674.oe674 (.const:ti_sysbios_knl_Task_A_badTimeout__C)
                  0081bb84    00000004     mmw_dss_pe674.oe674 (.const:ti_sysbios_knl_Task_A_noPendElem__C)
                  0081bb88    00000004     mmw_dss_pe674.oe674 (.const:ti_sysbios_knl_Task_A_sleepTaskDisabled__C)
                  0081bb8c    00000004     mmw_dss_pe674.oe674 (.const:ti_sysbios_knl_Task_E_spOutOfBounds__C)
                  0081bb90    00000004     mmw_dss_pe674.oe674 (.const:ti_sysbios_knl_Task_E_stackOverflow__C)
                  0081bb94    00000004     mmw_dss_pe674.oe674 (.const:ti_sysbios_knl_Task_Module_State_inactiveQ__O)
                  0081bb98    00000004     mmw_dss_pe674.oe674 (.const:ti_sysbios_knl_Task_Module__diagsEnabled__C)
                  0081bb9c    00000004     mmw_dss_pe674.oe674 (.const:ti_sysbios_knl_Task_Module__diagsIncluded__C)
                  0081bba0    00000004     mmw_dss_pe674.oe674 (.const:ti_sysbios_knl_Task_Module__diagsMask__C)
                  0081bba4    00000004     mmw_dss_pe674.oe674 (.const:ti_sysbios_knl_Task_Object__count__C)
                  0081bba8    00000004     mmw_dss_pe674.oe674 (.const:ti_sysbios_knl_Task_Object__heap__C)
                  0081bbac    00000004     mmw_dss_pe674.oe674 (.const:ti_sysbios_knl_Task_allBlockedFunc__C)
                  0081bbb0    00000004     mmw_dss_pe674.oe674 (.const:ti_sysbios_knl_Task_defaultStackHeap__C)
                  0081bbb4    00000004     mmw_dss_pe674.oe674 (.const:ti_sysbios_knl_Task_defaultStackSize__C)
                  0081bbb8    00000004     mmw_dss_pe674.oe674 (.const:ti_sysbios_knl_Task_numConstructedTasks__C)
                  0081bbbc    00000004     mmw_dss_pe674.oe674 (.const:ti_sysbios_timers_rti_Timer_E_cannotSupport__C)
                  0081bbc0    00000004     mmw_dss_pe674.oe674 (.const:ti_sysbios_timers_rti_Timer_Module__diagsEnabled__C)
                  0081bbc4    00000004     mmw_dss_pe674.oe674 (.const:ti_sysbios_timers_rti_Timer_Module__diagsIncluded__C)
                  0081bbc8    00000004     mmw_dss_pe674.oe674 (.const:ti_sysbios_timers_rti_Timer_Module__diagsMask__C)
                  0081bbcc    00000004     mmw_dss_pe674.oe674 (.const:ti_sysbios_timers_rti_Timer_numTimerDevices__C)
                  0081bbd0    00000004     mmw_dss_pe674.oe674 (.const:ti_sysbios_timers_rti_Timer_startupNeeded__C)
                  0081bbd4    00000004     mmw_dss_pe674.oe674 (.const:ti_sysbios_utils_Load_Module_State_taskList__O)
                  0081bbd8    00000004     mmw_dss_pe674.oe674 (.const:ti_sysbios_utils_Load_Module__diagsEnabled__C)
                  0081bbdc    00000004     mmw_dss_pe674.oe674 (.const:ti_sysbios_utils_Load_Module__diagsIncluded__C)
                  0081bbe0    00000004     mmw_dss_pe674.oe674 (.const:ti_sysbios_utils_Load_Module__diagsMask__C)
                  0081bbe4    00000004     mmw_dss_pe674.oe674 (.const:ti_sysbios_utils_Load_postUpdate__C)
                  0081bbe8    00000004     mmw_dss_pe674.oe674 (.const:ti_sysbios_utils_Load_windowInMs__C)
                  0081bbec    00000004     mmw_dss_pe674.oe674 (.const:xdc_runtime_Assert_E_assertFailed__C)
[...]
008052e0  xdc_runtime_System_Module_GateProxy_leave__E                 
00805300  xdc_runtime_System_Module_startup__E                         
00805320  xdc_runtime_Text_visitRope__I                                
00805c54  ti_sysbios_family_c62_TaskSupport_stackAlignment__C          
00805c58  xdc_runtime_Text_nodeTab__A                                  
00805eb4  ti_sysbios_knl_Task_Object__PARAMS__C                        
00805fb4  xdc_runtime_LoggerBuf_Module__FXNS__C                        
00806000  gDPC_ObjDetL2Heap                                            
00812400  ti_sysbios_heaps_HeapMem_Instance_State_0_buf__A             
00819c00  xdc_runtime_Text_charTab__A                                  
0081b65a  ti_sysbios_family_c64p_Cache_Module__id__C                   
0081b65c  ti_sysbios_family_c64p_Cache_E_invalidL1CacheSize__C         
0081b660  gEdmaHwAttrs                                                 
0081b698  xdc_runtime_Startup_sfxnTab__A                               
0081b6cc  ti_sysbios_family_c64p_Cache_E_invalidL2CacheSize__C         
0081b6d0  gDPMMessageFxnTable                                          
0081b6f8  ti_sysbios_heaps_HeapMem_Module__FXNS__C                     
0081b720  xdc_runtime_LoggerBuf_Object__PARAMS__C                      
0081b748  Mailbox_defaultCfg                                           
0081b76c  ti_sysbios_gates_GateHwi_Module__FXNS__C                     
0081b790  ti_sysbios_gates_GateMutex_Module__FXNS__C                   
0081b7b4  ti_sysbios_heaps_HeapMem_Object__PARAMS__C                   
0081b7d8  ti_sysbios_knl_Semaphore_Object__PARAMS__C                   
0081b85c  ti_sysbios_gates_GateHwi_Object__DESC__C                     
0081b87c  ti_sysbios_gates_GateMutex_Object__DESC__C                   
0081b89c  ti_sysbios_heaps_HeapMem_Object__DESC__C                     
0081b8bc  ti_sysbios_knl_Queue_Object__DESC__C                         
0081b8dc  ti_sysbios_knl_Semaphore_Object__DESC__C                     
0081b8fc  ti_sysbios_knl_Task_Object__DESC__C                          
0081b91c  xdc_runtime_LoggerBuf_Object__DESC__C                        
0081b958  xdc_runtime_Startup_sfxnRts__A                               
0081b972  ti_sysbios_family_c64p_EventCombiner_Module__id__C           
0081b98c  ti_sysbios_gates_GateHwi_Object__PARAMS__C                   
0081b9a4  ti_sysbios_gates_GateMutex_Object__PARAMS__C                 
0081b9bc  ti_sysbios_knl_Queue_Object__PARAMS__C                       
0081b9d4  ti_sysbios_family_c64p_Cache_MAR0_31__C                      
0081b9d8  ti_sysbios_knl_Task_hooks__A                                 
0081ba5c  ti_sysbios_family_c64p_Cache_MAR128_159__C                   
0081ba70  ti_sysbios_family_c64p_EventCombiner_EVTMASK__C              
0081ba80  ti_sysbios_knl_Idle_funcList__A                              
0081ba8c  ti_sysbios_knl_Idle_funcList__C                              
0081ba94  ti_sysbios_knl_Task_hooks__C                                 
0081ba9c  ti_sysbios_family_c64p_Cache_MAR160_191__C                   
0081baa0  xdc_runtime_Startup_firstFxns__A                             
0081baa8  xdc_runtime_Startup_firstFxns__C                             
0081bab0  xdc_runtime_Startup_lastFxns__C                              
0081bab8  ti_sysbios_family_c64p_Cache_MAR192_223__C                   
0081babc  ti_sysbios_family_c64p_Cache_MAR224_255__C                   
0081bac0  ti_sysbios_family_c64p_Cache_MAR32_63__C                     
0081bac4  ti_sysbios_family_c64p_Cache_MAR64_95__C                     
0081bac8  ti_sysbios_family_c64p_Cache_MAR96_127__C                    
0081bacc  ti_sysbios_family_c64p_EventCombiner_A_invalidEventId__C     
0081bad0  ti_sysbios_family_c64p_EventCombiner_EVTRegs__C              
0081bad4  ti_sysbios_family_c64p_EventCombiner_E_unpluggedEvent__C     
0081bad8  ti_sysbios_family_c64p_EventCombiner_Module__diagsEnabled__C 
0081badc  ti_sysbios_family_c64p_EventCombiner_Module__diagsIncluded__C
0081bae0  ti_sysbios_family_c64p_EventCombiner_Module__diagsMask__C    
0081bae4  ti_sysbios_family_c64p_Exception_E_exceptionMax__C           
0081bae8  ti_sysbios_family_c64p_Exception_exceptionHook__C            
0081baec  ti_sysbios_family_c64p_Exception_externalHook__C             
0081baf0  ti_sysbios_family_c64p_Exception_internalHook__C             
0081baf4  ti_sysbios_family_c64p_Exception_nmiHook__C                  
0081baf8  ti_sysbios_family_c64p_Hwi_INTRMUX1Address__C                
0081bafc  ti_sysbios_gates_GateMutex_A_badContext__C                   
0081bb00  ti_sysbios_gates_GateMutex_Instance_State_sem__O             
0081bb04  ti_sysbios_gates_GateMutex_Module__diagsEnabled__C           
0081bb08  ti_sysbios_gates_GateMutex_Module__diagsIncluded__C          
0081bb0c  ti_sysbios_gates_GateMutex_Module__diagsMask__C              
0081bb10  ti_sysbios_hal_Hwi_E_stackOverflow__C                        
0081bb14  ti_sysbios_heaps_HeapBuf_Instance_State_freeList__O          
0081bb18  ti_sysbios_heaps_HeapBuf_Object__count__C                    
0081bb1c  ti_sysbios_heaps_HeapBuf_numConstructedHeaps__C              
0081bb20  ti_sysbios_heaps_HeapMem_A_align__C                          
0081bb24  ti_sysbios_heaps_HeapMem_A_heapSize__C                       
0081bb28  ti_sysbios_heaps_HeapMem_A_invalidFree__C                    
0081bb2c  ti_sysbios_heaps_HeapMem_A_zeroBlock__C                      
0081bb30  ti_sysbios_heaps_HeapMem_E_memory__C                         
0081bb34  ti_sysbios_heaps_HeapMem_Module__diagsEnabled__C             
0081bb38  ti_sysbios_heaps_HeapMem_Module__diagsIncluded__C            
0081bb3c  ti_sysbios_heaps_HeapMem_Module__diagsMask__C                
0081bb40  ti_sysbios_heaps_HeapMem_Module__gateObj__C                  
0081bb44  ti_sysbios_heaps_HeapMem_Object__count__C                    
0081bb48  ti_sysbios_heaps_HeapMem_reqAlign__C                         
0081bb4c  ti_sysbios_knl_Clock_Module_State_clockQ__O                  
0081bb50  ti_sysbios_knl_Semaphore_A_badContext__C                     
0081bb54  ti_sysbios_knl_Semaphore_A_noEvents__C                       
0081bb58  ti_sysbios_knl_Semaphore_A_overflow__C                       
0081bb5c  ti_sysbios_knl_Semaphore_A_pendTaskDisabled__C               
0081bb60  ti_sysbios_knl_Semaphore_Instance_State_pendQ__O             
0081bb64  ti_sysbios_knl_Semaphore_Module__diagsEnabled__C             
0081bb68  ti_sysbios_knl_Semaphore_Module__diagsIncluded__C            
0081bb6c  ti_sysbios_knl_Semaphore_Module__diagsMask__C                
0081bb70  ti_sysbios_knl_Swi_Object__count__C                          
0081bb74  ti_sysbios_knl_Task_A_badPriority__C                         
0081bb78  ti_sysbios_knl_Task_A_badTaskState__C                        
0081bb7c  ti_sysbios_knl_Task_A_badThreadType__C                       
0081bb80  ti_sysbios_knl_Task_A_badTimeout__C                          
0081bb84  ti_sysbios_knl_Task_A_noPendElem__C                          
0081bb88  ti_sysbios_knl_Task_A_sleepTaskDisabled__C                   
0081bb8c  ti_sysbios_knl_Task_E_spOutOfBounds__C                       
0081bb90  ti_sysbios_knl_Task_E_stackOverflow__C                       
0081bb94  ti_sysbios_knl_Task_Module_State_inactiveQ__O                
0081bb98  ti_sysbios_knl_Task_Module__diagsEnabled__C                  
0081bb9c  ti_sysbios_knl_Task_Module__diagsIncluded__C                 
0081bba0  ti_sysbios_knl_Task_Module__diagsMask__C                     
0081bba4  ti_sysbios_knl_Task_Object__count__C                         
0081bba8  ti_sysbios_knl_Task_Object__heap__C                          
0081bbac  ti_sysbios_knl_Task_allBlockedFunc__C                        
0081bbb0  ti_sysbios_knl_Task_defaultStackHeap__C                      
0081bbb4  ti_sysbios_knl_Task_defaultStackSize__C                      
0081bbb8  ti_sysbios_knl_Task_numConstructedTasks__C                   
0081bbbc  ti_sysbios_timers_rti_Timer_E_cannotSupport__C               
0081bbc0  ti_sysbios_timers_rti_Timer_Module__diagsEnabled__C          
0081bbc4  ti_sysbios_timers_rti_Timer_Module__diagsIncluded__C         
0081bbc8  ti_sysbios_timers_rti_Timer_Module__diagsMask__C             
0081bbcc  ti_sysbios_timers_rti_Timer_numTimerDevices__C               
0081bbd0  ti_sysbios_timers_rti_Timer_startupNeeded__C                 
0081bbd4  ti_sysbios_utils_Load_Module_State_taskList__O               
0081bbd8  ti_sysbios_utils_Load_Module__diagsEnabled__C                
0081bbdc  ti_sysbios_utils_Load_Module__diagsIncluded__C               
0081bbe0  ti_sysbios_utils_Load_Module__diagsMask__C                   
0081bbe4  ti_sysbios_utils_Load_postUpdate__C                          
0081bbe8  ti_sysbios_utils_Load_windowInMs__C                          
0081bbec  xdc_runtime_Assert_E_assertFailed__C                         
0081bbf0  xdc_runtime_Core_A_initializedParams__C                      
0081bbf4  xdc_runtime_Core_Module__diagsEnabled__C                     
0081bbf8  xdc_runtime_Core_Module__diagsIncluded__C                    
0081bbfc  xdc_runtime_Core_Module__diagsMask__C                        
0081bc00  xdc_runtime_Error_E_memory__C                                
0081bc04  xdc_runtime_Error_policyFxn__C                               
0081bc08  xdc_runtime_Error_policy__C                                  
0081bc0c  xdc_runtime_Error_raiseHook__C                               
0081bc10  xdc_runtime_IFilterLogger_Interface__BASE__C                 
0081bc14  xdc_runtime_IGateProvider_Interface__BASE__C                 
0081bc18  xdc_runtime_IHeap_Interface__BASE__C                         
0081bc1c  xdc_runtime_ILogger_Interface__BASE__C                       
0081bc20  xdc_runtime_IModule_Interface__BASE__C                       
0081bc24  xdc_runtime_LoggerBuf_E_badLevel__C                          
0081bc28  xdc_runtime_LoggerBuf_Module__gateObj__C                     
0081bc2c  xdc_runtime_LoggerBuf_Object__count__C                       
0081bc30  xdc_runtime_LoggerBuf_statusLogger__C                        
0081bc34  xdc_runtime_Memory_defaultHeapInstance__C                    
0081bc38  xdc_runtime_Startup_execImpl__C                              
0081bc3c  xdc_runtime_Startup_maxPasses__C                             
0081bc40  xdc_runtime_Startup_sfxnRts__C                               
0081bc44  xdc_runtime_Startup_sfxnTab__C                               
0081bc48  xdc_runtime_System_Module__gateObj__C                        
0081bc4c  xdc_runtime_System_abortFxn__C                               
0081bc50  xdc_runtime_System_exitFxn__C                                
0081bc54  xdc_runtime_System_extendFxn__C                              
0081bc58  xdc_runtime_System_maxAtexitHandlers__C                      
0081bc5c  xdc_runtime_Text_charTab__C                                  
0081bc60  xdc_runtime_Text_nameEmpty__C                                
0081bc64  xdc_runtime_Text_nameStatic__C                               
0081bc68  xdc_runtime_Text_nameUnknown__C                              
0081bc6c  xdc_runtime_Text_nodeTab__C                                  
0081bc70  xdc_runtime_Text_visitRopeFxn__C                             
0081bc74  ti_sysbios_family_c64p_Exception_Module__id__C               
0081bc76  ti_sysbios_family_c64p_Exception_useInternalBuffer__C        
0081bc78  ti_sysbios_gates_GateMutex_Module__id__C                     
0081bc7a  ti_sysbios_hal_Hwi_Module__id__C                             
0081bc7c  ti_sysbios_heaps_HeapMem_Module__id__C                       
0081bc7e  ti_sysbios_knl_Semaphore_Module__id__C                       
0081bc80  ti_sysbios_knl_Task_Module__id__C                            
0081bc82  ti_sysbios_timers_rti_Timer_Module__id__C                    
0081bc84  ti_sysbios_timers_rti_Timer_continueOnSuspend__C             
0081bc86  ti_sysbios_utils_Load_Module__id__C                          
0081bc88  ti_sysbios_utils_Load_autoAddTasks__C                        
0081bc8a  ti_sysbios_utils_Load_updateInIdle__C                        
0081bc8c  xdc_runtime_Core_Module__id__C                               
0081bc8e  xdc_runtime_Error_maxDepth__C                                
0081bc90  xdc_runtime_LoggerBuf_Module__id__C                          
0081bc92  xdc_runtime_LoggerBuf_filterByLevel__C                       
0081bc94  xdc_runtime_Main_Module__id__C                               
0081bc96  xdc_runtime_Memory_Module__id__C                             
0081bc98  xdc_runtime_Text_charCnt__C                                  
0081bc9a  xdc_runtime_Text_isLoaded__C                                 
0081bc9c  xdc_runtime_Text_registryModsLastId__C                       
0081bc9e  xdc_runtime_Text_unnamedModsLastId__C                        
0081bca0  xdc_runtime_LoggerBuf_Instance_State_0_entryArr__A           
0081dc98  ti_sysbios_knl_Task_Instance_State_0_stack__A                
0081dfb8  __TI_tmpnams                                                 
0081e0f8  gMmwDssMCB                                                   
0081e1d0  resultBuffer                                                 
0081e1e8  edmaDbg                                                      
0081e1f8  parmbuf                                                      
0081e200  ti_sysbios_knl_Task_Instance_State_0_hookEnv__A              
0081e204  __TI_STATIC_BASE                                             
0081e204  gObjDetObj                                                   
0081e208  ti_sysbios_family_c64p_EventCombiner_Module__state__V        
0081e608  _ftable                                                      
0081e7e8  _stream                                                      
0081e888  ti_sysbios_utils_Load_Module__state__V                       
0081e9a8  ti_sysbios_knl_Swi_Module_State_0_readyQ__A                  
0081ea28  ti_sysbios_knl_Task_Module_State_0_readyQ__A                 
0081eaa8  _device                                                      
0081eb20  ti_sysbios_family_c64p_Hwi_Object__table__V                  
0081eb98  ti_sysbios_family_c64p_Hwi_Module__state__V                  
0081ec04  _lock                                                        
0081ec08  ti_sysbios_knl_Task_Object__table__V                         
0081ec64  gMailboxMCB                                                  
0081ecb4  ti_sysbios_knl_Task_Module__state__V                         
0081ecfc  _unlock                                                      
0081edc0  SOC_TranslateAddr_LUT                                        
0081ee40  ti_sysbios_gates_GateMutex_Object__table__V                  
0081ee80  ti_sysbios_timers_rti_Timer_Object__table__V                 
0081eebc  __TI_ft_end                                                  
0081eef8  gHWAHwCfg                                                    
0081ef28  ti_sysbios_family_c64p_Exception_Module__state__V            
0081ef58  ti_sysbios_knl_Swi_Object__table__V                          
0081ef88  ti_sysbios_knl_Clock_Module__state__V                        
0081efb4  gDPC_ObjectDetectionCfg                                      
0081efd8  ti_sysbios_BIOS_Module__state__V                             
0081effc  __errno                                                      
0081effc  errno                                                        
0081f000  xdc_runtime_LoggerBuf_Object__table__V                       
0081f024  ti_sysbios_family_c64p_Cache_Module__state__V                
0081f068  gSOCHwAttrib                                                 
0081f088  xdc_runtime_Error_IgnoreBlock                                
0081f0a8  xdc_runtime_System_Module_State_0_atexitHandlers__A          
0081f0c8  ti_sysbios_knl_Swi_Module__state__V                          
0081f0e4  ti_sysbios_heaps_HeapBuf_Module__state__V                    
0081f0e8  ti_sysbios_utils_Load_Module_State_0_taskEnv__A              
0081f104  gMailboxDssBssHwCfg                                          
0081f11c  gMailboxDssMssHwCfg                                          
0081f134  xdc_runtime_Memory_Module__state__V                          
0081f138  ti_sysbios_heaps_HeapMem_Object__table__V                    
0081f150  ti_sysbios_timers_rti_Timer_Module_State_0_device__A         
0081f168  gDPMRemoteTable                                              
0081f17c  xdc_runtime_Error_Module__state__V                           
0081f180  gHwaEDMAChanMapping                                          
0081f190  ti_sysbios_timers_rti_Timer_Module_State_0_intFreqs__A       
0081f1a0  ti_sysbios_timers_rti_Timer_Module__state__V                 
0081f1b0  __TI_cleanup_ptr                                             
0081f1b4  __TI_dtors_ptr                                               
0081f1b8  __TI_enable_exit_profile_output                              
0081f1bc  ti_sysbios_knl_Task_Module__root__V                          
0081f1c8  gDPMHwAttrib                                                 
0081f1d0  ti_sysbios_gates_GateHwi_Module__root__V                     
0081f1d8  ti_sysbios_gates_GateMutex_Module__root__V                   
0081f1e0  ti_sysbios_hal_Hwi_Object__table__V                          
0081f1e8  ti_sysbios_heaps_HeapMem_Module__root__V                     
0081f1f0  ti_sysbios_knl_Queue_Module__root__V                         
0081f1f8  ti_sysbios_knl_Semaphore_Module__root__V                     
0081f200  ti_sysbios_timers_rti_Timer_Module_State_0_handles__A        
0081f208  xdc_runtime_LoggerBuf_Module__root__V                        
0081f210  xdc_runtime_Registry_Module__state__V                        
0081f218  xdc_runtime_Startup_Module__state__V                         
0081f220  xdc_runtime_System_Module__state__V                          
0081f228  xdc_runtime_LoggerBuf_Module__state__V                       
0081f230  gHWADriverPtr                                                
0081f238  ti_sysbios_gates_GateHwi_Object__table__V                    
0081f240  ti_sysbios_knl_Task_Module_State_0_idleTask__A               
0081f248  ti_sysbios_utils_Load_Module_State_0_runningTask__A          
0081f250  ti_sysbios_utils_Load_Module_State_0_taskStartTime__A        
0081f258  _stack                                                       
0081fa58  __CIOBUF_                                                    
0081fa58  __TI_STACK_END                                               
0081fc34  gAntennaSpacing                                              
0081fc3c  gDPM                                                         
0081fc40  regionId                                                     
20000000  gMmwL3                                                       
21080000  gHSRAM                                                       
ffffffff  __TI_pprof_out_hndl                                          
ffffffff  __TI_prof_data_size                                          
ffffffff  __TI_prof_data_start                                         
ffffffff  __binit__                                                    
ffffffff  __c_args__                                                   
ffffffff  binit                                                        
UNDEFED   __TI_CINIT_Base                                              
UNDEFED   __TI_CINIT_Limit                                             
UNDEFED   __TI_Handler_Table_Base                                      
UNDEFED   __TI_Handler_Table_Limit                                     
UNDEFED   __TI_INITARRAY_Base                                          
UNDEFED   __TI_INITARRAY_Limit                                         
UNDEFED   __TI_TLS_INIT_Base                                           
UNDEFED   __TI_TLS_INIT_Limit                                          

[841 symbols]
