******************************************************************************
                  TI ARM Linker PC v16.9.6                     
******************************************************************************
>> Linked Wed Oct 25 10:20:32 2023

OUTPUT FILE NAME:   <out_of_box_1843_mss_isk.xer4f>
ENTRY POINT SYMBOL: "_c_int00"  address: 000177d4


MEMORY CONFIGURATION

         name            origin    length      used     unused   attr    fill
----------------------  --------  ---------  --------  --------  ----  --------
PAGE 0:
  VECTORS               00000000   00000100  0000003c  000000c4     X
  PROG_RAM              00000100   0007ff00  0001ea6e  00061492  R  X
  DATA_RAM              08000000   00030000  0000e874  0002178c  RW  
  L3_RAM                51000000   000c0000  00000000  000c0000  RW  
  HWA_RAM               52030000   00010000  00000000  00010000  RW  
  HS_RAM                52080000   00008000  00000000  00008000  RW  

PAGE 1:
  L3_RAM                51000000   000c0000  00000000  000c0000  RW  


SEGMENT ALLOCATION MAP

run origin  load origin   length   init length attrs members
----------  ----------- ---------- ----------- ----- -------
00000000    00000000    0000003c   0000003c    r--
  00000000    00000000    0000003c   0000003c    r-- .vecs
00000100    00000100    0001ea78   0001ea78    r-x
  00000100    00000100    0001d5b2   0001d5b2    r-x .text
  0001d6b8    0001d6b8    00000fec   00000fec    r-- .const
  0001e6a8    0001e6a8    000004d0   000004d0    r-- .cinit
08000000    08000000    0000e878   00000000    rw-
  08000000    08000000    00008000   00000000    rw- systemHeap
  08008000    08008000    0000333c   00000000    rw- .bss
  0800b340    0800b340    00002538   00000000    rw- .data
  0800d878    0800d878    00000800   00000000    rw- .myFiqStack
  0800e078    0800e078    00000800   00000000    rw- .stack


SECTION ALLOCATION MAP

 output                                  attributes/
section   page    origin      length       input sections
--------  ----  ----------  ----------   ----------------
systemHeap 
*          0    08000000    00008000     UNINITIALIZED
                  08000000    00008000     mmw_mss_per4ft.oer4ft (systemHeap)

.vecs      0    00000000    0000003c     
                  00000000    0000003c     mmw_mss_per4ft.oer4ft (.vecs)

.text      0    00000100    0001d5b2     
                  00000100    0000107a     rtsv7R4_T_le_v3D16_eabi.lib : _printfi.obj (.text)
                  0000117a    00000002     libadcbuf_xwr18xx.aer4f : adcbuf_mmwave.oer4f (.text:ADCBUF_MMWave_init)
                  0000117c    00000898     rtsv7R4_T_le_v3D16_eabi.lib : _scanfi.obj (.text)
                  00001a14    0000079c     mss_main.oer4f (.text:MmwDemo_dataPathConfig)
                  000021b0    00000752     mmw_cli.oer4f (.text:MmwDemo_CLIInit)
                  00002902    00000002     libmmwave_xwr18xx.aer4f : mmwave_link.oer4f (.text:MMWave_maskHostIRQ)
                  00002904    000006a8     mss_main.oer4f (.text:MmwDemo_initTask)
                  00002fac    0000059e     mss_main.oer4f (.text:MmwDemo_openSensor)
                  0000354a    00000006     libosal_xwr18xx.aer4f : CycleprofilerP_tirtos.oer4f (.text:CycleprofilerP_getTimeStamp)
                  00003550    000004e1     sysbios.aer4ft : BIOS.obj (.text:xdc_runtime_System_doPrint__I)
                  00003a31    00000001     --HOLE-- [fill = 0]
                  00003a32    00000002     libqspiflash_xwr18xx.aer4f : qspiflash.oer4f (.text:QSPIFlash_init)
                  00003a34    000004a8     libadcbuf_xwr18xx.aer4f : adcbuf_mmwave.oer4f (.text:ADCBUF_MMWave_control)
                  00003edc    00000440     mmwdemo_rfparser.oer4f (.text:MmwDemo_RFParser_parseCtrlConfig)
                  0000431c    00000438     mss_main.oer4f (.text:MmwDemo_handleObjectDetResult)
                  00004754    00000414     libcli_xwr18xx.aer4f : cli_mmwave.oer4f (.text:CLI_MMWaveVersion)
                  00004b68    000003fd     mmw_cli.oer4f (.text:MmwDemo_CLISensorStart)
                  00004f65    00000001     --HOLE-- [fill = 0]
                  00004f66    00000002     libqspi_xwr18xx.aer4f : qspi.oer4f (.text:QSPI_init)
                  00004f68    000003e4     mss_main.oer4f (.text:MmwDemo_transmitProcessedOutput)
                  0000534c    00000308     libsoc_xwr18xx.aer4f : soc_xwr18xx_mss.oer4f (.text:SOC_deviceInit)
                  00005654    000002f8     libcbuff_xwr18xx.aer4f : cbuff.oer4f (.text:CBUFF_createSession)
                  0000594c    00000004     libosal_xwr18xx.aer4f : HwiP_tirtos.oer4f (.text:HwiP_disableInterrupt)
                  00005950    000002f4     sysbios.aer4ft : BIOS.obj (.text:ti_sysbios_knl_Semaphore_pend__E)
                  00005c44    000002dc     mss_main.oer4f (.text:MmwDemo_processPendingDynamicCfgCommands)
                  00005f20    000002cc     sysbios.aer4ft : BIOS.obj (.text:ti_sysbios_knl_Task_Instance_finalize__E)
                  000061ec    000002b8     rtsv7R4_T_le_v3D16_eabi.lib : ull_div32.obj (.text)
                  000064a4    0000000c     libcli_xwr18xx.aer4f : cli_mmwave.oer4f (.text:CLI_getMMWaveExtensionConfig)
                  000064b0    000002a4     sysbios.aer4ft : BIOS.obj (.text:ti_sysbios_heaps_HeapMem_freeUnprotected__E)
                  00006754    00000284     libmmwave_xwr18xx.aer4f : mmwave_dualcore.oer4f (.text:MMWave_deviceExecuteFxn)
                  000069d8    00000280     libhsiheader_xwr18xx.aer4f : hsiheader.oer4f (.text:HSIHeader_createHeader)
                  00006c58    00000008     librtrimutils.aer4f : rtrimutils.oer4f (.text:GET_ANA_BASE_ADDRESS)
                  00006c60    00000280     sysbios.aer4ft : BIOS.obj (.text:ti_sysbios_family_arm_exc_Exception_excDumpContext__I)
                  00006ee0    00000278     mss_main.oer4f (.text:MmwDemo_sensorStopEpilog)
                  00007158    0000026c     libqspiflash_xwr18xx.aer4f : qspiflash.oer4f (.text:QSPIFlash_open)
                  000073c4    00000264     libcbuff_xwr18xx.aer4f : cbuff.oer4f (.text:CBUFF_init)
                  00007628    00000260     libmailbox_xwr18xx.aer4f : mailbox.oer4f (.text:Mailbox_open)
                  00007888    00000254     libcli_xwr18xx.aer4f : cli_mmwave.oer4f (.text:CLI_MMWaveProfileCfg)
                  00007adc    00000240     mss_main.oer4f (.text:MmwDemo_checkEdmaErrors)
                  00007d1c    0000023c     mss_main.oer4f (.text:MmwDemo_DPC_ObjectDetection_reportFxn)
                  00007f58    0000023c     mmw_lvds_stream.oer4f (.text:MmwDemo_LVDSStreamHwConfig)
                  00008194    0000022c     libcbuff_xwr18xx.aer4f : cbuff_lvds.oer4f (.text:CBUFF_openLVDS)
                  000083c0    00000228     sysbios.aer4ft : BIOS.obj (.text:ti_sysbios_heaps_HeapMem_allocUnprotected__E)
                  000085e8    00000008     libosal_xwr18xx.aer4f : HwiP_tirtos.oer4f (.text:HwiP_disable)
                  000085f0    00000224     sysbios.aer4ft : BIOS.obj (.text:ti_sysbios_timers_rti_Timer_Module_startup__E)
                  00008814    00000214     libedma_xwr18xx.aer4f : edma.oer4f (.text:EDMA_configChannel)
                  00008a28    00000214     libuart_xwr18xx.aer4f : uartsci.oer4f (.text:UartSci_open)
                  00008c3c    00000210     mss_main.oer4f (.text:MmwDemo_eventCallbackFxn)
                  00008e4c    0000020a     libcbuff_xwr18xx.aer4f : cbuff_transfer.oer4f (.text:CBUFF_addLinkedList)
                  00009056    00000002     libuart_xwr18xx.aer4f : uartsci.oer4f (.text:UartSci_init)
                  00009058    00000204     libcli_xwr18xx.aer4f : cli_mmwave.oer4f (.text:CLI_MMWaveChirpCfg)
                  0000925c    00000204     libcrc_xwr18xx.aer4f : crc.oer4f (.text:CRC_open)
                  00009460    00000204     sysbios.aer4ft : BIOS.obj (.text:ti_sysbios_knl_Task_sleep__E)
                  00009664    00000200     mss_main.oer4f (.text:MmwDemo_stopSensor)
                  00009864    0000000c     libedma_xwr18xx.aer4f : edma_low_level.oer4f (.text:EDMA3ChannelToParamMap)
                  00009870    00000200     sysbios.aer4ft : BIOS.obj (.text:ti_sysbios_knl_Task_Instance_init__E)
                  00009a70    000001f0     libdma_xwr18xx.aer4f : dma.oer4f (.text:DMA_setChannelParams)
                  00009c60    000001ef     libedma_xwr18xx.aer4f : edma.oer4f (.text:EDMA_paramConfig_assist)
                  00009e4f    00000001     --HOLE-- [fill = 0]
                  00009e50    000001e4     rtsv7R4_T_le_v3D16_eabi.lib : strtod.obj (.text)
                  0000a034    000001e4                                 : strtoll.obj (.text)
                  0000a218    000001d4     libcbuff_xwr18xx.aer4f : cbuff_edma.oer4f (.text:CBUFF_configEDMA)
                  0000a3ec    00000004     libosal_xwr18xx.aer4f : HwiP_tirtos.oer4f (.text:HwiP_enableInterrupt)
                  0000a3f0    000001cc     sysbios.aer4ft : BIOS.obj (.text:ti_sysbios_family_arm_v7r_vim_Hwi_dispatchIRQC__I)
                  0000a5bc    000001c8     libcbuff_xwr18xx.aer4f : cbuff_lvds.oer4f (.text:CBUFF_initLVDS)
                  0000a784    000001c8     mss_main.oer4f (.text:main)
                  0000a94c    000001c8     libmmwavelink_xwr18xx.aer4f : rl_driver.oer4f (.text:rlDriverRxHdrRead)
                  0000ab14    000001c8     rtsv7R4_T_le_v3D16_eabi.lib : fopen.obj (.text)
                  0000acdc    000001c0     libedma_xwr18xx.aer4f : edma.oer4f (.text:EDMA_open)
                  0000ae9c    000001b0     libmmwavelink_xwr18xx.aer4f : rl_driver.oer4f (.text:rlDriverMsgRead)
                  0000b04c    000001a8     libcli_xwr18xx.aer4f : cli_mmwave.oer4f (.text:CLI_MMWaveSubFrameCfg)
                  0000b1f4    000001a4     libcbuff_xwr18xx.aer4f : cbuff.oer4f (.text:CBUFF_activateSession)
                  0000b398    000001a4     libmmwave_xwr18xx.aer4f : mmwave_dualcore.oer4f (.text:MMWave_serializeCfg)
                  0000b53c    0000019c     mss_main.oer4f (.text:MmwDemo_startSensor)
                  0000b6d8    0000019c     mss_main.oer4f (.text:MmwDemo_transferLVDSUserData)
                  0000b874    0000000c     libedma_xwr18xx.aer4f : edma_low_level.oer4f (.text:EDMAsetRegion)
                  0000b880    0000019c     sysbios.aer4ft : BIOS.obj (.text:xdc_runtime_Error_policyDefault__E)
                  0000ba1c    00000194     libmmwave_xwr18xx.aer4f : mmwave_link.oer4f (.text:MMWave_openLink)
                  0000bbb0    00000190     libmmwavelink_xwr18xx.aer4f : rl_driver.oer4f (.text:rlDriverCmdInvoke)
                  0000bd40    00000188     mmw_cli.oer4f (.text:MmwDemo_CLIConfigDataPort)
                  0000bec8    00000008     libmmwave_xwr18xx.aer4f : mmwave.oer4f (.text:MMWave_decodeErrorLevel)
                  0000bed0    00000184     sysbios.aer4ft : BIOS.obj (.text:xdc_runtime_LoggerBuf_write8__E)
                  0000c054    00000180     libdpm_xwr18xx.aer4f : dpm_core.oer4f (.text:DPM_init)
                  0000c1d4    00000180                          : dpm_msg.oer4f (.text:DPM_msgRecv)
                  0000c354    00000180     mmwdemo_rfparser.oer4f (.text:MmwDemo_RFParser_setAoAParams)
                  0000c4d4    00000174     mmw_lvds_stream.oer4f (.text:MmwDemo_LVDSStreamInit)
                  0000c648    00000170     libgpio_xwr18xx.aer4f : gpio.oer4f (.text:GPIO_setConfig)
                  0000c7b8    0000016c     libsoc_xwr18xx.aer4f : soc_xwr18xx_mss.oer4f (.text:SOC_unhaltDSS)
                  0000c924    0000000c     libmmwave_xwr18xx.aer4f : mmwave_dualcore.oer4f (.text:MMWave_deviceMailboxCallbackFxn)
                  0000c930    0000016c     sysbios.aer4ft : BIOS.obj (.text:ti_sysbios_knl_Semaphore_post__E)
                  0000ca9c    00000168     mmw_lvds_stream.oer4f (.text:MmwDemo_LVDSStreamSwConfig)
                  0000cc04    0000000c     libmmwave_xwr18xx.aer4f : mmwave_osal.oer4f (.text:MMWave_osalMutexUnlock)
                  0000cc10    00000168     sysbios.aer4ft : BIOS.obj (.text:ti_sysbios_family_arm_exc_Exception_excHandler__I)
                  0000cd78    00000164     rtsv7R4_T_le_v3D16_eabi.lib : strtoull.obj (.text)
                  0000cedc    00000160     libqspi_xwr18xx.aer4f : qspi.oer4f (.text:QSPI_open)
                  0000d03c    00000004     libmmwave_xwr18xx.aer4f : mmwave_link.oer4f (.text:MMWave_disableDevice)
                  0000d040    00000160     sysbios.aer4ft : BIOS.obj (.text:ti_sysbios_family_arm_v7r_vim_Hwi_reconfig__E)
                  0000d1a0    00000158                    : BIOS.obj (.text:ti_sysbios_knl_Task_postInit__I)
                  0000d2f8    0000014c     libcli_xwr18xx.aer4f : cli_mmwave.oer4f (.text:CLI_MMWaveFrameCfg)
                  0000d444    0000014c                          : cli.oer4f (.text:CLI_task)
                  0000d590    0000014c     libmmwave_xwr18xx.aer4f : mmwave_link.oer4f (.text:MMWave_initMMWaveLink)
                  0000d6dc    0000014a     libuart_xwr18xx.aer4f : uartsci.oer4f (.text:UartSci_ISR)
                  0000d826    00000002     rtsv7R4_T_le_v3D16_eabi.lib : i_div0.obj (.text)
                  0000d828    00000148     libhsiheader_xwr18xx.aer4f : hsiheader.oer4f (.text:HSIHeader_init)
                  0000d970    00000148     libmmwavelink_xwr18xx.aer4f : rl_driver.oer4f (.text:rlDriverCmdSendRetry)
                  0000dab8    00000008     libmmwave_xwr18xx.aer4f : mmwave_link.oer4f (.text:MMWave_mboxCallbackFxn)
                  0000dac0    00000140     sysbios.aer4ft : BIOS.obj (.text:ti_sysbios_heaps_HeapMem_Instance_init__E)
                  0000dc00    00000140                    : BIOS.obj (.text:xdc_runtime_Core_createObject__I)
                  0000dd40    0000013c     mmw_lvds_stream.oer4f (.text:MmwDemo_LVDSStreamDeleteHwSession)
                  0000de7c    00000004     libmmwave_xwr18xx.aer4f : mmwave_link.oer4f (.text:MMWave_enableDevice)
                  0000de80    0000013c     sysbios.aer4ft : BIOS.obj (.text:ti_sysbios_knl_Clock_workFunc__E)
                  0000dfbc    00000134     libadcbuf_xwr18xx.aer4f : adcbuf_mmwave.oer4f (.text:ADCBUF_MMWave_open)
                  0000e0f0    00000134     mss_main.oer4f (.text:MmwDemo_edmaOpen)
                  0000e224    0000000c     libmmwave_xwr18xx.aer4f : mmwave_osal.oer4f (.text:MMWave_osalSemSignal)
                  0000e230    00000134     sysbios.aer4ft : BIOS.obj (.text:xdc_runtime_Startup_startMods__I)
                  0000e364    00000130     mmw_lvds_stream.oer4f (.text:MmwDemo_LVDSStreamDeleteSwSession)
                  0000e494    00000130     rtsv7R4_T_le_v3D16_eabi.lib : strtol.obj (.text)
                  0000e5c4    0000012a     libedma_xwr18xx.aer4f : edma.oer4f (.text:EDMA_check4kSiErrata)
                  0000e6ee    00000002     mmw_mss_per4ft.oer4ft (.text:ti_sysbios_BIOS_nullFunc__I)
                  0000e6f0    00000128     sysbios.aer4ft : BIOS.obj (.text:ti_sysbios_utils_Load_updateThreadContexts__E)
                  0000e818    00000124     libcli_xwr18xx.aer4f : cli_mmwave.oer4f (.text:CLI_MMWaveAdvFrameCfg)
                  0000e93c    00000124                          : cli_mmwave.oer4f (.text:CLI_MMWaveContModeCfg)
                  0000ea60    00000124     libedma_xwr18xx.aer4f : edma.oer4f (.text:EDMA_init)
                  0000eb84    0000000c     libuart_xwr18xx.aer4f : UART.oer4f (.text:UART_Params_init)
                  0000eb90    00000120     sysbios.aer4ft : BIOS.obj (.text:xdc_runtime_LoggerBuf_write4__E)
                  0000ecb0    0000011c     mmw_cli.oer4f (.text:MmwDemo_CLILvdsStreamCfg)
                  0000edcc    00000004     libmmwave_xwr18xx.aer4f : mmwave_listlib.oer4f (.text:MMWave_listGetHead)
                  0000edd0    00000118     sysbios.aer4ft : BIOS.obj (.text:ti_sysbios_family_arm_v7r_vim_Hwi_Instance_init__E)
                  0000eee8    00000114     libedma_xwr18xx.aer4f : edma.oer4f (.text:EDMA_configErrorMonitoring)
                  0000effc    00000114                           : edma.oer4f (.text:EDMA_transferComplete_isr)
                  0000f110    00000110     mss_main.oer4f (.text:MmwDemo_calibInit)
                  0000f220    00000110     rtsv7R4_T_le_v3D16_eabi.lib : strtoul.obj (.text)
                  0000f330    0000010c     libdpm_xwr18xx.aer4f : dpm_msg.oer4f (.text:DPM_msgResultHandler)
                  0000f43c    0000010c     libmmwave_xwr18xx.aer4f : mmwave_link.oer4f (.text:MMWave_asyncEventHandler)
                  0000f548    0000010c                             : mmwave_dualcore.oer4f (.text:MMWave_deviceInitFxn)
                  0000f654    0000000c     libuart_xwr18xx.aer4f : uartsci_dma.oer4f (.text:UartSci_isDMAEnabled)
                  0000f660    0000010c     sysbios.aer4ft : BIOS.obj (.text:ti_sysbios_knl_Task_schedule__I)
                  0000f76c    00000004     libmmwave_xwr18xx.aer4f : mmwave_listlib.oer4f (.text:MMWave_listGetNext)
                  0000f770    0000010c     sysbios.aer4ft : BIOS.obj (.text:xdc_runtime_Core_constructObject__I)
                  0000f87c    00000108     libdma_xwr18xx.aer4f : dma.oer4f (.text:DMA_disableInterrupt)
                  0000f984    00000108     libmailbox_xwr18xx.aer4f : mailbox.oer4f (.text:Mailbox_write)
                  0000fa8c    00000108     mmw_cli.oer4f (.text:MmwDemo_CLICfarCfg)
                  0000fb94    00000104     libcbuff_xwr18xx.aer4f : cbuff.oer4f (.text:CBUFF_deinit)
                  0000fc98    00000104     libedma_xwr18xx.aer4f : edma.oer4f (.text:EDMA_configParamSet)
                  0000fd9c    00000104     libmmwave_xwr18xx.aer4f : mmwave_link.oer4f (.text:MMWave_startLink)
                  0000fea0    00000104     mmw_cli.oer4f (.text:MmwDemo_CLIChirpQualityRxSatMonCfg)
                  0000ffa4    00000104     mmw_cli.oer4f (.text:MmwDemo_CLICompRangeBiasAndRxChanPhaseCfg)
                  000100a8    00000008     libosal_xwr18xx.aer4f : SemaphoreP_tirtos.oer4f (.text:SemaphoreP_Params_init)
                  000100b0    00000104     sysbios.aer4ft : BIOS.obj (.text:ti_sysbios_timers_rti_Timer_getFreq__E)
                  000101b4    00000100     libcli_xwr18xx.aer4f : cli_mmwave.oer4f (.text:CLI_MMWaveBPMCfgAdvanced)
                  000102b4    00000100     libdma_xwr18xx.aer4f : dma.oer4f (.text:DMA_clearChannelInterruptFlag)
                  000103b4    00000100     libmmwavelink_xwr18xx.aer4f : rl_driver.oer4f (.text:rlDriverInit)
                  000104b4    000000fc     libcbuff_xwr18xx.aer4f : cbuff.oer4f (.text:CBUFF_deleteSession)
                  000105b0    000000fc     libcrc_xwr18xx.aer4f : crc.oer4f (.text:CRC_computeSignature)
                  000106ac    000000fc     mmw_cli.oer4f (.text:MmwDemo_CLIADCBufCfg)
                  000107a8    00000008     libmmwavelink_xwr18xx.aer4f : rl_driver.oer4f (.text:rlDriverConstructOutMsg)
                  000107b0    000000fc     sysbios.aer4ft : BIOS.obj (.text:ti_sysbios_knl_Task_exit__E)
                  000108ac    000000f8     mmw_lvds_stream.oer4f (.text:MmwDemo_configLVDSHwData)
                  000109a4    000000f8     libmmwavelink_xwr18xx.aer4f : rl_driver.oer4f (.text:rlDriverRdVerifyMsg)
                  00010a9c    000000f8     mmw_mss_per4ft.oer4ft (.text:xdc_runtime_System_printfExtend__I)
                  00010b94    000000f4     mmw_cli.oer4f (.text:MmwDemo_CLICalibDataSaveRestore)
                  00010c88    00000008     libmmwavelink_xwr18xx.aer4f : rl_driver.oer4f (.text:rlDriverGetHandle)
                  00010c90    000000f0     sysbios.aer4ft : BIOS.obj (.text:ti_sysbios_family_arm_v7r_vim_Hwi_Module_startup__E)
                  00010d80    000000f0                    : BIOS.obj (.text:ti_sysbios_knl_Task_startCore__E)
                  00010e70    000000f0                    : BIOS.obj (.text:ti_sysbios_utils_Load_taskCreateHook__E)
                  00010f60    000000ec     rtsv7R4_T_le_v3D16_eabi.lib : s_scalbn.obj (.text)
                  0001104c    00000004     libmmwave_xwr18xx.aer4f : mmwave_link.oer4f (.text:MMWave_mboxClose)
                  00011050    000000ec     sysbios.aer4ft : BIOS.obj (.text:ti_sysbios_heaps_HeapBuf_Module_startup__E)
                  0001113c    000000ea     mss_main.oer4f (.text:MmwDemo_setSubFramePendingState)
                  00011226    00000002     mmw_mss_per4ft.oer4ft (.text:xdc_runtime_Startup_reset__I)
                  00011228    000000e8     mmw_cli.oer4f (.text:MmwDemo_CLIChirpQualitySigImgMonCfg)
                  00011310    000000e8     libmmwavelink_xwr18xx.aer4f : rl_sensor.oer4f (.text:rlRfCalibDataStore)
                  000113f8    000000e8                                 : rl_sensor.oer4f (.text:rlRfPhShiftCalibDataStore)
                  000114e0    000000e4                                 : rl_sensor.oer4f (.text:rlRfPhShiftCalibDataRestore)
                  000115c4    000000e0     libcli_xwr18xx.aer4f : cli.oer4f (.text:CLI_open)
                  000116a4    000000e0     libdma_xwr18xx.aer4f : dma.oer4f (.text:DMA_enableInterrupt)
                  00011784    000000dc     libmmwave_xwr18xx.aer4f : mmwave.oer4f (.text:MMWave_init)
                  00011860    000000dc     libmmwavelink_xwr18xx.aer4f : rl_driver.oer4f (.text:rlDriverMsgCmdReply)
                  0001193c    000000dc     rtsv7R4_T_le_v3D16_eabi.lib : setvbuf.obj (.text)
                  00011a18    000000d4     libmailbox_xwr18xx.aer4f : mailbox.oer4f (.text:Mailbox_read)
                  00011aec    000000d4     libmmwavelink_xwr18xx.aer4f : rl_sensor.oer4f (.text:rlSetMultiBpmChirpConfig)
                  00011bc0    000000d4     sysbios.aer4ft : BIOS.obj (.text:ti_sysbios_utils_Load_logLoads__I)
                  00011c94    000000d0     libsoc_xwr18xx.aer4f : soc_xwr18xx_mss.oer4f (.text:SOC_controlSecureFirewall)
                  00011d64    000000d0     sysbios.aer4ft : exc_Exception_asm.obj (.text:ti_sysbios_family_arm_exc_Exception_excHandlerAsm__I)
                  00011e34    0000000c                    : arm_IntrinsicsSupport_asm.obj (.text:_ti_sysbios_family_arm_IntrinsicsSupport_maxbitA)
                  00011e40    000000d0                    : BIOS.obj (.text:ti_sysbios_utils_Load_idleFxn__E)
                  00011f10    000000d0                    : BIOS.obj (.text:xdc_runtime_LoggerBuf_Instance_init__E)
                  00011fe0    000000cc     libmmwavelink_xwr18xx.aer4f : rl_sensor.oer4f (.text:rlRfCalibDataRestore)
                  000120ac    000000cc                                 : rl_sensor.oer4f (.text:rlSetChirpConfig)
                  00012178    000000cc     rtsv7R4_T_le_v3D16_eabi.lib : fflush.obj (.text)
                  00012244    000000cc                                 : sscanf.obj (.text)
                  00012310    000000cc     sysbios.aer4ft : BIOS.obj (.text:ti_sysbios_knl_Task_checkStacks__E)
                  000123dc    000000c8     libmmwave_xwr18xx.aer4f : mmwave_fullcfg.oer4f (.text:MMWave_addChirp)
                  000124a4    000000c8                             : mmwave_link.oer4f (.text:MMWave_configBPM)
                  0001256c    000000c8                             : mmwave_fullcfg.oer4f (.text:MMWave_flushCfg)
                  00012634    000000c8                             : mmwave_fullcfg.oer4f (.text:MMWave_getChirpHandle)
                  000126fc    000000c8     libmmwavelink_xwr18xx.aer4f : rl_sensor.oer4f (.text:rlSetFrameConfig)
                  000127c4    000000c4     libcbuff_xwr18xx.aer4f : cbuff_transfer.oer4f (.text:CBUFF_setupNonInterleaved_CP_ADC_CQ)
                  00012888    000000c4     libdpm_xwr18xx.aer4f : dpm_core.oer4f (.text:DPM_deinit)
                  0001294c    000000c4                          : dpm_core.oer4f (.text:DPM_ioctl)
                  00012a10    000000c4     sysbios.aer4ft : BIOS.obj (.text:ti_sysbios_family_arm_v7a_Pmu_configureCounter__E)
                  00012ad4    000000c0     mmw_cli.oer4f (.text:MmwDemo_CLIAnalogMonitorCfg)
                  00012b94    000000c0     libmmwavelink_xwr18xx.aer4f : rl_driver.oer4f (.text:rlDriverMsgWrite)
                  00012c54    0000000c     rtsv7R4_T_le_v3D16_eabi.lib : copy_zero_init.obj (.text:decompress:ZI)
                  00012c60    000000c0     sysbios.aer4ft : BIOS.obj (.text:ti_sysbios_timers_rti_Timer_startup__E)
                  00012d20    000000bc     libcli_xwr18xx.aer4f : cli.oer4f (.text:CLI_help)
                  00012ddc    000000bc     libgpio_xwr18xx.aer4f : gpio.oer4f (.text:GPIO_write)
                  00012e98    000000bc     libmmwave_xwr18xx.aer4f : mmwave_link.oer4f (.text:MMWave_computeCRC)
                  00012f54    000000bc     mmw_lvds_stream.oer4f (.text:MmwDemo_LVDSStream_EDMAInit)
                  00013010    000000bc     rtsv7R4_T_le_v3D16_eabi.lib : open.obj (.text)
                  000130cc    000000b8     libcbuff_xwr18xx.aer4f : cbuff.oer4f (.text:CBUFF_ISR)
                  00013184    000000b8                            : cbuff_transfer.oer4f (.text:CBUFF_setupTransfer)
                  0001323c    000000b8     libdma_xwr18xx.aer4f : dma.oer4f (.text:DMA_getChannelInterruptFlag)
                  000132f4    000000b8     mss_main.oer4f (.text:MmwDemo_isAllCfgInPendingState)
                  000133ac    000000b6     libsoc_xwr18xx.aer4f : soc_mpu.o (.text)
                  00013462    0000000e                          : soc_xwr18xx_mss.oer4f (.text:SOC_microDelay)
                  00013470    000000b4     sysbios.aer4ft : BIOS.obj (.text:ti_sysbios_gates_GateMutex_enter__E)
                  00013524    0000000c     libmmwavelink_xwr18xx.aer4f : rl_driver.oer4f (.text:rlDriverGetPlatformId)
                  00013530    000000b4     sysbios.aer4ft : BIOS.obj (.text:xdc_runtime_LoggerBuf_setFilterLevel__E)
                  000135e4    000000b2     libuart_xwr18xx.aer4f : uartsci_dma.oer4f (.text:UartSci_openDMA)
                  00013696    00000002     --HOLE-- [fill = 0]
                  00013698    000000b0     libcbuff_xwr18xx.aer4f : cbuff.oer4f (.text:CBUFF_deactivateSession)
                  00013748    000000b0     libmmwave_xwr18xx.aer4f : mmwave_fullcfg.oer4f (.text:MMWave_addProfile)
                  000137f8    000000b0     libmmwavelink_xwr18xx.aer4f : rl_sensor.oer4f (.text:rlSetProfileConfig)
                  000138a8    00000008     sysbios.aer4ft : BIOS.obj (.text:ti_sysbios_family_arm_v7a_Pmu_getEnabled__E)
                  000138b0    000000b0                    : BIOS.obj (.text:ti_sysbios_utils_Load_updateLoads__E)
                  00013960    000000b0                    : BIOS.obj (.text:xdc_runtime_Text_putMod__E)
                  00013a10    000000ae     mmwdemo_adcconfig.oer4f (.text:MmwDemo_ADCBufConfig)
                  00013abe    00000002     --HOLE-- [fill = 0]
                  00013ac0    000000ae     mmw_cli.oer4f (.text:MmwDemo_CLICalibDcRangeSig)
                  00013b6e    000000ae     rtsv7R4_T_le_v3D16_eabi.lib : _io_perm.obj (.text)
                  00013c1c    000000ac     libesm_xwr18xx.aer4f : esm.oer4f (.text:ESM_processInterrupt)
                  00013cc8    00000008     mmw_mss_per4ft.oer4ft (.text:xdc_runtime_Text_visitRope__I)
                  00013cd0    000000ac     sysbios.aer4ft : BIOS.obj (.text:ti_sysbios_knl_Task_Module_startup__E)
                  00013d7c    00000004     libmmwave_xwr18xx.aer4f : mmwave_link.oer4f (.text:MMWave_mboxRead)
                  00013d80    000000ac     sysbios.aer4ft : BIOS.obj (.text:ti_sysbios_utils_Load_startup__E)
                  00013e2c    000000a8     libadcbuf_xwr18xx.aer4f : adcbuf_mmwave.oer4f (.text:ADCBUF_MMWave_getChanBufAddr)
                  00013ed4    000000a8     libcli_xwr18xx.aer4f : cli_mmwave.oer4f (.text:CLI_MMWaveExtensionHelp)
                  00013f7c    000000a8     libedma_xwr18xx.aer4f : edma_low_level.oer4f (.text:EDMA3Init)
                  00014024    000000a8     libmmwave_xwr18xx.aer4f : mmwave_link.oer4f (.text:MMWave_configureProfileChirp)
                  000140cc    000000a8                             : mmwave_fullcfg.oer4f (.text:MMWave_getBpmChirpHandle)
                  00014174    000000a8     mss_main.oer4f (.text:MmwDemo_isAllCfgInNonPendingState)
                  0001421c    000000a8     libpinmux_xwr18xx.aer4f : pinmux.oer4f (.text:Pinmux_Set_OverrideCtrl)
                  000142c4    000000a8     libsoc_xwr18xx.aer4f : soc.oer4f (.text:SOC_deregisterSysIntListener)
                  0001436c    000000a8     libmmwavelink_xwr18xx.aer4f : rl_driver.oer4f (.text:rlDriverWaitForResponse)
                  00014414    000000a8                                 : rl_sensor.oer4f (.text:rlSetAdvFrameConfig)
                  000144bc    000000a4     libdma_xwr18xx.aer4f : dma.oer4f (.text:DMA_assignChannel)
                  00014560    000000a4     libesm_xwr18xx.aer4f : esm.oer4f (.text:ESM_init)
                  00014604    000000a4     libmmwave_xwr18xx.aer4f : mmwave_fullcfg.oer4f (.text:MMWave_addBpmChirp)
                  000146a8    000000a4                             : mmwave.oer4f (.text:MMWave_start)
                  0001474c    000000a4     libqspiflash_xwr18xx.aer4f : qspiflash.oer4f (.text:QSPIFlash_mmapWrite)
                  000147f0    000000a2     sysbios.aer4ft : BIOS.obj (.text:xdc_runtime_Text_putSite__E)
                  00014892    00000002     --HOLE-- [fill = 0]
                  00014894    000000a0     libqspiflash_xwr18xx.aer4f : qspiflash.oer4f (.text:QSPIFlash_configMmapRead)
                  00014934    000000a0                                : qspiflash_device_macronix.oer4f (.text:QSPIFlash_macronix_progQuadRead)
                  000149d4    000000a0     libsoc_xwr18xx.aer4f : soc.oer4f (.text:SOC_registerSysIntListener)
                  00014a74    000000a0     auto_init.aer4ft : auto_init.oer4ft (.text)
                  00014b14    0000000c     sysbios.aer4ft : BIOS.obj (.text:ti_sysbios_family_arm_v7a_Pmu_configureCounterI__I)
                  00014b20    000000a0                    : BIOS.obj (.text:ti_sysbios_knl_Task_blockI__E)
                  00014bc0    0000009c     libmmwave_xwr18xx.aer4f : mmwave_link.oer4f (.text:MMWave_configLink)
                  00014c5c    0000009c                             : mmwave_fullcfg.oer4f (.text:MMWave_getProfileHandle)
                  00014cf8    0000009c     mmw_cli.oer4f (.text:MmwDemo_CLIMeasureRangeBiasAndRxChanPhaseCfg)
                  00014d94    0000009c     libqspiflash_xwr18xx.aer4f : qspiflash_device_spansion.oer4f (.text:QSPIFlash_spansion_progQuadRead)
                  00014e30    0000009c     libuart_xwr18xx.aer4f : uartsci.oer4f (.text:UartSci_write)
                  00014ecc    0000009c     rtsv7R4_T_le_v3D16_eabi.lib : memcpy_t2.obj (.text)
                  00014f68    00000006     libdpm_xwr18xx.aer4f : dpm_mailbox.oer4f (.text:DPM_mboxSynch)
                  00014f6e    00000002     --HOLE-- [fill = 0]
                  00014f70    0000009c     sysbios.aer4ft : BIOS.obj (.text:ti_sysbios_family_arm_v7r_vim_Hwi_initIntController__I)
                  0001500c    00000004     libmmwave_xwr18xx.aer4f : mmwave_link.oer4f (.text:MMWave_registerInterruptHandler)
                  00015010    0000009c     sysbios.aer4ft : BIOS.obj (.text:ti_sysbios_family_arm_v7r_vim_Hwi_mapChannel__I)
                  000150ac    00000004     libmmwave_xwr18xx.aer4f : mmwave_link.oer4f (.text:MMWave_unmaskHostIRQ)
                  000150b0    0000009c     sysbios.aer4ft : BIOS.obj (.text:ti_sysbios_knl_Semaphore_Instance_init__E)
                  0001514c    0000009a     libdpm_xwr18xx.aer4f : dpm_msg.oer4f (.text:DPM_msgResponseHandler)
                  000151e6    00000002     --HOLE-- [fill = 0]
                  000151e8    00000098     libmmwave_xwr18xx.aer4f : mmwave_fullcfg.oer4f (.text:MMWave_getChirpCfg)
                  00015280    00000098     mmwdemo_rfparser.oer4f (.text:MmwDemo_RFParser_parseConfig)
                  00015318    00000098     rtsv7R4_T_le_v3D16_eabi.lib : fclose.obj (.text)
                  000153b0    00000098                                 : fputc.obj (.text)
                  00015448    00000098     sysbios.aer4ft : vim_Hwi_asm_switch.obj (.text)
                  000154e0    00000098                    : BIOS.obj (.text:ti_sysbios_utils_Load_taskDeleteHook__E)
                  00015578    00000096     libedma_xwr18xx.aer4f : edma.oer4f (.text:EDMA_getErrorStatusInfo)
                  0001560e    00000096     libuart_xwr18xx.aer4f : uartsci.oer4f (.text:UartSci_readChar)
                  000156a4    00000094     libcbuff_xwr18xx.aer4f : cbuff_transfer.oer4f (.text:CBUFF_setupNonInterleaved_ADC)
                  00015738    00000094     mmw_lvds_stream.oer4f (.text:MmwDemo_LVDSStream_EDMAAllocateCBUFFHwChannel)
                  000157cc    00000094     mmw_lvds_stream.oer4f (.text:MmwDemo_LVDSStream_EDMAAllocateCBUFFSwChannel)
                  00015860    00000094     libmmwavelink_xwr18xx.aer4f : rl_driver.oer4f (.text:rlDriverDeInit)
                  000158f4    00000094                                 : rl_driver.oer4f (.text:rlDriverMsgReadCmdCtx)
                  00015988    00000094                                 : rl_driver.oer4f (.text:rlDriverProcRdMsg)
                  00015a1c    00000094     sysbios.aer4ft : vim_Hwi_asm.obj (.text:ti_sysbios_family_arm_v7r_vim_Hwi_dispatchIRQ__I)
                  00015ab0    00000090     libgpio_xwr18xx.aer4f : gpio.oer4f (.text:GPIO_init)
                  00015b40    00000090     libmailbox_xwr18xx.aer4f : mailbox.oer4f (.text:Mailbox_close)
                  00015bd0    00000090     libuart_xwr18xx.aer4f : uartsci_dma.oer4f (.text:UartSci_initiateTxDMA)
                  00015c60    00000090                           : uartsci.oer4f (.text:UartSci_read)
                  00015cf0    00000090     sysbios.aer4ft : BIOS.obj (.text:ti_sysbios_family_arm_v7a_Pmu_startCounter__E)
                  00015d80    00000090                    : BIOS.obj (.text:ti_sysbios_knl_Task_unblockI__E)
                  00015e10    00000090                    : BIOS.obj (.text:xdc_runtime_LoggerBuf_getFilterLevel__E)
                  00015ea0    0000008c     libcli_xwr18xx.aer4f : cli_mmwave.oer4f (.text:CLI_MMWaveDataOutputMode)
                  00015f2c    0000008c     libsoc_xwr18xx.aer4f : soc.oer4f (.text:SOC_init)
                  00015fb8    0000008c                          : soc_xwr18xx.oer4f (.text:SOC_translateAddress)
                  00016044    0000008c     libuart_xwr18xx.aer4f : uartsci_dma.oer4f (.text:UartSci_initiateRxDMA)
                  000160d0    0000008c     libmmwavelink_xwr18xx.aer4f : rl_device.oer4f (.text:rlDevicePowerOn)
                  0001615c    0000008c                                 : rl_driver.oer4f (.text:rlDriverMsgReadSpawnCtx)
                  000161e8    00000006     libedma_xwr18xx.aer4f : edma_low_level.oer4f (.text:EDMA3ClrCCErr)
                  000161ee    00000002     --HOLE-- [fill = 0]
                  000161f0    0000008c     sysbios.aer4ft : BIOS.obj (.text:ti_sysbios_family_arm_v7a_Pmu_getCount__E)
                  0001627c    00000004     libmmwave_xwr18xx.aer4f : mmwave_link.oer4f (.text:MMWave_waitIRQStatus)
                  00016280    0000008c     sysbios.aer4ft : BIOS.obj (.text:ti_sysbios_family_arm_v7r_vim_Hwi_Instance_finalize__E)
                  0001630c    00000004     mss_main.oer4f (.text:MmwDemo_sleep)
                  00016310    0000008c     sysbios.aer4ft : BIOS.obj (.text:xdc_runtime_Memory_alloc__E)
                  0001639c    00000088     libmmwave_xwr18xx.aer4f : mmwave_fullcfg.oer4f (.text:MMWave_getProfileCfg)
                  00016424    00000088     rtsv7R4_T_le_v3D16_eabi.lib : vsnprintf.obj (.text)
                  000164ac    00000086     libcbuff_xwr18xx.aer4f : cbuff_edma.oer4f (.text:CBUFF_closeEDMA)
                  00016532    00000002     --HOLE-- [fill = 0]
                  00016534    00000084     libmmwave_xwr18xx.aer4f : mmwave_dualcore.oer4f (.text:MMWave_deviceCfgAsyncEvent)
                  000165b8    00000084                             : mmwave_dualcore.oer4f (.text:MMWave_deviceEventFxn)
                  0001663c    00000084                             : mmwave_fullcfg.oer4f (.text:MMWave_getNumBpmChirp)
                  000166c0    00000084                             : mmwave.oer4f (.text:MMWave_open)
                  00016744    00000084     mss_main.oer4f (.text:MmwDemo_configSensor)
                  000167c8    00000083     mmw_cli.oer4f (.text:MmwDemo_CLIDBScanCfg)
                  0001684b    00000001     --HOLE-- [fill = 0]
                  0001684c    00000081     libcbuff_xwr18xx.aer4f : cbuff_edma.oer4f (.text:CBUFF_setupEDMAShadowLink)
                  000168cd    00000003     --HOLE-- [fill = 0]
                  000168d0    00000080     libcli_xwr18xx.aer4f : cli_mmwave.oer4f (.text:CLI_MMWaveChannelCfg)
                  00016950    00000080     libdpm_xwr18xx.aer4f : dpm_mailbox.oer4f (.text:DPM_mboxRemoteMailboxCallbackFxn)
                  000169d0    00000080     libmmwave_xwr18xx.aer4f : mmwave_fullcfg.oer4f (.text:MMWave_getBpmChirpCfg)
                  00016a50    00000080     mmw_cli.oer4f (.text:MmwDemo_CLIAoAFovCfg)
                  00016ad0    00000080     libsoc_xwr18xx.aer4f : soc.oer4f (.text:SOC_getDeviceRFFreqScaleFactor)
                  00016b50    00000080     libuart_xwr18xx.aer4f : uartsci.oer4f (.text:UartSci_writePolling)
                  00016bd0    00000080     libmmwavelink_xwr18xx.aer4f : rl_driver.oer4f (.text:rlDriverExecuteGetApi)
                  00016c50    00000080     sysbios.aer4ft : BIOS.obj (.text:ti_sysbios_timers_rti_Timer_initDevice__I)
                  00016cd0    0000007e     libosal_xwr18xx.aer4f : HwiP_tirtos.oer4f (.text:HwiP_create)
                  00016d4e    00000002     --HOLE-- [fill = 0]
                  00016d50    0000007d     libcbuff_xwr18xx.aer4f : cbuff_lvds.oer4f (.text:CBUFF_initLVDSLinkListParams)
                  00016dcd    00000003     --HOLE-- [fill = 0]
                  00016dd0    0000007c     libdpm_xwr18xx.aer4f : dpm_pipe.oer4f (.text:DPM_pipeSend)
                  00016e4c    0000007c     libedma_xwr18xx.aer4f : edma.oer4f (.text:EDMA_clearErrors)
                  00016ec8    0000007c     libmmwave_xwr18xx.aer4f : mmwave_dualcore.oer4f (.text:MMWave_deviceOpenFxn)
                  00016f44    0000007c     libmailbox_xwr18xx.aer4f : mailbox.oer4f (.text:Mailbox_init)
                  00016fc0    0000007c     mmw_lvds_stream.oer4f (.text:MmwDemo_LVDSStream_SwTriggerFrameDone)
                  0001703c    0000007c     libuart_xwr18xx.aer4f : uartsci.oer4f (.text:UartSci_readPolling)
                  000170b8    0000007c     sysbios.aer4ft : arm_TaskSupport_asm.obj (.text:_ti_sysbios_family_arm_TaskSupport_buildTaskStack)
                  00017134    0000000c                    : BIOS.obj (.text:ti_sysbios_family_arm_v7a_Pmu_getCountI__E)
                  00017140    0000007c                    : BIOS.obj (.text:xdc_runtime_Core_deleteObject__I)
                  000171bc    0000007b     mmw_cli.oer4f (.text:MmwDemo_CLIGetSubframe)
                  00017237    00000001     --HOLE-- [fill = 0]
                  00017238    0000007a     rtsv7R4_T_le_v3D16_eabi.lib : memset_t2.obj (.text)
                  000172b2    00000002     --HOLE-- [fill = 0]
                  000172b4    00000078     libadcbuf_xwr18xx.aer4f : adcbuf_mmwave.oer4f (.text:ADCBUF_MMWave_getCQBufAddr)
                  0001732c    00000078     libcbuff_xwr18xx.aer4f : cbuff_transfer.oer4f (.text:CBUFF_configUserBufferEDMA)
                  000173a4    00000078                            : cbuff.oer4f (.text:CBUFF_setVC)
                  0001741c    00000078     libcli_xwr18xx.aer4f : cli_mmwave.oer4f (.text:CLI_MMWaveADCCfg)
                  00017494    00000078     libmmwave_xwr18xx.aer4f : mmwave_fullcfg.oer4f (.text:MMWave_getNumChirps)
                  0001750c    00000078     libqspiflash_xwr18xx.aer4f : qspiflash.oer4f (.text:QSPIFlash_mmapRead)
                  00017584    00000078                                : qspiflash.oer4f (.text:QSPIFlash_sectorErase)
                  000175fc    00000078     libqspi_xwr18xx.aer4f : qspi.oer4f (.text:QSPI_cfgRead)
                  00017674    00000077                           : qspi.oer4f (.text:QSPI_memAccessCfg)
                  000176eb    00000001     --HOLE-- [fill = 0]
                  000176ec    00000074     libmmwave_xwr18xx.aer4f : mmwave.oer4f (.text:MMWave_config)
                  00017760    00000074                             : mmwave_dualcore.oer4f (.text:MMWave_deviceStartFxn)
                  000177d4    00000074     boot.aer4ft : boot.oer4ft (.text)
                  00017848    00000074     libmmwavelink_xwr18xx.aer4f : rl_driver.oer4f (.text:rlDriverAsyncEventHandler)
                  000178bc    00000074     rtsv7R4_T_le_v3D16_eabi.lib : getdevice.obj (.text)
                  00017930    00000074                                 : s_frexp.obj (.text)
                  000179a4    00000072     libmmwavelink_xwr18xx.aer4f : rl_driver.oer4f (.text:rlDriverClientCbCheck)
                  00017a16    00000002     --HOLE-- [fill = 0]
                  00017a18    00000070     libedma_xwr18xx.aer4f : edma.oer4f (.text:EDMA_error_isr)
                  00017a88    00000070     libhsiheader_xwr18xx.aer4f : hsiheader.oer4f (.text:HSIHeader_deleteHeader)
                  00017af8    00000070     libmmwave_xwr18xx.aer4f : mmwave_dualcore.oer4f (.text:MMWave_deviceCfgFxn)
                  00017b68    00000070     mmw_cli.oer4f (.text:MmwDemo_CLIGuiMonSel)
                  00017bd8    00000070     mmwdemo_flash.oer4f (.text:mmwDemo_flashInit)
                  00017c48    00000006     libedma_xwr18xx.aer4f : edma_low_level.oer4f (.text:EDMA3ErrIntrHighStatusGet)
                  00017c4e    00000002     --HOLE-- [fill = 0]
                  00017c50    00000070     sysbios.aer4ft : BIOS.obj (.text:xdc_runtime_Error_print__E)
                  00017cc0    0000006c     libdma_xwr18xx.aer4f : dma.oer4f (.text:DMA_disableChannel)
                  00017d2c    0000006c                          : dma.oer4f (.text:DMA_enableChannel)
                  00017d98    0000006c     libmmwave_xwr18xx.aer4f : mmwave_link.oer4f (.text:MMWave_spawn)
                  00017e04    0000006c                             : mmwave_link.oer4f (.text:MMWave_stopLink)
                  00017e70    0000006c     mmw_cli.oer4f (.text:MmwDemo_CLISensorStop)
                  00017edc    0000006c     mmw_lvds_stream.oer4f (.text:MmwDemo_LVDSStream_EDMAFreeCBUFFHwChannel)
                  00017f48    0000006c     mmw_lvds_stream.oer4f (.text:MmwDemo_LVDSStream_EDMAFreeCBUFFSwChannel)
                  00017fb4    0000006c     mmw_lvds_stream.oer4f (.text:MmwDemo_LVDSStream_HwTriggerFrameDone)
                  00018020    0000006c     libpinmux_xwr18xx.aer4f : pinmux.oer4f (.text:Pinmux_Set_FuncSel)
                  0001808c    0000006c     libqspiflash_xwr18xx.aer4f : qspiflash.oer4f (.text:QSPIFlashReadSFDP)
                  000180f8    0000006c     libqspi_xwr18xx.aer4f : qspi.oer4f (.text:QSPI_cfgWrite)
                  00018164    0000006c     rtsv7R4_T_le_v3D16_eabi.lib : copy_decompress_lzss.obj (.text:decompress:lzss)
                  000181d0    0000006c                                 : trgmsg.obj (.text)
                  0001823c    0000006a     libuart_xwr18xx.aer4f : uartsci.oer4f (.text:UartSci_control)
                  000182a6    00000002     --HOLE-- [fill = 0]
                  000182a8    00000068     libdpm_xwr18xx.aer4f : dpm_msg.oer4f (.text:DPM_msgDPCCfgHandler)
                  00018310    00000068     libmmwave_xwr18xx.aer4f : mmwave_dualcore.oer4f (.text:MMWave_deviceStopFxn)
                  00018378    00000068     libmailbox_xwr18xx.aer4f : mailbox.oer4f (.text:Mailbox_readFlush)
                  000183e0    00000068     mss_main.oer4f (.text:MmwDemo_convertCfarToLinear)
                  00018448    00000068     libmmwavelink_xwr18xx.aer4f : rl_driver.oer4f (.text:rlDriverExecuteSetApi)
                  000184b0    00000068                                 : rl_driver.oer4f (.text:rlDriverHostIrqHandler)
                  00018518    00000068     rtsv7R4_T_le_v3D16_eabi.lib : hostlseek.obj (.text)
                  00018580    00000068                                 : hostrename.obj (.text)
                  000185e8    00000066     libmmwavelink_xwr18xx.aer4f : rl_device.oer4f (.text:rlDevicePowerOff)
                  0001864e    00000002     --HOLE-- [fill = 0]
                  00018650    00000064     libcli_xwr18xx.aer4f : cli_mmwave.oer4f (.text:CLI_MMWaveLowPowerCfg)
                  000186b4    00000064     libedma_xwr18xx.aer4f : edma.oer4f (.text:EDMA_getTransferControllerErrorStatusInfo)
                  00018718    00000064     libosal_xwr18xx.aer4f : SemaphoreP_tirtos.oer4f (.text:SemaphoreP_create)
                  0001877c    00000064     rtsv7R4_T_le_v3D16_eabi.lib : fseek.obj (.text)
                  000187e0    00000064                                 : sprintf.obj (.text)
                  00018844    00000064     sysbios.aer4ft : exc_Exception_asm.obj (.text:ti_sysbios_family_arm_exc_Exception_initCore0__I)
                  000188a8    00000006     libedma_xwr18xx.aer4f : edma_low_level.oer4f (.text:EDMA3GetCCErrStatus)
                  000188ae    00000002     --HOLE-- [fill = 0]
                  000188b0    00000064     sysbios.aer4ft : BIOS.obj (.text:ti_sysbios_family_arm_v7r_vim_Hwi_phantomIntHandler__I)
                  00018914    0000000c     mmw_mss_per4ft.oer4ft (.text:ti_sysbios_knl_Queue_Object__get__S)
                  00018920    00000064     sysbios.aer4ft : BIOS.obj (.text:ti_sysbios_knl_Clock_logTick__E)
                  00018984    0000000a     libadcbuf_xwr18xx.aer4f : ADCBuf.oer4f (.text:ADCBuf_control)
                  0001898e    00000002     --HOLE-- [fill = 0]
                  00018990    00000064     sysbios.aer4ft : BIOS.obj (.text:ti_sysbios_utils_Load_logCPULoad__I)
                  000189f4    0000000a     libadcbuf_xwr18xx.aer4f : ADCBuf.oer4f (.text:ADCBuf_getChanBufAddr)
                  000189fe    00000002     --HOLE-- [fill = 0]
                  00018a00    00000064     sysbios.aer4ft : BIOS.obj (.text:xdc_runtime_Startup_exec__E)
                  00018a64    00000062     mmw_cli.oer4f (.text:MmwDemo_CLICfarFovCfg)
                  00018ac6    00000002     --HOLE-- [fill = 0]
                  00018ac8    00000060     libcli_xwr18xx.aer4f : cli_mmwave.oer4f (.text:CLI_MMWaveExtensionHandler)
                  00018b28    00000060     libosal_xwr18xx.aer4f : DebugP_tirtos.oer4f (.text:DebugP_log2)
                  00018b88    00000060                           : DebugP_tirtos.oer4f (.text:DebugP_log3)
                  00018be8    00000006     libedma_xwr18xx.aer4f : edma_low_level.oer4f (.text:EDMA3GetErrIntrStatus)
                  00018bee    00000002     --HOLE-- [fill = 0]
                  00018bf0    00000060     sysbios.aer4ft : BIOS.obj (.text:ti_sysbios_heaps_HeapMem_alloc__E)
                  00018c50    00000060                    : BIOS.obj (.text:xdc_runtime_Assert_raise__I)
                  00018cb0    0000005f                    : BIOS.obj (.text:xdc_runtime_Text_putLab__E)
                  00018d0f    00000001     --HOLE-- [fill = 0]
                  00018d10    0000005e     libuart_xwr18xx.aer4f : uartsci.oer4f (.text:UartSci_writeChar)
                  00018d6e    00000002     --HOLE-- [fill = 0]
                  00018d70    0000005c     libedma_xwr18xx.aer4f : edma.oer4f (.text:EDMA_getErrorStatus)
                  00018dcc    0000005c     libmmwave_xwr18xx.aer4f : mmwave_link.oer4f (.text:MMWave_mboxOpen)
                  00018e28    0000005c                             : mmwave.oer4f (.text:MMWave_stop)
                  00018e84    0000005c     mss_main.oer4f (.text:MmwDemo_mmWaveCtrlTask)
                  00018ee0    0000005c     libqspiflash_xwr18xx.aer4f : qspiflash.oer4f (.text:QSPIFlashGetDeviceID)
                  00018f3c    0000005c     libsoc_xwr18xx.aer4f : soc.oer4f (.text:SOC_enableLVDS)
                  00018f98    0000005c     rtsv7R4_T_le_v3D16_eabi.lib : hostopen.obj (.text)
                  00018ff4    0000005c                                 : hostread.obj (.text)
                  00019050    0000005c     sysbios.aer4ft : BIOS.obj (.text:ti_sysbios_utils_Load_updateCurrentThreadTime__E)
                  000190ac    0000005a     libuart_xwr18xx.aer4f : uartsci.oer4f (.text:UartSci_readCancel)
                  00019106    0000005a     libmmwavelink_xwr18xx.aer4f : rl_driver.oer4f (.text:rlDriverCalChkSum)
                  00019160    00000058     libdpm_xwr18xx.aer4f : dpm_core.oer4f (.text:DPM_execute)
                  000191b8    00000058                          : dpm_mailbox.oer4f (.text:DPM_mboxInit)
                  00019210    00000058     libosal_xwr18xx.aer4f : DebugP_tirtos.oer4f (.text:DebugP_log0)
                  00019268    00000058                           : DebugP_tirtos.oer4f (.text:DebugP_log1)
                  000192c0    00000058     libedma_xwr18xx.aer4f : edma_low_level.oer4f (.text:EDMA3EnableChInShadowReg)
                  00019318    00000058     libesm_xwr18xx.aer4f : esm.oer4f (.text:ESM_highpriority_FIQ)
                  00019370    00000058     libmmwave_xwr18xx.aer4f : mmwave.oer4f (.text:MMWave_execute)
                  000193c8    00000058                             : mmwave_link.oer4f (.text:MMWave_initCRC)
                  00019420    00000058     mss_main.oer4f (.text:MmwDemo_EDMA_errorCallbackFxn)
                  00019478    00000058     mss_main.oer4f (.text:MmwDemo_EDMA_transferControllerErrorCallbackFxn)
                  000194d0    00000058     libqspiflash_xwr18xx.aer4f : qspiflash.oer4f (.text:QSPIFlash_configMmapWrite)
                  00019528    00000058     libuart_xwr18xx.aer4f : uartsci_dma.oer4f (.text:UartSci_closeDMA)
                  00019580    00000058     mmwdemo_flash.oer4f (.text:mmwDemo_flashRead)
                  000195d8    00000058     rtsv7R4_T_le_v3D16_eabi.lib : close.obj (.text)
                  00019630    00000058                                 : hostwrite.obj (.text)
                  00019688    00000056     libedma_xwr18xx.aer4f : edma.oer4f (.text:EDMA_check4kSiErrata_boundaryCheckUtilType1)
                  000196de    00000056     libmmwavelink_xwr18xx.aer4f : rl_driver.oer4f (.text:rlDriverOsiCbCheck)
                  00019734    00000054     libcrc_xwr18xx.aer4f : crc.oer4f (.text:CRC_getTransactionId)
                  00019788    00000054     libdma_xwr18xx.aer4f : dma.oer4f (.text:DMA_freeChannel)
                  000197dc    00000054     libmmwave_xwr18xx.aer4f : mmwave_link.oer4f (.text:MMWave_initLink)
                  00019830    00000054     mss_main.oer4f (.text:MmwDemo_CfgUpdate)
                  00019884    00000054     libqspiflash_xwr18xx.aer4f : qspiflash.oer4f (.text:QSPIFlash_writeEnable)
                  000198d8    00000054     librtrimutils.aer4f : rtrimutils.oer4f (.text:rtrim_set)
                  0001992c    00000054     rtsv7R4_T_le_v3D16_eabi.lib : ltoa.obj (.text)
                  00019980    00000054     mmw_mss_per4ft.oer4ft (.text:ti_sysbios_family_arm_v7r_vim_Hwi_create)
                  000199d4    0000000a     libcbuff_xwr18xx.aer4f : cbuff_lvds.oer4f (.text:CBUFF_deinitLVDS)
                  000199de    00000002     --HOLE-- [fill = 0]
                  000199e0    00000054     sysbios.aer4ft : BIOS.obj (.text:ti_sysbios_heaps_HeapMem_getStats__E)
                  00019a34    0000000a     libdpm_xwr18xx.aer4f : dpm_core.oer4f (.text:DPM_chirpISR)
                  00019a3e    00000002     --HOLE-- [fill = 0]
                  00019a40    00000054     sysbios.aer4ft : BIOS.obj (.text:xdc_runtime_Core_assignLabel__I)
                  00019a94    00000050     libcrc_xwr18xx.aer4f : crc.oer4f (.text:CRC_getSignature)
                  00019ae4    00000050     libdpm_xwr18xx.aer4f : dpm_core.oer4f (.text:DPM_synch)
                  00019b34    00000050     libedma_xwr18xx.aer4f : edma_low_level.oer4f (.text:EDMA3MapChToEvtQ)
                  00019b84    00000050     libmmwave_xwr18xx.aer4f : mmwave.oer4f (.text:MMWave_sync)
                  00019bd4    00000050     mmw_cli.oer4f (.text:MmwDemo_CLIMultiObjBeamForming)
                  00019c24    00000050     mmw_cli.oer4f (.text:MmwDemo_CLIQueryDemoStatus)
                  00019c74    00000050     mss_main.oer4f (.text:mmwDemo_mssDPMTask)
                  00019cc4    00000050     libmmwavelink_xwr18xx.aer4f : rl_driver.oer4f (.text:rlDeviceIdentifyCmdDir)
                  00019d14    00000050                                 : rl_driver.oer4f (.text:rlDriverVerifyCRC)
                  00019d64    00000050     rtsv7R4_T_le_v3D16_eabi.lib : atoi.obj (.text)
                  00019db4    00000050                                 : exit.obj (.text)
                  00019e04    00000050                                 : u_div32.obj (.text)
                  00019e54    0000000a     libdpm_xwr18xx.aer4f : dpm_core.oer4f (.text:DPM_frameStartISR)
                  00019e5e    00000002     --HOLE-- [fill = 0]
                  00019e60    00000050     sysbios.aer4ft : BIOS.obj (.text:xdc_runtime_System_exit__E)
                  00019eb0    0000004c     libcli_xwr18xx.aer4f : cli.oer4f (.text:CLI_write)
                  00019efc    0000004c     libedma_xwr18xx.aer4f : edma.oer4f (.text:EDMA_disableChannel)
                  00019f48    0000004c                           : edma.oer4f (.text:EDMA_enableChannel)
                  00019f94    0000004c     libmailbox_xwr18xx.aer4f : mailbox.oer4f (.text:Mailbox_boxEmptyISRProcessing)
                  00019fe0    0000004c     libqspiflash_xwr18xx.aer4f : qspiflash_device_macronix.oer4f (.text:QSPIFlash_macronix_init)
                  0001a02c    0000004c     libuart_xwr18xx.aer4f : uartsci.oer4f (.text:UartSci_writeCancel)
                  0001a078    0000004c     librtrimutils.aer4f : rtrimutils.oer4f (.text:rtrim_get)
                  0001a0c4    0000004c     rtsv7R4_T_le_v3D16_eabi.lib : cpy_tbl.obj (.text)
                  0001a110    0000004c     sysbios.aer4ft : BIOS.obj (.text:ti_sysbios_family_arm_v7r_vim_Hwi_getStackInfo__E)
                  0001a15c    0000004c     mmw_mss_per4ft.oer4ft (.text:ti_sysbios_knl_Task_create)
                  0001a1a8    00000006     libedma_xwr18xx.aer4f : edma_low_level.oer4f (.text:EDMA3QdmaGetErrIntrStatus)
                  0001a1ae    00000002     --HOLE-- [fill = 0]
                  0001a1b0    0000004c     sysbios.aer4ft : BIOS.obj (.text:ti_sysbios_knl_Task_stat__E)
                  0001a1fc    00000004     libsoc_xwr18xx.aer4f : soc_xwr18xx.oer4f (.text:SOC_gateClock)
                  0001a200    0000004c     sysbios.aer4ft : BIOS.obj (.text:ti_sysbios_utils_Load_taskSwitchHook__E)
                  0001a24c    0000004a     libdpm_xwr18xx.aer4f : dpm_mailbox.oer4f (.text:DPM_mboxSendResult)
                  0001a296    0000004a     libmailbox_xwr18xx.aer4f : mailbox.oer4f (.text:Mailbox_boxFullISRProcessing)
                  0001a2e0    0000004a     sysbios.aer4ft : BIOS.obj (.text:xdc_runtime_Core_assignParams__I)
                  0001a32a    00000006     libosal_xwr18xx.aer4f : HwiP_tirtos.oer4f (.text:HwiP_restore)
                  0001a330    0000004a     sysbios.aer4ft : BIOS.obj (.text:xdc_runtime_Text_xprintf__I)
                  0001a37a    00000002     --HOLE-- [fill = 0]
                  0001a37c    00000049     mmw_lvds_stream.oer4f (.text:MmwDemo_LVDSStream_EDMAAllocateCBUFFChannel)
                  0001a3c5    00000001     --HOLE-- [fill = 0]
                  0001a3c6    00000048     libcbuff_xwr18xx.aer4f : cbuff_transfer.oer4f (.text:CBUFF_setup_USER)
                  0001a40e    00000048     libdpm_xwr18xx.aer4f : dpm_pipe.oer4f (.text:DPM_pipeRecv)
                  0001a456    00000002     --HOLE-- [fill = 0]
                  0001a458    00000048     mss_main.oer4f (.text:MmwDemo_resetStaticCfgPendingState)
                  0001a4a0    00000048     mmwdemo_flash.oer4f (.text:mmwDemo_flashWrite)
                  0001a4e8    00000048     libmmwavelink_xwr18xx.aer4f : rl_device.oer4f (.text:rlDeviceGetVersion)
                  0001a530    00000048                                 : rl_driver.oer4f (.text:rlDriverOsiInit)
                  0001a578    00000048     mmw_mss_per4ft.oer4ft (.text:xdc_runtime_LoggerBuf_Object__create__S)
                  0001a5c0    00000046     libmailbox_xwr18xx.aer4f : mailbox.oer4f (.text:CSL_FINSR)
                  0001a606    00000002     --HOLE-- [fill = 0]
                  0001a608    00000046     mmw_cli.oer4f (.text:MmwDemo_CLISetPosition)
                  0001a64e    00000002     --HOLE-- [fill = 0]
                  0001a650    00000044     libadcbuf_xwr18xx.aer4f : adcbuf_mmwave.oer4f (.text:ADCBUF_MMWave_close)
                  0001a694    00000044     libcrc_xwr18xx.aer4f : crc.oer4f (.text:CRC_resetSignature)
                  0001a6d8    00000044     libdpm_xwr18xx.aer4f : dpm_core.oer4f (.text:DPM_start)
                  0001a71c    00000044                          : dpm_core.oer4f (.text:DPM_stop)
                  0001a760    00000044     libedma_xwr18xx.aer4f : edma.oer4f (.text:EDMA_linkParamSets)
                  0001a7a4    00000044     libmailbox_xwr18xx.aer4f : mailbox.oer4f (.text:Mailbox_boxFullISRMssDss)
                  0001a7e8    00000044     libsoc_xwr18xx.aer4f : soc_xwr18xx_mss.oer4f (.text:SOC_resetDMA)
                  0001a82c    00000044     rtsv7R4_T_le_v3D16_eabi.lib : hostclose.obj (.text)
                  0001a870    00000044                                 : hostunlink.obj (.text)
                  0001a8b4    0000000a     libosal_xwr18xx.aer4f : MemoryP_tirtos.oer4f (.text:MemoryP_ctrlFree)
                  0001a8be    00000002     --HOLE-- [fill = 0]
                  0001a8c0    00000044     sysbios.aer4ft : BIOS.obj (.text:ti_sysbios_family_arm_v7r_tms570_Core_Module_startup__E)
                  0001a904    0000000a     mss_main.oer4f (.text:MmwDemo_resetDynObjDetCfgPendingState)
                  0001a90e    00000002     --HOLE-- [fill = 0]
                  0001a910    00000044     sysbios.aer4ft : BIOS.obj (.text:ti_sysbios_knl_Task_allBlockedFunction__I)
                  0001a954    0000000a     libosal_xwr18xx.aer4f : SemaphoreP_tirtos.oer4f (.text:SemaphoreP_post)
                  0001a95e    00000002     --HOLE-- [fill = 0]
                  0001a960    00000044     sysbios.aer4ft : BIOS.obj (.text:xdc_runtime_LoggerBuf_Module_startup__E)
                  0001a9a4    0000000a     libuart_xwr18xx.aer4f : UART.oer4f (.text:UART_close)
                  0001a9ae    00000002     --HOLE-- [fill = 0]
                  0001a9b0    00000044     sysbios.aer4ft : BIOS.obj (.text:xdc_runtime_System_atexit__E)
                  0001a9f4    00000042     libcbuff_xwr18xx.aer4f : cbuff_lvds.oer4f (.text:CBUFF_closeLVDS)
                  0001aa36    00000042     libedma_xwr18xx.aer4f : edma.oer4f (.text:EDMA_transferController_error_isr)
                  0001aa78    00000042     libmmwave_xwr18xx.aer4f : mmwave_link.oer4f (.text:MMWave_executeLink)
                  0001aaba    00000042     libmmwavelink_xwr18xx.aer4f : rl_controller.oer4f (.text:rlGetSubBlock)
                  0001aafc    00000040     mmw_cli.oer4f (.text:MmwDemo_CLIClutterRemoval)
                  0001ab3c    00000040     mmw_cli.oer4f (.text:MmwDemo_CLIExtendedMaxVelocity)
                  0001ab7c    00000040     libqspiflash_xwr18xx.aer4f : qspiflash.oer4f (.text:QSPIFlash_progQuadRead)
                  0001abbc    00000040                                : qspiflash_device_spansion.oer4f (.text:QSPIFlash_spansion_init)
                  0001abfc    00000040     libmmwavelink_xwr18xx.aer4f : rl_driver.oer4f (.text:rlDriverValidateHdr)
                  0001ac3c    00000040     rtsv7R4_T_le_v3D16_eabi.lib : strtok.obj (.text)
                  0001ac7c    00000004     libsoc_xwr18xx.aer4f : soc_xwr18xx.oer4f (.text:SOC_ungateClock)
                  0001ac80    00000040     sysbios.aer4ft : BIOS.obj (.text:ti_sysbios_timers_rti_Timer_stop__E)
                  0001acc0    0000003e     libadcbuf_xwr18xx.aer4f : adcbuf_mmwave.oer4f (.text:CSL_FINSR)
                  0001acfe    0000003e     libcbuff_xwr18xx.aer4f : cbuff.oer4f (.text:CSL_FINSR)
                  0001ad3c    0000003e                            : cbuff_lvds.oer4f (.text:CSL_FINSR)
                  0001ad7a    0000003e     libcrc_xwr18xx.aer4f : crc.oer4f (.text:CSL_FINSR)
                  0001adb8    0000003e     libdma_xwr18xx.aer4f : dma.oer4f (.text:CSL_FINSR)
                  0001adf6    0000003e     libgpio_xwr18xx.aer4f : gpio.oer4f (.text:CSL_FINSR)
                  0001ae34    0000003e     libpinmux_xwr18xx.aer4f : pinmux.oer4f (.text:CSL_FINSR)
                  0001ae72    0000003e     libqspi_xwr18xx.aer4f : qspi.oer4f (.text:CSL_FINSR)
                  0001aeb0    0000003e     libsoc_xwr18xx.aer4f : soc.oer4f (.text:CSL_FINSR)
                  0001aeee    0000003e                          : soc_xwr18xx.oer4f (.text:CSL_FINSR)
                  0001af2c    0000003e                          : soc_xwr18xx_mss.oer4f (.text:CSL_FINSR)
                  0001af6a    0000003e     libuart_xwr18xx.aer4f : uartsci.oer4f (.text:CSL_FINSR)
                  0001afa8    0000003e     libdpm_xwr18xx.aer4f : dpm_msg.oer4f (.text:DPM_msgStopHandler)
                  0001afe6    0000003e     libmmwave_xwr18xx.aer4f : mmwave.oer4f (.text:MMWave_decodeError)
                  0001b024    0000003e     libuart_xwr18xx.aer4f : uartsci.oer4f (.text:UartSci_close)
                  0001b062    0000003e     mmwdemo_monitor.oer4f (.text:mmwDemo_cfgAnalogMonitor)
                  0001b0a0    0000003c     libcbuff_xwr18xx.aer4f : cbuff_transfer.oer4f (.text:CBUFF_configCQEDMA)
                  0001b0dc    0000003c     libcli_xwr18xx.aer4f : cli_mmwave.oer4f (.text:CLI_MMWaveFlushCfg)
                  0001b118    0000003c     libedma_xwr18xx.aer4f : edma.oer4f (.text:EDMA_chainChannels)
                  0001b154    0000003c                           : edma.oer4f (.text:EDMA_getTransferControllerErrorStatus)
                  0001b190    0000003c     libmailbox_xwr18xx.aer4f : mailbox.oer4f (.text:Mailbox_writeReset)
                  0001b1cc    0000003c     libsoc_xwr18xx.aer4f : soc.oer4f (.text:SOC_unhaltBSS)
                  0001b208    0000003c     sysbios.aer4ft : vim_Hwi_asm.obj (.text:ti_sysbios_family_arm_v7r_vim_Hwi_init__I)
                  0001b244    0000000a     libuart_xwr18xx.aer4f : UART.oer4f (.text:UART_read)
                  0001b24e    00000002     --HOLE-- [fill = 0]
                  0001b250    0000003c     sysbios.aer4ft : BIOS.obj (.text:ti_sysbios_hal_Hwi_checkStack)
                  0001b28c    00000004     mmw_mss_per4ft.oer4ft (.text:ti_sysbios_BIOS_RtsGateProxy_enter__E)
                  0001b290    0000003c     sysbios.aer4ft : BIOS.obj (.text:ti_sysbios_heaps_HeapMem_init__I)
                  0001b2cc    0000003a     libosal_xwr18xx.aer4f : HwiP_tirtos.oer4f (.text:HwiP_delete)
                  0001b306    00000038     libcbuff_xwr18xx.aer4f : cbuff_transfer.oer4f (.text:CBUFF_addUserBufferLLEntry)
                  0001b33e    00000038                            : cbuff_transfer.oer4f (.text:CBUFF_setupHeader)
                  0001b376    00000002     --HOLE-- [fill = 0]
                  0001b378    00000038     libcli_xwr18xx.aer4f : cli_mmwave.oer4f (.text:CLI_MMWaveExtensionInit)
                  0001b3b0    00000038     libedma_xwr18xx.aer4f : edma_low_level.oer4f (.text:EDMA3ClrMissEvt)
                  0001b3e8    00000038     mmw_cli.oer4f (.text:MmwDemo_CLISetAngle)
                  0001b420    00000038     libuart_xwr18xx.aer4f : UART.oer4f (.text:UART_init)
                  0001b458    00000036     libmmwavelink_xwr18xx.aer4f : rl_controller.oer4f (.text:rlAppendSubBlock)
                  0001b48e    00000036     rtsv7R4_T_le_v3D16_eabi.lib : strncpy.obj (.text)
                  0001b4c4    00000034     libadcbuf_xwr18xx.aer4f : ADCBuf.oer4f (.text:ADCBuf_open)
                  0001b4f8    00000034     libedma_xwr18xx.aer4f : edma.oer4f (.text:EDMA_configTransferControllerError)
                  0001b52c    00000034     libmmwave_xwr18xx.aer4f : mmwave_link.oer4f (.text:MMWave_mboxWrite)
                  0001b560    00000034     libsoc_xwr18xx.aer4f : soc_xwr18xx_mss.oer4f (.text:SOC_isSecureDevice)
                  0001b594    00000034                          : soc_xwr18xx.oer4f (.text:SOC_setMMWaveDSSLinkState)
                  0001b5c8    00000034                          : soc_xwr18xx.oer4f (.text:SOC_setMMWaveMSSLinkState)
                  0001b5fc    00000034                          : soc_xwr18xx.oer4f (.text:SOC_setMSSLinkState)
                  0001b630    00000034     libuart_xwr18xx.aer4f : UART.oer4f (.text:UART_open)
                  0001b664    0000000a                           : UART.oer4f (.text:UART_write)
                  0001b66e    00000002     --HOLE-- [fill = 0]
                  0001b670    00000034     sysbios.aer4ft : BIOS.obj (.text:ti_sysbios_family_arm_a15_TimestampProvider_get64__E)
                  0001b6a4    00000034     mmw_mss_per4ft.oer4ft (.text:ti_sysbios_knl_Semaphore_create)
                  0001b6d8    00000032     libcrc_xwr18xx.aer4f : crc.oer4f (.text:CRC_getCRCDataSelectBitValue)
                  0001b70a    00000002     --HOLE-- [fill = 0]
                  0001b70c    00000032                          : crc.oer4f (.text:CRC_getCRCTypeBitValue)
                  0001b73e    00000032     libedma_xwr18xx.aer4f : edma.oer4f (.text:EDMA_configQueueThreshold)
                  0001b770    00000032     sysbios.aer4ft : BIOS.obj (.text:ti_sysbios_hal_Hwi_initStack)
                  0001b7a2    00000002     --HOLE-- [fill = 0]
                  0001b7a4    00000030     libadcbuf_xwr18xx.aer4f : ADCBuf.oer4f (.text:ADCBuf_init)
                  0001b7d4    00000030     libcbuff_xwr18xx.aer4f : cbuff_transfer.oer4f (.text:CBUFF_addCQLLEntry)
                  0001b804    00000030     libmmwave_xwr18xx.aer4f : mmwave_listlib.oer4f (.text:MMWave_listRemoveNode)
                  0001b834    00000030     libsoc_xwr18xx.aer4f : soc.oer4f (.text:SOC_getDevicePartNumber)
                  0001b864    00000030     libmmwavelink_xwr18xx.aer4f : rl_sensor.oer4f (.text:rlSensorStart)
                  0001b894    00000030     mmw_mss_per4ft.oer4ft (.text:ti_sysbios_BIOS_startFunc__I)
                  0001b8c4    0000000a     libuart_xwr18xx.aer4f : UART.oer4f (.text:UART_writePolling)
                  0001b8ce    00000002     --HOLE-- [fill = 0]
                  0001b8d0    00000030     sysbios.aer4ft : BIOS.obj (.text:ti_sysbios_family_arm_TaskSupport_start__E)
                  0001b900    00000030     mmw_mss_per4ft.oer4ft (.text:ti_sysbios_gates_GateHwi_Object__create__S)
                  0001b930    00000030     mmw_mss_per4ft.oer4ft (.text:ti_sysbios_gates_GateMutex_Object__create__S)
                  0001b960    00000030     mmw_mss_per4ft.oer4ft (.text:ti_sysbios_heaps_HeapMem_Object__create__S)
                  0001b990    00000030     sysbios.aer4ft : BIOS.obj (.text:ti_sysbios_heaps_HeapMem_free__E)
                  0001b9c0    00000030     mmw_mss_per4ft.oer4ft (.text:ti_sysbios_knl_Semaphore_construct)
                  0001b9f0    0000002f     sysbios.aer4ft : BIOS.obj (.text:xdc_runtime_Text_printVisFxn__I)
                  0001ba1f    00000001     --HOLE-- [fill = 0]
                  0001ba20    0000002e     libdpm_xwr18xx.aer4f : dpm_msg.oer4f (.text:DPM_msgStartHandler)
                  0001ba4e    00000002     --HOLE-- [fill = 0]
                  0001ba50    0000002e     sysbios.aer4ft : BIOS.obj (.text:ti_sysbios_knl_Semaphore_pendTimeout__I)
                  0001ba7e    0000002e     mmw_mss_per4ft.oer4ft (.text:ti_sysbios_rts_MemAlloc_alloc)
                  0001baac    0000002c     libdpm_xwr18xx.aer4f : dpm_pipe.oer4f (.text:DPM_pipeInit)
                  0001bad8    0000002c     libedma_xwr18xx.aer4f : edma.oer4f (.text:EDMA_validate_channelIdchannelType)
                  0001bb04    0000002c     libgpio_xwr18xx.aer4f : gpio.oer4f (.text:GPIO_HighPriorityISR)
                  0001bb30    0000002c                           : gpio.oer4f (.text:GPIO_LowPriorityISR)
                  0001bb5c    0000002c     libmmwave_xwr18xx.aer4f : mmwave_osal.oer4f (.text:MMWave_osalMutexCreate)
                  0001bb88    0000002c                             : mmwave_osal.oer4f (.text:MMWave_osalSemCreate)
                  0001bbb4    0000002c     libsoc_xwr18xx.aer4f : soc_xwr18xx_mss.oer4f (.text:SOC_waitBSSPowerUp)
                  0001bbe0    0000002c     libmmwavelink_xwr18xx.aer4f : rl_device.oer4f (.text:rlDeviceGetMssVersion)
                  0001bc0c    0000002c                                 : rl_sensor.oer4f (.text:rlSensorStop)
                  0001bc38    0000002c     rtsv7R4_T_le_v3D16_eabi.lib : unlink.obj (.text)
                  0001bc64    0000002c     mmw_mss_per4ft.oer4ft (.text:ti_sysbios_BIOS_atExitFunc__I)
                  0001bc90    0000002c     mmw_mss_per4ft.oer4ft (.text:ti_sysbios_knl_Clock_doTick__I)
                  0001bcbc    0000002c     mmw_mss_per4ft.oer4ft (.text:ti_sysbios_knl_Queue_construct)
                  0001bce8    00000006     libmmwavelink_xwr18xx.aer4f : rl_controller.oer4f (.text:rlGetSubBlockId)
                  0001bcee    00000002     --HOLE-- [fill = 0]
                  0001bcf0    0000002c     sysbios.aer4ft : BIOS.obj (.text:ti_sysbios_timers_rti_Timer_periodicStub__E)
                  0001bd1c    0000002a     libdpm_xwr18xx.aer4f : dpm_pipe.oer4f (.text:DPM_pipeDeinit)
                  0001bd46    0000002a     mmwdemo_adcconfig.oer4f (.text:MmwDemo_ADCBufOpen)
                  0001bd70    0000002a     libsoc_xwr18xx.aer4f : soc.oer4f (.text:SOC_SystemISR)
                  0001bd9a    0000002a     libmmwavelink_xwr18xx.aer4f : rl_device.oer4f (.text:rlDeviceGetMmWaveLinkVersion)
                  0001bdc4    0000002a     rtsv7R4_T_le_v3D16_eabi.lib : strspn.obj (.text)
                  0001bdee    00000002     --HOLE-- [fill = 0]
                  0001bdf0    00000028     libcbuff_xwr18xx.aer4f : cbuff.oer4f (.text:CBUFF_ErrorISR)
                  0001be18    00000028                            : cbuff.oer4f (.text:CBUFF_FrameStartISR)
                  0001be40    00000028     libdpm_xwr18xx.aer4f : dpm_mailbox.oer4f (.text:DPM_mboxDeinit)
                  0001be68    00000028                          : dpm_msg.oer4f (.text:DPM_msgInitHeader)
                  0001be90    00000028     libmailbox_xwr18xx.aer4f : mailbox.oer4f (.text:Mailbox_Config_init)
                  0001beb8    00000028     libqspiflash_xwr18xx.aer4f : qspiflash.oer4f (.text:QSPIFlash_getExtFlashAddr)
                  0001bee0    00000028     libuart_xwr18xx.aer4f : uartsci_dma.oer4f (.text:UartSci_RxDMACallbackFxn)
                  0001bf08    00000028                           : uartsci_dma.oer4f (.text:UartSci_TxDMACallbackFxn)
                  0001bf30    00000028     mmwdemo_flash.oer4f (.text:mmwDemo_flashEraseOneSector)
                  0001bf58    00000028     libmmwavelink_xwr18xx.aer4f : rl_driver.oer4f (.text:rlDriverConstructInMsg)
                  0001bf80    00000028     rtsv7R4_T_le_v3D16_eabi.lib : lseek.obj (.text)
                  0001bfa8    00000028                                 : write.obj (.text)
                  0001bfd0    00000028     sysbios.aer4ft : BIOS.obj (.text:ti_sysbios_knl_Idle_run__E)
                  0001bff8    00000006     libmmwavelink_xwr18xx.aer4f : rl_controller.oer4f (.text:rlGetSubBlockLen)
                  0001bffe    00000002     --HOLE-- [fill = 0]
                  0001c000    00000028     sysbios.aer4ft : BIOS.obj (.text:xdc_runtime_SysStd_abort__E)
                  0001c028    00000006                    : a15_TimestampProvider_asm.obj (.text:ti_sysbios_family_arm_a15_TimestampProvider_get32__E)
                  0001c02e    00000002     --HOLE-- [fill = 0]
                  0001c030    00000028                    : BIOS.obj (.text:xdc_runtime_System_aprintf_va__F)
                  0001c058    00000026     mmwdemo_monitor.oer4f (.text:mmwDemo_cfgRxSaturationMonitor)
                  0001c07e    00000026     libmmwavelink_xwr18xx.aer4f : rl_monitoring.oer4f (.text:rlRfAnaMonConfig)
                  0001c0a4    00000026                                 : rl_sensor.oer4f (.text:rlRfGetTemperatureReport)
                  0001c0ca    00000026                                 : rl_sensor.oer4f (.text:rlRfInitCalibConfig)
                  0001c0f0    00000026                                 : rl_sensor.oer4f (.text:rlRfRunTimeCalibConfig)
                  0001c116    00000026                                 : rl_monitoring.oer4f (.text:rlRfRxIfSatMonConfig)
                  0001c13c    00000026                                 : rl_monitoring.oer4f (.text:rlRfRxSigImgMonConfig)
                  0001c162    00000026                                 : rl_sensor.oer4f (.text:rlRfSetCalMonFreqLimitConfig)
                  0001c188    00000026                                 : rl_sensor.oer4f (.text:rlRfSetDeviceCfg)
                  0001c1ae    00000026                                 : rl_sensor.oer4f (.text:rlRfSetLdoBypassConfig)
                  0001c1d4    00000026                                 : rl_sensor.oer4f (.text:rlSetAdcOutConfig)
                  0001c1fa    00000026                                 : rl_sensor.oer4f (.text:rlSetBpmCommonConfig)
                  0001c220    00000026                                 : rl_sensor.oer4f (.text:rlSetChannelConfig)
                  0001c246    00000026                                 : rl_sensor.oer4f (.text:rlSetContModeConfig)
                  0001c26c    00000026     rtsv7R4_T_le_v3D16_eabi.lib : memcmp.obj (.text)
                  0001c292    0000000e     libosal_xwr18xx.aer4f : SemaphoreP_tirtos.oer4f (.text:SemaphoreP_delete)
                  0001c2a0    00000026     sysbios.aer4ft : BIOS.obj (.text:xdc_runtime_System_printf_va__F)
                  0001c2c6    00000002     --HOLE-- [fill = 0]
                  0001c2c8    00000025     mss_main.oer4f (.text:_MmwDemo_debugAssert)
                  0001c2ed    00000001     --HOLE-- [fill = 0]
                  0001c2ee    00000024     libcrc_xwr18xx.aer4f : crc.oer4f (.text:CRC_isTransactionIdValid)
                  0001c312    00000002     --HOLE-- [fill = 0]
                  0001c314    00000024     libedma_xwr18xx.aer4f : edma_low_level.oer4f (.text:EDMA3ClrEvt)
                  0001c338    00000024                           : edma_low_level.oer4f (.text:EDMA3ClrIntr)
                  0001c35c    00000024                           : edma_low_level.oer4f (.text:EDMA3DisableDmaEvt)
                  0001c380    00000024                           : edma_low_level.oer4f (.text:EDMA3DisableEvtIntr)
                  0001c3a4    00000024                           : edma_low_level.oer4f (.text:EDMA3EnableDmaEvt)
                  0001c3c8    00000024                           : edma_low_level.oer4f (.text:EDMA3EnableEvtIntr)
                  0001c3ec    00000024                           : edma.oer4f (.text:EDMA_clearTransferControllerErrors)
                  0001c410    00000024     libgpio_xwr18xx.aer4f : gpio.oer4f (.text:GPIO_processInterrupt)
                  0001c434    00000024     libhsiheader_xwr18xx.aer4f : hsiheader.oer4f (.text:HSIHeader_processUserBuffer)
                  0001c458    00000024     libsoc_xwr18xx.aer4f : soc_xwr18xx.oer4f (.text:SOC_isDSSOperational)
                  0001c47c    00000024                          : soc_xwr18xx.oer4f (.text:SOC_isMMWaveDSSOperational)
                  0001c4a0    00000024                          : soc_xwr18xx.oer4f (.text:SOC_isMMWaveMSSOperational)
                  0001c4c4    00000024     libmmwavelink_xwr18xx.aer4f : rl_device.oer4f (.text:rlDeviceSetHsiClk)
                  0001c4e8    00000024                                 : rl_sensor.oer4f (.text:rlEnableContMode)
                  0001c50c    00000024                                 : rl_sensor.oer4f (.text:rlRfSetCalMonTimeUnitConfig)
                  0001c530    00000024                                 : rl_sensor.oer4f (.text:rlSetLowPowerModeConfig)
                  0001c554    00000024     mmw_mss_per4ft.oer4ft (.text:ti_sysbios_BIOS_registerRTSLock__I)
                  0001c578    00000024     mmw_mss_per4ft.oer4ft (.text:ti_sysbios_BIOS_removeRTSLock__I)
                  0001c59c    00000024     mmw_mss_per4ft.oer4ft (.text:ti_sysbios_gates_GateMutex_Object__delete__S)
                  0001c5c0    00000024     sysbios.aer4ft : BIOS.obj (.text:ti_sysbios_knl_Clock_Module_startup__E)
                  0001c5e4    00000024     mmw_mss_per4ft.oer4ft (.text:ti_sysbios_knl_Semaphore_Object__delete__S)
                  0001c608    00000022     libcbuff_xwr18xx.aer4f : cbuff_transfer.oer4f (.text:CBUFF_initLinkedList)
                  0001c62a    00000022     libqspiflash_xwr18xx.aer4f : qspiflash.oer4f (.text:QSPIFlashReadCmd)
                  0001c64c    00000022     libuart_xwr18xx.aer4f : uartsci.oer4f (.text:UartSci_disableRxDMA)
                  0001c66e    00000022                           : uartsci.oer4f (.text:UartSci_enableRxDMA)
                  0001c690    00000022     rtsv7R4_T_le_v3D16_eabi.lib : strcspn.obj (.text)
                  0001c6b2    00000020     libdpm_xwr18xx.aer4f : dpm_listlib.oer4f (.text:DPM_listCat)
                  0001c6d2    00000002     --HOLE-- [fill = 0]
                  0001c6d4    00000020     libedma_xwr18xx.aer4f : edma_low_level.oer4f (.text:EDMA3QdmaClrMissEvt)
                  0001c6f4    00000020     libesm_xwr18xx.aer4f : esm.oer4f (.text:ESM_lowpriority_IRQ)
                  0001c714    00000020     libhsiheader_xwr18xx.aer4f : hsiheader.oer4f (.text:HSIHeader_processCQ)
                  0001c734    00000020     libmmwave_xwr18xx.aer4f : mmwave_listlib.oer4f (.text:MMWave_listCat)
                  0001c754    00000020     mss_main.oer4f (.text:MmwDemo_DPM_ioctl_blocking)
                  0001c774    00000020     libpinmux_xwr18xx.aer4f : pinmux.oer4f (.text:Pinmux_Unlock)
                  0001c794    00000020     libmmwavelink_xwr18xx.aer4f : rl_sensor.oer4f (.text:rlRfInit)
                  0001c7b4    0000000a     libmathutils.aer4f : mathutils.oer4f (.text:mathUtils_floorLog2)
                  0001c7be    00000002     --HOLE-- [fill = 0]
                  0001c7c0    00000020     sysbios.aer4ft : BIOS.obj (.text:ti_sysbios_family_arm_TaskSupport_stackUsed__E)
                  0001c7e0    00000020                    : BIOS.obj (.text:ti_sysbios_family_arm_a15_TimestampProvider_autoRefreshFxn__I)
                  0001c800    00000020                    : BIOS.obj (.text:ti_sysbios_family_arm_v7a_Pmu_Module_startup__E)
                  0001c820    00000020     mmw_mss_per4ft.oer4ft (.text:ti_sysbios_family_arm_v7r_vim_Hwi_Object__delete__S)
                  0001c840    00000020     sysbios.aer4ft : BIOS.obj (.text:ti_sysbios_family_arm_v7r_vim_Hwi_disableInterrupt__E)
                  0001c860    00000020                    : BIOS.obj (.text:ti_sysbios_family_arm_v7r_vim_Hwi_enableInterrupt__E)
[...]
0001e51c  ti_sysbios_knl_Task_E_stackOverflow__C                               
0001e520  ti_sysbios_knl_Task_LD_block__C                                      
0001e524  ti_sysbios_knl_Task_LD_exit__C                                       
0001e528  ti_sysbios_knl_Task_LD_ready__C                                      
0001e52c  ti_sysbios_knl_Task_LM_sleep__C                                      
0001e530  ti_sysbios_knl_Task_LM_switch__C                                     
0001e534  ti_sysbios_knl_Task_Module_State_inactiveQ__O                        
0001e538  ti_sysbios_knl_Task_Module__diagsEnabled__C                          
0001e53c  ti_sysbios_knl_Task_Module__diagsIncluded__C                         
0001e540  ti_sysbios_knl_Task_Module__diagsMask__C                             
0001e544  ti_sysbios_knl_Task_Module__loggerFxn2__C                            
0001e548  ti_sysbios_knl_Task_Module__loggerFxn4__C                            
0001e54c  ti_sysbios_knl_Task_Module__loggerObj__C                             
0001e550  ti_sysbios_knl_Task_Object__count__C                                 
0001e554  ti_sysbios_knl_Task_Object__heap__C                                  
0001e558  ti_sysbios_knl_Task_allBlockedFunc__C                                
0001e55c  ti_sysbios_knl_Task_defaultStackHeap__C                              
0001e560  ti_sysbios_knl_Task_defaultStackSize__C                              
0001e564  ti_sysbios_knl_Task_numConstructedTasks__C                           
0001e568  ti_sysbios_timers_rti_Timer_E_cannotSupport__C                       
0001e56c  ti_sysbios_timers_rti_Timer_Module__diagsEnabled__C                  
0001e570  ti_sysbios_timers_rti_Timer_Module__diagsIncluded__C                 
0001e574  ti_sysbios_timers_rti_Timer_Module__diagsMask__C                     
0001e578  ti_sysbios_timers_rti_Timer_numTimerDevices__C                       
0001e57c  ti_sysbios_timers_rti_Timer_startupNeeded__C                         
0001e580  ti_sysbios_utils_Load_LS_cpuLoad__C                                  
0001e584  ti_sysbios_utils_Load_LS_taskLoad__C                                 
0001e588  ti_sysbios_utils_Load_Module_State_taskList__O                       
0001e58c  ti_sysbios_utils_Load_Module__diagsEnabled__C                        
0001e590  ti_sysbios_utils_Load_Module__diagsIncluded__C                       
0001e594  ti_sysbios_utils_Load_Module__diagsMask__C                           
0001e598  ti_sysbios_utils_Load_Module__loggerFxn1__C                          
0001e59c  ti_sysbios_utils_Load_Module__loggerFxn4__C                          
0001e5a0  ti_sysbios_utils_Load_Module__loggerObj__C                           
0001e5a4  ti_sysbios_utils_Load_postUpdate__C                                  
0001e5a8  ti_sysbios_utils_Load_windowInMs__C                                  
0001e5ac  xdc_runtime_Assert_E_assertFailed__C                                 
0001e5b0  xdc_runtime_Core_A_initializedParams__C                              
0001e5b4  xdc_runtime_Core_Module__diagsEnabled__C                             
0001e5b8  xdc_runtime_Core_Module__diagsIncluded__C                            
0001e5bc  xdc_runtime_Core_Module__diagsMask__C                                
0001e5c0  xdc_runtime_Error_E_memory__C                                        
0001e5c4  xdc_runtime_Error_Module__diagsEnabled__C                            
0001e5c8  xdc_runtime_Error_Module__diagsIncluded__C                           
0001e5cc  xdc_runtime_Error_Module__diagsMask__C                               
0001e5d0  xdc_runtime_Error_Module__loggerFxn8__C                              
0001e5d4  xdc_runtime_Error_Module__loggerObj__C                               
0001e5d8  xdc_runtime_Error_policyFxn__C                                       
0001e5dc  xdc_runtime_Error_policy__C                                          
0001e5e0  xdc_runtime_Error_raiseHook__C                                       
0001e5e4  xdc_runtime_IFilterLogger_Interface__BASE__C                         
0001e5e8  xdc_runtime_IGateProvider_Interface__BASE__C                         
0001e5ec  xdc_runtime_IHeap_Interface__BASE__C                                 
0001e5f0  xdc_runtime_ILogger_Interface__BASE__C                               
0001e5f4  xdc_runtime_IModule_Interface__BASE__C                               
0001e5f8  xdc_runtime_Log_L_error__C                                           
0001e5fc  xdc_runtime_LoggerBuf_E_badLevel__C                                  
0001e600  xdc_runtime_LoggerBuf_Module__gateObj__C                             
0001e604  xdc_runtime_LoggerBuf_Object__count__C                               
0001e608  xdc_runtime_LoggerBuf_statusLogger__C                                
0001e60c  xdc_runtime_Main_Module__diagsEnabled__C                             
0001e610  xdc_runtime_Main_Module__diagsIncluded__C                            
0001e614  xdc_runtime_Main_Module__diagsMask__C                                
0001e618  xdc_runtime_Main_Module__loggerFxn1__C                               
0001e61c  xdc_runtime_Main_Module__loggerFxn2__C                               
0001e620  xdc_runtime_Main_Module__loggerFxn4__C                               
0001e624  xdc_runtime_Main_Module__loggerObj__C                                
0001e628  xdc_runtime_Memory_defaultHeapInstance__C                            
0001e62c  xdc_runtime_Startup_execImpl__C                                      
0001e630  xdc_runtime_Startup_maxPasses__C                                     
0001e634  xdc_runtime_Startup_sfxnRts__C                                       
0001e638  xdc_runtime_Startup_sfxnTab__C                                       
0001e63c  xdc_runtime_System_Module__gateObj__C                                
0001e640  xdc_runtime_System_abortFxn__C                                       
0001e644  xdc_runtime_System_exitFxn__C                                        
0001e648  xdc_runtime_System_extendFxn__C                                      
0001e64c  xdc_runtime_System_maxAtexitHandlers__C                              
0001e650  xdc_runtime_Text_charTab__C                                          
0001e654  xdc_runtime_Text_nameEmpty__C                                        
0001e658  xdc_runtime_Text_nameStatic__C                                       
0001e65c  xdc_runtime_Text_nameUnknown__C                                      
0001e660  xdc_runtime_Text_visitRopeFxn__C                                     
0001e664  ti_sysbios_family_arm_exc_Exception_Module__id__C                    
0001e666  ti_sysbios_family_arm_v7a_Pmu_Module__id__C                          
0001e668  ti_sysbios_family_arm_v7r_tms570_Core_Module__id__C                  
0001e66a  ti_sysbios_family_arm_v7r_vim_Hwi_Module__id__C                      
0001e66c  ti_sysbios_family_arm_v7r_vim_Hwi_Module__loggerDefined__C           
0001e66e  ti_sysbios_gates_GateMutex_Module__id__C                             
0001e670  ti_sysbios_hal_Hwi_Module__id__C                                     
0001e672  ti_sysbios_heaps_HeapMem_Module__id__C                               
0001e674  ti_sysbios_knl_Clock_Module__id__C                                   
0001e676  ti_sysbios_knl_Clock_Module__loggerDefined__C                        
0001e678  ti_sysbios_knl_Semaphore_Module__id__C                               
0001e67a  ti_sysbios_knl_Semaphore_Module__loggerDefined__C                    
0001e67c  ti_sysbios_knl_Task_Module__id__C                                    
0001e67e  ti_sysbios_knl_Task_Module__loggerDefined__C                         
0001e680  ti_sysbios_timers_rti_Timer_Module__id__C                            
0001e682  ti_sysbios_timers_rti_Timer_continueOnSuspend__C                     
0001e684  ti_sysbios_utils_Load_Module__id__C                                  
0001e686  ti_sysbios_utils_Load_Module__loggerDefined__C                       
0001e688  ti_sysbios_utils_Load_autoAddTasks__C                                
0001e68a  ti_sysbios_utils_Load_updateInIdle__C                                
0001e68c  xdc_runtime_Core_Module__id__C                                       
0001e68e  xdc_runtime_Error_Module__loggerDefined__C                           
0001e690  xdc_runtime_Error_maxDepth__C                                        
0001e692  xdc_runtime_LoggerBuf_Module__id__C                                  
0001e694  xdc_runtime_LoggerBuf_filterByLevel__C                               
0001e696  xdc_runtime_Main_Module__id__C                                       
0001e698  xdc_runtime_Main_Module__loggerDefined__C                            
0001e69a  xdc_runtime_Memory_Module__id__C                                     
0001e69c  xdc_runtime_Text_charCnt__C                                          
0001e69e  xdc_runtime_Text_isLoaded__C                                         
0001e6a0  xdc_runtime_Text_registryModsLastId__C                               
0001e6a2  xdc_runtime_Text_unnamedModsLastId__C                                
0001e6a8  __TI_static_base__                                                   
0001eb34  __TI_Handler_Table_Base                                              
0001eb40  __TI_Handler_Table_Limit                                             
0001eb58  __TI_CINIT_Base                                                      
0001eb78  __TI_CINIT_Limit                                                     
08000000  ti_sysbios_heaps_HeapMem_Instance_State_0_buf__A                     
08008000  xdc_runtime_LoggerBuf_Instance_State_0_entryArr__A                   
08009900  ti_sysbios_family_arm_exc_Exception_Module_State_0_excStack_0__A     
0800a900  ti_sysbios_knl_Task_Instance_State_0_stack__A                        
0800ac20  gCLI                                                                 
0800adc8  gGPIOMCB                                                             
0800af5c  __CIOBUF_                                                            
0800b07c  gMMWave_MCB                                                          
0800b17c  __TI_tmpnams                                                         
0800b21c  ti_sysbios_knl_Task_Instance_State_0_hookEnv__A                      
0800b220  gHSIHeaderMCB                                                        
0800b2b0  gEsmMCB                                                              
0800b320  gMmwDemoFlash                                                        
0800b32c  gMMWave_DualcoreMCB                                                  
0800b334  parmbuf                                                              
0800b340  gRFLdoBypassCfg                                                      
0800b348  gCalibDataStorage                                                    
0800b7a8  gMmwMssMCB                                                           
0800bf88  gEDMA_4K_errata_check                                                
0800bf8c  edmaDbg                                                              
0800c694  rl_txMsg                                                             
0800c794  rl_rxMsg                                                             
0800ca7c  gQSPIFlashHwCfg                                                      
0800ca80  gCLI_mmwave_freq_scale_factor                                        
0800ca88  gCLIMMWaveOpenCfg                                                    
0800cab0  gCLIMMWaveExtensionTable                                             
0800cb58  partInfoStringArray                                                  
0800cc18  gCLIMMWaveControlCfg                                                 
0800cce8  ti_sysbios_family_arm_v7r_vim_Hwi_Module_State_0_dispatchTable__A    
0800cee8  _ftable                                                              
0800cfd8  ti_sysbios_utils_Load_Module__state__V                               
0800d070  ti_sysbios_knl_Task_Module_State_0_readyQ__A                         
0800d0f0  _device                                                              
0800d168  gCBUFFHwAttribute                                                    
0800d1e0  ti_sysbios_knl_Task_Object__table__V                                 
0800d23c  gUartSciHwCfg                                                        
0800d294  _stream                                                              
0800d2e4  gMailboxMCB                                                          
0800d334  ti_sysbios_knl_Task_Module__state__V                                 
0800d37c  SOC_TranslateAddr_LUT                                                
0800d3bc  ti_sysbios_gates_GateMutex_Object__table__V                          
0800d3fc  ti_sysbios_timers_rti_Timer_Object__table__V                         
0800d438  gCBUFFInterfaceFxn                                                   
0800d470  ti_sysbios_family_arm_v7r_vim_Hwi_Module__state__V                   
0800d4a4  ti_sysbios_family_arm_v7r_vim_Hwi_Object__table__V                   
0800d4d0  ti_sysbios_knl_Clock_Module__state__V                                
0800d4fc  gUartSciFxnTable                                                     
0800d524  UART_config                                                          
0800d548  ti_sysbios_BIOS_Module__state__V                                     
0800d56c  xdc_runtime_LoggerBuf_Object__table__V                               
0800d590  gSOCHwAttrib                                                         
0800d5b0  ti_sysbios_knl_Clock_Object__table__V                                
0800d5d0  xdc_runtime_Error_IgnoreBlock                                        
0800d5f0  xdc_runtime_System_Module_State_0_atexitHandlers__A                  
0800d610  ti_sysbios_utils_Load_Module_State_0_taskEnv__A                      
0800d62c  ADCBuf_config                                                        
0800d644  gInterleavedTransferFxn                                              
0800d65c  gMailboxMssBssHwCfg                                                  
0800d674  gMailboxMssDssHwCfg                                                  
0800d68c  gMultipleChirpNonInterleavedTransferFxn                              
0800d6a4  gNonInterleavedTransferFxn                                           
0800d6bc  ti_sysbios_heaps_HeapMem_Object__table__V                            
0800d6d4  ti_sysbios_timers_rti_Timer_Module_State_0_device__A                 
0800d6ec  gDPMRemoteTable                                                      
0800d700  ti_sysbios_family_arm_exc_Exception_Module__state__V                 
0800d714  gQSPIHwCfg                                                           
0800d724  __TI_ft_end                                                          
0800d728  __aeabi_stdin                                                        
0800d72c  __aeabi_stdout                                                       
0800d730  __aeabi_stderr                                                       
0800d734  ti_sysbios_timers_rti_Timer_Module_State_0_intFreqs__A               
0800d744  ti_sysbios_timers_rti_Timer_Module__state__V                         
0800d754  __TI_cleanup_ptr                                                     
0800d758  __TI_dtors_ptr                                                       
0800d75c  __TI_enable_exit_profile_output                                      
0800d760  gESMHwCfgAttrs                                                       
0800d76c  ti_sysbios_family_arm_v7a_Pmu_Module__state__V                       
0800d778  ti_sysbios_knl_Task_Module__root__V                                  
0800d784  _lock                                                                
0800d788  _unlock                                                              
0800d78c  MmwDemo_RFParserHwCfg                                                
0800d794  QSPIFlash_deviceFxnTbl_macronix                                      
0800d79c  QSPIFlash_deviceFxnTbl_spansion                                      
0800d7a4  gDPMHwAttrib                                                         
0800d7ac  gGPIOHwAtrrib                                                        
0800d7b4  ti_sysbios_family_arm_v7r_vim_Hwi_Module__root__V                    
0800d7bc  ti_sysbios_gates_GateHwi_Module__root__V                             
0800d7c4  ti_sysbios_gates_GateMutex_Module__root__V                           
0800d7cc  ti_sysbios_hal_Hwi_Object__table__V                                  
0800d7d4  ti_sysbios_heaps_HeapMem_Module__root__V                             
0800d7dc  ti_sysbios_knl_Queue_Module__root__V                                 
0800d7e4  ti_sysbios_knl_Semaphore_Module__root__V                             
0800d7ec  ti_sysbios_timers_rti_Timer_Module_State_0_handles__A                
0800d7f4  xdc_runtime_LoggerBuf_Module__root__V                                
0800d7fc  xdc_runtime_Registry_Module__state__V                                
0800d804  xdc_runtime_Startup_Module__state__V                                 
0800d80c  xdc_runtime_System_Module__state__V                                  
0800d814  xdc_runtime_LoggerBuf_Module__state__V                               
0800d81a  ti_sysbios_family_arm_exc_Exception_Module_State_0_excActive__A      
0800d820  gCRCRegister                                                         
0800d824  gDPM                                                                 
0800d828  regionId                                                             
0800d82c  gPinmuxRegs                                                          
0800d830  gQSPIDriverPtr                                                       
0800d838  errno                                                                
0800d844  main_func_sp                                                         
0800d84c  ti_sysbios_family_arm_a15_TimestampProvider_Module__state__V         
0800d850  ti_sysbios_family_arm_exc_Exception_Module_State_0_excContext__A     
0800d854  ti_sysbios_family_arm_exc_Exception_Module_State_0_excStackBuffers__A
0800d858  ti_sysbios_family_arm_exc_Exception_Module_State_0_excStack__A       
0800d85c  ti_sysbios_gates_GateHwi_Object__table__V                            
0800d860  ti_sysbios_heaps_HeapBuf_Module__state__V                            
0800d864  ti_sysbios_knl_Task_Module_State_0_idleTask__A                       
0800d868  ti_sysbios_utils_Load_Module_State_0_runningTask__A                  
0800d86c  ti_sysbios_utils_Load_Module_State_0_taskStartTime__A                
0800d870  xdc_runtime_Memory_Module__state__V                                  
0800d874  xdc_runtime_Error_Module__state__V                                   
0800d876  xdc_runtime_Main_Module__root__V                                     
0800d878  ti_sysbios_family_arm_v7r_vim_Hwi_Module_State_0_fiqStack__A         
0800e078  __stack                                                              
0800e878  __STACK_END                                                          
fffffdec  ti_sysbios_family_arm_v7r_vim_Hwi_vim                                
ffffffff  __TI_pprof_out_hndl                                                  
ffffffff  __TI_prof_data_size                                                  
ffffffff  __TI_prof_data_start                                                 
ffffffff  __binit__                                                            
ffffffff  __c_args__                                                           
ffffffff  binit                                                                
UNDEFED   SHT$$INIT_ARRAY$$Base                                                
UNDEFED   SHT$$INIT_ARRAY$$Limit                                               

[1144 symbols]
