******************************************************************************
                  TI ARM Linker PC v16.9.6                     
******************************************************************************
>> Linked Wed Nov 15 10:10:13 2023

OUTPUT FILE NAME:   <out_of_box_1843_mss_isk.xer4f>
ENTRY POINT SYMBOL: "_c_int00"  address: 0001b03c


MEMORY CONFIGURATION

         name            origin    length      used     unused   attr    fill
----------------------  --------  ---------  --------  --------  ----  --------
PAGE 0:
  VECTORS               00000000   00000100  0000003c  000000c4     X
  PROG_RAM              00000100   0007ff00  00023944  0005c5bc  R  X
  DATA_RAM              08000000   00030000  0000ee38  000211c8  RW  
  L3_RAM                51000000   000c0000  00000000  000c0000  RW  
  HWA_RAM               52030000   00010000  00000000  00010000  RW  
  HS_RAM                52080000   00008000  00000000  00008000  RW  

PAGE 1:
  L3_RAM                51000000   000c0000  00000000  000c0000  RW  


SEGMENT ALLOCATION MAP

run origin  load origin   length   init length attrs members
----------  ----------- ---------- ----------- ----- -------
00000000    00000000    0000003c   0000003c    r--
  00000000    00000000    0000003c   0000003c    r-- .vecs
00000100    00000100    00023950   00023950    r-x
  00000100    00000100    00021d42   00021d42    r-x .text
  00021e48    00021e48    000016a2   000016a2    r-- .const
  000234f0    000234f0    00000560   00000560    r-- .cinit
08000000    08000000    0000ee40   00000000    rw-
  08000000    08000000    00008000   00000000    rw- systemHeap
  08008000    08008000    00003194   00000000    rw- .bss
  0800b198    0800b198    00002ca4   00000000    rw- .data
  0800de40    0800de40    00000800   00000000    rw- .myFiqStack
  0800e640    0800e640    00000800   00000000    rw- .stack


SECTION ALLOCATION MAP

 output                                  attributes/
section   page    origin      length       input sections
--------  ----  ----------  ----------   ----------------
systemHeap 
*          0    08000000    00008000     UNINITIALIZED
                  08000000    00008000     mmw_mss_per4ft.oer4ft (systemHeap)

.vecs      0    00000000    0000003c     
                  00000000    0000003c     mmw_mss_per4ft.oer4ft (.vecs)

.text      0    00000100    00021d42     
                  00000100    0000107a     rtsv7R4_T_le_v3D16_eabi.lib : _printfi.obj (.text)
                  0000117a    00000002     libadcbuf_xwr18xx.aer4f : adcbuf_mmwave.oer4f (.text:ADCBUF_MMWave_init)
                  0000117c    00000898     rtsv7R4_T_le_v3D16_eabi.lib : _scanfi.obj (.text)
                  00001a14    000007da     mss_main.oer4f (.text:MmwDemo_initTask)
                  000021ee    00000002     libmmwave_xwr18xx.aer4f : mmwave_link.oer4f (.text:MMWave_maskHostIRQ)
                  000021f0    0000079c     mss_main.oer4f (.text:MmwDemo_dataPathConfig)
                  0000298c    00000752     mmw_cli.oer4f (.text:MmwDemo_CLIInit)
                  000030de    00000002     libqspiflash_xwr18xx.aer4f : qspiflash.oer4f (.text:QSPIFlash_init)
                  000030e0    000005fc     rtsv7R4_T_le_v3D16_eabi.lib : k_rem_pio2.obj (.text)
                  000036dc    0000054a     mss_main.oer4f (.text:MmwDemo_openSensor)
                  00003c26    0000000a     libadcbuf_xwr18xx.aer4f : ADCBuf.oer4f (.text:ADCBuf_control)
                  00003c30    000004e1     sysbios.aer4ft : BIOS.obj (.text:xdc_runtime_System_doPrint__I)
                  00004111    00000001     --HOLE-- [fill = 0]
                  00004112    00000002     libqspi_xwr18xx.aer4f : qspi.oer4f (.text:QSPI_init)
                  00004114    000004a8     libadcbuf_xwr18xx.aer4f : adcbuf_mmwave.oer4f (.text:ADCBUF_MMWave_control)
                  000045bc    00000478     canard.oer4f (.text:canardHandleRxFrame)
                  00004a34    00000440     mmwdemo_rfparser.oer4f (.text:MmwDemo_RFParser_parseCtrlConfig)
                  00004e74    00000430     mss_main.oer4f (.text:MmwDemo_handleObjectDetResult)
                  000052a4    00000414     cli_mmwave.oer4f (.text:CLI_MMWaveVersion)
                  000056b8    000003fd     mmw_cli.oer4f (.text:MmwDemo_CLISensorStart)
                  00005ab5    00000001     --HOLE-- [fill = 0]
                  00005ab6    00000002     libuart_xwr18xx.aer4f : uartsci.oer4f (.text:UartSci_init)
                  00005ab8    000003f4     rtsv7R4_T_le_v3D16_eabi.lib : s_cos.obj (.text)
                  00005eac    000003f4                                 : s_sin.obj (.text)
                  000062a0    00000308     libsoc_xwr18xx.aer4f : soc_xwr18xx_mss.oer4f (.text:SOC_deviceInit)
                  000065a8    000002f8     libcbuff_xwr18xx.aer4f : cbuff.oer4f (.text:CBUFF_createSession)
                  000068a0    000002f4     sysbios.aer4ft : BIOS.obj (.text:ti_sysbios_knl_Semaphore_pend__E)
                  00006b94    0000000c     cli_mmwave.oer4f (.text:CLI_getMMWaveExtensionConfig)
                  00006ba0    000002cc     sysbios.aer4ft : BIOS.obj (.text:ti_sysbios_knl_Task_Instance_finalize__E)
                  00006e6c    000002b8     rtsv7R4_T_le_v3D16_eabi.lib : ull_div32.obj (.text)
                  00007124    000002a8     libcanfd_xwr18xx.aer4f : mcan.oer4f (.text:MCAN_msgRAMConfig)
                  000073cc    00000004     libosal_xwr18xx.aer4f : HwiP_tirtos.oer4f (.text:HwiP_disableInterrupt)
                  000073d0    000002a4     sysbios.aer4ft : BIOS.obj (.text:ti_sysbios_heaps_HeapMem_freeUnprotected__E)
                  00007674    00000284     libmmwave_xwr18xx.aer4f : mmwave_dualcore.oer4f (.text:MMWave_deviceExecuteFxn)
                  000078f8    00000284     mss_main.oer4f (.text:MmwDemo_processPendingDynamicCfgCommands)
                  00007b7c    00000280     libhsiheader_xwr18xx.aer4f : hsiheader.oer4f (.text:HSIHeader_createHeader)
                  00007dfc    00000004     libosal_xwr18xx.aer4f : HwiP_tirtos.oer4f (.text:HwiP_enableInterrupt)
                  00007e00    00000280     sysbios.aer4ft : BIOS.obj (.text:ti_sysbios_family_arm_exc_Exception_excDumpContext__I)
                  00008080    00000278     mss_main.oer4f (.text:MmwDemo_sensorStopEpilog)
                  000082f8    0000026c     libqspiflash_xwr18xx.aer4f : qspiflash.oer4f (.text:QSPIFlash_open)
                  00008564    00000264     libcbuff_xwr18xx.aer4f : cbuff.oer4f (.text:CBUFF_init)
                  000087c8    00000260     libmailbox_xwr18xx.aer4f : mailbox.oer4f (.text:Mailbox_open)
                  00008a28    00000254     cli_mmwave.oer4f (.text:CLI_MMWaveProfileCfg)
                  00008c7c    00000240     libcanfd_xwr18xx.aer4f : canfd.oer4f (.text:CANFD_init)
                  00008ebc    00000240     mss_main.oer4f (.text:MmwDemo_checkEdmaErrors)
                  000090fc    0000023c     mss_main.oer4f (.text:MmwDemo_DPC_ObjectDetection_reportFxn)
                  00009338    0000023c     mmw_lvds_stream.oer4f (.text:MmwDemo_LVDSStreamHwConfig)
                  00009574    00000238     mmw_can.oer4f (.text:Can_Initialize)
                  000097ac    0000022c     libcbuff_xwr18xx.aer4f : cbuff_lvds.oer4f (.text:CBUFF_openLVDS)
                  000099d8    0000022c     mss_main.oer4f (.text:MmwDemo_eventCallbackFxn)
                  00009c04    0000000c     libedma_xwr18xx.aer4f : edma_low_level.oer4f (.text:EDMA3ChannelToParamMap)
                  00009c10    00000228     sysbios.aer4ft : BIOS.obj (.text:ti_sysbios_heaps_HeapMem_allocUnprotected__E)
                  00009e38    00000008     librtrimutils.aer4f : rtrimutils.oer4f (.text:GET_ANA_BASE_ADDRESS)
                  00009e40    00000224     sysbios.aer4ft : BIOS.obj (.text:ti_sysbios_timers_rti_Timer_Module_startup__E)
                  0000a064    00000214     libedma_xwr18xx.aer4f : edma.oer4f (.text:EDMA_configChannel)
                  0000a278    00000214     libuart_xwr18xx.aer4f : uartsci.oer4f (.text:UartSci_open)
                  0000a48c    0000020a     libcbuff_xwr18xx.aer4f : cbuff_transfer.oer4f (.text:CBUFF_addLinkedList)
                  0000a696    00000002     rtsv7R4_T_le_v3D16_eabi.lib : i_div0.obj (.text)
                  0000a698    00000204     cli_mmwave.oer4f (.text:CLI_MMWaveChirpCfg)
                  0000a89c    00000204     libcrc_xwr18xx.aer4f : crc.oer4f (.text:CRC_open)
                  0000aaa0    00000204     sysbios.aer4ft : BIOS.obj (.text:ti_sysbios_knl_Task_sleep__E)
                  0000aca4    00000200     mss_main.oer4f (.text:MmwDemo_stopSensor)
                  0000aea4    0000000c     libedma_xwr18xx.aer4f : edma_low_level.oer4f (.text:EDMAsetRegion)
                  0000aeb0    00000200     sysbios.aer4ft : BIOS.obj (.text:ti_sysbios_knl_Task_Instance_init__E)
                  0000b0b0    000001fc     hcc_cli.oer4f (.text:CLI_task)
                  0000b2ac    000001f0     libdma_xwr18xx.aer4f : dma.oer4f (.text:DMA_setChannelParams)
                  0000b49c    000001ef     libedma_xwr18xx.aer4f : edma.oer4f (.text:EDMA_paramConfig_assist)
                  0000b68b    00000001     --HOLE-- [fill = 0]
                  0000b68c    000001e4     rtsv7R4_T_le_v3D16_eabi.lib : strtod.obj (.text)
                  0000b870    000001e4                                 : strtoll.obj (.text)
                  0000ba54    000001d4     libcbuff_xwr18xx.aer4f : cbuff_edma.oer4f (.text:CBUFF_configEDMA)
                  0000bc28    00000008     libosal_xwr18xx.aer4f : HwiP_tirtos.oer4f (.text:HwiP_disable)
                  0000bc30    000001cc     sysbios.aer4ft : BIOS.obj (.text:ti_sysbios_family_arm_v7r_vim_Hwi_dispatchIRQC__I)
                  0000bdfc    000001c8     libcbuff_xwr18xx.aer4f : cbuff_lvds.oer4f (.text:CBUFF_initLVDS)
                  0000bfc4    000001c8     mss_main.oer4f (.text:main)
                  0000c18c    000001c8     libmmwavelink_xwr18xx.aer4f : rl_driver.oer4f (.text:rlDriverRxHdrRead)
                  0000c354    000001c8     rtsv7R4_T_le_v3D16_eabi.lib : fopen.obj (.text)
                  0000c51c    000001c0     libedma_xwr18xx.aer4f : edma.oer4f (.text:EDMA_open)
                  0000c6dc    000001b4     rtsv7R4_T_le_v3D16_eabi.lib : e_atan2.obj (.text)
                  0000c890    000001b0     libmmwavelink_xwr18xx.aer4f : rl_driver.oer4f (.text:rlDriverMsgRead)
                  0000ca40    000001a8     cli_mmwave.oer4f (.text:CLI_MMWaveSubFrameCfg)
                  0000cbe8    000001a8     rtsv7R4_T_le_v3D16_eabi.lib : s_atan.obj (.text)
                  0000cd90    000001a4     libcanfd_xwr18xx.aer4f : canfd.oer4f (.text:CANFD_MCANInt0Isr)
                  0000cf34    000001a4     libcbuff_xwr18xx.aer4f : cbuff.oer4f (.text:CBUFF_activateSession)
                  0000d0d8    000001a4     libmmwave_xwr18xx.aer4f : mmwave_dualcore.oer4f (.text:MMWave_serializeCfg)
                  0000d27c    0000019c     mss_main.oer4f (.text:MmwDemo_startSensor)
                  0000d418    0000019c     mss_main.oer4f (.text:MmwDemo_transferLVDSUserData)
                  0000d5b4    0000000c     libmmwave_xwr18xx.aer4f : mmwave_dualcore.oer4f (.text:MMWave_deviceMailboxCallbackFxn)
                  0000d5c0    0000019c     sysbios.aer4ft : BIOS.obj (.text:xdc_runtime_Error_policyDefault__E)
                  0000d75c    00000194     libmmwave_xwr18xx.aer4f : mmwave_link.oer4f (.text:MMWave_openLink)
                  0000d8f0    00000190     libmmwavelink_xwr18xx.aer4f : rl_driver.oer4f (.text:rlDriverCmdInvoke)
                  0000da80    00000188     mmw_cli.oer4f (.text:MmwDemo_CLIConfigDataPort)
                  0000dc08    00000008     libmmwave_xwr18xx.aer4f : mmwave.oer4f (.text:MMWave_decodeErrorLevel)
                  0000dc10    00000184     sysbios.aer4ft : BIOS.obj (.text:xdc_runtime_LoggerBuf_write8__E)
                  0000dd94    00000180     libdpm_xwr18xx.aer4f : dpm_core.oer4f (.text:DPM_init)
                  0000df14    00000180                          : dpm_msg.oer4f (.text:DPM_msgRecv)
                  0000e094    00000180     mmwdemo_rfparser.oer4f (.text:MmwDemo_RFParser_setAoAParams)
                  0000e214    0000017c     libcanfd_xwr18xx.aer4f : canfd.oer4f (.text:CANFD_createMsgObject)
                  0000e390    00000174     mmw_lvds_stream.oer4f (.text:MmwDemo_LVDSStreamInit)
                  0000e504    00000170     libgpio_xwr18xx.aer4f : gpio.oer4f (.text:GPIO_setConfig)
                  0000e674    0000016c     libsoc_xwr18xx.aer4f : soc_xwr18xx_mss.oer4f (.text:SOC_unhaltDSS)
                  0000e7e0    0000016c     sysbios.aer4ft : BIOS.obj (.text:ti_sysbios_knl_Semaphore_post__E)
                  0000e94c    00000168     mmw_lvds_stream.oer4f (.text:MmwDemo_LVDSStreamSwConfig)
                  0000eab4    0000000c     libmmwave_xwr18xx.aer4f : mmwave_osal.oer4f (.text:MMWave_osalMutexUnlock)
                  0000eac0    00000168     sysbios.aer4ft : BIOS.obj (.text:ti_sysbios_family_arm_exc_Exception_excHandler__I)
                  0000ec28    00000164     rtsv7R4_T_le_v3D16_eabi.lib : strtoull.obj (.text)
                  0000ed8c    00000160     libcanfd_xwr18xx.aer4f : mcan.oer4f (.text:MCAN_init)
                  0000eeec    00000160     libqspi_xwr18xx.aer4f : qspi.oer4f (.text:QSPI_open)
                  0000f04c    00000004     libmmwave_xwr18xx.aer4f : mmwave_link.oer4f (.text:MMWave_disableDevice)
                  0000f050    00000160     sysbios.aer4ft : BIOS.obj (.text:ti_sysbios_family_arm_v7r_vim_Hwi_reconfig__E)
                  0000f1b0    00000158     libcanfd_xwr18xx.aer4f : mcan.oer4f (.text:MCAN_config)
                  0000f308    00000008     libmmwave_xwr18xx.aer4f : mmwave_link.oer4f (.text:MMWave_mboxCallbackFxn)
                  0000f310    00000158     sysbios.aer4ft : BIOS.obj (.text:ti_sysbios_knl_Task_postInit__I)
                  0000f468    0000014c     cli_mmwave.oer4f (.text:CLI_MMWaveFrameCfg)
                  0000f5b4    0000014c     libcanfd_xwr18xx.aer4f : mcan.oer4f (.text:MCAN_readMsgRam)
                  0000f700    0000014c     libmmwave_xwr18xx.aer4f : mmwave_link.oer4f (.text:MMWave_initMMWaveLink)
                  0000f84c    0000014a     libuart_xwr18xx.aer4f : uartsci.oer4f (.text:UartSci_ISR)
                  0000f996    00000002     mmw_mss_per4ft.oer4ft (.text:ti_sysbios_BIOS_nullFunc__I)
                  0000f998    00000148     mmw_can.oer4f (.text:CAN_processRx)
                  0000fae0    00000148     libhsiheader_xwr18xx.aer4f : hsiheader.oer4f (.text:HSIHeader_init)
                  0000fc28    00000148     libmmwavelink_xwr18xx.aer4f : rl_driver.oer4f (.text:rlDriverCmdSendRetry)
                  0000fd70    00000140     sysbios.aer4ft : BIOS.obj (.text:ti_sysbios_heaps_HeapMem_Instance_init__E)
                  0000feb0    00000140                    : BIOS.obj (.text:xdc_runtime_Core_createObject__I)
                  0000fff0    0000013c     mmw_lvds_stream.oer4f (.text:MmwDemo_LVDSStreamDeleteHwSession)
                  0001012c    00000004     libmmwave_xwr18xx.aer4f : mmwave_link.oer4f (.text:MMWave_enableDevice)
                  00010130    0000013c     sysbios.aer4ft : BIOS.obj (.text:ti_sysbios_knl_Clock_workFunc__E)
                  0001026c    00000134     libadcbuf_xwr18xx.aer4f : adcbuf_mmwave.oer4f (.text:ADCBUF_MMWave_open)
                  000103a0    00000134     mss_main.oer4f (.text:MmwDemo_edmaOpen)
                  000104d4    0000000c     libmmwave_xwr18xx.aer4f : mmwave_osal.oer4f (.text:MMWave_osalSemSignal)
                  000104e0    00000134     sysbios.aer4ft : BIOS.obj (.text:xdc_runtime_Startup_startMods__I)
                  00010614    00000130     mmw_lvds_stream.oer4f (.text:MmwDemo_LVDSStreamDeleteSwSession)
                  00010744    00000130     rtsv7R4_T_le_v3D16_eabi.lib : strtol.obj (.text)
                  00010874    0000012a     libedma_xwr18xx.aer4f : edma.oer4f (.text:EDMA_check4kSiErrata)
                  0001099e    00000002     mmw_mss_per4ft.oer4ft (.text:xdc_runtime_Startup_reset__I)
                  000109a0    00000128     sysbios.aer4ft : BIOS.obj (.text:ti_sysbios_utils_Load_updateThreadContexts__E)
                  00010ac8    00000124     cli_mmwave.oer4f (.text:CLI_MMWaveAdvFrameCfg)
                  00010bec    00000124     cli_mmwave.oer4f (.text:CLI_MMWaveContModeCfg)
                  00010d10    00000124     libedma_xwr18xx.aer4f : edma.oer4f (.text:EDMA_init)
                  00010e34    00000122     uavcan.protocol.GetNodeInfo_res.oer4f (.text:uavcan_protocol_GetNodeInfoResponse_encode)
                  00010f56    0000000a     libadcbuf_xwr18xx.aer4f : ADCBuf.oer4f (.text:ADCBuf_getChanBufAddr)
                  00010f60    00000120     sysbios.aer4ft : BIOS.obj (.text:xdc_runtime_LoggerBuf_write4__E)
                  00011080    0000011c     libcanfd_xwr18xx.aer4f : canfd.oer4f (.text:CANFD_transmitData)
                  0001119c    0000011c     mmw_cli.oer4f (.text:MmwDemo_CLILvdsStreamCfg)
                  000112b8    0000011c     canard.oer4f (.text:enqueueTxFrames)
                  000113d4    0000011c     rtsv7R4_T_le_v3D16_eabi.lib : e_fmodf.obj (.text)
                  000114f0    00000118     sysbios.aer4ft : BIOS.obj (.text:ti_sysbios_family_arm_v7r_vim_Hwi_Instance_init__E)
                  00011608    00000114     libedma_xwr18xx.aer4f : edma.oer4f (.text:EDMA_configErrorMonitoring)
                  0001171c    00000114                           : edma.oer4f (.text:EDMA_transferComplete_isr)
                  00011830    00000114     libsoc_xwr18xx.aer4f : soc_xwr18xx_mss.oer4f (.text:SOC_setPeripheralClock)
                  00011944    00000110     libcanfd_xwr18xx.aer4f : mcan.oer4f (.text:MCAN_writeMsgRam)
                  00011a54    00000110     mss_main.oer4f (.text:MmwDemo_calibInit)
                  00011b64    00000110     rtsv7R4_T_le_v3D16_eabi.lib : strtoul.obj (.text)
                  00011c74    0000010c     libdpm_xwr18xx.aer4f : dpm_msg.oer4f (.text:DPM_msgResultHandler)
                  00011d80    0000010c     libmmwave_xwr18xx.aer4f : mmwave_link.oer4f (.text:MMWave_asyncEventHandler)
                  00011e8c    0000010c                             : mmwave_dualcore.oer4f (.text:MMWave_deviceInitFxn)
                  00011f98    00000008     libosal_xwr18xx.aer4f : SemaphoreP_tirtos.oer4f (.text:SemaphoreP_Params_init)
                  00011fa0    0000010c     sysbios.aer4ft : BIOS.obj (.text:ti_sysbios_knl_Task_schedule__I)
                  000120ac    00000004     libmmwave_xwr18xx.aer4f : mmwave_listlib.oer4f (.text:MMWave_listGetHead)
                  000120b0    0000010c     sysbios.aer4ft : BIOS.obj (.text:xdc_runtime_Core_constructObject__I)
                  000121bc    00000108     libdma_xwr18xx.aer4f : dma.oer4f (.text:DMA_disableInterrupt)
                  000122c4    00000108     libmailbox_xwr18xx.aer4f : mailbox.oer4f (.text:Mailbox_write)
                  000123cc    00000108     mmw_cli.oer4f (.text:MmwDemo_CLICfarCfg)
                  000124d4    00000104     libcbuff_xwr18xx.aer4f : cbuff.oer4f (.text:CBUFF_deinit)
                  000125d8    00000104     libedma_xwr18xx.aer4f : edma.oer4f (.text:EDMA_configParamSet)
                  000126dc    00000104     libcanfd_xwr18xx.aer4f : mcan.oer4f (.text:MCAN_setBitTime)
                  000127e0    00000104     libmmwave_xwr18xx.aer4f : mmwave_link.oer4f (.text:MMWave_startLink)
                  000128e4    00000104     mmw_cli.oer4f (.text:MmwDemo_CLIChirpQualityRxSatMonCfg)
                  000129e8    00000104     mmw_cli.oer4f (.text:MmwDemo_CLICompRangeBiasAndRxChanPhaseCfg)
                  00012aec    00000004     libmmwave_xwr18xx.aer4f : mmwave_listlib.oer4f (.text:MMWave_listGetNext)
                  00012af0    00000104     sysbios.aer4ft : BIOS.obj (.text:ti_sysbios_timers_rti_Timer_getFreq__E)
                  00012bf4    00000100     cli_mmwave.oer4f (.text:CLI_MMWaveBPMCfgAdvanced)
                  00012cf4    00000100     libdma_xwr18xx.aer4f : dma.oer4f (.text:DMA_clearChannelInterruptFlag)
                  00012df4    00000100     libmmwavelink_xwr18xx.aer4f : rl_driver.oer4f (.text:rlDriverInit)
                  00012ef4    000000fc     libcbuff_xwr18xx.aer4f : cbuff.oer4f (.text:CBUFF_deleteSession)
                  00012ff0    000000fc     libcrc_xwr18xx.aer4f : crc.oer4f (.text:CRC_computeSignature)
                  000130ec    000000fc     mmw_cli.oer4f (.text:MmwDemo_CLIADCBufCfg)
                  000131e8    00000008     libmmwavelink_xwr18xx.aer4f : rl_driver.oer4f (.text:rlDriverConstructOutMsg)
                  000131f0    000000fc     sysbios.aer4ft : BIOS.obj (.text:ti_sysbios_knl_Task_exit__E)
                  000132ec    000000f8     mmw_lvds_stream.oer4f (.text:MmwDemo_configLVDSHwData)
                  000133e4    000000f8     mss_main.oer4f (.text:MmwDemo_transmitProcessedOutput)
                  000134dc    000000f8     libmmwavelink_xwr18xx.aer4f : rl_driver.oer4f (.text:rlDriverRdVerifyMsg)
                  000135d4    000000f8     mmw_mss_per4ft.oer4ft (.text:xdc_runtime_System_printfExtend__I)
                  000136cc    000000f6     canard.oer4f (.text:bufferBlockPushBytes)
                  000137c2    00000002     --HOLE-- [fill = 0]
                  000137c4    000000f4     mmw_cli.oer4f (.text:MmwDemo_CLICalibDataSaveRestore)
                  000138b8    00000008     libmmwavelink_xwr18xx.aer4f : rl_driver.oer4f (.text:rlDriverGetHandle)
                  000138c0    000000f0     sysbios.aer4ft : BIOS.obj (.text:ti_sysbios_family_arm_v7r_vim_Hwi_Module_startup__E)
                  000139b0    000000f0                    : BIOS.obj (.text:ti_sysbios_knl_Task_startCore__E)
                  00013aa0    000000f0                    : BIOS.obj (.text:ti_sysbios_utils_Load_taskCreateHook__E)
                  00013b90    000000ec     hcc_cli.oer4f (.text:CLI_open)
                  00013c7c    000000ec     mmw_can.oer4f (.text:handle_GetNodeInfo)
                  00013d68    000000ec     rtsv7R4_T_le_v3D16_eabi.lib : s_scalbn.obj (.text)
                  00013e54    0000000c     libuart_xwr18xx.aer4f : UART.oer4f (.text:UART_Params_init)
                  00013e60    000000ec     sysbios.aer4ft : BIOS.obj (.text:ti_sysbios_heaps_HeapBuf_Module_startup__E)
                  00013f4c    000000ea     mss_main.oer4f (.text:MmwDemo_setSubFramePendingState)
                  00014036    00000002     --HOLE-- [fill = 0]
                  00014038    000000e8     mmw_cli.oer4f (.text:MmwDemo_CLIChirpQualitySigImgMonCfg)
                  00014120    000000e8     libmmwavelink_xwr18xx.aer4f : rl_sensor.oer4f (.text:rlRfCalibDataStore)
                  00014208    000000e8                                 : rl_sensor.oer4f (.text:rlRfPhShiftCalibDataStore)
                  000142f0    000000e4                                 : rl_sensor.oer4f (.text:rlRfPhShiftCalibDataRestore)
                  000143d4    000000e0     libdma_xwr18xx.aer4f : dma.oer4f (.text:DMA_enableInterrupt)
                  000144b4    000000e0     rtsv7R4_T_le_v3D16_eabi.lib : s_floor.obj (.text)
                  00014594    000000dc     libmmwave_xwr18xx.aer4f : mmwave.oer4f (.text:MMWave_init)
                  00014670    000000dc     libmmwavelink_xwr18xx.aer4f : rl_driver.oer4f (.text:rlDriverMsgCmdReply)
                  0001474c    000000dc     rtsv7R4_T_le_v3D16_eabi.lib : setvbuf.obj (.text)
                  00014828    000000d8     mmw_can.oer4f (.text:coordinate_transform)
                  00014900    000000d4     libmailbox_xwr18xx.aer4f : mailbox.oer4f (.text:Mailbox_read)
                  000149d4    000000d4     mmw_can.oer4f (.text:populate_obstacle_message)
                  00014aa8    000000d4     libmmwavelink_xwr18xx.aer4f : rl_sensor.oer4f (.text:rlSetMultiBpmChirpConfig)
                  00014b7c    00000004     libmmwave_xwr18xx.aer4f : mmwave_link.oer4f (.text:MMWave_mboxClose)
                  00014b80    000000d4     sysbios.aer4ft : BIOS.obj (.text:ti_sysbios_utils_Load_logLoads__I)
                  00014c54    000000d0     libsoc_xwr18xx.aer4f : soc_xwr18xx_mss.oer4f (.text:SOC_controlSecureFirewall)
                  00014d24    000000d0     sysbios.aer4ft : exc_Exception_asm.obj (.text:ti_sysbios_family_arm_exc_Exception_excHandlerAsm__I)
                  00014df4    0000000c     libuart_xwr18xx.aer4f : uartsci_dma.oer4f (.text:UartSci_isDMAEnabled)
                  00014e00    000000d0     sysbios.aer4ft : BIOS.obj (.text:ti_sysbios_utils_Load_idleFxn__E)
                  00014ed0    000000d0                    : BIOS.obj (.text:xdc_runtime_LoggerBuf_Instance_init__E)
                  00014fa0    000000cc     libmmwavelink_xwr18xx.aer4f : rl_sensor.oer4f (.text:rlRfCalibDataRestore)
                  0001506c    000000cc                                 : rl_sensor.oer4f (.text:rlSetChirpConfig)
                  00015138    000000cc     rtsv7R4_T_le_v3D16_eabi.lib : fflush.obj (.text)
                  00015204    000000cc                                 : sscanf.obj (.text)
                  000152d0    000000cc     sysbios.aer4ft : BIOS.obj (.text:ti_sysbios_knl_Task_checkStacks__E)
                  0001539c    000000c8     libmmwave_xwr18xx.aer4f : mmwave_fullcfg.oer4f (.text:MMWave_addChirp)
                  00015464    000000c8                             : mmwave_link.oer4f (.text:MMWave_configBPM)
                  0001552c    000000c8                             : mmwave_fullcfg.oer4f (.text:MMWave_flushCfg)
                  000155f4    000000c8                             : mmwave_fullcfg.oer4f (.text:MMWave_getChirpHandle)
                  000156bc    000000c8     libmmwavelink_xwr18xx.aer4f : rl_sensor.oer4f (.text:rlSetFrameConfig)
                  00015784    000000c4     libcbuff_xwr18xx.aer4f : cbuff_transfer.oer4f (.text:CBUFF_setupNonInterleaved_CP_ADC_CQ)
                  00015848    000000c4     hcc_cli.oer4f (.text:CLI_help)
                  0001590c    000000c4     libdpm_xwr18xx.aer4f : dpm_core.oer4f (.text:DPM_deinit)
                  000159d0    000000c4                          : dpm_core.oer4f (.text:DPM_ioctl)
                  00015a94    0000000c     sysbios.aer4ft : arm_IntrinsicsSupport_asm.obj (.text:_ti_sysbios_family_arm_IntrinsicsSupport_maxbitA)
                  00015aa0    000000c4                    : BIOS.obj (.text:ti_sysbios_family_arm_v7a_Pmu_configureCounter__E)
                  00015b64    000000c0     mmw_cli.oer4f (.text:MmwDemo_CLIAnalogMonitorCfg)
                  00015c24    000000c0     libmmwavelink_xwr18xx.aer4f : rl_driver.oer4f (.text:rlDriverMsgWrite)
                  00015ce4    0000000c     canard.oer4f (.text:canardPeekTxQueue)
                  00015cf0    000000c0     sysbios.aer4ft : BIOS.obj (.text:ti_sysbios_timers_rti_Timer_startup__E)
                  00015db0    000000bc     libgpio_xwr18xx.aer4f : gpio.oer4f (.text:GPIO_write)
                  00015e6c    000000bc     libmmwave_xwr18xx.aer4f : mmwave_link.oer4f (.text:MMWave_computeCRC)
                  00015f28    000000bc     mmw_lvds_stream.oer4f (.text:MmwDemo_LVDSStream_EDMAInit)
                  00015fe4    000000bc     rtsv7R4_T_le_v3D16_eabi.lib : open.obj (.text)
                  000160a0    000000b8     libcbuff_xwr18xx.aer4f : cbuff.oer4f (.text:CBUFF_ISR)
                  00016158    000000b8                            : cbuff_transfer.oer4f (.text:CBUFF_setupTransfer)
                  00016210    000000b8     libdma_xwr18xx.aer4f : dma.oer4f (.text:DMA_getChannelInterruptFlag)
                  000162c8    000000b8     mss_main.oer4f (.text:MmwDemo_isAllCfgInPendingState)
                  00016380    000000b8     rtsv7R4_T_le_v3D16_eabi.lib : k_cos.obj (.text)
                  00016438    000000b6     libsoc_xwr18xx.aer4f : soc_mpu.o (.text)
                  000164ee    00000002     --HOLE-- [fill = 0]
                  000164f0    000000b4     sysbios.aer4ft : BIOS.obj (.text:ti_sysbios_gates_GateMutex_enter__E)
                  000165a4    0000000c     rtsv7R4_T_le_v3D16_eabi.lib : copy_zero_init.obj (.text:decompress:ZI)
                  000165b0    000000b4     sysbios.aer4ft : BIOS.obj (.text:xdc_runtime_LoggerBuf_setFilterLevel__E)
                  00016664    000000b2     libuart_xwr18xx.aer4f : uartsci_dma.oer4f (.text:UartSci_openDMA)
                  00016716    00000002     --HOLE-- [fill = 0]
                  00016718    000000b0     libcbuff_xwr18xx.aer4f : cbuff.oer4f (.text:CBUFF_deactivateSession)
                  000167c8    000000b0     libmmwave_xwr18xx.aer4f : mmwave_fullcfg.oer4f (.text:MMWave_addProfile)
                  00016878    000000b0     libmmwavelink_xwr18xx.aer4f : rl_sensor.oer4f (.text:rlSetProfileConfig)
                  00016928    00000008     sysbios.aer4ft : BIOS.obj (.text:ti_sysbios_family_arm_v7a_Pmu_getEnabled__E)
                  00016930    000000b0                    : BIOS.obj (.text:ti_sysbios_utils_Load_updateLoads__E)
                  000169e0    000000b0                    : BIOS.obj (.text:xdc_runtime_Text_putMod__E)
                  00016a90    000000ae     mmwdemo_adcconfig.oer4f (.text:MmwDemo_ADCBufConfig)
                  00016b3e    00000002     --HOLE-- [fill = 0]
                  00016b40    000000ae     mmw_cli.oer4f (.text:MmwDemo_CLICalibDcRangeSig)
                  00016bee    000000ae     rtsv7R4_T_le_v3D16_eabi.lib : _io_perm.obj (.text)
                  00016c9c    000000ac     libesm_xwr18xx.aer4f : esm.oer4f (.text:ESM_processInterrupt)
                  00016d48    00000008     mmw_mss_per4ft.oer4ft (.text:xdc_runtime_Text_visitRope__I)
                  00016d50    000000ac     sysbios.aer4ft : BIOS.obj (.text:ti_sysbios_knl_Task_Module_startup__E)
                  00016dfc    00000004     libmmwave_xwr18xx.aer4f : mmwave_link.oer4f (.text:MMWave_mboxRead)
                  00016e00    000000ac     sysbios.aer4ft : BIOS.obj (.text:ti_sysbios_utils_Load_startup__E)
                  00016eac    000000a8     libadcbuf_xwr18xx.aer4f : adcbuf_mmwave.oer4f (.text:ADCBUF_MMWave_getChanBufAddr)
                  00016f54    000000a8     libcanfd_xwr18xx.aer4f : canfd.oer4f (.text:CANFD_configBitTime)
                  00016ffc    000000a8     cli_mmwave.oer4f (.text:CLI_MMWaveExtensionHelp)
                  000170a4    000000a8     libedma_xwr18xx.aer4f : edma_low_level.oer4f (.text:EDMA3Init)
                  0001714c    000000a8     libmmwave_xwr18xx.aer4f : mmwave_link.oer4f (.text:MMWave_configureProfileChirp)
                  000171f4    000000a8                             : mmwave_fullcfg.oer4f (.text:MMWave_getBpmChirpHandle)
                  0001729c    000000a8     mss_main.oer4f (.text:MmwDemo_isAllCfgInNonPendingState)
                  00017344    000000a8     libpinmux_xwr18xx.aer4f : pinmux.oer4f (.text:Pinmux_Set_OverrideCtrl)
                  000173ec    000000a8     libsoc_xwr18xx.aer4f : soc.oer4f (.text:SOC_deregisterSysIntListener)
                  00017494    000000a8     libmmwavelink_xwr18xx.aer4f : rl_driver.oer4f (.text:rlDriverWaitForResponse)
                  0001753c    000000a8                                 : rl_sensor.oer4f (.text:rlSetAdvFrameConfig)
                  000175e4    000000a4     mmw_can.oer4f (.text:CAN_writeObjData)
                  00017688    000000a4     libdma_xwr18xx.aer4f : dma.oer4f (.text:DMA_assignChannel)
                  0001772c    000000a4     libesm_xwr18xx.aer4f : esm.oer4f (.text:ESM_init)
                  000177d0    000000a4     libmmwave_xwr18xx.aer4f : mmwave_fullcfg.oer4f (.text:MMWave_addBpmChirp)
                  00017874    000000a4                             : mmwave.oer4f (.text:MMWave_start)
                  00017918    000000a4     libqspiflash_xwr18xx.aer4f : qspiflash.oer4f (.text:QSPIFlash_mmapWrite)
                  000179bc    000000a4     rtsv7R4_T_le_v3D16_eabi.lib : k_sin.obj (.text)
                  00017a60    000000a2     sysbios.aer4ft : BIOS.obj (.text:xdc_runtime_Text_putSite__E)
                  00017b02    00000002     --HOLE-- [fill = 0]
                  00017b04    000000a0     libqspiflash_xwr18xx.aer4f : qspiflash.oer4f (.text:QSPIFlash_configMmapRead)
                  00017ba4    000000a0                                : qspiflash_device_macronix.oer4f (.text:QSPIFlash_macronix_progQuadRead)
                  00017c44    000000a0     libsoc_xwr18xx.aer4f : soc.oer4f (.text:SOC_registerSysIntListener)
                  00017ce4    000000a0     auto_init.aer4ft : auto_init.oer4ft (.text)
                  00017d84    000000a0     canard.oer4f (.text:canardEncodeScalar)
                  00017e24    0000000c     canard.oer4f (.text:extractTransferType)
                  00017e30    000000a0     sysbios.aer4ft : BIOS.obj (.text:ti_sysbios_knl_Task_blockI__E)
                  00017ed0    0000009c     libmmwave_xwr18xx.aer4f : mmwave_link.oer4f (.text:MMWave_configLink)
                  00017f6c    0000009c                             : mmwave_fullcfg.oer4f (.text:MMWave_getProfileHandle)
                  00018008    0000009c     mmw_cli.oer4f (.text:MmwDemo_CLIMeasureRangeBiasAndRxChanPhaseCfg)
                  000180a4    0000009c     libqspiflash_xwr18xx.aer4f : qspiflash_device_spansion.oer4f (.text:QSPIFlash_spansion_progQuadRead)
                  00018140    0000009c     libuart_xwr18xx.aer4f : uartsci.oer4f (.text:UartSci_write)
                  000181dc    0000009c     rtsv7R4_T_le_v3D16_eabi.lib : memcpy_t2.obj (.text)
                  00018278    00000006     libosal_xwr18xx.aer4f : CycleprofilerP_tirtos.oer4f (.text:CycleprofilerP_getTimeStamp)
                  0001827e    00000002     --HOLE-- [fill = 0]
                  00018280    0000009c     sysbios.aer4ft : BIOS.obj (.text:ti_sysbios_family_arm_v7r_vim_Hwi_initIntController__I)
                  0001831c    00000004     libmmwave_xwr18xx.aer4f : mmwave_link.oer4f (.text:MMWave_registerInterruptHandler)
                  00018320    0000009c     sysbios.aer4ft : BIOS.obj (.text:ti_sysbios_family_arm_v7r_vim_Hwi_mapChannel__I)
                  000183bc    00000004     libmmwave_xwr18xx.aer4f : mmwave_link.oer4f (.text:MMWave_unmaskHostIRQ)
                  000183c0    0000009c     sysbios.aer4ft : BIOS.obj (.text:ti_sysbios_knl_Semaphore_Instance_init__E)
                  0001845c    0000009a     libdpm_xwr18xx.aer4f : dpm_msg.oer4f (.text:DPM_msgResponseHandler)
                  000184f6    00000098     libcanfd_xwr18xx.aer4f : canfd.oer4f (.text:CANFD_configMessageRAM)
                  0001858e    00000002     --HOLE-- [fill = 0]
                  00018590    00000098     libmmwave_xwr18xx.aer4f : mmwave_fullcfg.oer4f (.text:MMWave_getChirpCfg)
                  00018628    00000098     mmwdemo_rfparser.oer4f (.text:MmwDemo_RFParser_parseConfig)
                  000186c0    00000098     libsoc_xwr18xx.aer4f : soc_xwr18xx_mss.oer4f (.text:SOC_initPeripheralRam)
                  00018758    00000098     rtsv7R4_T_le_v3D16_eabi.lib : fclose.obj (.text)
                  000187f0    00000098                                 : fputc.obj (.text)
                  00018888    00000098     sysbios.aer4ft : vim_Hwi_asm_switch.obj (.text)
                  00018920    00000098                    : BIOS.obj (.text:ti_sysbios_utils_Load_taskDeleteHook__E)
                  000189b8    00000096     libedma_xwr18xx.aer4f : edma.oer4f (.text:EDMA_getErrorStatusInfo)
                  00018a4e    00000096     libuart_xwr18xx.aer4f : uartsci.oer4f (.text:UartSci_readChar)
                  00018ae4    00000094     libcbuff_xwr18xx.aer4f : cbuff_transfer.oer4f (.text:CBUFF_setupNonInterleaved_ADC)
                  00018b78    00000094     mmw_lvds_stream.oer4f (.text:MmwDemo_LVDSStream_EDMAAllocateCBUFFHwChannel)
                  00018c0c    00000094     mmw_lvds_stream.oer4f (.text:MmwDemo_LVDSStream_EDMAAllocateCBUFFSwChannel)
                  00018ca0    00000094     canard.oer4f (.text:canardBroadcastObj)
                  00018d34    00000094     libmmwavelink_xwr18xx.aer4f : rl_driver.oer4f (.text:rlDriverDeInit)
                  00018dc8    00000094                                 : rl_driver.oer4f (.text:rlDriverMsgReadCmdCtx)
                  00018e5c    00000094                                 : rl_driver.oer4f (.text:rlDriverProcRdMsg)
                  00018ef0    00000094     sysbios.aer4ft : vim_Hwi_asm.obj (.text:ti_sysbios_family_arm_v7r_vim_Hwi_dispatchIRQ__I)
                  00018f84    00000090     libgpio_xwr18xx.aer4f : gpio.oer4f (.text:GPIO_init)
                  00019014    00000090     libmailbox_xwr18xx.aer4f : mailbox.oer4f (.text:Mailbox_close)
                  000190a4    00000090     libuart_xwr18xx.aer4f : uartsci_dma.oer4f (.text:UartSci_initiateTxDMA)
                  00019134    00000090                           : uartsci.oer4f (.text:UartSci_read)
                  000191c4    0000000c     libmmwavelink_xwr18xx.aer4f : rl_driver.oer4f (.text:rlDriverGetPlatformId)
                  000191d0    00000090     sysbios.aer4ft : BIOS.obj (.text:ti_sysbios_family_arm_v7a_Pmu_startCounter__E)
                  00019260    00000090                    : BIOS.obj (.text:ti_sysbios_knl_Task_unblockI__E)
                  000192f0    00000090                    : BIOS.obj (.text:xdc_runtime_LoggerBuf_getFilterLevel__E)
                  00019380    0000008c     cli_mmwave.oer4f (.text:CLI_MMWaveDataOutputMode)
                  0001940c    0000008c     libcanfd_xwr18xx.aer4f : mcan.oer4f (.text:MCAN_writeRxFIFOAck)
                  00019498    0000008c     libsoc_xwr18xx.aer4f : soc.oer4f (.text:SOC_init)
                  00019524    0000008c                          : soc_xwr18xx.oer4f (.text:SOC_translateAddress)
                  000195b0    0000008c     libuart_xwr18xx.aer4f : uartsci_dma.oer4f (.text:UartSci_initiateRxDMA)
                  0001963c    0000008c     com.aeronavics.ProximitySensor.oer4f (.text:com_aeronavics_ProximitySensor_encode)
                  000196c8    0000008c     libmmwavelink_xwr18xx.aer4f : rl_device.oer4f (.text:rlDevicePowerOn)
                  00019754    0000008c                                 : rl_driver.oer4f (.text:rlDriverMsgReadSpawnCtx)
                  000197e0    0000008c     sysbios.aer4ft : BIOS.obj (.text:ti_sysbios_family_arm_v7a_Pmu_getCount__E)
                  0001986c    00000004     libmmwave_xwr18xx.aer4f : mmwave_link.oer4f (.text:MMWave_waitIRQStatus)
                  00019870    0000008c     sysbios.aer4ft : BIOS.obj (.text:ti_sysbios_family_arm_v7r_vim_Hwi_Instance_finalize__E)
                  000198fc    00000004     mss_main.oer4f (.text:MmwDemo_sleep)
                  00019900    0000008c     sysbios.aer4ft : BIOS.obj (.text:xdc_runtime_Memory_alloc__E)
                  0001998c    00000088     libmmwave_xwr18xx.aer4f : mmwave_fullcfg.oer4f (.text:MMWave_getProfileCfg)
                  00019a14    00000088     rtsv7R4_T_le_v3D16_eabi.lib : vsnprintf.obj (.text)
                  00019a9c    00000086     libcbuff_xwr18xx.aer4f : cbuff_edma.oer4f (.text:CBUFF_closeEDMA)
                  00019b22    00000086     canard.oer4f (.text:pushTxQueue)
                  00019ba8    00000084     libmmwave_xwr18xx.aer4f : mmwave_dualcore.oer4f (.text:MMWave_deviceCfgAsyncEvent)
                  00019c2c    00000084                             : mmwave_dualcore.oer4f (.text:MMWave_deviceEventFxn)
                  00019cb0    00000084                             : mmwave_fullcfg.oer4f (.text:MMWave_getNumBpmChirp)
                  00019d34    00000084                             : mmwave.oer4f (.text:MMWave_open)
                  00019db8    00000084     mss_main.oer4f (.text:MmwDemo_configSensor)
                  00019e3c    00000083     mmw_cli.oer4f (.text:MmwDemo_CLIDBScanCfg)
                  00019ebf    00000001     --HOLE-- [fill = 0]
                  00019ec0    00000081     libcbuff_xwr18xx.aer4f : cbuff_edma.oer4f (.text:CBUFF_setupEDMAShadowLink)
                  00019f41    00000003     --HOLE-- [fill = 0]
                  00019f44    00000080     cli_mmwave.oer4f (.text:CLI_MMWaveChannelCfg)
                  00019fc4    00000080     libdpm_xwr18xx.aer4f : dpm_mailbox.oer4f (.text:DPM_mboxRemoteMailboxCallbackFxn)
                  0001a044    00000080     libmmwave_xwr18xx.aer4f : mmwave_fullcfg.oer4f (.text:MMWave_getBpmChirpCfg)
                  0001a0c4    00000080     mmw_cli.oer4f (.text:MmwDemo_CLIAoAFovCfg)
                  0001a144    00000080     libsoc_xwr18xx.aer4f : soc.oer4f (.text:SOC_getDeviceRFFreqScaleFactor)
                  0001a1c4    00000080     libuart_xwr18xx.aer4f : uartsci.oer4f (.text:UartSci_writePolling)
                  0001a244    00000080     canard.oer4f (.text:canardCleanupStaleTransfers)
                  0001a2c4    00000080     libmmwavelink_xwr18xx.aer4f : rl_driver.oer4f (.text:rlDriverExecuteGetApi)
                  0001a344    0000000c     sysbios.aer4ft : BIOS.obj (.text:ti_sysbios_family_arm_v7a_Pmu_configureCounterI__I)
                  0001a350    00000080                    : BIOS.obj (.text:ti_sysbios_timers_rti_Timer_initDevice__I)
                  0001a3d0    0000007e     libosal_xwr18xx.aer4f : HwiP_tirtos.oer4f (.text:HwiP_create)
                  0001a44e    00000002     --HOLE-- [fill = 0]
                  0001a450    0000007d     libcbuff_xwr18xx.aer4f : cbuff_lvds.oer4f (.text:CBUFF_initLVDSLinkListParams)
                  0001a4cd    00000003     --HOLE-- [fill = 0]
                  0001a4d0    0000007c     libdpm_xwr18xx.aer4f : dpm_pipe.oer4f (.text:DPM_pipeSend)
                  0001a54c    0000007c     libedma_xwr18xx.aer4f : edma.oer4f (.text:EDMA_clearErrors)
                  0001a5c8    0000007c     libmmwave_xwr18xx.aer4f : mmwave_dualcore.oer4f (.text:MMWave_deviceOpenFxn)
                  0001a644    0000007c     libmailbox_xwr18xx.aer4f : mailbox.oer4f (.text:Mailbox_init)
                  0001a6c0    0000007c     mmw_lvds_stream.oer4f (.text:MmwDemo_LVDSStream_SwTriggerFrameDone)
                  0001a73c    0000007c     libuart_xwr18xx.aer4f : uartsci.oer4f (.text:UartSci_readPolling)
                  0001a7b8    0000007c     sysbios.aer4ft : arm_TaskSupport_asm.obj (.text:_ti_sysbios_family_arm_TaskSupport_buildTaskStack)
                  0001a834    0000000c                    : BIOS.obj (.text:ti_sysbios_family_arm_v7a_Pmu_getCountI__E)
                  0001a840    0000007c                    : BIOS.obj (.text:xdc_runtime_Core_deleteObject__I)
                  0001a8bc    0000007b     mmw_cli.oer4f (.text:MmwDemo_CLIGetSubframe)
                  0001a937    00000001     --HOLE-- [fill = 0]
                  0001a938    0000007a     rtsv7R4_T_le_v3D16_eabi.lib : memset_t2.obj (.text)
                  0001a9b2    00000002     --HOLE-- [fill = 0]
                  0001a9b4    00000078     libadcbuf_xwr18xx.aer4f : adcbuf_mmwave.oer4f (.text:ADCBUF_MMWave_getCQBufAddr)
                  0001aa2c    00000078     libcanfd_xwr18xx.aer4f : canfd.oer4f (.text:CANFD_getData)
                  0001aaa4    00000078     libcbuff_xwr18xx.aer4f : cbuff_transfer.oer4f (.text:CBUFF_configUserBufferEDMA)
                  0001ab1c    00000078                            : cbuff.oer4f (.text:CBUFF_setVC)
                  0001ab94    00000078     cli_mmwave.oer4f (.text:CLI_MMWaveADCCfg)
                  0001ac0c    00000078     libmmwave_xwr18xx.aer4f : mmwave_fullcfg.oer4f (.text:MMWave_getNumChirps)
                  0001ac84    00000078     libqspiflash_xwr18xx.aer4f : qspiflash.oer4f (.text:QSPIFlash_mmapRead)
                  0001acfc    00000078                                : qspiflash.oer4f (.text:QSPIFlash_sectorErase)
                  0001ad74    00000078     libqspi_xwr18xx.aer4f : qspi.oer4f (.text:QSPI_cfgRead)
                  0001adec    00000078     canard.oer4f (.text:canardRequestOrRespondObj)
                  0001ae64    00000077     libqspi_xwr18xx.aer4f : qspi.oer4f (.text:QSPI_memAccessCfg)
                  0001aedb    00000001     --HOLE-- [fill = 0]
                  0001aedc    00000076     canard.oer4f (.text:copyBitArray)
                  0001af52    00000002     --HOLE-- [fill = 0]
                  0001af54    00000074     libmmwave_xwr18xx.aer4f : mmwave.oer4f (.text:MMWave_config)
                  0001afc8    00000074                             : mmwave_dualcore.oer4f (.text:MMWave_deviceStartFxn)
                  0001b03c    00000074     boot.aer4ft : boot.oer4ft (.text)
                  0001b0b0    00000074     libmmwavelink_xwr18xx.aer4f : rl_driver.oer4f (.text:rlDriverAsyncEventHandler)
                  0001b124    00000074     rtsv7R4_T_le_v3D16_eabi.lib : getdevice.obj (.text)
                  0001b198    00000074                                 : s_frexp.obj (.text)
                  0001b20c    00000072     libmmwavelink_xwr18xx.aer4f : rl_driver.oer4f (.text:rlDriverClientCbCheck)
                  0001b27e    00000002     --HOLE-- [fill = 0]
                  0001b280    00000070     libedma_xwr18xx.aer4f : edma.oer4f (.text:EDMA_error_isr)
                  0001b2f0    00000070     libhsiheader_xwr18xx.aer4f : hsiheader.oer4f (.text:HSIHeader_deleteHeader)
                  0001b360    00000070     libcanfd_xwr18xx.aer4f : mcan.oer4f (.text:MCAN_eccEnableIntr)
                  0001b3d0    00000070     libmmwave_xwr18xx.aer4f : mmwave_dualcore.oer4f (.text:MMWave_deviceCfgFxn)
                  0001b440    00000070     mmw_cli.oer4f (.text:MmwDemo_CLIGuiMonSel)
                  0001b4b0    00000070     mmwdemo_flash.oer4f (.text:mmwDemo_flashInit)
                  0001b520    00000070     mmw_can.oer4f (.text:send_NodeStatus)
                  0001b590    00000070     sysbios.aer4ft : BIOS.obj (.text:xdc_runtime_Error_print__E)
                  0001b600    0000006c     libdma_xwr18xx.aer4f : dma.oer4f (.text:DMA_disableChannel)
                  0001b66c    0000006c                          : dma.oer4f (.text:DMA_enableChannel)
                  0001b6d8    0000006c     libmmwave_xwr18xx.aer4f : mmwave_link.oer4f (.text:MMWave_spawn)
                  0001b744    0000006c                             : mmwave_link.oer4f (.text:MMWave_stopLink)
                  0001b7b0    0000006c     mmw_cli.oer4f (.text:MmwDemo_CLISensorStop)
                  0001b81c    0000006c     mmw_lvds_stream.oer4f (.text:MmwDemo_LVDSStream_EDMAFreeCBUFFHwChannel)
                  0001b888    0000006c     mmw_lvds_stream.oer4f (.text:MmwDemo_LVDSStream_EDMAFreeCBUFFSwChannel)
                  0001b8f4    0000006c     mmw_lvds_stream.oer4f (.text:MmwDemo_LVDSStream_HwTriggerFrameDone)
                  0001b960    0000006c     libpinmux_xwr18xx.aer4f : pinmux.oer4f (.text:Pinmux_Set_FuncSel)
                  0001b9cc    0000006c     libqspiflash_xwr18xx.aer4f : qspiflash.oer4f (.text:QSPIFlashReadSFDP)
                  0001ba38    0000006c     libqspi_xwr18xx.aer4f : qspi.oer4f (.text:QSPI_cfgWrite)
                  0001baa4    0000006c     rtsv7R4_T_le_v3D16_eabi.lib : copy_decompress_lzss.obj (.text:decompress:lzss)
                  0001bb10    0000006c                                 : trgmsg.obj (.text)
                  0001bb7c    0000006a     libuart_xwr18xx.aer4f : uartsci.oer4f (.text:UartSci_control)
                  0001bbe6    00000068     libcanfd_xwr18xx.aer4f : canfd.oer4f (.text:CANFD_processFIFOElements)
                  0001bc4e    00000002     --HOLE-- [fill = 0]
                  0001bc50    00000068     libdpm_xwr18xx.aer4f : dpm_msg.oer4f (.text:DPM_msgDPCCfgHandler)
                  0001bcb8    00000068     libmmwave_xwr18xx.aer4f : mmwave_dualcore.oer4f (.text:MMWave_deviceStopFxn)
                  0001bd20    00000068     libmailbox_xwr18xx.aer4f : mailbox.oer4f (.text:Mailbox_readFlush)
                  0001bd88    00000068     mss_main.oer4f (.text:MmwDemo_convertCfarToLinear)
                  0001bdf0    00000068     mmw_can.oer4f (.text:getUniqueID)
                  0001be58    00000068     libmmwavelink_xwr18xx.aer4f : rl_driver.oer4f (.text:rlDriverExecuteSetApi)
                  0001bec0    00000068                                 : rl_driver.oer4f (.text:rlDriverHostIrqHandler)
                  0001bf28    00000068     rtsv7R4_T_le_v3D16_eabi.lib : hostlseek.obj (.text)
                  0001bf90    00000068                                 : hostrename.obj (.text)
                  0001bff8    00000067     mss_main.oer4f (.text:MmwDemo_mssSetHsiClk)
                  0001c05f    00000001     --HOLE-- [fill = 0]
                  0001c060    00000066     libmmwavelink_xwr18xx.aer4f : rl_device.oer4f (.text:rlDevicePowerOff)
                  0001c0c6    00000002     --HOLE-- [fill = 0]
                  0001c0c8    00000064     cli_mmwave.oer4f (.text:CLI_MMWaveLowPowerCfg)
                  0001c12c    00000064     libedma_xwr18xx.aer4f : edma.oer4f (.text:EDMA_getTransferControllerErrorStatusInfo)
                  0001c190    00000064     libcanfd_xwr18xx.aer4f : mcan.oer4f (.text:MCAN_getTxBufCancellationIntrEnable)
                  0001c1f4    00000064                            : mcan.oer4f (.text:MCAN_txBufTransIntrEnable)
                  0001c258    00000064     libosal_xwr18xx.aer4f : SemaphoreP_tirtos.oer4f (.text:SemaphoreP_create)
                  0001c2bc    00000064     rtsv7R4_T_le_v3D16_eabi.lib : fseek.obj (.text)
                  0001c320    00000064                                 : sprintf.obj (.text)
                  0001c384    00000064     sysbios.aer4ft : exc_Exception_asm.obj (.text:ti_sysbios_family_arm_exc_Exception_initCore0__I)
                  0001c3e8    00000006     libdpm_xwr18xx.aer4f : dpm_mailbox.oer4f (.text:DPM_mboxSynch)
                  0001c3ee    00000002     --HOLE-- [fill = 0]
                  0001c3f0    00000064     sysbios.aer4ft : BIOS.obj (.text:ti_sysbios_family_arm_v7r_vim_Hwi_phantomIntHandler__I)
                  0001c454    0000000c     mmw_mss_per4ft.oer4ft (.text:ti_sysbios_knl_Queue_Object__get__S)
                  0001c460    00000064     sysbios.aer4ft : BIOS.obj (.text:ti_sysbios_knl_Clock_logTick__E)
                  0001c4c4    0000000a     libcbuff_xwr18xx.aer4f : cbuff_lvds.oer4f (.text:CBUFF_deinitLVDS)
                  0001c4ce    00000002     --HOLE-- [fill = 0]
                  0001c4d0    00000064     sysbios.aer4ft : BIOS.obj (.text:ti_sysbios_utils_Load_logCPULoad__I)
                  0001c534    0000000a     libdpm_xwr18xx.aer4f : dpm_core.oer4f (.text:DPM_chirpISR)
                  0001c53e    00000002     --HOLE-- [fill = 0]
                  0001c540    00000064     sysbios.aer4ft : BIOS.obj (.text:xdc_runtime_Startup_exec__E)
                  0001c5a4    00000062     mmw_cli.oer4f (.text:MmwDemo_CLICfarFovCfg)
                  0001c606    00000002     --HOLE-- [fill = 0]
                  0001c608    00000060     cli_mmwave.oer4f (.text:CLI_MMWaveExtensionHandler)
                  0001c668    00000060     libosal_xwr18xx.aer4f : DebugP_tirtos.oer4f (.text:DebugP_log2)
                  0001c6c8    00000060                           : DebugP_tirtos.oer4f (.text:DebugP_log3)
                  0001c728    00000060     canard.oer4f (.text:canardConvertNativeFloatToFloat16)
                  0001c788    00000006     libedma_xwr18xx.aer4f : edma_low_level.oer4f (.text:EDMA3ClrCCErr)
                  0001c78e    00000002     --HOLE-- [fill = 0]
                  0001c790    00000060     sysbios.aer4ft : BIOS.obj (.text:ti_sysbios_heaps_HeapMem_alloc__E)
                  0001c7f0    00000060                    : BIOS.obj (.text:xdc_runtime_Assert_raise__I)
                  0001c850    0000005f                    : BIOS.obj (.text:xdc_runtime_Text_putLab__E)
                  0001c8af    00000001     --HOLE-- [fill = 0]
                  0001c8b0    0000005e     libuart_xwr18xx.aer4f : uartsci.oer4f (.text:UartSci_writeChar)
                  0001c90e    0000005c     libcanfd_xwr18xx.aer4f : canfd.oer4f (.text:CANFD_MCANInt1Isr)
                  0001c96a    00000002     --HOLE-- [fill = 0]
                  0001c96c    0000005c     libedma_xwr18xx.aer4f : edma.oer4f (.text:EDMA_getErrorStatus)
                  0001c9c8    0000005c     libcanfd_xwr18xx.aer4f : mcan.oer4f (.text:MCAN_eccConfig)
                  0001ca24    0000005c                            : mcan.oer4f (.text:MCAN_eccWriteEOI)
                  0001ca80    0000005c                            : mcan.oer4f (.text:MCAN_getRxFIFOStatus)
                  0001cadc    0000005c     libmmwave_xwr18xx.aer4f : mmwave_link.oer4f (.text:MMWave_mboxOpen)
                  0001cb38    0000005c                             : mmwave.oer4f (.text:MMWave_stop)
                  0001cb94    0000005c     mss_main.oer4f (.text:MmwDemo_mmWaveCtrlTask)
                  0001cbf0    0000005c     libqspiflash_xwr18xx.aer4f : qspiflash.oer4f (.text:QSPIFlashGetDeviceID)
                  0001cc4c    0000005c     libsoc_xwr18xx.aer4f : soc.oer4f (.text:SOC_enableLVDS)
                  0001cca8    0000005c     canard.oer4f (.text:canardInit)
                  0001cd04    0000005c     rtsv7R4_T_le_v3D16_eabi.lib : hostopen.obj (.text)
                  0001cd60    0000005c                                 : hostread.obj (.text)
                  0001cdbc    00000004     libsoc_xwr18xx.aer4f : soc_xwr18xx.oer4f (.text:SOC_gateClock)
                  0001cdc0    0000005c     sysbios.aer4ft : BIOS.obj (.text:ti_sysbios_utils_Load_updateCurrentThreadTime__E)
                  0001ce1c    0000005a     libuart_xwr18xx.aer4f : uartsci.oer4f (.text:UartSci_readCancel)
                  0001ce76    0000005a     libmmwavelink_xwr18xx.aer4f : rl_driver.oer4f (.text:rlDriverCalChkSum)
                  0001ced0    00000058     libdpm_xwr18xx.aer4f : dpm_core.oer4f (.text:DPM_execute)
                  0001cf28    00000058                          : dpm_mailbox.oer4f (.text:DPM_mboxInit)
                  0001cf80    00000058     libosal_xwr18xx.aer4f : DebugP_tirtos.oer4f (.text:DebugP_log0)
                  0001cfd8    00000058                           : DebugP_tirtos.oer4f (.text:DebugP_log1)
                  0001d030    00000058     libedma_xwr18xx.aer4f : edma_low_level.oer4f (.text:EDMA3EnableChInShadowReg)
                  0001d088    00000058     libesm_xwr18xx.aer4f : esm.oer4f (.text:ESM_highpriority_FIQ)
                  0001d0e0    00000058     libmmwave_xwr18xx.aer4f : mmwave.oer4f (.text:MMWave_execute)
                  0001d138    00000058                             : mmwave_link.oer4f (.text:MMWave_initCRC)
                  0001d190    00000058     mss_main.oer4f (.text:MmwDemo_EDMA_errorCallbackFxn)
                  0001d1e8    00000058     mss_main.oer4f (.text:MmwDemo_EDMA_transferControllerErrorCallbackFxn)
                  0001d240    00000058     libqspiflash_xwr18xx.aer4f : qspiflash.oer4f (.text:QSPIFlash_configMmapWrite)
                  0001d298    00000058     libuart_xwr18xx.aer4f : uartsci_dma.oer4f (.text:UartSci_closeDMA)
                  0001d2f0    00000058     canard.oer4f (.text:canardBroadcast)
                  0001d348    00000058     mmwdemo_flash.oer4f (.text:mmwDemo_flashRead)
                  0001d3a0    00000058     rtsv7R4_T_le_v3D16_eabi.lib : close.obj (.text)
                  0001d3f8    00000058                                 : hostwrite.obj (.text)
                  0001d450    00000056     libedma_xwr18xx.aer4f : edma.oer4f (.text:EDMA_check4kSiErrata_boundaryCheckUtilType1)
                  0001d4a6    00000056     libmmwavelink_xwr18xx.aer4f : rl_driver.oer4f (.text:rlDriverOsiCbCheck)
                  0001d4fc    00000054     libcrc_xwr18xx.aer4f : crc.oer4f (.text:CRC_getTransactionId)
                  0001d550    00000054     libdma_xwr18xx.aer4f : dma.oer4f (.text:DMA_freeChannel)
                  0001d5a4    00000054     libmmwave_xwr18xx.aer4f : mmwave_link.oer4f (.text:MMWave_initLink)
                  0001d5f8    00000054     mss_main.oer4f (.text:MmwDemo_CfgUpdate)
                  0001d64c    00000054     libqspiflash_xwr18xx.aer4f : qspiflash.oer4f (.text:QSPIFlash_writeEnable)
                  0001d6a0    00000054     librtrimutils.aer4f : rtrimutils.oer4f (.text:rtrim_set)
                  0001d6f4    00000054     rtsv7R4_T_le_v3D16_eabi.lib : ltoa.obj (.text)
                  0001d748    00000054     mmw_mss_per4ft.oer4ft (.text:ti_sysbios_family_arm_v7r_vim_Hwi_create)
                  0001d79c    00000004     libsoc_xwr18xx.aer4f : soc_xwr18xx.oer4f (.text:SOC_ungateClock)
                  0001d7a0    00000054     sysbios.aer4ft : BIOS.obj (.text:ti_sysbios_heaps_HeapMem_getStats__E)
                  0001d7f4    0000000a     libdpm_xwr18xx.aer4f : dpm_core.oer4f (.text:DPM_frameStartISR)
                  0001d7fe    00000002     --HOLE-- [fill = 0]
                  0001d800    00000054     sysbios.aer4ft : BIOS.obj (.text:xdc_runtime_Core_assignLabel__I)
                  0001d854    00000052     uavcan.protocol.NodeStatus.oer4f (.text:uavcan_protocol_NodeStatus_encode)
                  0001d8a6    00000002     --HOLE-- [fill = 0]
                  0001d8a8    00000050     hcc_cli.oer4f (.text:CLI_write)
                  0001d8f8    00000050     libcrc_xwr18xx.aer4f : crc.oer4f (.text:CRC_getSignature)
                  0001d948    00000050     libdpm_xwr18xx.aer4f : dpm_core.oer4f (.text:DPM_synch)
                  0001d998    00000050     libedma_xwr18xx.aer4f : edma_low_level.oer4f (.text:EDMA3MapChToEvtQ)
                  0001d9e8    00000050     libmmwave_xwr18xx.aer4f : mmwave.oer4f (.text:MMWave_sync)
                  0001da38    00000050     mmw_cli.oer4f (.text:MmwDemo_CLIMultiObjBeamForming)
                  0001da88    00000050     mmw_cli.oer4f (.text:MmwDemo_CLIQueryDemoStatus)
                  0001dad8    00000050     mss_main.oer4f (.text:mmwDemo_mssDPMTask)
                  0001db28    00000050     libmmwavelink_xwr18xx.aer4f : rl_driver.oer4f (.text:rlDeviceIdentifyCmdDir)
                  0001db78    00000050                                 : rl_driver.oer4f (.text:rlDriverVerifyCRC)
                  0001dbc8    00000050     rtsv7R4_T_le_v3D16_eabi.lib : atoi.obj (.text)
                  0001dc18    00000050                                 : exit.obj (.text)
                  0001dc68    00000050                                 : u_div32.obj (.text)
                  0001dcb8    00000050     mmw_can.oer4f (.text:vectorMulti)
                  0001dd08    00000006     libedma_xwr18xx.aer4f : edma_low_level.oer4f (.text:EDMA3ErrIntrHighStatusGet)
                  0001dd0e    00000002     --HOLE-- [fill = 0]
                  0001dd10    00000050     sysbios.aer4ft : BIOS.obj (.text:xdc_runtime_System_exit__E)
                  0001dd60    0000004c     libedma_xwr18xx.aer4f : edma.oer4f (.text:EDMA_disableChannel)
                  0001ddac    0000004c                           : edma.oer4f (.text:EDMA_enableChannel)
                  0001ddf8    0000004c     mmw_can.oer4f (.text:MCANAppCallback)
                  0001de44    0000004c     libcanfd_xwr18xx.aer4f : mcan.oer4f (.text:MCAN_eccClearErrorStatus)
                  0001de90    0000004c                            : mcan.oer4f (.text:MCAN_enableIntr)
                  0001dedc    0000004c                            : mcan.oer4f (.text:MCAN_selectIntrLine)
                  0001df28    0000004c     libmailbox_xwr18xx.aer4f : mailbox.oer4f (.text:Mailbox_boxEmptyISRProcessing)
                  0001df74    0000004c     libqspiflash_xwr18xx.aer4f : qspiflash_device_macronix.oer4f (.text:QSPIFlash_macronix_init)
                  0001dfc0    0000004c     libuart_xwr18xx.aer4f : uartsci.oer4f (.text:UartSci_writeCancel)
                  0001e00c    0000004c     librtrimutils.aer4f : rtrimutils.oer4f (.text:rtrim_get)
                  0001e058    0000004c     rtsv7R4_T_le_v3D16_eabi.lib : cpy_tbl.obj (.text)
                  0001e0a4    0000000a     libosal_xwr18xx.aer4f : MemoryP_tirtos.oer4f (.text:MemoryP_ctrlFree)
                  0001e0ae    00000002     --HOLE-- [fill = 0]
                  0001e0b0    0000004c     sysbios.aer4ft : BIOS.obj (.text:ti_sysbios_family_arm_v7r_vim_Hwi_getStackInfo__E)
                  0001e0fc    0000004c     mmw_mss_per4ft.oer4ft (.text:ti_sysbios_knl_Task_create)
                  0001e148    00000006     libedma_xwr18xx.aer4f : edma_low_level.oer4f (.text:EDMA3GetCCErrStatus)
                  0001e14e    00000002     --HOLE-- [fill = 0]
                  0001e150    0000004c     sysbios.aer4ft : BIOS.obj (.text:ti_sysbios_knl_Task_stat__E)
                  0001e19c    00000004     mmw_mss_per4ft.oer4ft (.text:ti_sysbios_BIOS_RtsGateProxy_enter__E)
                  0001e1a0    0000004c     sysbios.aer4ft : BIOS.obj (.text:ti_sysbios_utils_Load_taskSwitchHook__E)
                  0001e1ec    0000004a     libdpm_xwr18xx.aer4f : dpm_mailbox.oer4f (.text:DPM_mboxSendResult)
                  0001e236    0000004a     libmailbox_xwr18xx.aer4f : mailbox.oer4f (.text:Mailbox_boxFullISRProcessing)
                  0001e280    0000004a     sysbios.aer4ft : BIOS.obj (.text:xdc_runtime_Core_assignParams__I)
                  0001e2ca    00000006     libedma_xwr18xx.aer4f : edma_low_level.oer4f (.text:EDMA3GetErrIntrStatus)
                  0001e2d0    0000004a     sysbios.aer4ft : BIOS.obj (.text:xdc_runtime_Text_xprintf__I)
                  0001e31a    00000002     --HOLE-- [fill = 0]
                  0001e31c    00000049     mmw_lvds_stream.oer4f (.text:MmwDemo_LVDSStream_EDMAAllocateCBUFFChannel)
                  0001e365    00000001     --HOLE-- [fill = 0]
                  0001e366    00000048     libcbuff_xwr18xx.aer4f : cbuff_transfer.oer4f (.text:CBUFF_setup_USER)
                  0001e3ae    00000048     libdpm_xwr18xx.aer4f : dpm_pipe.oer4f (.text:DPM_pipeRecv)
                  0001e3f6    00000002     --HOLE-- [fill = 0]
                  0001e3f8    00000048     mss_main.oer4f (.text:MmwDemo_resetStaticCfgPendingState)
                  0001e440    00000048     mmwdemo_flash.oer4f (.text:mmwDemo_flashWrite)
                  0001e488    00000048     libmmwavelink_xwr18xx.aer4f : rl_device.oer4f (.text:rlDeviceGetVersion)
                  0001e4d0    00000048                                 : rl_driver.oer4f (.text:rlDriverOsiInit)
                  0001e518    00000048     mmw_mss_per4ft.oer4ft (.text:xdc_runtime_LoggerBuf_Object__create__S)
                  0001e560    00000046     libmailbox_xwr18xx.aer4f : mailbox.oer4f (.text:CSL_FINSR)
                  0001e5a6    00000002     --HOLE-- [fill = 0]
                  0001e5a8    00000046     mmw_cli.oer4f (.text:MmwDemo_CLISetPosition)
                  0001e5ee    00000002     --HOLE-- [fill = 0]
                  0001e5f0    00000044     libadcbuf_xwr18xx.aer4f : adcbuf_mmwave.oer4f (.text:ADCBUF_MMWave_close)
                  0001e634    00000044     libcrc_xwr18xx.aer4f : crc.oer4f (.text:CRC_resetSignature)
                  0001e678    00000044     libdpm_xwr18xx.aer4f : dpm_core.oer4f (.text:DPM_start)
                  0001e6bc    00000044                          : dpm_core.oer4f (.text:DPM_stop)
                  0001e700    00000044     libedma_xwr18xx.aer4f : edma.oer4f (.text:EDMA_linkParamSets)
                  0001e744    00000044     libcanfd_xwr18xx.aer4f : mcan.oer4f (.text:MCAN_eccGetErrorStatus)
                  0001e788    00000044     libmailbox_xwr18xx.aer4f : mailbox.oer4f (.text:Mailbox_boxFullISRMssDss)
                  0001e7cc    00000044     libsoc_xwr18xx.aer4f : soc_xwr18xx_mss.oer4f (.text:SOC_resetDMA)
                  0001e810    00000044     rtsv7R4_T_le_v3D16_eabi.lib : hostclose.obj (.text)
                  0001e854    00000044                                 : hostunlink.obj (.text)
                  0001e898    00000006     libedma_xwr18xx.aer4f : edma_low_level.oer4f (.text:EDMA3QdmaGetErrIntrStatus)
                  0001e89e    00000002     --HOLE-- [fill = 0]
                  0001e8a0    00000044     sysbios.aer4ft : BIOS.obj (.text:ti_sysbios_family_arm_v7r_tms570_Core_Module_startup__E)
                  0001e8e4    0000000a     mss_main.oer4f (.text:MmwDemo_resetDynObjDetCfgPendingState)
                  0001e8ee    00000002     --HOLE-- [fill = 0]
                  0001e8f0    00000044     sysbios.aer4ft : BIOS.obj (.text:ti_sysbios_knl_Task_allBlockedFunction__I)
                  0001e934    0000000a     libosal_xwr18xx.aer4f : SemaphoreP_tirtos.oer4f (.text:SemaphoreP_post)
                  0001e93e    00000002     --HOLE-- [fill = 0]
                  0001e940    00000044     sysbios.aer4ft : BIOS.obj (.text:xdc_runtime_LoggerBuf_Module_startup__E)
                  0001e984    0000000a     libuart_xwr18xx.aer4f : UART.oer4f (.text:UART_close)
                  0001e98e    00000002     --HOLE-- [fill = 0]
                  0001e990    00000044     sysbios.aer4ft : BIOS.obj (.text:xdc_runtime_System_atexit__E)
                  0001e9d4    00000042     libcbuff_xwr18xx.aer4f : cbuff_lvds.oer4f (.text:CBUFF_closeLVDS)
                  0001ea16    00000042     libedma_xwr18xx.aer4f : edma.oer4f (.text:EDMA_transferController_error_isr)
                  0001ea58    00000042     libmmwave_xwr18xx.aer4f : mmwave_link.oer4f (.text:MMWave_executeLink)
                  0001ea9a    00000042     libmmwavelink_xwr18xx.aer4f : rl_controller.oer4f (.text:rlGetSubBlock)
                  0001eadc    00000040     mmw_can.oer4f (.text:CAN_processTx)
                  0001eb1c    00000040     libcanfd_xwr18xx.aer4f : mcan.oer4f (.text:MCAN_addExtMsgIDFilter)
                  0001eb5c    00000040                            : mcan.oer4f (.text:MCAN_addStdMsgIDFilter)
                  0001eb9c    00000040                            : mcan.oer4f (.text:MCAN_txBufAddReq)
                  0001ebdc    00000040     mmw_cli.oer4f (.text:MmwDemo_CLIClutterRemoval)
                  0001ec1c    00000040     mmw_cli.oer4f (.text:MmwDemo_CLIExtendedMaxVelocity)
                  0001ec5c    00000040     libqspiflash_xwr18xx.aer4f : qspiflash.oer4f (.text:QSPIFlash_progQuadRead)
                  0001ec9c    00000040                                : qspiflash_device_spansion.oer4f (.text:QSPIFlash_spansion_init)
                  0001ecdc    00000040     libmmwavelink_xwr18xx.aer4f : rl_driver.oer4f (.text:rlDriverValidateHdr)
                  0001ed1c    00000040     rtsv7R4_T_le_v3D16_eabi.lib : strtok.obj (.text)
                  0001ed5c    00000004     mmw_mss_per4ft.oer4ft (.text:ti_sysbios_BIOS_RtsGateProxy_leave__E)
                  0001ed60    00000040     sysbios.aer4ft : BIOS.obj (.text:ti_sysbios_timers_rti_Timer_stop__E)
                  0001eda0    0000003e     libadcbuf_xwr18xx.aer4f : adcbuf_mmwave.oer4f (.text:CSL_FINSR)
                  0001edde    0000003e     libcbuff_xwr18xx.aer4f : cbuff.oer4f (.text:CSL_FINSR)
                  0001ee1c    0000003e                            : cbuff_lvds.oer4f (.text:CSL_FINSR)
                  0001ee5a    0000003e     libcrc_xwr18xx.aer4f : crc.oer4f (.text:CSL_FINSR)
                  0001ee98    0000003e     libdma_xwr18xx.aer4f : dma.oer4f (.text:CSL_FINSR)
                  0001eed6    0000003e     libgpio_xwr18xx.aer4f : gpio.oer4f (.text:CSL_FINSR)
                  0001ef14    0000003e     libpinmux_xwr18xx.aer4f : pinmux.oer4f (.text:CSL_FINSR)
                  0001ef52    0000003e     libqspi_xwr18xx.aer4f : qspi.oer4f (.text:CSL_FINSR)
                  0001ef90    0000003e     libsoc_xwr18xx.aer4f : soc.oer4f (.text:CSL_FINSR)
                  0001efce    0000003e                          : soc_xwr18xx.oer4f (.text:CSL_FINSR)
                  0001f00c    0000003e                          : soc_xwr18xx_mss.oer4f (.text:CSL_FINSR)
                  0001f04a    0000003e     libuart_xwr18xx.aer4f : uartsci.oer4f (.text:CSL_FINSR)
                  0001f088    0000003e     mmw_can.oer4f (.text:CSL_FINSR)
                  0001f0c6    0000003e     libdpm_xwr18xx.aer4f : dpm_msg.oer4f (.text:DPM_msgStopHandler)
                  0001f104    0000003e     libmmwave_xwr18xx.aer4f : mmwave.oer4f (.text:MMWave_decodeError)
                  0001f142    0000003e     libuart_xwr18xx.aer4f : uartsci.oer4f (.text:UartSci_close)
                  0001f180    0000003e     canard.oer4f (.text:canardRequestOrRespond)
                  0001f1be    0000003e     mmwdemo_monitor.oer4f (.text:mmwDemo_cfgAnalogMonitor)
                  0001f1fc    0000003c     libcbuff_xwr18xx.aer4f : cbuff_transfer.oer4f (.text:CBUFF_configCQEDMA)
                  0001f238    0000003c     cli_mmwave.oer4f (.text:CLI_MMWaveFlushCfg)
                  0001f274    0000003c     libedma_xwr18xx.aer4f : edma.oer4f (.text:EDMA_chainChannels)
                  0001f2b0    0000003c                           : edma.oer4f (.text:EDMA_getTransferControllerErrorStatus)
                  0001f2ec    0000003c     libcanfd_xwr18xx.aer4f : mcan.oer4f (.text:MCAN_clearNewDataStatus)
                  0001f328    0000003c                            : mcan.oer4f (.text:MCAN_enableIntrLine)
                  0001f364    0000003c                            : mcan.oer4f (.text:MCAN_getNewDataStatus)
                  0001f3a0    0000003c     libmailbox_xwr18xx.aer4f : mailbox.oer4f (.text:Mailbox_writeReset)
                  0001f3dc    0000003c     libsoc_xwr18xx.aer4f : soc.oer4f (.text:SOC_unhaltBSS)
                  0001f418    0000003c     sysbios.aer4ft : vim_Hwi_asm.obj (.text:ti_sysbios_family_arm_v7r_vim_Hwi_init__I)
                  0001f454    0000000a     libuart_xwr18xx.aer4f : UART.oer4f (.text:UART_read)
                  0001f45e    00000002     --HOLE-- [fill = 0]
                  0001f460    0000003c     sysbios.aer4ft : BIOS.obj (.text:ti_sysbios_hal_Hwi_checkStack)
                  0001f49c    00000004     mmw_mss_per4ft.oer4ft (.text:ti_sysbios_family_arm_TaskSupport_Module__startupDone__S)
                  0001f4a0    0000003c     sysbios.aer4ft : BIOS.obj (.text:ti_sysbios_heaps_HeapMem_init__I)
                  0001f4dc    0000003a     libosal_xwr18xx.aer4f : HwiP_tirtos.oer4f (.text:HwiP_delete)
                  0001f516    00000038     libcbuff_xwr18xx.aer4f : cbuff_transfer.oer4f (.text:CBUFF_addUserBufferLLEntry)
                  0001f54e    00000038                            : cbuff_transfer.oer4f (.text:CBUFF_setupHeader)
                  0001f586    00000002     --HOLE-- [fill = 0]
                  0001f588    00000038     cli_mmwave.oer4f (.text:CLI_MMWaveExtensionInit)
                  0001f5c0    00000038     mmw_can.oer4f (.text:Canard_Initialize)
                  0001f5f8    00000038     libedma_xwr18xx.aer4f : edma_low_level.oer4f (.text:EDMA3ClrMissEvt)
                  0001f630    00000038     libcanfd_xwr18xx.aer4f : mcan.oer4f (.text:MCAN_eccLoadRegister)
                  0001f668    00000038     mmw_cli.oer4f (.text:MmwDemo_CLISetAngle)
                  0001f6a0    00000038     libuart_xwr18xx.aer4f : UART.oer4f (.text:UART_init)
                  0001f6d8    00000038     canard.oer4f (.text:createRxState)
                  0001f710    00000036     canard.oer4f (.text:dataLengthToDlc)
                  0001f746    00000036     canard.oer4f (.text:dlcToDataLength)
                  0001f77c    00000036     libmmwavelink_xwr18xx.aer4f : rl_controller.oer4f (.text:rlAppendSubBlock)
                  0001f7b2    00000036     rtsv7R4_T_le_v3D16_eabi.lib : strncpy.obj (.text)
                  0001f7e8    00000034     libadcbuf_xwr18xx.aer4f : ADCBuf.oer4f (.text:ADCBuf_open)
                  0001f81c    00000034     libedma_xwr18xx.aer4f : edma.oer4f (.text:EDMA_configTransferControllerError)
                  0001f850    00000034     libmmwave_xwr18xx.aer4f : mmwave_link.oer4f (.text:MMWave_mboxWrite)
                  0001f884    00000034     libsoc_xwr18xx.aer4f : soc_xwr18xx_mss.oer4f (.text:SOC_isSecureDevice)
                  0001f8b8    00000034                          : soc_xwr18xx.oer4f (.text:SOC_setMMWaveDSSLinkState)
                  0001f8ec    00000034                          : soc_xwr18xx.oer4f (.text:SOC_setMMWaveMSSLinkState)
                  0001f920    00000034                          : soc_xwr18xx.oer4f (.text:SOC_setMSSLinkState)
                  0001f954    00000034     libuart_xwr18xx.aer4f : UART.oer4f (.text:UART_open)
                  0001f988    00000006     libosal_xwr18xx.aer4f : HwiP_tirtos.oer4f (.text:HwiP_restore)
                  0001f98e    00000002     --HOLE-- [fill = 0]
                  0001f990    00000034     sysbios.aer4ft : BIOS.obj (.text:ti_sysbios_family_arm_a15_TimestampProvider_get64__E)
                  0001f9c4    00000034     mmw_mss_per4ft.oer4ft (.text:ti_sysbios_knl_Semaphore_create)
                  0001f9f8    00000032     libcrc_xwr18xx.aer4f : crc.oer4f (.text:CRC_getCRCDataSelectBitValue)
                  0001fa2a    00000002     --HOLE-- [fill = 0]
                  0001fa2c    00000032                          : crc.oer4f (.text:CRC_getCRCTypeBitValue)
                  0001fa5e    00000032     libedma_xwr18xx.aer4f : edma.oer4f (.text:EDMA_configQueueThreshold)
                  0001fa90    00000032     sysbios.aer4ft : BIOS.obj (.text:ti_sysbios_hal_Hwi_initStack)
                  0001fac2    00000032     mmw_can.oer4f (.text:vectorAdd)
                  0001faf4    00000030     libadcbuf_xwr18xx.aer4f : ADCBuf.oer4f (.text:ADCBuf_init)
                  0001fb24    00000030     libcbuff_xwr18xx.aer4f : cbuff_transfer.oer4f (.text:CBUFF_addCQLLEntry)
                  0001fb54    00000030     libmmwave_xwr18xx.aer4f : mmwave_listlib.oer4f (.text:MMWave_listRemoveNode)
                  0001fb84    00000030     libsoc_xwr18xx.aer4f : soc.oer4f (.text:SOC_getDevicePartNumber)
                  0001fbb4    00000030     libmmwavelink_xwr18xx.aer4f : rl_sensor.oer4f (.text:rlSensorStart)
                  0001fbe4    00000030     mmw_mss_per4ft.oer4ft (.text:ti_sysbios_BIOS_startFunc__I)
                  0001fc14    0000000a     libuart_xwr18xx.aer4f : UART.oer4f (.text:UART_write)
                  0001fc1e    00000002     --HOLE-- [fill = 0]
                  0001fc20    00000030     sysbios.aer4ft : BIOS.obj (.text:ti_sysbios_family_arm_TaskSupport_start__E)
                  0001fc50    00000030     mmw_mss_per4ft.oer4ft (.text:ti_sysbios_gates_GateHwi_Object__create__S)
                  0001fc80    00000030     mmw_mss_per4ft.oer4ft (.text:ti_sysbios_gates_GateMutex_Object__create__S)
                  0001fcb0    00000030     mmw_mss_per4ft.oer4ft (.text:ti_sysbios_heaps_HeapMem_Object__create__S)
                  0001fce0    00000030     sysbios.aer4ft : BIOS.obj (.text:ti_sysbios_heaps_HeapMem_free__E)
                  0001fd10    00000030     mmw_mss_per4ft.oer4ft (.text:ti_sysbios_knl_Semaphore_construct)
                  0001fd40    0000002f     sysbios.aer4ft : BIOS.obj (.text:xdc_runtime_Text_printVisFxn__I)
                  0001fd6f    00000001     --HOLE-- [fill = 0]
                  0001fd70    0000002e     libdpm_xwr18xx.aer4f : dpm_msg.oer4f (.text:DPM_msgStartHandler)
                  0001fd9e    00000002     --HOLE-- [fill = 0]
                  0001fda0    0000002e     sysbios.aer4ft : BIOS.obj (.text:ti_sysbios_knl_Semaphore_pendTimeout__I)
                  0001fdce    0000002e     mmw_mss_per4ft.oer4ft (.text:ti_sysbios_rts_MemAlloc_alloc)
                  0001fdfc    0000002c     libdpm_xwr18xx.aer4f : dpm_pipe.oer4f (.text:DPM_pipeInit)
                  0001fe28    0000002c     libedma_xwr18xx.aer4f : edma.oer4f (.text:EDMA_validate_channelIdchannelType)
                  0001fe54    0000002c     libgpio_xwr18xx.aer4f : gpio.oer4f (.text:GPIO_HighPriorityISR)
                  0001fe80    0000002c                           : gpio.oer4f (.text:GPIO_LowPriorityISR)
                  0001feac    0000002c     libmmwave_xwr18xx.aer4f : mmwave_osal.oer4f (.text:MMWave_osalMutexCreate)
                  0001fed8    0000002c                             : mmwave_osal.oer4f (.text:MMWave_osalSemCreate)
                  0001ff04    0000002c     libsoc_xwr18xx.aer4f : soc_xwr18xx_mss.oer4f (.text:SOC_waitBSSPowerUp)
                  0001ff30    0000002c     libmmwavelink_xwr18xx.aer4f : rl_device.oer4f (.text:rlDeviceGetMssVersion)
                  0001ff5c    0000002c                                 : rl_sensor.oer4f (.text:rlSensorStop)
                  0001ff88    0000002c     rtsv7R4_T_le_v3D16_eabi.lib : e_sqrt.obj (.text)
                  0001ffb4    0000002c                                 : unlink.obj (.text)
                  0001ffe0    0000002c     mmw_mss_per4ft.oer4ft (.text:ti_sysbios_BIOS_atExitFunc__I)
                  0002000c    0000002c     mmw_mss_per4ft.oer4ft (.text:ti_sysbios_knl_Clock_doTick__I)
                  00020038    0000002c     mmw_mss_per4ft.oer4ft (.text:ti_sysbios_knl_Queue_construct)
                  00020064    0000000a     libuart_xwr18xx.aer4f : UART.oer4f (.text:UART_writePolling)
                  0002006e    00000002     --HOLE-- [fill = 0]
                  00020070    0000002c     sysbios.aer4ft : BIOS.obj (.text:ti_sysbios_timers_rti_Timer_periodicStub__E)
                  0002009c    0000002a     libdpm_xwr18xx.aer4f : dpm_pipe.oer4f (.text:DPM_pipeDeinit)
                  000200c6    0000002a     mmwdemo_adcconfig.oer4f (.text:MmwDemo_ADCBufOpen)
                  000200f0    0000002a     libsoc_xwr18xx.aer4f : soc.oer4f (.text:SOC_SystemISR)
                  0002011a    0000002a     canard.oer4f (.text:crcAddSignature)
                  00020144    0000002a     libmmwavelink_xwr18xx.aer4f : rl_device.oer4f (.text:rlDeviceGetMmWaveLinkVersion)
                  0002016e    0000002a     rtsv7R4_T_le_v3D16_eabi.lib : strspn.obj (.text)
                  00020198    00000028     libcbuff_xwr18xx.aer4f : cbuff.oer4f (.text:CBUFF_ErrorISR)
                  000201c0    00000028                            : cbuff.oer4f (.text:CBUFF_FrameStartISR)
                  000201e8    00000028     libdpm_xwr18xx.aer4f : dpm_mailbox.oer4f (.text:DPM_mboxDeinit)
                  00020210    00000028                          : dpm_msg.oer4f (.text:DPM_msgInitHeader)
                  00020238    00000028     libmailbox_xwr18xx.aer4f : mailbox.oer4f (.text:Mailbox_Config_init)
                  00020260    00000028     libqspiflash_xwr18xx.aer4f : qspiflash.oer4f (.text:QSPIFlash_getExtFlashAddr)
                  00020288    00000028     libuart_xwr18xx.aer4f : uartsci_dma.oer4f (.text:UartSci_RxDMACallbackFxn)
                  000202b0    00000028                           : uartsci_dma.oer4f (.text:UartSci_TxDMACallbackFxn)
                  000202d8    00000028     canard.oer4f (.text:canardReleaseRxTransferPayload)
                  00020300    00000028     mmwdemo_flash.oer4f (.text:mmwDemo_flashEraseOneSector)
                  00020328    00000028     libmmwavelink_xwr18xx.aer4f : rl_driver.oer4f (.text:rlDriverConstructInMsg)
                  00020350    00000028     rtsv7R4_T_le_v3D16_eabi.lib : lseek.obj (.text)
                  00020378    00000028                                 : write.obj (.text)
                  000203a0    00000028     sysbios.aer4ft : BIOS.obj (.text:ti_sysbios_knl_Idle_run__E)
                  000203c8    00000006     libmmwavelink_xwr18xx.aer4f : rl_controller.oer4f (.text:rlGetSubBlockId)
                  000203ce    00000002     --HOLE-- [fill = 0]
                  000203d0    00000028     sysbios.aer4ft : BIOS.obj (.text:xdc_runtime_SysStd_abort__E)
[...]
000233b8  ti_sysbios_timers_rti_Timer_Module__diagsEnabled__C                  
000233bc  ti_sysbios_timers_rti_Timer_Module__diagsIncluded__C                 
000233c0  ti_sysbios_timers_rti_Timer_Module__diagsMask__C                     
000233c4  ti_sysbios_timers_rti_Timer_numTimerDevices__C                       
000233c8  ti_sysbios_timers_rti_Timer_startupNeeded__C                         
000233cc  ti_sysbios_utils_Load_LS_cpuLoad__C                                  
000233d0  ti_sysbios_utils_Load_LS_taskLoad__C                                 
000233d4  ti_sysbios_utils_Load_Module_State_taskList__O                       
000233d8  ti_sysbios_utils_Load_Module__diagsEnabled__C                        
000233dc  ti_sysbios_utils_Load_Module__diagsIncluded__C                       
000233e0  ti_sysbios_utils_Load_Module__diagsMask__C                           
000233e4  ti_sysbios_utils_Load_Module__loggerFxn1__C                          
000233e8  ti_sysbios_utils_Load_Module__loggerFxn4__C                          
000233ec  ti_sysbios_utils_Load_Module__loggerObj__C                           
000233f0  ti_sysbios_utils_Load_postUpdate__C                                  
000233f4  ti_sysbios_utils_Load_windowInMs__C                                  
000233f8  xdc_runtime_Assert_E_assertFailed__C                                 
000233fc  xdc_runtime_Core_A_initializedParams__C                              
00023400  xdc_runtime_Core_Module__diagsEnabled__C                             
00023404  xdc_runtime_Core_Module__diagsIncluded__C                            
00023408  xdc_runtime_Core_Module__diagsMask__C                                
0002340c  xdc_runtime_Error_E_memory__C                                        
00023410  xdc_runtime_Error_Module__diagsEnabled__C                            
00023414  xdc_runtime_Error_Module__diagsIncluded__C                           
00023418  xdc_runtime_Error_Module__diagsMask__C                               
0002341c  xdc_runtime_Error_Module__loggerFxn8__C                              
00023420  xdc_runtime_Error_Module__loggerObj__C                               
00023424  xdc_runtime_Error_policyFxn__C                                       
00023428  xdc_runtime_Error_policy__C                                          
0002342c  xdc_runtime_Error_raiseHook__C                                       
00023430  xdc_runtime_IFilterLogger_Interface__BASE__C                         
00023434  xdc_runtime_IGateProvider_Interface__BASE__C                         
00023438  xdc_runtime_IHeap_Interface__BASE__C                                 
0002343c  xdc_runtime_ILogger_Interface__BASE__C                               
00023440  xdc_runtime_IModule_Interface__BASE__C                               
00023444  xdc_runtime_Log_L_error__C                                           
00023448  xdc_runtime_LoggerBuf_E_badLevel__C                                  
0002344c  xdc_runtime_LoggerBuf_Module__gateObj__C                             
00023450  xdc_runtime_LoggerBuf_Object__count__C                               
00023454  xdc_runtime_LoggerBuf_statusLogger__C                                
00023458  xdc_runtime_Main_Module__diagsEnabled__C                             
0002345c  xdc_runtime_Main_Module__diagsIncluded__C                            
00023460  xdc_runtime_Main_Module__diagsMask__C                                
00023464  xdc_runtime_Main_Module__loggerFxn1__C                               
00023468  xdc_runtime_Main_Module__loggerFxn2__C                               
0002346c  xdc_runtime_Main_Module__loggerFxn4__C                               
00023470  xdc_runtime_Main_Module__loggerObj__C                                
00023474  xdc_runtime_Memory_defaultHeapInstance__C                            
00023478  xdc_runtime_Startup_execImpl__C                                      
0002347c  xdc_runtime_Startup_maxPasses__C                                     
00023480  xdc_runtime_Startup_sfxnRts__C                                       
00023484  xdc_runtime_Startup_sfxnTab__C                                       
00023488  xdc_runtime_System_Module__gateObj__C                                
0002348c  xdc_runtime_System_abortFxn__C                                       
00023490  xdc_runtime_System_exitFxn__C                                        
00023494  xdc_runtime_System_extendFxn__C                                      
00023498  xdc_runtime_System_maxAtexitHandlers__C                              
0002349c  xdc_runtime_Text_charTab__C                                          
000234a0  xdc_runtime_Text_nameEmpty__C                                        
000234a4  xdc_runtime_Text_nameStatic__C                                       
000234a8  xdc_runtime_Text_nameUnknown__C                                      
000234ac  xdc_runtime_Text_visitRopeFxn__C                                     
000234b0  ti_sysbios_family_arm_v7r_vim_Hwi_Module__id__C                      
000234b2  ti_sysbios_family_arm_v7r_vim_Hwi_Module__loggerDefined__C           
000234b4  ti_sysbios_gates_GateMutex_Module__id__C                             
000234b6  ti_sysbios_hal_Hwi_Module__id__C                                     
000234b8  ti_sysbios_heaps_HeapMem_Module__id__C                               
000234ba  ti_sysbios_knl_Clock_Module__id__C                                   
000234bc  ti_sysbios_knl_Clock_Module__loggerDefined__C                        
000234be  ti_sysbios_knl_Semaphore_Module__id__C                               
000234c0  ti_sysbios_knl_Semaphore_Module__loggerDefined__C                    
000234c2  ti_sysbios_knl_Task_Module__id__C                                    
000234c4  ti_sysbios_knl_Task_Module__loggerDefined__C                         
000234c6  ti_sysbios_timers_rti_Timer_Module__id__C                            
000234c8  ti_sysbios_timers_rti_Timer_continueOnSuspend__C                     
000234ca  ti_sysbios_utils_Load_Module__id__C                                  
000234cc  ti_sysbios_utils_Load_Module__loggerDefined__C                       
000234ce  ti_sysbios_utils_Load_autoAddTasks__C                                
000234d0  ti_sysbios_utils_Load_updateInIdle__C                                
000234d2  xdc_runtime_Core_Module__id__C                                       
000234d4  xdc_runtime_Error_Module__loggerDefined__C                           
000234d6  xdc_runtime_Error_maxDepth__C                                        
000234d8  xdc_runtime_LoggerBuf_Module__id__C                                  
000234da  xdc_runtime_LoggerBuf_filterByLevel__C                               
000234dc  xdc_runtime_Main_Module__id__C                                       
000234de  xdc_runtime_Main_Module__loggerDefined__C                            
000234e0  xdc_runtime_Memory_Module__id__C                                     
000234e2  xdc_runtime_Text_charCnt__C                                          
000234e4  xdc_runtime_Text_isLoaded__C                                         
000234e6  xdc_runtime_Text_registryModsLastId__C                               
000234e8  xdc_runtime_Text_unnamedModsLastId__C                                
000234f0  __TI_static_base__                                                   
00023a08  __TI_Handler_Table_Base                                              
00023a14  __TI_Handler_Table_Limit                                             
00023a30  __TI_CINIT_Base                                                      
00023a50  __TI_CINIT_Limit                                                     
08000000  ti_sysbios_heaps_HeapMem_Instance_State_0_buf__A                     
08008000  xdc_runtime_LoggerBuf_Instance_State_0_entryArr__A                   
08009900  ti_sysbios_family_arm_exc_Exception_Module_State_0_excStack_0__A     
0800a900  ti_sysbios_knl_Task_Instance_State_0_stack__A                        
0800ac20  gGPIOMCB                                                             
0800adb4  __CIOBUF_                                                            
0800aed4  gMMWave_MCB                                                          
0800afd4  __TI_tmpnams                                                         
0800b074  ti_sysbios_knl_Task_Instance_State_0_hookEnv__A                      
0800b078  gHSIHeaderMCB                                                        
0800b108  gEsmMCB                                                              
0800b178  gMmwDemoFlash                                                        
0800b184  gMMWave_DualcoreMCB                                                  
0800b18c  parmbuf                                                              
0800b198  isGetGpAdcMeasData                                                   
0800b199  sensor_orientation                                                   
0800b19a  gRFLdoBypassCfg                                                      
0800b1a4  rcvGpAdcData                                                         
0800b1f0  gCalibDataStorage                                                    
0800b650  gMmwMssMCB                                                           
0800be30  gEDMA_4K_errata_check                                                
0800be34  edmaDbg                                                              
0800c53c  gQSPIFlashHwCfg                                                      
0800c544  dataLength                                                           
0800c548  rxDataLength                                                         
0800c54c  frameType                                                            
0800c550  canHandle                                                            
0800c554  txMsgObjHandle                                                       
0800c558  rxMsgObjHandle                                                       
0800c574  txMsgObjectParams                                                    
0800c5ac  rxData                                                               
0800c9f0  rl_txMsg                                                             
0800caf0  rl_rxMsg                                                             
0800cdd8  gCLI_mmwave_freq_scale_factor                                        
0800cde0  gCLIMMWaveOpenCfg                                                    
0800ce08  gCLIMMWaveExtensionTable                                             
0800ceb0  partInfoStringArray                                                  
0800cf70  gCLIMMWaveControlCfg                                                 
0800d040  hardCodedConfigIndex                                                 
0800d044  hardCodedConfigCommands                                              
0800d0c0  gCLI                                                                 
0800d268  ti_sysbios_family_arm_v7r_vim_Hwi_Module_State_0_dispatchTable__A    
0800d468  _ftable                                                              
0800d558  ti_sysbios_utils_Load_Module__state__V                               
0800d5f0  ti_sysbios_knl_Task_Module_State_0_readyQ__A                         
0800d670  _device                                                              
0800d6e8  gCBUFFHwAttribute                                                    
0800d760  ti_sysbios_knl_Task_Object__table__V                                 
0800d7bc  gUartSciHwCfg                                                        
0800d814  _stream                                                              
0800d864  gMailboxMCB                                                          
0800d8b4  ti_sysbios_knl_Task_Module__state__V                                 
0800d8fc  SOC_TranslateAddr_LUT                                                
0800d93c  ti_sysbios_gates_GateMutex_Object__table__V                          
0800d97c  ti_sysbios_timers_rti_Timer_Object__table__V                         
0800d9b8  gCBUFFInterfaceFxn                                                   
0800d9f0  ti_sysbios_family_arm_v7r_vim_Hwi_Module__state__V                   
0800da24  ti_sysbios_family_arm_v7r_vim_Hwi_Object__table__V                   
0800da50  ti_sysbios_knl_Clock_Module__state__V                                
0800da7c  gUartSciFxnTable                                                     
0800daa4  UART_config                                                          
0800dac8  gTxDoneFlag                                                          
0800dacc  gRxDoneFlag                                                          
0800dad0  gParityErrFlag                                                       
0800dad4  gTxPkts                                                              
0800dad8  gRxPkts                                                              
0800dadc  gErrStatusInt                                                        
0800dae0  iterationCount                                                       
0800dae4  msgLstErrCnt                                                         
0800dae8  gDisplayStats                                                        
0800daec  ti_sysbios_BIOS_Module__state__V                                     
0800db10  xdc_runtime_LoggerBuf_Object__table__V                               
0800db34  gCanFdHwCfg                                                          
0800db58  gSOCHwAttrib                                                         
0800db78  ti_sysbios_knl_Clock_Object__table__V                                
0800db98  xdc_runtime_Error_IgnoreBlock                                        
0800dbb8  xdc_runtime_System_Module_State_0_atexitHandlers__A                  
0800dbd8  ti_sysbios_utils_Load_Module_State_0_taskEnv__A                      
0800dbf4  ADCBuf_config                                                        
0800dc0c  gInterleavedTransferFxn                                              
0800dc24  gMailboxMssBssHwCfg                                                  
0800dc3c  gMailboxMssDssHwCfg                                                  
0800dc54  gMultipleChirpNonInterleavedTransferFxn                              
0800dc6c  gNonInterleavedTransferFxn                                           
0800dc84  ti_sysbios_heaps_HeapMem_Object__table__V                            
0800dc9c  ti_sysbios_timers_rti_Timer_Module_State_0_device__A                 
0800dcb4  gDPMRemoteTable                                                      
0800dcc8  ti_sysbios_family_arm_exc_Exception_Module__state__V                 
0800dcdc  gQSPIHwCfg                                                           
0800dcec  __TI_ft_end                                                          
0800dcf0  __aeabi_stdin                                                        
0800dcf4  __aeabi_stdout                                                       
0800dcf8  __aeabi_stderr                                                       
0800dcfc  ti_sysbios_timers_rti_Timer_Module_State_0_intFreqs__A               
0800dd0c  ti_sysbios_timers_rti_Timer_Module__state__V                         
0800dd1c  __TI_cleanup_ptr                                                     
0800dd20  __TI_dtors_ptr                                                       
0800dd24  __TI_enable_exit_profile_output                                      
0800dd28  gESMHwCfgAttrs                                                       
0800dd34  ti_sysbios_family_arm_v7a_Pmu_Module__state__V                       
0800dd40  ti_sysbios_knl_Task_Module__root__V                                  
0800dd4c  _lock                                                                
0800dd50  _unlock                                                              
0800dd54  MmwDemo_RFParserHwCfg                                                
0800dd5c  QSPIFlash_deviceFxnTbl_macronix                                      
0800dd64  QSPIFlash_deviceFxnTbl_spansion                                      
0800dd6c  gDPMHwAttrib                                                         
0800dd74  gGPIOHwAtrrib                                                        
0800dd7c  ti_sysbios_family_arm_v7r_vim_Hwi_Module__root__V                    
0800dd84  ti_sysbios_gates_GateHwi_Module__root__V                             
0800dd8c  ti_sysbios_gates_GateMutex_Module__root__V                           
0800dd94  ti_sysbios_hal_Hwi_Object__table__V                                  
0800dd9c  ti_sysbios_heaps_HeapMem_Module__root__V                             
0800dda4  ti_sysbios_knl_Queue_Module__root__V                                 
0800ddac  ti_sysbios_knl_Semaphore_Module__root__V                             
0800ddb4  ti_sysbios_timers_rti_Timer_Module_State_0_handles__A                
0800ddbc  xdc_runtime_LoggerBuf_Module__root__V                                
0800ddc4  xdc_runtime_Registry_Module__state__V                                
0800ddcc  xdc_runtime_Startup_Module__state__V                                 
0800ddd4  xdc_runtime_System_Module__state__V                                  
0800dddc  xdc_runtime_LoggerBuf_Module__state__V                               
0800dde2  ti_sysbios_family_arm_exc_Exception_Module_State_0_excActive__A      
0800dde4  gCRCRegister                                                         
0800dde8  gDPM                                                                 
0800ddec  regionId                                                             
0800ddf0  gPinmuxRegs                                                          
0800ddf4  gQSPIDriverPtr                                                       
0800ddfc  errno                                                                
0800de08  main_func_sp                                                         
0800de10  ti_sysbios_family_arm_a15_TimestampProvider_Module__state__V         
0800de14  ti_sysbios_family_arm_exc_Exception_Module_State_0_excContext__A     
0800de18  ti_sysbios_family_arm_exc_Exception_Module_State_0_excStackBuffers__A
0800de1c  ti_sysbios_family_arm_exc_Exception_Module_State_0_excStack__A       
0800de20  ti_sysbios_gates_GateHwi_Object__table__V                            
0800de24  ti_sysbios_heaps_HeapBuf_Module__state__V                            
0800de28  ti_sysbios_knl_Task_Module_State_0_idleTask__A                       
0800de2c  ti_sysbios_utils_Load_Module_State_0_runningTask__A                  
0800de30  ti_sysbios_utils_Load_Module_State_0_taskStartTime__A                
0800de34  xdc_runtime_Memory_Module__state__V                                  
0800de38  xdc_runtime_Error_Module__state__V                                   
0800de3a  xdc_runtime_Main_Module__root__V                                     
0800de40  ti_sysbios_family_arm_v7r_vim_Hwi_Module_State_0_fiqStack__A         
0800e640  __stack                                                              
0800ee40  __STACK_END                                                          
fffffdec  ti_sysbios_family_arm_v7r_vim_Hwi_vim                                
ffffffff  __TI_pprof_out_hndl                                                  
ffffffff  __TI_prof_data_size                                                  
ffffffff  __TI_prof_data_start                                                 
ffffffff  __binit__                                                            
ffffffff  __c_args__                                                           
ffffffff  binit                                                                
UNDEFED   SHT$$INIT_ARRAY$$Base                                                
UNDEFED   SHT$$INIT_ARRAY$$Limit                                               

[1256 symbols]
